Component: ARM Compiler 6.13.1 Tool: armlink [5d895400]

==============================================================================

Section Cross References

    startup_stm32f429_439xx.o(RESET) refers to startup_stm32f429_439xx.o(STACK) for __initial_sp
    startup_stm32f429_439xx.o(RESET) refers to startup_stm32f429_439xx.o(.text) for Reset_Handler
    startup_stm32f429_439xx.o(RESET) refers to stm32f4xx_it.o(.text.HardFault_Handler) for HardFault_Handler
    startup_stm32f429_439xx.o(RESET) refers to stm32f4xx_it.o(.text.MemManage_Handler) for MemManage_Handler
    startup_stm32f429_439xx.o(RESET) refers to stm32f4xx_it.o(.text.BusFault_Handler) for BusFault_Handler
    startup_stm32f429_439xx.o(RESET) refers to stm32f4xx_it.o(.text.UsageFault_Handler) for UsageFault_Handler
    startup_stm32f429_439xx.o(RESET) refers to stm32f4xx_it.o(.text.SysTick_Handler) for SysTick_Handler
    startup_stm32f429_439xx.o(RESET) refers to fatfs_drv.o(.text.SDIO_IRQHandler) for SDIO_IRQHandler
    startup_stm32f429_439xx.o(RESET) refers to fatfs_drv.o(.text.DMA2_Stream3_IRQHandler) for DMA2_Stream3_IRQHandler
    startup_stm32f429_439xx.o(.text) refers to system_stm32f4xx.o(.text.SystemInit) for SystemInit
    startup_stm32f429_439xx.o(.text) refers to entry.o(.ARM.Collect$$$$00000000) for __main
    system_stm32f4xx.o(.ARM.exidx.text.SystemInit) refers to system_stm32f4xx.o(.text.SystemInit) for [Anonymous Symbol]
    system_stm32f4xx.o(.text.SystemCoreClockUpdate) refers to system_stm32f4xx.o(.data.SystemCoreClock) for SystemCoreClock
    system_stm32f4xx.o(.text.SystemCoreClockUpdate) refers to system_stm32f4xx.o(.rodata.AHBPrescTable) for AHBPrescTable
    system_stm32f4xx.o(.ARM.exidx.text.SystemCoreClockUpdate) refers to system_stm32f4xx.o(.text.SystemCoreClockUpdate) for [Anonymous Symbol]
    misc.o(.ARM.exidx.text.NVIC_PriorityGroupConfig) refers to misc.o(.text.NVIC_PriorityGroupConfig) for [Anonymous Symbol]
    misc.o(.ARM.exidx.text.NVIC_Init) refers to misc.o(.text.NVIC_Init) for [Anonymous Symbol]
    misc.o(.ARM.exidx.text.NVIC_SetVectorTable) refers to misc.o(.text.NVIC_SetVectorTable) for [Anonymous Symbol]
    misc.o(.ARM.exidx.text.NVIC_SystemLPConfig) refers to misc.o(.text.NVIC_SystemLPConfig) for [Anonymous Symbol]
    misc.o(.ARM.exidx.text.SysTick_CLKSourceConfig) refers to misc.o(.text.SysTick_CLKSourceConfig) for [Anonymous Symbol]
    stm32f4xx_flash.o(.ARM.exidx.text.FLASH_SetLatency) refers to stm32f4xx_flash.o(.text.FLASH_SetLatency) for [Anonymous Symbol]
    stm32f4xx_flash.o(.ARM.exidx.text.FLASH_PrefetchBufferCmd) refers to stm32f4xx_flash.o(.text.FLASH_PrefetchBufferCmd) for [Anonymous Symbol]
    stm32f4xx_flash.o(.ARM.exidx.text.FLASH_InstructionCacheCmd) refers to stm32f4xx_flash.o(.text.FLASH_InstructionCacheCmd) for [Anonymous Symbol]
    stm32f4xx_flash.o(.ARM.exidx.text.FLASH_DataCacheCmd) refers to stm32f4xx_flash.o(.text.FLASH_DataCacheCmd) for [Anonymous Symbol]
    stm32f4xx_flash.o(.ARM.exidx.text.FLASH_InstructionCacheReset) refers to stm32f4xx_flash.o(.text.FLASH_InstructionCacheReset) for [Anonymous Symbol]
    stm32f4xx_flash.o(.ARM.exidx.text.FLASH_DataCacheReset) refers to stm32f4xx_flash.o(.text.FLASH_DataCacheReset) for [Anonymous Symbol]
    stm32f4xx_flash.o(.ARM.exidx.text.FLASH_Unlock) refers to stm32f4xx_flash.o(.text.FLASH_Unlock) for [Anonymous Symbol]
    stm32f4xx_flash.o(.ARM.exidx.text.FLASH_Lock) refers to stm32f4xx_flash.o(.text.FLASH_Lock) for [Anonymous Symbol]
    stm32f4xx_flash.o(.text.FLASH_EraseSector) refers to stm32f4xx_flash.o(.text.FLASH_WaitForLastOperation) for FLASH_WaitForLastOperation
    stm32f4xx_flash.o(.ARM.exidx.text.FLASH_EraseSector) refers to stm32f4xx_flash.o(.text.FLASH_EraseSector) for [Anonymous Symbol]
    stm32f4xx_flash.o(.text.FLASH_WaitForLastOperation) refers to stm32f4xx_flash.o(.text.FLASH_GetStatus) for FLASH_GetStatus
    stm32f4xx_flash.o(.ARM.exidx.text.FLASH_WaitForLastOperation) refers to stm32f4xx_flash.o(.text.FLASH_WaitForLastOperation) for [Anonymous Symbol]
    stm32f4xx_flash.o(.text.FLASH_EraseAllSectors) refers to stm32f4xx_flash.o(.text.FLASH_WaitForLastOperation) for FLASH_WaitForLastOperation
    stm32f4xx_flash.o(.ARM.exidx.text.FLASH_EraseAllSectors) refers to stm32f4xx_flash.o(.text.FLASH_EraseAllSectors) for [Anonymous Symbol]
    stm32f4xx_flash.o(.text.FLASH_EraseAllBank1Sectors) refers to stm32f4xx_flash.o(.text.FLASH_WaitForLastOperation) for FLASH_WaitForLastOperation
    stm32f4xx_flash.o(.ARM.exidx.text.FLASH_EraseAllBank1Sectors) refers to stm32f4xx_flash.o(.text.FLASH_EraseAllBank1Sectors) for [Anonymous Symbol]
    stm32f4xx_flash.o(.text.FLASH_EraseAllBank2Sectors) refers to stm32f4xx_flash.o(.text.FLASH_WaitForLastOperation) for FLASH_WaitForLastOperation
    stm32f4xx_flash.o(.ARM.exidx.text.FLASH_EraseAllBank2Sectors) refers to stm32f4xx_flash.o(.text.FLASH_EraseAllBank2Sectors) for [Anonymous Symbol]
[...]
    __arm_cp.0_0                             0x08000d48   Number         4  stm32f4xx_gpio.o(.text.GPIO_DeInit)
    __arm_cp.0_1                             0x08000d4c   Number         4  stm32f4xx_gpio.o(.text.GPIO_DeInit)
    [Anonymous Symbol]                       0x08000d50   Section        0  stm32f4xx_gpio.o(.text.GPIO_Init)
    [Anonymous Symbol]                       0x08000dd2   Section        0  stm32f4xx_gpio.o(.text.GPIO_PinAFConfig)
    [Anonymous Symbol]                       0x08000dfa   Section        0  stm32f4xx_gpio.o(.text.GPIO_ReadInputDataBit)
    [Anonymous Symbol]                       0x08000e04   Section        0  stm32f4xx_gpio.o(.text.GPIO_ResetBits)
    [Anonymous Symbol]                       0x08000e08   Section        0  stm32f4xx_gpio.o(.text.GPIO_SetBits)
    [Anonymous Symbol]                       0x08000e0c   Section        0  stm32f4xx_gpio.o(.text.GPIO_WriteBit)
    [Anonymous Symbol]                       0x08000e16   Section        0  stm32f4xx_it.o(.text.HardFault_Handler)
    [Anonymous Symbol]                       0x08000e18   Section        0  i2c_eeprom.o(.text.I2C2_Init)
    __arm_cp.1_0                             0x08000e44   Number         4  i2c_eeprom.o(.text.I2C2_Init)
    __arm_cp.1_1                             0x08000e48   Number         4  i2c_eeprom.o(.text.I2C2_Init)
    [Anonymous Symbol]                       0x08000e4c   Section        0  stm32f4xx_i2c.o(.text.I2C_AcknowledgeConfig)
    [Anonymous Symbol]                       0x08000e5e   Section        0  stm32f4xx_i2c.o(.text.I2C_Cmd)
    [Anonymous Symbol]                       0x08000e70   Section        0  stm32f4xx_i2c.o(.text.I2C_DeInit)
    __arm_cp.0_0                             0x08000eac   Number         4  stm32f4xx_i2c.o(.text.I2C_DeInit)
    __arm_cp.0_1                             0x08000eb0   Number         4  stm32f4xx_i2c.o(.text.I2C_DeInit)
    [Anonymous Symbol]                       0x08000eb4   Section        0  i2c_eeprom.o(.text.I2C_EEPROM_timeout)
    [Anonymous Symbol]                       0x08000ee0   Section        0  i2c_eeprom.o(.text.I2C_EERPOM_Init)
    __arm_cp.0_0                             0x08000f4c   Number         4  i2c_eeprom.o(.text.I2C_EERPOM_Init)
    __arm_cp.0_1                             0x08000f50   Number         4  i2c_eeprom.o(.text.I2C_EERPOM_Init)
    [Anonymous Symbol]                       0x08000f54   Section        0  i2c_eeprom.o(.text.I2C_EERPOM_ReadByte16)
    [Anonymous Symbol]                       0x080010c4   Section        0  i2c_eeprom.o(.text.I2C_EERPOM_WriteByte16)
    __arm_cp.9_0                             0x080011c8   Number         4  i2c_eeprom.o(.text.I2C_EERPOM_WriteByte16)
    __arm_cp.9_1                             0x080011cc   Number         4  i2c_eeprom.o(.text.I2C_EERPOM_WriteByte16)
    [Anonymous Symbol]                       0x080011d0   Section        0  stm32f4xx_i2c.o(.text.I2C_GenerateSTART)
    [Anonymous Symbol]                       0x080011e2   Section        0  stm32f4xx_i2c.o(.text.I2C_GenerateSTOP)
    [Anonymous Symbol]                       0x080011f4   Section        0  stm32f4xx_i2c.o(.text.I2C_GetFlagStatus)
    [Anonymous Symbol]                       0x08001228   Section        0  stm32f4xx_i2c.o(.text.I2C_Init)
    __arm_cp.1_0                             0x080012d4   Number         4  stm32f4xx_i2c.o(.text.I2C_Init)
    __arm_cp.1_1                             0x080012d8   Number         4  stm32f4xx_i2c.o(.text.I2C_Init)
    __arm_cp.1_2                             0x080012dc   Number         4  stm32f4xx_i2c.o(.text.I2C_Init)
    [Anonymous Symbol]                       0x080012e0   Section        0  stm32f4xx_i2c.o(.text.I2C_ReceiveData)
    [Anonymous Symbol]                       0x080012e6   Section        0  stm32f4xx_i2c.o(.text.I2C_Send7bitAddress)
    [Anonymous Symbol]                       0x080012f6   Section        0  stm32f4xx_i2c.o(.text.I2C_SendData)
    [Anonymous Symbol]                       0x080012fa   Section        0  stm32f4xx_i2c.o(.text.I2C_SoftwareResetCmd)
    [Anonymous Symbol]                       0x08001310   Section        0  stm32f429i_lcd.o(.text.LCD_AF_GPIOConfig)
    __arm_cp.2_0                             0x08001468   Number         4  stm32f429i_lcd.o(.text.LCD_AF_GPIOConfig)
    __arm_cp.2_1                             0x0800146c   Number         4  stm32f429i_lcd.o(.text.LCD_AF_GPIOConfig)
    [Anonymous Symbol]                       0x08001470   Section        0  stm32f429i_lcd.o(.text.LCD_Clear)
    [Anonymous Symbol]                       0x08001494   Section        0  stm32f429i_lcd.o(.text.LCD_DisplayChar)
    [Anonymous Symbol]                       0x080014b0   Section        0  stm32f429i_lcd.o(.text.LCD_DisplayOn)
    __arm_cp.42_0                            0x080014c8   Number         4  stm32f429i_lcd.o(.text.LCD_DisplayOn)
    [Anonymous Symbol]                       0x080014cc   Section        0  stm32f429i_lcd.o(.text.LCD_DisplayStringLine)
    [Anonymous Symbol]                       0x08001500   Section        0  stm32f429i_lcd.o(.text.LCD_DrawChar)
    [Anonymous Symbol]                       0x08001594   Section        0  stm32f429i_lcd.o(.text.LCD_GetFont)
    [Anonymous Symbol]                       0x0800159c   Section        0  stm32f429i_lcd.o(.text.LCD_Init)
    [Anonymous Symbol]                       0x08001628   Section        0  stm32f429i_lcd.o(.text.LCD_LayerInit)
    __arm_cp.3_0                             0x080016c8   Number         4  stm32f429i_lcd.o(.text.LCD_LayerInit)
    __arm_cp.3_1                             0x080016cc   Number         4  stm32f429i_lcd.o(.text.LCD_LayerInit)
    __arm_cp.3_3                             0x080016d0   Number         4  stm32f429i_lcd.o(.text.LCD_LayerInit)
    [Anonymous Symbol]                       0x080016d4   Section        0  stm32f429i_lcd.o(.text.LCD_SetBackColor)
    __arm_cp.9_0                             0x080016dc   Number         4  stm32f429i_lcd.o(.text.LCD_SetBackColor)
    [Anonymous Symbol]                       0x080016e0   Section        0  stm32f429i_lcd.o(.text.LCD_SetLayer)
    [Anonymous Symbol]                       0x080016f0   Section        0  stm32f429i_lcd.o(.text.LCD_SetTextColor)
    __arm_cp.8_0                             0x080016f8   Number         4  stm32f429i_lcd.o(.text.LCD_SetTextColor)
    [Anonymous Symbol]                       0x080016fc   Section        0  stm32f4xx_ltdc.o(.text.LTDC_Cmd)
    [Anonymous Symbol]                       0x08001710   Section        0  stm32f4xx_ltdc.o(.text.LTDC_DeInit)
    [Anonymous Symbol]                       0x0800172c   Section        0  stm32f4xx_ltdc.o(.text.LTDC_DitherCmd)
    __arm_cp.4_0                             0x08001740   Number         4  stm32f4xx_ltdc.o(.text.LTDC_DitherCmd)
    [Anonymous Symbol]                       0x08001744   Section        0  stm32f4xx_ltdc.o(.text.LTDC_Init)
    __arm_cp.1_0                             0x080017d0   Number         4  stm32f4xx_ltdc.o(.text.LTDC_Init)
    __arm_cp.1_1                             0x080017d4   Number         4  stm32f4xx_ltdc.o(.text.LTDC_Init)
    __arm_cp.1_2                             0x080017d8   Number         4  stm32f4xx_ltdc.o(.text.LTDC_Init)
    [Anonymous Symbol]                       0x080017dc   Section        0  stm32f4xx_ltdc.o(.text.LTDC_LayerCmd)
    [Anonymous Symbol]                       0x080017ee   Section        0  stm32f4xx_ltdc.o(.text.LTDC_LayerInit)
    [Anonymous Symbol]                       0x08001880   Section        0  stm32f4xx_ltdc.o(.text.LTDC_ReloadConfig)
    __arm_cp.8_0                             0x08001888   Number         4  stm32f4xx_ltdc.o(.text.LTDC_ReloadConfig)
    [Anonymous Symbol]                       0x0800188c   Section        0  stm32f4xx_it.o(.text.MemManage_Handler)
    [Anonymous Symbol]                       0x08001890   Section        0  misc.o(.text.NVIC_Init)
    __arm_cp.1_0                             0x080018dc   Number         4  misc.o(.text.NVIC_Init)
    [Anonymous Symbol]                       0x080018e0   Section        0  misc.o(.text.NVIC_PriorityGroupConfig)
    __arm_cp.0_0                             0x080018ec   Number         4  misc.o(.text.NVIC_PriorityGroupConfig)
    NVIC_SystemReset                         0x080018f1   Thumb Code    32  main.o(.text.NVIC_SystemReset)
    [Anonymous Symbol]                       0x080018f0   Section        0  main.o(.text.NVIC_SystemReset)
    __arm_cp.2_0                             0x08001908   Number         4  main.o(.text.NVIC_SystemReset)
    __arm_cp.2_1                             0x0800190c   Number         4  main.o(.text.NVIC_SystemReset)
    [Anonymous Symbol]                       0x08001910   Section        0  stm32f4xx_rcc.o(.text.RCC_AHB1PeriphClockCmd)
    __arm_cp.33_0                            0x08001924   Number         4  stm32f4xx_rcc.o(.text.RCC_AHB1PeriphClockCmd)
    [Anonymous Symbol]                       0x08001928   Section        0  stm32f4xx_rcc.o(.text.RCC_AHB1PeriphResetCmd)
    __arm_cp.38_0                            0x0800193c   Number         4  stm32f4xx_rcc.o(.text.RCC_AHB1PeriphResetCmd)
    [Anonymous Symbol]                       0x08001940   Section        0  stm32f4xx_rcc.o(.text.RCC_AHB3PeriphClockCmd)
    __arm_cp.35_0                            0x08001954   Number         4  stm32f4xx_rcc.o(.text.RCC_AHB3PeriphClockCmd)
    [Anonymous Symbol]                       0x08001958   Section        0  stm32f4xx_rcc.o(.text.RCC_APB1PeriphClockCmd)
    __arm_cp.36_0                            0x0800196c   Number         4  stm32f4xx_rcc.o(.text.RCC_APB1PeriphClockCmd)
    [Anonymous Symbol]                       0x08001970   Section        0  stm32f4xx_rcc.o(.text.RCC_APB1PeriphResetCmd)
    __arm_cp.41_0                            0x08001984   Number         4  stm32f4xx_rcc.o(.text.RCC_APB1PeriphResetCmd)
    [Anonymous Symbol]                       0x08001988   Section        0  stm32f4xx_rcc.o(.text.RCC_APB2PeriphClockCmd)
    __arm_cp.37_0                            0x0800199c   Number         4  stm32f4xx_rcc.o(.text.RCC_APB2PeriphClockCmd)
    [Anonymous Symbol]                       0x080019a0   Section        0  stm32f4xx_rcc.o(.text.RCC_APB2PeriphResetCmd)
    __arm_cp.42_0                            0x080019b4   Number         4  stm32f4xx_rcc.o(.text.RCC_APB2PeriphResetCmd)
    [Anonymous Symbol]                       0x080019b8   Section        0  stm32f4xx_rcc.o(.text.RCC_ClearFlag)
    __arm_cp.50_0                            0x080019c4   Number         4  stm32f4xx_rcc.o(.text.RCC_ClearFlag)
    [Anonymous Symbol]                       0x080019c8   Section        0  stm32f4xx_rcc.o(.text.RCC_DeInit)
    __arm_cp.0_1                             0x08001a00   Number         4  stm32f4xx_rcc.o(.text.RCC_DeInit)
    __arm_cp.0_2                             0x08001a04   Number         4  stm32f4xx_rcc.o(.text.RCC_DeInit)
    __arm_cp.0_3                             0x08001a08   Number         4  stm32f4xx_rcc.o(.text.RCC_DeInit)
    [Anonymous Symbol]                       0x08001a0c   Section        0  stm32f4xx_rcc.o(.text.RCC_GetClocksFreq)
    __arm_cp.22_0                            0x08001a80   Number         4  stm32f4xx_rcc.o(.text.RCC_GetClocksFreq)
    __arm_cp.22_1                            0x08001a84   Number         4  stm32f4xx_rcc.o(.text.RCC_GetClocksFreq)
    __arm_cp.22_2                            0x08001a88   Number         4  stm32f4xx_rcc.o(.text.RCC_GetClocksFreq)
    __arm_cp.22_3                            0x08001a8c   Number         4  stm32f4xx_rcc.o(.text.RCC_GetClocksFreq)
    [Anonymous Symbol]                       0x08001a90   Section        0  stm32f4xx_rcc.o(.text.RCC_GetFlagStatus)
    __arm_cp.3_0                             0x08001ab4   Number         4  stm32f4xx_rcc.o(.text.RCC_GetFlagStatus)
    [Anonymous Symbol]                       0x08001ab8   Section        0  stm32f4xx_rcc.o(.text.RCC_LTDCCLKDivConfig)
    __arm_cp.31_0                            0x08001ac8   Number         4  stm32f4xx_rcc.o(.text.RCC_LTDCCLKDivConfig)
    [Anonymous Symbol]                       0x08001acc   Section        0  stm32f4xx_rcc.o(.text.RCC_PLLSAICmd)
    __arm_cp.13_0                            0x08001ad4   Number         4  stm32f4xx_rcc.o(.text.RCC_PLLSAICmd)
    [Anonymous Symbol]                       0x08001ad8   Section        0  stm32f4xx_rcc.o(.text.RCC_PLLSAIConfig)
    __arm_cp.12_0                            0x08001ae8   Number         4  stm32f4xx_rcc.o(.text.RCC_PLLSAIConfig)
    SDEnWideBus                              0x08001aed   Thumb Code   444  sdio_sd.o(.text.SDEnWideBus)
    [Anonymous Symbol]                       0x08001aec   Section        0  sdio_sd.o(.text.SDEnWideBus)
    __arm_cp.20_0                            0x08001ca4   Number         4  sdio_sd.o(.text.SDEnWideBus)
    [Anonymous Symbol]                       0x08001ca8   Section        0  stm32f4xx_sdio.o(.text.SDIO_ClearFlag)
    [Anonymous Symbol]                       0x08001cb0   Section        0  stm32f4xx_sdio.o(.text.SDIO_ClearITPendingBit)
    __arm_cp.29_0                            0x08001cb8   Number         4  stm32f4xx_sdio.o(.text.SDIO_ClearITPendingBit)
    [Anonymous Symbol]                       0x08001cbc   Section        0  stm32f4xx_sdio.o(.text.SDIO_ClockCmd)
    __arm_cp.3_0                             0x08001cc4   Number         4  stm32f4xx_sdio.o(.text.SDIO_ClockCmd)
    [Anonymous Symbol]                       0x08001cc8   Section        0  stm32f4xx_sdio.o(.text.SDIO_DMACmd)
    __arm_cp.24_0                            0x08001cd0   Number         4  stm32f4xx_sdio.o(.text.SDIO_DMACmd)
    [Anonymous Symbol]                       0x08001cd4   Section        0  stm32f4xx_sdio.o(.text.SDIO_DataConfig)
    __arm_cp.10_0                            0x08001cf8   Number         4  stm32f4xx_sdio.o(.text.SDIO_DataConfig)
    [Anonymous Symbol]                       0x08001cfc   Section        0  stm32f4xx_sdio.o(.text.SDIO_DeInit)
    [Anonymous Symbol]                       0x08001d18   Section        0  stm32f4xx_sdio.o(.text.SDIO_GetCommandResponse)
    __arm_cp.8_0                             0x08001d20   Number         4  stm32f4xx_sdio.o(.text.SDIO_GetCommandResponse)
    [Anonymous Symbol]                       0x08001d24   Section        0  stm32f4xx_sdio.o(.text.SDIO_GetFlagStatus)
    [Anonymous Symbol]                       0x08001d30   Section        0  stm32f4xx_sdio.o(.text.SDIO_GetITStatus)
    __arm_cp.28_0                            0x08001d3c   Number         4  stm32f4xx_sdio.o(.text.SDIO_GetITStatus)
    [Anonymous Symbol]                       0x08001d40   Section        0  stm32f4xx_sdio.o(.text.SDIO_GetPowerState)
    [Anonymous Symbol]                       0x08001d4c   Section        0  stm32f4xx_sdio.o(.text.SDIO_GetResponse)
    __arm_cp.9_0                             0x08001d60   Number         4  stm32f4xx_sdio.o(.text.SDIO_GetResponse)
    [Anonymous Symbol]                       0x08001d64   Section        0  fatfs_drv.o(.text.SDIO_IRQHandler)
    [Anonymous Symbol]                       0x08001d68   Section        0  stm32f4xx_sdio.o(.text.SDIO_ITConfig)
    __arm_cp.25_0                            0x08001d7c   Number         4  stm32f4xx_sdio.o(.text.SDIO_ITConfig)
    [Anonymous Symbol]                       0x08001d80   Section        0  stm32f4xx_sdio.o(.text.SDIO_Init)
    __arm_cp.1_0                             0x08001da4   Number         4  stm32f4xx_sdio.o(.text.SDIO_Init)
    [Anonymous Symbol]                       0x08001da8   Section        0  stm32f4xx_sdio.o(.text.SDIO_ReadData)
    __arm_cp.13_0                            0x08001db0   Number         4  stm32f4xx_sdio.o(.text.SDIO_ReadData)
    [Anonymous Symbol]                       0x08001db4   Section        0  stm32f4xx_sdio.o(.text.SDIO_SendCommand)
    __arm_cp.6_0                             0x08001dd4   Number         4  stm32f4xx_sdio.o(.text.SDIO_SendCommand)
    [Anonymous Symbol]                       0x08001dd8   Section        0  stm32f4xx_sdio.o(.text.SDIO_SetPowerState)
    __arm_cp.4_0                             0x08001de0   Number         4  stm32f4xx_sdio.o(.text.SDIO_SetPowerState)
    [Anonymous Symbol]                       0x08001de4   Section        0  stm32f429i_sdram.o(.text.SDRAM_GPIOConfig)
    __arm_cp.1_0                             0x08001f98   Number         4  stm32f429i_sdram.o(.text.SDRAM_GPIOConfig)
    __arm_cp.1_1                             0x08001f9c   Number         4  stm32f429i_sdram.o(.text.SDRAM_GPIOConfig)
    __arm_cp.1_2                             0x08001fa0   Number         4  stm32f429i_sdram.o(.text.SDRAM_GPIOConfig)
    [Anonymous Symbol]                       0x08001fa4   Section        0  stm32f429i_sdram.o(.text.SDRAM_Init)
    [Anonymous Symbol]                       0x08002008   Section        0  stm32f429i_sdram.o(.text.SDRAM_InitSequence)
    __arm_cp.2_0                             0x080020d4   Number         4  stm32f429i_sdram.o(.text.SDRAM_InitSequence)
    [Anonymous Symbol]                       0x080020d8   Section        0  sdio_sd.o(.text.SD_EnableWideBusOperation)
    [Anonymous Symbol]                       0x08002134   Section        0  sdio_sd.o(.text.SD_GetCardInfo)
    [Anonymous Symbol]                       0x080023b4   Section        0  sdio_sd.o(.text.SD_GetState)
    [Anonymous Symbol]                       0x080023dc   Section        0  sdio_sd.o(.text.SD_GetStatus)
    [Anonymous Symbol]                       0x080023f4   Section        0  sdio_sd.o(.text.SD_Init)
    __arm_cp.5_0                             0x08002470   Number         4  sdio_sd.o(.text.SD_Init)
    __arm_cp.5_1                             0x08002474   Number         4  sdio_sd.o(.text.SD_Init)
    [Anonymous Symbol]                       0x08002478   Section        0  sdio_sd.o(.text.SD_InitializeCards)
    __arm_cp.7_0                             0x08002590   Number         4  sdio_sd.o(.text.SD_InitializeCards)
    __arm_cp.7_1                             0x08002594   Number         4  sdio_sd.o(.text.SD_InitializeCards)
    __arm_cp.7_2                             0x08002598   Number         4  sdio_sd.o(.text.SD_InitializeCards)
    [Anonymous Symbol]                       0x0800259c   Section        0  sdio_sd.o(.text.SD_LowLevel_DMA_RxConfig)
    [Anonymous Symbol]                       0x08002628   Section        0  sdio_sd.o(.text.SD_LowLevel_DMA_TxConfig)
    __arm_cp.2_0                             0x080026b4   Number         4  sdio_sd.o(.text.SD_LowLevel_DMA_TxConfig)
    __arm_cp.2_1                             0x080026b8   Number         4  sdio_sd.o(.text.SD_LowLevel_DMA_TxConfig)
    [Anonymous Symbol]                       0x080026bc   Section        0  sdio_sd.o(.text.SD_LowLevel_Init)
    __arm_cp.1_0                             0x08002744   Number         4  sdio_sd.o(.text.SD_LowLevel_Init)
    __arm_cp.1_1                             0x08002748   Number         4  sdio_sd.o(.text.SD_LowLevel_Init)
    __arm_cp.1_2                             0x0800274c   Number         4  sdio_sd.o(.text.SD_LowLevel_Init)
    __arm_cp.1_3                             0x08002750   Number         4  sdio_sd.o(.text.SD_LowLevel_Init)
    [Anonymous Symbol]                       0x08002754   Section        0  sdio_sd.o(.text.SD_PowerON)
    __arm_cp.6_1                             0x0800292c   Number         4  sdio_sd.o(.text.SD_PowerON)
    __arm_cp.6_3                             0x08002930   Number         4  sdio_sd.o(.text.SD_PowerON)
    [Anonymous Symbol]                       0x08002934   Section        0  sdio_sd.o(.text.SD_ProcessDMAIRQ)
    __arm_cp.32_0                            0x08002950   Number         4  sdio_sd.o(.text.SD_ProcessDMAIRQ)
    [Anonymous Symbol]                       0x08002954   Section        0  sdio_sd.o(.text.SD_ProcessIRQSrc)
    [Anonymous Symbol]                       0x080029f0   Section        0  sdio_sd.o(.text.SD_ReadMultiBlocks)
    [Anonymous Symbol]                       0x08002ab0   Section        0  sdio_sd.o(.text.SD_SelectDeselect)
    [Anonymous Symbol]                       0x08002adc   Section        0  sdio_sd.o(.text.SD_SendStatus)
    [Anonymous Symbol]                       0x08002b20   Section        0  sdio_sd.o(.text.SD_StopTransfer)
    [Anonymous Symbol]                       0x08002b48   Section        0  sdio_sd.o(.text.SD_WaitReadOperation)
    __arm_cp.23_1                            0x08002ba0   Number         4  sdio_sd.o(.text.SD_WaitReadOperation)
    [Anonymous Symbol]                       0x08002ba4   Section        0  sdio_sd.o(.text.SD_WaitWriteOperation)
    __arm_cp.27_1                            0x08002bfc   Number         4  sdio_sd.o(.text.SD_WaitWriteOperation)
    [Anonymous Symbol]                       0x08002c00   Section        0  sdio_sd.o(.text.SD_WriteMultiBlocks)
    __arm_cp.26_0                            0x08002d0c   Number         4  sdio_sd.o(.text.SD_WriteMultiBlocks)
    __arm_cp.26_1                            0x08002d10   Number         4  sdio_sd.o(.text.SD_WriteMultiBlocks)
    [Anonymous Symbol]                       0x08002d14   Section        0  stm32f4xx_it.o(.text.SysTick_Handler)
    __arm_cp.0_0                             0x08002d24   Number         4  stm32f4xx_it.o(.text.SysTick_Handler)
    [Anonymous Symbol]                       0x08002d28   Section        0  system_stm32f4xx.o(.text.SystemInit)
    __arm_cp.0_0                             0x08002e14   Number         4  system_stm32f4xx.o(.text.SystemInit)
    __arm_cp.0_1                             0x08002e18   Number         4  system_stm32f4xx.o(.text.SystemInit)
    __arm_cp.0_2                             0x08002e1c   Number         4  system_stm32f4xx.o(.text.SystemInit)
    __arm_cp.0_3                             0x08002e20   Number         4  system_stm32f4xx.o(.text.SystemInit)
    __arm_cp.0_4                             0x08002e24   Number         4  system_stm32f4xx.o(.text.SystemInit)
    __arm_cp.0_5                             0x08002e28   Number         4  system_stm32f4xx.o(.text.SystemInit)
    [Anonymous Symbol]                       0x08002e2c   Section        0  stm32f4xx_it.o(.text.UsageFault_Handler)
    check_fs                                 0x08002e31   Thumb Code   116  ff.o(.text.check_fs)
    [Anonymous Symbol]                       0x08002e30   Section        0  ff.o(.text.check_fs)
    __arm_cp.45_0                            0x08002ea0   Number         4  ff.o(.text.check_fs)
    clust2sect                               0x08002ea5   Thumb Code    24  ff.o(.text.clust2sect)
    [Anonymous Symbol]                       0x08002ea4   Section        0  ff.o(.text.clust2sect)
    create_chain                             0x08002ebd   Thumb Code   190  ff.o(.text.create_chain)
    [Anonymous Symbol]                       0x08002ebc   Section        0  ff.o(.text.create_chain)
    dir_next                                 0x08002f7d   Thumb Code   280  ff.o(.text.dir_next)
    [Anonymous Symbol]                       0x08002f7c   Section        0  ff.o(.text.dir_next)
    __arm_cp.29_0                            0x08003088   Number         4  ff.o(.text.dir_next)
    __arm_cp.29_1                            0x0800308c   Number         4  ff.o(.text.dir_next)
    __arm_cp.29_2                            0x08003090   Number         4  ff.o(.text.dir_next)
    dir_register                             0x08003095   Thumb Code    90  ff.o(.text.dir_register)
    [Anonymous Symbol]                       0x08003094   Section        0  ff.o(.text.dir_register)
    dir_sdi                                  0x080030ef   Thumb Code   142  ff.o(.text.dir_sdi)
    [Anonymous Symbol]                       0x080030ee   Section        0  ff.o(.text.dir_sdi)
    [Anonymous Symbol]                       0x0800317c   Section        0  fatfs_drv.o(.text.disk_initialize)
    __arm_cp.0_0                             0x08003198   Number         4  fatfs_drv.o(.text.disk_initialize)
    [Anonymous Symbol]                       0x0800319c   Section        0  fatfs_drv.o(.text.disk_ioctl)
    [Anonymous Symbol]                       0x080031da   Section        0  fatfs_drv.o(.text.disk_read)
    [Anonymous Symbol]                       0x08003208   Section        0  fatfs_drv.o(.text.disk_status)
    [Anonymous Symbol]                       0x08003210   Section        0  fatfs_drv.o(.text.disk_write)
    [Anonymous Symbol]                       0x0800323e   Section        0  ff.o(.text.f_close)
    [Anonymous Symbol]                       0x0800325c   Section        0  ff.o(.text.f_mount)
    __arm_cp.0_0                             0x080032a4   Number         4  ff.o(.text.f_mount)
    [Anonymous Symbol]                       0x080032a8   Section        0  ff.o(.text.f_open)
    [Anonymous Symbol]                       0x08003498   Section        0  ff.o(.text.f_read)
    [Anonymous Symbol]                       0x080035fc   Section        0  ff.o(.text.f_sync)
    __arm_cp.19_0                            0x08003680   Number         4  ff.o(.text.f_sync)
    find_volume                              0x08003685   Thumb Code   652  ff.o(.text.find_volume)
    [Anonymous Symbol]                       0x08003684   Section        0  ff.o(.text.find_volume)
    __arm_cp.2_0                             0x08003904   Number         4  ff.o(.text.find_volume)
    __arm_cp.2_1                             0x08003908   Number         4  ff.o(.text.find_volume)
    __arm_cp.2_2                             0x0800390c   Number         4  ff.o(.text.find_volume)
    follow_path                              0x08003911   Thumb Code   408  ff.o(.text.follow_path)
    [Anonymous Symbol]                       0x08003910   Section        0  ff.o(.text.follow_path)
    __arm_cp.4_0                             0x08003aa0   Number         4  ff.o(.text.follow_path)
    __arm_cp.4_1                             0x08003aa4   Number         4  ff.o(.text.follow_path)
    get_fat                                  0x08003aa9   Thumb Code   180  ff.o(.text.get_fat)
    [Anonymous Symbol]                       0x08003aa8   Section        0  ff.o(.text.get_fat)
    get_ldnumber                             0x08003b5d   Thumb Code    62  ff.o(.text.get_ldnumber)
    [Anonymous Symbol]                       0x08003b5c   Section        0  ff.o(.text.get_ldnumber)
    ld_clust                                 0x08003b9b   Thumb Code    30  ff.o(.text.ld_clust)
    [Anonymous Symbol]                       0x08003b9a   Section        0  ff.o(.text.ld_clust)
    ld_dword                                 0x08003bb9   Thumb Code     4  ff.o(.text.ld_dword)
    [Anonymous Symbol]                       0x08003bb8   Section        0  ff.o(.text.ld_dword)
    [Anonymous Symbol]                       0x08003bbc   Section        0  main.o(.text.main)
    __arm_cp.0_0                             0x08003dc8   Number         4  main.o(.text.main)
    __arm_cp.0_1                             0x08003dcc   Number         4  main.o(.text.main)
    __arm_cp.0_2                             0x08003dd0   Number         4  main.o(.text.main)
    __arm_cp.0_3                             0x08003dd4   Number         4  main.o(.text.main)
    __arm_cp.0_4                             0x08003dd8   Number         4  main.o(.text.main)
    __arm_cp.0_5                             0x08003ddc   Number         4  main.o(.text.main)
    __arm_cp.0_6                             0x08003de0   Number         4  main.o(.text.main)
    __arm_cp.0_8                             0x08003dfc   Number         4  main.o(.text.main)
    __arm_cp.0_10                            0x08003e04   Number         4  main.o(.text.main)
    __arm_cp.0_11                            0x08003e08   Number         4  main.o(.text.main)
    __arm_cp.0_12                            0x08003e0c   Number         4  main.o(.text.main)
    __arm_cp.0_17                            0x08003e88   Number         4  main.o(.text.main)
    __arm_cp.0_18                            0x08003e8c   Number         4  main.o(.text.main)
    mem_cpy                                  0x08003e91   Thumb Code    16  ff.o(.text.mem_cpy)
    [Anonymous Symbol]                       0x08003e90   Section        0  ff.o(.text.mem_cpy)
    move_window                              0x08003ea1   Thumb Code    56  ff.o(.text.move_window)
    [Anonymous Symbol]                       0x08003ea0   Section        0  ff.o(.text.move_window)
    put_fat                                  0x08003ed9   Thumb Code   224  ff.o(.text.put_fat)
    [Anonymous Symbol]                       0x08003ed8   Section        0  ff.o(.text.put_fat)
    remove_chain                             0x08003fb9   Thumb Code   112  ff.o(.text.remove_chain)
    [Anonymous Symbol]                       0x08003fb8   Section        0  ff.o(.text.remove_chain)
    st_clust                                 0x08004029   Thumb Code    18  ff.o(.text.st_clust)
    [Anonymous Symbol]                       0x08004028   Section        0  ff.o(.text.st_clust)
    st_dword                                 0x0800403b   Thumb Code     4  ff.o(.text.st_dword)
    [Anonymous Symbol]                       0x0800403a   Section        0  ff.o(.text.st_dword)
    sync_fs                                  0x08004041   Thumb Code   136  ff.o(.text.sync_fs)
    [Anonymous Symbol]                       0x08004040   Section        0  ff.o(.text.sync_fs)
    __arm_cp.20_0                            0x080040c0   Number         4  ff.o(.text.sync_fs)
    __arm_cp.20_1                            0x080040c4   Number         4  ff.o(.text.sync_fs)
    sync_window                              0x080040c9   Thumb Code    76  ff.o(.text.sync_window)
    [Anonymous Symbol]                       0x080040c8   Section        0  ff.o(.text.sync_window)
    validate                                 0x08004115   Thumb Code    48  ff.o(.text.validate)
    [Anonymous Symbol]                       0x08004114   Section        0  ff.o(.text.validate)
    i.__scatterload_copy                     0x08004144   Section       14  handlers.o(i.__scatterload_copy)
    i.__scatterload_null                     0x08004152   Section        2  handlers.o(i.__scatterload_null)
    i.__scatterload_zeroinit                 0x08004154   Section       14  handlers.o(i.__scatterload_zeroinit)
    [Anonymous Symbol]                       0x08004164   Section        0  stm32f4xx_gpio.o(.rodata..Lswitch.table.GPIO_DeInit.1)
    APBAHBPrescTable                         0x08004190   Data          16  stm32f4xx_rcc.o(.rodata.APBAHBPrescTable)
    [Anonymous Symbol]                       0x08004190   Section        0  stm32f4xx_rcc.o(.rodata.APBAHBPrescTable)
    ExCvt                                    0x08005370   Data         128  ff.o(.rodata.ExCvt)
    [Anonymous Symbol]                       0x08005370   Section        0  ff.o(.rodata.ExCvt)
    .L.str.3                                 0x080053f0   Data          15  ff.o(.rodata.str1.1)
    [Anonymous Symbol]                       0x080053f0   Section        0  ff.o(.rodata.str1.1)
    .L.str.2                                 0x080053ff   Data          27  main.o(.rodata.str1.1)
    [Anonymous Symbol]                       0x080053ff   Section        0  main.o(.rodata.str1.1)
    .L.str.8                                 0x0800541a   Data          30  main.o(.rodata.str1.1)
    .L.str.7                                 0x08005438   Data          26  main.o(.rodata.str1.1)
    .L.str                                   0x08005452   Data          13  command.o(.rodata.str1.1)
    .L.str.9                                 0x08005452   Data          21  command.o(.rodata.str1.1)
    [Anonymous Symbol]                       0x08005452   Section        0  command.o(.rodata.str1.1)
    .L.str.4                                 0x08005467   Data          22  command.o(.rodata.str1.1)
    .L.str.10                                0x0800547d   Data          32  command.o(.rodata.str1.1)
    .L.str.6                                 0x0800549d   Data          32  command.o(.rodata.str1.1)
    .L.str.5                                 0x080054bd   Data          18  command.o(.rodata.str1.1)
    .L.str.11                                0x080054cf   Data          18  command.o(.rodata.str1.1)
    CurrentBackColor                         0x20000000   Data           2  stm32f429i_lcd.o(.data.CurrentBackColor)
    [Anonymous Symbol]                       0x20000000   Section        0  stm32f429i_lcd.o(.data.CurrentBackColor)
    LastPGAddress                            0x2000002c   Data           4  command.o(.data.LastPGAddress)
    [Anonymous Symbol]                       0x2000002c   Section        0  command.o(.data.LastPGAddress)
    [Anonymous Symbol]                       0x20000038   Section        0  sdio_sd.o(.bss..L_MergedGlobals)
    CardType                                 0x2000003c   Data           1  sdio_sd.o(.bss..L_MergedGlobals)
    RCA                                      0x2000004c   Data           4  sdio_sd.o(.bss..L_MergedGlobals)
    CID_Tab.0                                0x20000050   Data           4  sdio_sd.o(.bss..L_MergedGlobals)
    CID_Tab.1                                0x20000054   Data           4  sdio_sd.o(.bss..L_MergedGlobals)
    CID_Tab.2                                0x20000058   Data           4  sdio_sd.o(.bss..L_MergedGlobals)
    CID_Tab.3                                0x2000005c   Data           4  sdio_sd.o(.bss..L_MergedGlobals)
    CSD_Tab.0                                0x20000060   Data           4  sdio_sd.o(.bss..L_MergedGlobals)
    CSD_Tab.1                                0x20000064   Data           4  sdio_sd.o(.bss..L_MergedGlobals)
    CSD_Tab.2                                0x20000068   Data           4  sdio_sd.o(.bss..L_MergedGlobals)
    CSD_Tab.3                                0x2000006c   Data           4  sdio_sd.o(.bss..L_MergedGlobals)
    Fsid                                     0x200000b4   Data           2  ff.o(.bss..L_MergedGlobals)
    [Anonymous Symbol]                       0x200000b4   Section        0  ff.o(.bss..L_MergedGlobals)
    FatFs                                    0x200000b8   Data           4  ff.o(.bss..L_MergedGlobals)
    [Anonymous Symbol]                       0x200000bc   Section        0  main.o(.bss..L_MergedGlobals)
    RamAddress                               0x200000cc   Data           1  command.o(.bss..L_MergedGlobals)
    [Anonymous Symbol]                       0x200000cc   Section        0  command.o(.bss..L_MergedGlobals)
    TmpReadSize                              0x200000d0   Data           4  command.o(.bss..L_MergedGlobals)
    CurrentFrameBuffer                       0x200000d4   Data           1  stm32f429i_lcd.o(.bss..L_MergedGlobals.1)
    [Anonymous Symbol]                       0x200000d4   Section        0  stm32f429i_lcd.o(.bss..L_MergedGlobals.1)
    CurrentLayer                             0x200000d8   Data           1  stm32f429i_lcd.o(.bss..L_MergedGlobals.1)
    CurrentTextColor                         0x200000da   Data           2  stm32f429i_lcd.o(.bss..L_MergedGlobals.1)
    LCD_Currentfonts                         0x200000dc   Data           4  stm32f429i_lcd.o(.bss..L_MergedGlobals.1)
    RAM_Buf                                  0x200000e0   Data         512  command.o(.bss.RAM_Buf)
    [Anonymous Symbol]                       0x200000e0   Section        0  command.o(.bss.RAM_Buf)
    STACK                                    0x20000790   Section     2048  startup_stm32f429_439xx.o(STACK)

    Global Symbols

    Symbol Name                              Value     Ov Type        Size  Object(Section)

    BuildAttributes$$THM_ISAv4$E$P$D$K$B$S$7EM$VFPi3$EXTD16$VFPS$VFMA$PE$A:L22UL41UL21$X:L11$S22US41US21$IEEE1$IW$~IW$USESV6$~STKCKD$USESV7$~SHL$OSPACE$EBA8$MICROLIB$REQ8$PRES8$EABIv2 0x00000000   Number         0  anon$$obj.o ABSOLUTE
    __cpp_initialize__aeabi_                  - Undefined Weak Reference
    __cxa_finalize                            - Undefined Weak Reference
    __decompress                              - Undefined Weak Reference
    _clock_init                               - Undefined Weak Reference
    _microlib_exit                            - Undefined Weak Reference
    __Vectors_Size                           0x000001ac   Number         0  startup_stm32f429_439xx.o ABSOLUTE
    __Vectors                                0x08000000   Data           4  startup_stm32f429_439xx.o(RESET)
    __Vectors_End                            0x080001ac   Data           0  startup_stm32f429_439xx.o(RESET)
    __main                                   0x080001ad   Thumb Code     0  entry.o(.ARM.Collect$$$$00000000)
    _main_stk                                0x080001ad   Thumb Code     0  entry2.o(.ARM.Collect$$$$00000001)
    _main_scatterload                        0x080001b1   Thumb Code     0  entry5.o(.ARM.Collect$$$$00000004)
    __main_after_scatterload                 0x080001b5   Thumb Code     0  entry5.o(.ARM.Collect$$$$00000004)
    _main_clock                              0x080001b5   Thumb Code     0  entry7b.o(.ARM.Collect$$$$00000008)
    _main_cpp_init                           0x080001b5   Thumb Code     0  entry8b.o(.ARM.Collect$$$$0000000A)
    _main_init                               0x080001b5   Thumb Code     0  entry9a.o(.ARM.Collect$$$$0000000B)
    __rt_final_cpp                           0x080001bd   Thumb Code     0  entry10a.o(.ARM.Collect$$$$0000000D)
    __rt_final_exit                          0x080001bd   Thumb Code     0  entry11a.o(.ARM.Collect$$$$0000000F)
    Reset_Handler                            0x080001c1   Thumb Code     8  startup_stm32f429_439xx.o(.text)
    NMI_Handler                              0x080001c9   Thumb Code     2  startup_stm32f429_439xx.o(.text)
    SVC_Handler                              0x080001d3   Thumb Code     2  startup_stm32f429_439xx.o(.text)
    DebugMon_Handler                         0x080001d5   Thumb Code     2  startup_stm32f429_439xx.o(.text)
    PendSV_Handler                           0x080001d7   Thumb Code     2  startup_stm32f429_439xx.o(.text)
    ADC_IRQHandler                           0x080001db   Thumb Code     0  startup_stm32f429_439xx.o(.text)
    CAN1_RX0_IRQHandler                      0x080001db   Thumb Code     0  startup_stm32f429_439xx.o(.text)
    CAN1_RX1_IRQHandler                      0x080001db   Thumb Code     0  startup_stm32f429_439xx.o(.text)
    CAN1_SCE_IRQHandler                      0x080001db   Thumb Code     0  startup_stm32f429_439xx.o(.text)
    CAN1_TX_IRQHandler                       0x080001db   Thumb Code     0  startup_stm32f429_439xx.o(.text)
    CAN2_RX0_IRQHandler                      0x080001db   Thumb Code     0  startup_stm32f429_439xx.o(.text)
    CAN2_RX1_IRQHandler                      0x080001db   Thumb Code     0  startup_stm32f429_439xx.o(.text)
    CAN2_SCE_IRQHandler                      0x080001db   Thumb Code     0  startup_stm32f429_439xx.o(.text)
    CAN2_TX_IRQHandler                       0x080001db   Thumb Code     0  startup_stm32f429_439xx.o(.text)
    CRYP_IRQHandler                          0x080001db   Thumb Code     0  startup_stm32f429_439xx.o(.text)
    DCMI_IRQHandler                          0x080001db   Thumb Code     0  startup_stm32f429_439xx.o(.text)
    DMA1_Stream0_IRQHandler                  0x080001db   Thumb Code     0  startup_stm32f429_439xx.o(.text)
    DMA1_Stream1_IRQHandler                  0x080001db   Thumb Code     0  startup_stm32f429_439xx.o(.text)
    DMA1_Stream2_IRQHandler                  0x080001db   Thumb Code     0  startup_stm32f429_439xx.o(.text)
    DMA1_Stream3_IRQHandler                  0x080001db   Thumb Code     0  startup_stm32f429_439xx.o(.text)
    DMA1_Stream4_IRQHandler                  0x080001db   Thumb Code     0  startup_stm32f429_439xx.o(.text)
    DMA1_Stream5_IRQHandler                  0x080001db   Thumb Code     0  startup_stm32f429_439xx.o(.text)
    DMA1_Stream6_IRQHandler                  0x080001db   Thumb Code     0  startup_stm32f429_439xx.o(.text)
    DMA1_Stream7_IRQHandler                  0x080001db   Thumb Code     0  startup_stm32f429_439xx.o(.text)
    DMA2D_IRQHandler                         0x080001db   Thumb Code     0  startup_stm32f429_439xx.o(.text)
    DMA2_Stream0_IRQHandler                  0x080001db   Thumb Code     0  startup_stm32f429_439xx.o(.text)
    DMA2_Stream1_IRQHandler                  0x080001db   Thumb Code     0  startup_stm32f429_439xx.o(.text)
    DMA2_Stream2_IRQHandler                  0x080001db   Thumb Code     0  startup_stm32f429_439xx.o(.text)
    DMA2_Stream4_IRQHandler                  0x080001db   Thumb Code     0  startup_stm32f429_439xx.o(.text)
    DMA2_Stream5_IRQHandler                  0x080001db   Thumb Code     0  startup_stm32f429_439xx.o(.text)
    DMA2_Stream6_IRQHandler                  0x080001db   Thumb Code     0  startup_stm32f429_439xx.o(.text)
    DMA2_Stream7_IRQHandler                  0x080001db   Thumb Code     0  startup_stm32f429_439xx.o(.text)
    ETH_IRQHandler                           0x080001db   Thumb Code     0  startup_stm32f429_439xx.o(.text)
    ETH_WKUP_IRQHandler                      0x080001db   Thumb Code     0  startup_stm32f429_439xx.o(.text)
    EXTI0_IRQHandler                         0x080001db   Thumb Code     0  startup_stm32f429_439xx.o(.text)
    EXTI15_10_IRQHandler                     0x080001db   Thumb Code     0  startup_stm32f429_439xx.o(.text)
    EXTI1_IRQHandler                         0x080001db   Thumb Code     0  startup_stm32f429_439xx.o(.text)
    EXTI2_IRQHandler                         0x080001db   Thumb Code     0  startup_stm32f429_439xx.o(.text)
    EXTI3_IRQHandler                         0x080001db   Thumb Code     0  startup_stm32f429_439xx.o(.text)
    EXTI4_IRQHandler                         0x080001db   Thumb Code     0  startup_stm32f429_439xx.o(.text)
    EXTI9_5_IRQHandler                       0x080001db   Thumb Code     0  startup_stm32f429_439xx.o(.text)
    FLASH_IRQHandler                         0x080001db   Thumb Code     0  startup_stm32f429_439xx.o(.text)
    FMC_IRQHandler                           0x080001db   Thumb Code     0  startup_stm32f429_439xx.o(.text)
    FPU_IRQHandler                           0x080001db   Thumb Code     0  startup_stm32f429_439xx.o(.text)
    HASH_RNG_IRQHandler                      0x080001db   Thumb Code     0  startup_stm32f429_439xx.o(.text)
    I2C1_ER_IRQHandler                       0x080001db   Thumb Code     0  startup_stm32f429_439xx.o(.text)
    I2C1_EV_IRQHandler                       0x080001db   Thumb Code     0  startup_stm32f429_439xx.o(.text)
    I2C2_ER_IRQHandler                       0x080001db   Thumb Code     0  startup_stm32f429_439xx.o(.text)
    I2C2_EV_IRQHandler                       0x080001db   Thumb Code     0  startup_stm32f429_439xx.o(.text)
    I2C3_ER_IRQHandler                       0x080001db   Thumb Code     0  startup_stm32f429_439xx.o(.text)
    I2C3_EV_IRQHandler                       0x080001db   Thumb Code     0  startup_stm32f429_439xx.o(.text)
    LTDC_ER_IRQHandler                       0x080001db   Thumb Code     0  startup_stm32f429_439xx.o(.text)
    LTDC_IRQHandler                          0x080001db   Thumb Code     0  startup_stm32f429_439xx.o(.text)
    OTG_FS_IRQHandler                        0x080001db   Thumb Code     0  startup_stm32f429_439xx.o(.text)
    OTG_FS_WKUP_IRQHandler                   0x080001db   Thumb Code     0  startup_stm32f429_439xx.o(.text)
    OTG_HS_EP1_IN_IRQHandler                 0x080001db   Thumb Code     0  startup_stm32f429_439xx.o(.text)
    OTG_HS_EP1_OUT_IRQHandler                0x080001db   Thumb Code     0  startup_stm32f429_439xx.o(.text)
    OTG_HS_IRQHandler                        0x080001db   Thumb Code     0  startup_stm32f429_439xx.o(.text)
    OTG_HS_WKUP_IRQHandler                   0x080001db   Thumb Code     0  startup_stm32f429_439xx.o(.text)
    PVD_IRQHandler                           0x080001db   Thumb Code     0  startup_stm32f429_439xx.o(.text)
    RCC_IRQHandler                           0x080001db   Thumb Code     0  startup_stm32f429_439xx.o(.text)
    RTC_Alarm_IRQHandler                     0x080001db   Thumb Code     0  startup_stm32f429_439xx.o(.text)
    RTC_WKUP_IRQHandler                      0x080001db   Thumb Code     0  startup_stm32f429_439xx.o(.text)
    SAI1_IRQHandler                          0x080001db   Thumb Code     0  startup_stm32f429_439xx.o(.text)
    SPI1_IRQHandler                          0x080001db   Thumb Code     0  startup_stm32f429_439xx.o(.text)
    SPI2_IRQHandler                          0x080001db   Thumb Code     0  startup_stm32f429_439xx.o(.text)
    SPI3_IRQHandler                          0x080001db   Thumb Code     0  startup_stm32f429_439xx.o(.text)
    SPI4_IRQHandler                          0x080001db   Thumb Code     0  startup_stm32f429_439xx.o(.text)
    SPI5_IRQHandler                          0x080001db   Thumb Code     0  startup_stm32f429_439xx.o(.text)
    SPI6_IRQHandler                          0x080001db   Thumb Code     0  startup_stm32f429_439xx.o(.text)
    TAMP_STAMP_IRQHandler                    0x080001db   Thumb Code     0  startup_stm32f429_439xx.o(.text)
    TIM1_BRK_TIM9_IRQHandler                 0x080001db   Thumb Code     0  startup_stm32f429_439xx.o(.text)
    TIM1_CC_IRQHandler                       0x080001db   Thumb Code     0  startup_stm32f429_439xx.o(.text)
    TIM1_TRG_COM_TIM11_IRQHandler            0x080001db   Thumb Code     0  startup_stm32f429_439xx.o(.text)
    TIM1_UP_TIM10_IRQHandler                 0x080001db   Thumb Code     0  startup_stm32f429_439xx.o(.text)
    TIM2_IRQHandler                          0x080001db   Thumb Code     0  startup_stm32f429_439xx.o(.text)
    TIM3_IRQHandler                          0x080001db   Thumb Code     0  startup_stm32f429_439xx.o(.text)
    TIM4_IRQHandler                          0x080001db   Thumb Code     0  startup_stm32f429_439xx.o(.text)
    TIM5_IRQHandler                          0x080001db   Thumb Code     0  startup_stm32f429_439xx.o(.text)
    TIM6_DAC_IRQHandler                      0x080001db   Thumb Code     0  startup_stm32f429_439xx.o(.text)
    TIM7_IRQHandler                          0x080001db   Thumb Code     0  startup_stm32f429_439xx.o(.text)
    TIM8_BRK_TIM12_IRQHandler                0x080001db   Thumb Code     0  startup_stm32f429_439xx.o(.text)
    TIM8_CC_IRQHandler                       0x080001db   Thumb Code     0  startup_stm32f429_439xx.o(.text)
    TIM8_TRG_COM_TIM14_IRQHandler            0x080001db   Thumb Code     0  startup_stm32f429_439xx.o(.text)
    TIM8_UP_TIM13_IRQHandler                 0x080001db   Thumb Code     0  startup_stm32f429_439xx.o(.text)
    UART4_IRQHandler                         0x080001db   Thumb Code     0  startup_stm32f429_439xx.o(.text)
    UART5_IRQHandler                         0x080001db   Thumb Code     0  startup_stm32f429_439xx.o(.text)
    UART7_IRQHandler                         0x080001db   Thumb Code     0  startup_stm32f429_439xx.o(.text)
    UART8_IRQHandler                         0x080001db   Thumb Code     0  startup_stm32f429_439xx.o(.text)
    USART1_IRQHandler                        0x080001db   Thumb Code     0  startup_stm32f429_439xx.o(.text)
    USART2_IRQHandler                        0x080001db   Thumb Code     0  startup_stm32f429_439xx.o(.text)
    USART3_IRQHandler                        0x080001db   Thumb Code     0  startup_stm32f429_439xx.o(.text)
    USART6_IRQHandler                        0x080001db   Thumb Code     0  startup_stm32f429_439xx.o(.text)
    WWDG_IRQHandler                          0x080001db   Thumb Code     0  startup_stm32f429_439xx.o(.text)
    __aeabi_memset                           0x080001e5   Thumb Code    14  memseta.o(.text)
    __aeabi_memset4                          0x080001e5   Thumb Code     0  memseta.o(.text)
    __aeabi_memset8                          0x080001e5   Thumb Code     0  memseta.o(.text)
    __aeabi_memclr                           0x080001f3   Thumb Code     4  memseta.o(.text)
    __aeabi_memclr4                          0x080001f3   Thumb Code     0  memseta.o(.text)
    __aeabi_memclr8                          0x080001f3   Thumb Code     0  memseta.o(.text)
    _memset$wrapper                          0x080001f7   Thumb Code    18  memseta.o(.text)
    __scatterload                            0x08000209   Thumb Code    28  init.o(.text)
    __scatterload_rt2                        0x08000209   Thumb Code     0  init.o(.text)
    ApplicationExe                           0x0800022d   Thumb Code   388  main.o(.text.ApplicationExe)
    BusFault_Handler                         0x080003b1   Thumb Code     2  stm32f4xx_it.o(.text.BusFault_Handler)
    COMMAND_Download                         0x080003b5   Thumb Code   472  command.o(.text.COMMAND_Download)
    COMMAND_ProgramFlashMemory               0x0800058d   Thumb Code   276  command.o(.text.COMMAND_ProgramFlashMemory)
    DMA2_Stream3_IRQHandler                  0x080007b9   Thumb Code     4  fatfs_drv.o(.text.DMA2_Stream3_IRQHandler)
    DMA_ClearFlag                            0x080007bd   Thumb Code    36  stm32f4xx_dma.o(.text.DMA_ClearFlag)
    DMA_Cmd                                  0x080007e1   Thumb Code    18  stm32f4xx_dma.o(.text.DMA_Cmd)
    DMA_DeInit                               0x080007f5   Thumb Code   324  stm32f4xx_dma.o(.text.DMA_DeInit)
    DMA_FlowControllerConfig                 0x08000939   Thumb Code    18  stm32f4xx_dma.o(.text.DMA_FlowControllerConfig)
    DMA_ITConfig                             0x0800094b   Thumb Code    46  stm32f4xx_dma.o(.text.DMA_ITConfig)
    DMA_Init                                 0x08000979   Thumb Code    84  stm32f4xx_dma.o(.text.DMA_Init)
    Delay                                    0x080009cd   Thumb Code    24  main.o(.text.Delay)
    FLASH_EraseSector                        0x080009e5   Thumb Code    88  stm32f4xx_flash.o(.text.FLASH_EraseSector)
    FLASH_GetStatus                          0x08000a3d   Thumb Code    64  stm32f4xx_flash.o(.text.FLASH_GetStatus)
    FLASH_If_EraseSectors                    0x08000a7d   Thumb Code   120  flash_if.o(.text.FLASH_If_EraseSectors)
    FLASH_If_FlashUnlock                     0x08000af5   Thumb Code     4  flash_if.o(.text.FLASH_If_FlashUnlock)
    FLASH_If_ProgramWord                     0x08000af9   Thumb Code     4  flash_if.o(.text.FLASH_If_ProgramWord)
    FLASH_ProgramWord                        0x08000afd   Thumb Code    60  stm32f4xx_flash.o(.text.FLASH_ProgramWord)
    FLASH_Unlock                             0x08000b39   Thumb Code    36  stm32f4xx_flash.o(.text.FLASH_Unlock)
    FLASH_WaitForLastOperation               0x08000b5d   Thumb Code    30  stm32f4xx_flash.o(.text.FLASH_WaitForLastOperation)
    FMC_GetFlagStatus                        0x08000b7d   Thumb Code    44  stm32f4xx_fmc.o(.text.FMC_GetFlagStatus)
    FMC_SDRAMCmdConfig                       0x08000ba9   Thumb Code    36  stm32f4xx_fmc.o(.text.FMC_SDRAMCmdConfig)
    FMC_SDRAMDeInit                          0x08000bcd   Thumb Code    32  stm32f4xx_fmc.o(.text.FMC_SDRAMDeInit)
    FMC_SDRAMInit                            0x08000bed   Thumb Code   264  stm32f4xx_fmc.o(.text.FMC_SDRAMInit)
    FMC_SetRefreshCount                      0x08000cf5   Thumb Code    16  stm32f4xx_fmc.o(.text.FMC_SetRefreshCount)
    Fail_Handler                             0x08000d05   Thumb Code    24  main.o(.text.Fail_Handler)
    GPIO_DeInit                              0x08000d1d   Thumb Code    52  stm32f4xx_gpio.o(.text.GPIO_DeInit)
    GPIO_Init                                0x08000d51   Thumb Code   130  stm32f4xx_gpio.o(.text.GPIO_Init)
    GPIO_PinAFConfig                         0x08000dd3   Thumb Code    40  stm32f4xx_gpio.o(.text.GPIO_PinAFConfig)
    GPIO_ReadInputDataBit                    0x08000dfb   Thumb Code    10  stm32f4xx_gpio.o(.text.GPIO_ReadInputDataBit)
    GPIO_ResetBits                           0x08000e05   Thumb Code     4  stm32f4xx_gpio.o(.text.GPIO_ResetBits)
    GPIO_SetBits                             0x08000e09   Thumb Code     4  stm32f4xx_gpio.o(.text.GPIO_SetBits)
    GPIO_WriteBit                            0x08000e0d   Thumb Code    10  stm32f4xx_gpio.o(.text.GPIO_WriteBit)
    HardFault_Handler                        0x08000e17   Thumb Code     2  stm32f4xx_it.o(.text.HardFault_Handler)
    I2C2_Init                                0x08000e19   Thumb Code    52  i2c_eeprom.o(.text.I2C2_Init)
    I2C_AcknowledgeConfig                    0x08000e4d   Thumb Code    18  stm32f4xx_i2c.o(.text.I2C_AcknowledgeConfig)
    I2C_Cmd                                  0x08000e5f   Thumb Code    18  stm32f4xx_i2c.o(.text.I2C_Cmd)
    I2C_DeInit                               0x08000e71   Thumb Code    68  stm32f4xx_i2c.o(.text.I2C_DeInit)
    I2C_EEPROM_timeout                       0x08000eb5   Thumb Code    44  i2c_eeprom.o(.text.I2C_EEPROM_timeout)
    I2C_EERPOM_Init                          0x08000ee1   Thumb Code   116  i2c_eeprom.o(.text.I2C_EERPOM_Init)
    I2C_EERPOM_ReadByte16                    0x08000f55   Thumb Code   368  i2c_eeprom.o(.text.I2C_EERPOM_ReadByte16)
    I2C_EERPOM_WriteByte16                   0x080010c5   Thumb Code   268  i2c_eeprom.o(.text.I2C_EERPOM_WriteByte16)
    I2C_GenerateSTART                        0x080011d1   Thumb Code    18  stm32f4xx_i2c.o(.text.I2C_GenerateSTART)
    I2C_GenerateSTOP                         0x080011e3   Thumb Code    18  stm32f4xx_i2c.o(.text.I2C_GenerateSTOP)
    I2C_GetFlagStatus                        0x080011f5   Thumb Code    50  stm32f4xx_i2c.o(.text.I2C_GetFlagStatus)
    I2C_Init                                 0x08001229   Thumb Code   184  stm32f4xx_i2c.o(.text.I2C_Init)
    I2C_ReceiveData                          0x080012e1   Thumb Code     6  stm32f4xx_i2c.o(.text.I2C_ReceiveData)
    I2C_Send7bitAddress                      0x080012e7   Thumb Code    16  stm32f4xx_i2c.o(.text.I2C_Send7bitAddress)
    I2C_SendData                             0x080012f7   Thumb Code     4  stm32f4xx_i2c.o(.text.I2C_SendData)
    I2C_SoftwareResetCmd                     0x080012fb   Thumb Code    20  stm32f4xx_i2c.o(.text.I2C_SoftwareResetCmd)
    LCD_AF_GPIOConfig                        0x08001311   Thumb Code   352  stm32f429i_lcd.o(.text.LCD_AF_GPIOConfig)
    LCD_Clear                                0x08001471   Thumb Code    36  stm32f429i_lcd.o(.text.LCD_Clear)
    LCD_DisplayChar                          0x08001495   Thumb Code    28  stm32f429i_lcd.o(.text.LCD_DisplayChar)
    LCD_DisplayOn                            0x080014b1   Thumb Code    28  stm32f429i_lcd.o(.text.LCD_DisplayOn)
    LCD_DisplayStringLine                    0x080014cd   Thumb Code    52  stm32f429i_lcd.o(.text.LCD_DisplayStringLine)
    LCD_DrawChar                             0x08001501   Thumb Code   148  stm32f429i_lcd.o(.text.LCD_DrawChar)
    LCD_GetFont                              0x08001595   Thumb Code     8  stm32f429i_lcd.o(.text.LCD_GetFont)
    LCD_Init                                 0x0800159d   Thumb Code   140  stm32f429i_lcd.o(.text.LCD_Init)
    LCD_LayerInit                            0x08001629   Thumb Code   172  stm32f429i_lcd.o(.text.LCD_LayerInit)
    LCD_SetBackColor                         0x080016d5   Thumb Code    12  stm32f429i_lcd.o(.text.LCD_SetBackColor)
    LCD_SetLayer                             0x080016e1   Thumb Code    16  stm32f429i_lcd.o(.text.LCD_SetLayer)
    LCD_SetTextColor                         0x080016f1   Thumb Code    12  stm32f429i_lcd.o(.text.LCD_SetTextColor)
    LTDC_Cmd                                 0x080016fd   Thumb Code    20  stm32f4xx_ltdc.o(.text.LTDC_Cmd)
    LTDC_DeInit                              0x08001711   Thumb Code    26  stm32f4xx_ltdc.o(.text.LTDC_DeInit)
    LTDC_DitherCmd                           0x0800172d   Thumb Code    24  stm32f4xx_ltdc.o(.text.LTDC_DitherCmd)
    LTDC_Init                                0x08001745   Thumb Code   152  stm32f4xx_ltdc.o(.text.LTDC_Init)
    LTDC_LayerCmd                            0x080017dd   Thumb Code    18  stm32f4xx_ltdc.o(.text.LTDC_LayerCmd)
    LTDC_LayerInit                           0x080017ef   Thumb Code   146  stm32f4xx_ltdc.o(.text.LTDC_LayerInit)
    LTDC_ReloadConfig                        0x08001881   Thumb Code    12  stm32f4xx_ltdc.o(.text.LTDC_ReloadConfig)
    MemManage_Handler                        0x0800188d   Thumb Code     2  stm32f4xx_it.o(.text.MemManage_Handler)
    NVIC_Init                                0x08001891   Thumb Code    80  misc.o(.text.NVIC_Init)
    NVIC_PriorityGroupConfig                 0x080018e1   Thumb Code    16  misc.o(.text.NVIC_PriorityGroupConfig)
    RCC_AHB1PeriphClockCmd                   0x08001911   Thumb Code    24  stm32f4xx_rcc.o(.text.RCC_AHB1PeriphClockCmd)
    RCC_AHB1PeriphResetCmd                   0x08001929   Thumb Code    24  stm32f4xx_rcc.o(.text.RCC_AHB1PeriphResetCmd)
    RCC_AHB3PeriphClockCmd                   0x08001941   Thumb Code    24  stm32f4xx_rcc.o(.text.RCC_AHB3PeriphClockCmd)
    RCC_APB1PeriphClockCmd                   0x08001959   Thumb Code    24  stm32f4xx_rcc.o(.text.RCC_APB1PeriphClockCmd)
    RCC_APB1PeriphResetCmd                   0x08001971   Thumb Code    24  stm32f4xx_rcc.o(.text.RCC_APB1PeriphResetCmd)
    RCC_APB2PeriphClockCmd                   0x08001989   Thumb Code    24  stm32f4xx_rcc.o(.text.RCC_APB2PeriphClockCmd)
    RCC_APB2PeriphResetCmd                   0x080019a1   Thumb Code    24  stm32f4xx_rcc.o(.text.RCC_APB2PeriphResetCmd)
    RCC_ClearFlag                            0x080019b9   Thumb Code    16  stm32f4xx_rcc.o(.text.RCC_ClearFlag)
    RCC_DeInit                               0x080019c9   Thumb Code    68  stm32f4xx_rcc.o(.text.RCC_DeInit)
    RCC_GetClocksFreq                        0x08001a0d   Thumb Code   132  stm32f4xx_rcc.o(.text.RCC_GetClocksFreq)
    RCC_GetFlagStatus                        0x08001a91   Thumb Code    40  stm32f4xx_rcc.o(.text.RCC_GetFlagStatus)
    RCC_LTDCCLKDivConfig                     0x08001ab9   Thumb Code    20  stm32f4xx_rcc.o(.text.RCC_LTDCCLKDivConfig)
    RCC_PLLSAICmd                            0x08001acd   Thumb Code    12  stm32f4xx_rcc.o(.text.RCC_PLLSAICmd)
    RCC_PLLSAIConfig                         0x08001ad9   Thumb Code    20  stm32f4xx_rcc.o(.text.RCC_PLLSAIConfig)
    SDIO_ClearFlag                           0x08001ca9   Thumb Code     8  stm32f4xx_sdio.o(.text.SDIO_ClearFlag)
    SDIO_ClearITPendingBit                   0x08001cb1   Thumb Code    12  stm32f4xx_sdio.o(.text.SDIO_ClearITPendingBit)
    SDIO_ClockCmd                            0x08001cbd   Thumb Code    12  stm32f4xx_sdio.o(.text.SDIO_ClockCmd)
    SDIO_DMACmd                              0x08001cc9   Thumb Code    12  stm32f4xx_sdio.o(.text.SDIO_DMACmd)
    SDIO_DataConfig                          0x08001cd5   Thumb Code    40  stm32f4xx_sdio.o(.text.SDIO_DataConfig)
    SDIO_DeInit                              0x08001cfd   Thumb Code    26  stm32f4xx_sdio.o(.text.SDIO_DeInit)
    SDIO_GetCommandResponse                  0x08001d19   Thumb Code    12  stm32f4xx_sdio.o(.text.SDIO_GetCommandResponse)
    SDIO_GetFlagStatus                       0x08001d25   Thumb Code    12  stm32f4xx_sdio.o(.text.SDIO_GetFlagStatus)
    SDIO_GetITStatus                         0x08001d31   Thumb Code    16  stm32f4xx_sdio.o(.text.SDIO_GetITStatus)
    SDIO_GetPowerState                       0x08001d41   Thumb Code    12  stm32f4xx_sdio.o(.text.SDIO_GetPowerState)
    SDIO_GetResponse                         0x08001d4d   Thumb Code    24  stm32f4xx_sdio.o(.text.SDIO_GetResponse)
    SDIO_IRQHandler                          0x08001d65   Thumb Code     4  fatfs_drv.o(.text.SDIO_IRQHandler)
    SDIO_ITConfig                            0x08001d69   Thumb Code    24  stm32f4xx_sdio.o(.text.SDIO_ITConfig)
    SDIO_Init                                0x08001d81   Thumb Code    40  stm32f4xx_sdio.o(.text.SDIO_Init)
    SDIO_ReadData                            0x08001da9   Thumb Code    12  stm32f4xx_sdio.o(.text.SDIO_ReadData)
    SDIO_SendCommand                         0x08001db5   Thumb Code    36  stm32f4xx_sdio.o(.text.SDIO_SendCommand)
    SDIO_SetPowerState                       0x08001dd9   Thumb Code    12  stm32f4xx_sdio.o(.text.SDIO_SetPowerState)
    SDRAM_GPIOConfig                         0x08001de5   Thumb Code   448  stm32f429i_sdram.o(.text.SDRAM_GPIOConfig)
    SDRAM_Init                               0x08001fa5   Thumb Code   100  stm32f429i_sdram.o(.text.SDRAM_Init)
    SDRAM_InitSequence                       0x08002009   Thumb Code   208  stm32f429i_sdram.o(.text.SDRAM_InitSequence)
    SD_EnableWideBusOperation                0x080020d9   Thumb Code    92  sdio_sd.o(.text.SD_EnableWideBusOperation)
    SD_GetCardInfo                           0x08002135   Thumb Code   640  sdio_sd.o(.text.SD_GetCardInfo)
    SD_GetState                              0x080023b5   Thumb Code    40  sdio_sd.o(.text.SD_GetState)
    SD_GetStatus                             0x080023dd   Thumb Code    22  sdio_sd.o(.text.SD_GetStatus)
    SD_Init                                  0x080023f5   Thumb Code   132  sdio_sd.o(.text.SD_Init)
    SD_InitializeCards                       0x08002479   Thumb Code   292  sdio_sd.o(.text.SD_InitializeCards)
    SD_LowLevel_DMA_RxConfig                 0x0800259d   Thumb Code   140  sdio_sd.o(.text.SD_LowLevel_DMA_RxConfig)
    SD_LowLevel_DMA_TxConfig                 0x08002629   Thumb Code   148  sdio_sd.o(.text.SD_LowLevel_DMA_TxConfig)
    SD_LowLevel_Init                         0x080026bd   Thumb Code   152  sdio_sd.o(.text.SD_LowLevel_Init)
    SD_PowerON                               0x08002755   Thumb Code   480  sdio_sd.o(.text.SD_PowerON)
    SD_ProcessDMAIRQ                         0x08002935   Thumb Code    32  sdio_sd.o(.text.SD_ProcessDMAIRQ)
    SD_ProcessIRQSrc                         0x08002955   Thumb Code   156  sdio_sd.o(.text.SD_ProcessIRQSrc)
    SD_ReadMultiBlocks                       0x080029f1   Thumb Code   192  sdio_sd.o(.text.SD_ReadMultiBlocks)
    SD_SelectDeselect                        0x08002ab1   Thumb Code    44  sdio_sd.o(.text.SD_SelectDeselect)
    SD_SendStatus                            0x08002add   Thumb Code    68  sdio_sd.o(.text.SD_SendStatus)
    SD_StopTransfer                          0x08002b21   Thumb Code    40  sdio_sd.o(.text.SD_StopTransfer)
    SD_WaitReadOperation                     0x08002b49   Thumb Code    92  sdio_sd.o(.text.SD_WaitReadOperation)
    SD_WaitWriteOperation                    0x08002ba5   Thumb Code    92  sdio_sd.o(.text.SD_WaitWriteOperation)
    SD_WriteMultiBlocks                      0x08002c01   Thumb Code   276  sdio_sd.o(.text.SD_WriteMultiBlocks)
    SysTick_Handler                          0x08002d15   Thumb Code    20  stm32f4xx_it.o(.text.SysTick_Handler)
    SystemInit                               0x08002d29   Thumb Code   260  system_stm32f4xx.o(.text.SystemInit)
    UsageFault_Handler                       0x08002e2d   Thumb Code     2  stm32f4xx_it.o(.text.UsageFault_Handler)
    disk_initialize                          0x0800317d   Thumb Code    32  fatfs_drv.o(.text.disk_initialize)
    disk_ioctl                               0x0800319d   Thumb Code    62  fatfs_drv.o(.text.disk_ioctl)
    disk_read                                0x080031db   Thumb Code    46  fatfs_drv.o(.text.disk_read)
    disk_status                              0x08003209   Thumb Code     8  fatfs_drv.o(.text.disk_status)
    disk_write                               0x08003211   Thumb Code    46  fatfs_drv.o(.text.disk_write)
    f_close                                  0x0800323f   Thumb Code    28  ff.o(.text.f_close)
    f_mount                                  0x0800325d   Thumb Code    76  ff.o(.text.f_mount)
    f_open                                   0x080032a9   Thumb Code   496  ff.o(.text.f_open)
    f_read                                   0x08003499   Thumb Code   356  ff.o(.text.f_read)
    f_sync                                   0x080035fd   Thumb Code   136  ff.o(.text.f_sync)
    main                                     0x08003bbd   Thumb Code   724  main.o(.text.main)
    __scatterload_copy                       0x08004145   Thumb Code    14  handlers.o(i.__scatterload_copy)
    __scatterload_null                       0x08004153   Thumb Code     2  handlers.o(i.__scatterload_null)
    __scatterload_zeroinit                   0x08004155   Thumb Code    14  handlers.o(i.__scatterload_zeroinit)
    ASCII16x24_Table                         0x080041a0   Data        4560  stm32f429i_lcd.o(.rodata.ASCII16x24_Table)
    Region$$Table$$Base                      0x080054e4   Number         0  anon$$obj.o(Region$$Table)
    Region$$Table$$Limit                     0x08005504   Number         0  anon$$obj.o(Region$$Table)
    Font16x24                                0x20000004   Data           8  stm32f429i_lcd.o(.data.Font16x24)
    I2C2DEV                                  0x2000000c   Data          32  i2c_eeprom.o(.data.I2C2DEV)
    SystemCoreClock                          0x20000030   Data           4  system_stm32f4xx.o(.data.SystemCoreClock)
    TransferError                            0x20000038   Data           1  sdio_sd.o(.bss..L_MergedGlobals)
    StopCondition                            0x20000040   Data           4  sdio_sd.o(.bss..L_MergedGlobals)
    TransferEnd                              0x20000044   Data           4  sdio_sd.o(.bss..L_MergedGlobals)
    DMAEndOfTransfer                         0x20000048   Data           4  sdio_sd.o(.bss..L_MergedGlobals)
    SDIO_CmdInitStructure                    0x20000070   Data          20  sdio_sd.o(.bss..L_MergedGlobals)
    SDIO_InitStructure                       0x20000084   Data          24  sdio_sd.o(.bss..L_MergedGlobals)
    SDIO_DataInitStructure                   0x2000009c   Data          24  sdio_sd.o(.bss..L_MergedGlobals)
    system_config                            0x200000bc   Data           4  main.o(.bss..L_MergedGlobals)
    TimingDelay                              0x200000c0   Data           4  main.o(.bss..L_MergedGlobals)
    JumpAddress                              0x200000c4   Data           4  main.o(.bss..L_MergedGlobals)
    Jump_To_Application                      0x200000c8   Data           4  main.o(.bss..L_MergedGlobals)
    SDCardInfo                               0x200002e0   Data          88  sdio_sd.o(.bss.SDCardInfo)
    fatfs                                    0x20000338   Data         560  command.o(.bss.fatfs)
    fileR                                    0x20000568   Data         552  command.o(.bss.fileR)
    __initial_sp                             0x20000f90   Data           0  startup_stm32f429_439xx.o(STACK)



==============================================================================

Memory Map of the image

  Image Entry point : 0x080001ad

  Load Region LR_IROM1 (Base: 0x08000000, Size: 0x00005540, Max: 0x00100000, ABSOLUTE)

    Execution Region ER_IROM1 (Exec base: 0x08000000, Load base: 0x08000000, Size: 0x00005504, Max: 0x00100000, ABSOLUTE)

    Exec Addr    Load Addr    Size         Type   Attr      Idx    E Section Name        Object

    0x08000000   0x08000000   0x000001ac   Data   RO            3    RESET               startup_stm32f429_439xx.o
    0x080001ac   0x080001ac   0x00000000   Code   RO         1184  * .ARM.Collect$$$$00000000  mc_w.l(entry.o)
    0x080001ac   0x080001ac   0x00000004   Code   RO         1189    .ARM.Collect$$$$00000001  mc_w.l(entry2.o)
    0x080001b0   0x080001b0   0x00000004   Code   RO         1192    .ARM.Collect$$$$00000004  mc_w.l(entry5.o)
    0x080001b4   0x080001b4   0x00000000   Code   RO         1194    .ARM.Collect$$$$00000008  mc_w.l(entry7b.o)
    0x080001b4   0x080001b4   0x00000000   Code   RO         1196    .ARM.Collect$$$$0000000A  mc_w.l(entry8b.o)
    0x080001b4   0x080001b4   0x00000008   Code   RO         1197    .ARM.Collect$$$$0000000B  mc_w.l(entry9a.o)
    0x080001bc   0x080001bc   0x00000000   Code   RO         1199    .ARM.Collect$$$$0000000D  mc_w.l(entry10a.o)
    0x080001bc   0x080001bc   0x00000000   Code   RO         1201    .ARM.Collect$$$$0000000F  mc_w.l(entry11a.o)
    0x080001bc   0x080001bc   0x00000004   Code   RO         1190    .ARM.Collect$$$$00002712  mc_w.l(entry2.o)
    0x080001c0   0x080001c0   0x00000024   Code   RO            4    .text               startup_stm32f429_439xx.o
    0x080001e4   0x080001e4   0x00000024   Code   RO         1187    .text               mc_w.l(memseta.o)
    0x08000208   0x08000208   0x00000024   Code   RO         1203    .text               mc_w.l(init.o)
    0x0800022c   0x0800022c   0x00000184   Code   RO         1117    .text.ApplicationExe  main.o
    0x080003b0   0x080003b0   0x00000002   Code   RO         1173    .text.BusFault_Handler  stm32f4xx_it.o
    0x080003b2   0x080003b2   0x00000002   PAD
    0x080003b4   0x080003b4   0x000001d8   Code   RO         1141    .text.COMMAND_Download  command.o
    0x0800058c   0x0800058c   0x00000114   Code   RO         1143    .text.COMMAND_ProgramFlashMemory  command.o
    0x080006a0   0x080006a0   0x000000e8   Code   RO          739    .text.CmdResp1Error  sdio_sd.o
    0x08000788   0x08000788   0x00000030   Code   RO          743    .text.CmdResp2Error  sdio_sd.o
    0x080007b8   0x080007b8   0x00000004   Code   RO         1087    .text.DMA2_Stream3_IRQHandler  fatfs_drv.o
    0x080007bc   0x080007bc   0x00000024   Code   RO          645    .text.DMA_ClearFlag  stm32f4xx_dma.o
    0x080007e0   0x080007e0   0x00000012   Code   RO          621    .text.DMA_Cmd       stm32f4xx_dma.o
    0x080007f2   0x080007f2   0x00000002   PAD
    0x080007f4   0x080007f4   0x00000144   Code   RO          615    .text.DMA_DeInit    stm32f4xx_dma.o
    0x08000938   0x08000938   0x00000012   Code   RO          625    .text.DMA_FlowControllerConfig  stm32f4xx_dma.o
    0x0800094a   0x0800094a   0x0000002e   Code   RO          647    .text.DMA_ITConfig  stm32f4xx_dma.o
    0x08000978   0x08000978   0x00000054   Code   RO          617    .text.DMA_Init      stm32f4xx_dma.o
    0x080009cc   0x080009cc   0x00000018   Code   RO         1121    .text.Delay         main.o
    0x080009e4   0x080009e4   0x00000058   Code   RO           61    .text.FLASH_EraseSector  stm32f4xx_flash.o
    0x08000a3c   0x08000a3c   0x00000040   Code   RO          123    .text.FLASH_GetStatus  stm32f4xx_flash.o
    0x08000a7c   0x08000a7c   0x00000078   Code   RO         1102    .text.FLASH_If_EraseSectors  flash_if.o
    0x08000af4   0x08000af4   0x00000004   Code   RO         1098    .text.FLASH_If_FlashUnlock  flash_if.o
    0x08000af8   0x08000af8   0x00000004   Code   RO         1104    .text.FLASH_If_ProgramWord  flash_if.o
    0x08000afc   0x08000afc   0x0000003c   Code   RO           73    .text.FLASH_ProgramWord  stm32f4xx_flash.o
    0x08000b38   0x08000b38   0x00000024   Code   RO           57    .text.FLASH_Unlock  stm32f4xx_flash.o
    0x08000b5c   0x08000b5c   0x0000001e   Code   RO           63    .text.FLASH_WaitForLastOperation  stm32f4xx_flash.o
    0x08000b7a   0x08000b7a   0x00000002   PAD
    0x08000b7c   0x08000b7c   0x0000002c   Code   RO          448    .text.FMC_GetFlagStatus  stm32f4xx_fmc.o
    0x08000ba8   0x08000ba8   0x00000024   Code   RO          436    .text.FMC_SDRAMCmdConfig  stm32f4xx_fmc.o
    0x08000bcc   0x08000bcc   0x00000020   Code   RO          430    .text.FMC_SDRAMDeInit  stm32f4xx_fmc.o
    0x08000bec   0x08000bec   0x00000108   Code   RO          432    .text.FMC_SDRAMInit  stm32f4xx_fmc.o
    0x08000cf4   0x08000cf4   0x00000010   Code   RO          440    .text.FMC_SetRefreshCount  stm32f4xx_fmc.o
    0x08000d04   0x08000d04   0x00000018   Code   RO         1123    .text.Fail_Handler  main.o
    0x08000d1c   0x08000d1c   0x00000034   Code   RO          134    .text.GPIO_DeInit   stm32f4xx_gpio.o
    0x08000d50   0x08000d50   0x00000082   Code   RO          136    .text.GPIO_Init     stm32f4xx_gpio.o
    0x08000dd2   0x08000dd2   0x00000028   Code   RO          160    .text.GPIO_PinAFConfig  stm32f4xx_gpio.o
    0x08000dfa   0x08000dfa   0x0000000a   Code   RO          142    .text.GPIO_ReadInputDataBit  stm32f4xx_gpio.o
    0x08000e04   0x08000e04   0x00000004   Code   RO          152    .text.GPIO_ResetBits  stm32f4xx_gpio.o
    0x08000e08   0x08000e08   0x00000004   Code   RO          150    .text.GPIO_SetBits  stm32f4xx_gpio.o
    0x08000e0c   0x08000e0c   0x0000000a   Code   RO          154    .text.GPIO_WriteBit  stm32f4xx_gpio.o
    0x08000e16   0x08000e16   0x00000002   Code   RO         1169    .text.HardFault_Handler  stm32f4xx_it.o
    0x08000e18   0x08000e18   0x00000034   Code   RO          791    .text.I2C2_Init     i2c_eeprom.o
    0x08000e4c   0x08000e4c   0x00000012   Code   RO          554    .text.I2C_AcknowledgeConfig  stm32f4xx_i2c.o
    0x08000e5e   0x08000e5e   0x00000012   Code   RO          542    .text.I2C_Cmd       stm32f4xx_i2c.o
    0x08000e70   0x08000e70   0x00000044   Code   RO          536    .text.I2C_DeInit    stm32f4xx_i2c.o
    0x08000eb4   0x08000eb4   0x0000002c   Code   RO          795    .text.I2C_EEPROM_timeout  i2c_eeprom.o
    0x08000ee0   0x08000ee0   0x00000074   Code   RO          789    .text.I2C_EERPOM_Init  i2c_eeprom.o
    0x08000f54   0x08000f54   0x00000170   Code   RO          805    .text.I2C_EERPOM_ReadByte16  i2c_eeprom.o
    0x080010c4   0x080010c4   0x0000010c   Code   RO          807    .text.I2C_EERPOM_WriteByte16  i2c_eeprom.o
    0x080011d0   0x080011d0   0x00000012   Code   RO          548    .text.I2C_GenerateSTART  stm32f4xx_i2c.o
    0x080011e2   0x080011e2   0x00000012   Code   RO          550    .text.I2C_GenerateSTOP  stm32f4xx_i2c.o
    0x080011f4   0x080011f4   0x00000032   Code   RO          598    .text.I2C_GetFlagStatus  stm32f4xx_i2c.o
    0x08001226   0x08001226   0x00000002   PAD
    0x08001228   0x08001228   0x000000b8   Code   RO          538    .text.I2C_Init      stm32f4xx_i2c.o
    0x080012e0   0x080012e0   0x00000006   Code   RO          576    .text.I2C_ReceiveData  stm32f4xx_i2c.o
    0x080012e6   0x080012e6   0x00000010   Code   RO          552    .text.I2C_Send7bitAddress  stm32f4xx_i2c.o
    0x080012f6   0x080012f6   0x00000004   Code   RO          574    .text.I2C_SendData  stm32f4xx_i2c.o
    0x080012fa   0x080012fa   0x00000014   Code   RO          562    .text.I2C_SoftwareResetCmd  stm32f4xx_i2c.o
    0x0800130e   0x0800130e   0x00000002   PAD
    0x08001310   0x08001310   0x00000160   Code   RO          831    .text.LCD_AF_GPIOConfig  stm32f429i_lcd.o
    0x08001470   0x08001470   0x00000024   Code   RO          855    .text.LCD_Clear     stm32f429i_lcd.o
    0x08001494   0x08001494   0x0000001c   Code   RO          853    .text.LCD_DisplayChar  stm32f429i_lcd.o
    0x080014b0   0x080014b0   0x0000001c   Code   RO          911    .text.LCD_DisplayOn  stm32f429i_lcd.o
    0x080014cc   0x080014cc   0x00000034   Code   RO          865    .text.LCD_DisplayStringLine  stm32f429i_lcd.o
    0x08001500   0x08001500   0x00000094   Code   RO          863    .text.LCD_DrawChar  stm32f429i_lcd.o
    0x08001594   0x08001594   0x00000008   Code   RO          849    .text.LCD_GetFont   stm32f429i_lcd.o
    0x0800159c   0x0800159c   0x0000008c   Code   RO          829    .text.LCD_Init      stm32f429i_lcd.o
    0x08001628   0x08001628   0x000000ac   Code   RO          833    .text.LCD_LayerInit  stm32f429i_lcd.o
    0x080016d4   0x080016d4   0x0000000c   Code   RO          845    .text.LCD_SetBackColor  stm32f429i_lcd.o
    0x080016e0   0x080016e0   0x00000010   Code   RO          837    .text.LCD_SetLayer  stm32f429i_lcd.o
    0x080016f0   0x080016f0   0x0000000c   Code   RO          843    .text.LCD_SetTextColor  stm32f429i_lcd.o
    0x080016fc   0x080016fc   0x00000014   Code   RO          472    .text.LTDC_Cmd      stm32f4xx_ltdc.o
    0x08001710   0x08001710   0x0000001a   Code   RO          466    .text.LTDC_DeInit   stm32f4xx_ltdc.o
    0x0800172a   0x0800172a   0x00000002   PAD
    0x0800172c   0x0800172c   0x00000018   Code   RO          474    .text.LTDC_DitherCmd  stm32f4xx_ltdc.o
    0x08001744   0x08001744   0x00000098   Code   RO          468    .text.LTDC_Init     stm32f4xx_ltdc.o
    0x080017dc   0x080017dc   0x00000012   Code   RO          488    .text.LTDC_LayerCmd  stm32f4xx_ltdc.o
    0x080017ee   0x080017ee   0x00000092   Code   RO          484    .text.LTDC_LayerInit  stm32f4xx_ltdc.o
    0x08001880   0x08001880   0x0000000c   Code   RO          482    .text.LTDC_ReloadConfig  stm32f4xx_ltdc.o
    0x0800188c   0x0800188c   0x00000002   Code   RO         1171    .text.MemManage_Handler  stm32f4xx_it.o
    0x0800188e   0x0800188e   0x00000002   PAD
    0x08001890   0x08001890   0x00000050   Code   RO           28    .text.NVIC_Init     misc.o
    0x080018e0   0x080018e0   0x00000010   Code   RO           26    .text.NVIC_PriorityGroupConfig  misc.o
    0x080018f0   0x080018f0   0x00000020   Code   RO         1119    .text.NVIC_SystemReset  main.o
    0x08001910   0x08001910   0x00000018   Code   RO          283    .text.RCC_AHB1PeriphClockCmd  stm32f4xx_rcc.o
    0x08001928   0x08001928   0x00000018   Code   RO          293    .text.RCC_AHB1PeriphResetCmd  stm32f4xx_rcc.o
    0x08001940   0x08001940   0x00000018   Code   RO          287    .text.RCC_AHB3PeriphClockCmd  stm32f4xx_rcc.o
    0x08001958   0x08001958   0x00000018   Code   RO          289    .text.RCC_APB1PeriphClockCmd  stm32f4xx_rcc.o
    0x08001970   0x08001970   0x00000018   Code   RO          299    .text.RCC_APB1PeriphResetCmd  stm32f4xx_rcc.o
    0x08001988   0x08001988   0x00000018   Code   RO          291    .text.RCC_APB2PeriphClockCmd  stm32f4xx_rcc.o
    0x080019a0   0x080019a0   0x00000018   Code   RO          301    .text.RCC_APB2PeriphResetCmd  stm32f4xx_rcc.o
    0x080019b8   0x080019b8   0x00000010   Code   RO          317    .text.RCC_ClearFlag  stm32f4xx_rcc.o
    0x080019c8   0x080019c8   0x00000044   Code   RO          217    .text.RCC_DeInit    stm32f4xx_rcc.o
    0x08001a0c   0x08001a0c   0x00000084   Code   RO          261    .text.RCC_GetClocksFreq  stm32f4xx_rcc.o
    0x08001a90   0x08001a90   0x00000028   Code   RO          223    .text.RCC_GetFlagStatus  stm32f4xx_rcc.o
    0x08001ab8   0x08001ab8   0x00000014   Code   RO          279    .text.RCC_LTDCCLKDivConfig  stm32f4xx_rcc.o
    0x08001acc   0x08001acc   0x0000000c   Code   RO          243    .text.RCC_PLLSAICmd  stm32f4xx_rcc.o
    0x08001ad8   0x08001ad8   0x00000014   Code   RO          241    .text.RCC_PLLSAIConfig  stm32f4xx_rcc.o
    0x08001aec   0x08001aec   0x000001bc   Code   RO          749    .text.SDEnWideBus   sdio_sd.o
    0x08001ca8   0x08001ca8   0x00000008   Code   RO          387    .text.SDIO_ClearFlag  stm32f4xx_sdio.o
    0x08001cb0   0x08001cb0   0x0000000c   Code   RO          391    .text.SDIO_ClearITPendingBit  stm32f4xx_sdio.o
    0x08001cbc   0x08001cbc   0x0000000c   Code   RO          339    .text.SDIO_ClockCmd  stm32f4xx_sdio.o
    0x08001cc8   0x08001cc8   0x0000000c   Code   RO          381    .text.SDIO_DMACmd   stm32f4xx_sdio.o
    0x08001cd4   0x08001cd4   0x00000028   Code   RO          353    .text.SDIO_DataConfig  stm32f4xx_sdio.o
    0x08001cfc   0x08001cfc   0x0000001a   Code   RO          333    .text.SDIO_DeInit   stm32f4xx_sdio.o
    0x08001d16   0x08001d16   0x00000002   PAD
    0x08001d18   0x08001d18   0x0000000c   Code   RO          349    .text.SDIO_GetCommandResponse  stm32f4xx_sdio.o
    0x08001d24   0x08001d24   0x0000000c   Code   RO          385    .text.SDIO_GetFlagStatus  stm32f4xx_sdio.o
    0x08001d30   0x08001d30   0x00000010   Code   RO          389    .text.SDIO_GetITStatus  stm32f4xx_sdio.o
    0x08001d40   0x08001d40   0x0000000c   Code   RO          343    .text.SDIO_GetPowerState  stm32f4xx_sdio.o
    0x08001d4c   0x08001d4c   0x00000018   Code   RO          351    .text.SDIO_GetResponse  stm32f4xx_sdio.o
    0x08001d64   0x08001d64   0x00000004   Code   RO         1085    .text.SDIO_IRQHandler  fatfs_drv.o
    0x08001d68   0x08001d68   0x00000018   Code   RO          383    .text.SDIO_ITConfig  stm32f4xx_sdio.o
    0x08001d80   0x08001d80   0x00000028   Code   RO          335    .text.SDIO_Init     stm32f4xx_sdio.o
    0x08001da8   0x08001da8   0x0000000c   Code   RO          359    .text.SDIO_ReadData  stm32f4xx_sdio.o
    0x08001db4   0x08001db4   0x00000024   Code   RO          345    .text.SDIO_SendCommand  stm32f4xx_sdio.o
    0x08001dd8   0x08001dd8   0x0000000c   Code   RO          341    .text.SDIO_SetPowerState  stm32f4xx_sdio.o
    0x08001de4   0x08001de4   0x000001c0   Code   RO          949    .text.SDRAM_GPIOConfig  stm32f429i_sdram.o
    0x08001fa4   0x08001fa4   0x00000064   Code   RO          947    .text.SDRAM_Init    stm32f429i_sdram.o
    0x08002008   0x08002008   0x000000d0   Code   RO          951    .text.SDRAM_InitSequence  stm32f429i_sdram.o
    0x080020d8   0x080020d8   0x0000005c   Code   RO          729    .text.SD_EnableWideBusOperation  sdio_sd.o
    0x08002134   0x08002134   0x00000280   Code   RO          725    .text.SD_GetCardInfo  sdio_sd.o
    0x080023b4   0x080023b4   0x00000028   Code   RO          733    .text.SD_GetState   sdio_sd.o
    0x080023dc   0x080023dc   0x00000016   Code   RO          731    .text.SD_GetStatus  sdio_sd.o
    0x080023f2   0x080023f2   0x00000002   PAD
    0x080023f4   0x080023f4   0x00000084   Code   RO          719    .text.SD_Init       sdio_sd.o
    0x08002478   0x08002478   0x00000124   Code   RO          723    .text.SD_InitializeCards  sdio_sd.o
    0x0800259c   0x0800259c   0x0000008c   Code   RO          715    .text.SD_LowLevel_DMA_RxConfig  sdio_sd.o
    0x08002628   0x08002628   0x00000094   Code   RO          713    .text.SD_LowLevel_DMA_TxConfig  sdio_sd.o
    0x080026bc   0x080026bc   0x00000098   Code   RO          711    .text.SD_LowLevel_Init  sdio_sd.o
    0x08002754   0x08002754   0x000001e0   Code   RO          721    .text.SD_PowerON    sdio_sd.o
    0x08002934   0x08002934   0x00000020   Code   RO          773    .text.SD_ProcessDMAIRQ  sdio_sd.o
    0x08002954   0x08002954   0x0000009c   Code   RO          771    .text.SD_ProcessIRQSrc  sdio_sd.o
    0x080029f0   0x080029f0   0x000000c0   Code   RO          753    .text.SD_ReadMultiBlocks  sdio_sd.o
    0x08002ab0   0x08002ab0   0x0000002c   Code   RO          727    .text.SD_SelectDeselect  sdio_sd.o
    0x08002adc   0x08002adc   0x00000044   Code   RO          737    .text.SD_SendStatus  sdio_sd.o
    0x08002b20   0x08002b20   0x00000028   Code   RO          757    .text.SD_StopTransfer  sdio_sd.o
    0x08002b48   0x08002b48   0x0000005c   Code   RO          755    .text.SD_WaitReadOperation  sdio_sd.o
    0x08002ba4   0x08002ba4   0x0000005c   Code   RO          763    .text.SD_WaitWriteOperation  sdio_sd.o
    0x08002c00   0x08002c00   0x00000114   Code   RO          761    .text.SD_WriteMultiBlocks  sdio_sd.o
    0x08002d14   0x08002d14   0x00000014   Code   RO         1167    .text.SysTick_Handler  stm32f4xx_it.o
    0x08002d28   0x08002d28   0x00000104   Code   RO           11    .text.SystemInit    system_stm32f4xx.o
    0x08002e2c   0x08002e2c   0x00000002   Code   RO         1175    .text.UsageFault_Handler  stm32f4xx_it.o
    0x08002e2e   0x08002e2e   0x00000002   PAD
    0x08002e30   0x08002e30   0x00000074   Code   RO         1056    .text.check_fs      ff.o
    0x08002ea4   0x08002ea4   0x00000018   Code   RO          992    .text.clust2sect    ff.o
    0x08002ebc   0x08002ebc   0x000000be   Code   RO         1002    .text.create_chain  ff.o
    0x08002f7a   0x08002f7a   0x00000002   PAD
    0x08002f7c   0x08002f7c   0x00000118   Code   RO         1024    .text.dir_next      ff.o
    0x08003094   0x08003094   0x0000005a   Code   RO          976    .text.dir_register  ff.o
    0x080030ee   0x080030ee   0x0000008e   Code   RO         1014    .text.dir_sdi       ff.o
    0x0800317c   0x0800317c   0x00000020   Code   RO         1073    .text.disk_initialize  fatfs_drv.o
    0x0800319c   0x0800319c   0x0000003e   Code   RO         1081    .text.disk_ioctl    fatfs_drv.o
    0x080031da   0x080031da   0x0000002e   Code   RO         1077    .text.disk_read     fatfs_drv.o
    0x08003208   0x08003208   0x00000008   Code   RO         1075    .text.disk_status   fatfs_drv.o
    0x08003210   0x08003210   0x0000002e   Code   RO         1079    .text.disk_write    fatfs_drv.o
    0x0800323e   0x0800323e   0x0000001c   Code   RO         1008    .text.f_close       ff.o
    0x0800325a   0x0800325a   0x00000002   PAD
    0x0800325c   0x0800325c   0x0000004c   Code   RO          966    .text.f_mount       ff.o
    0x080032a8   0x080032a8   0x000001f0   Code   RO          972    .text.f_open        ff.o
    0x08003498   0x08003498   0x00000164   Code   RO          994    .text.f_read        ff.o
    0x080035fc   0x080035fc   0x00000088   Code   RO         1004    .text.f_sync        ff.o
    0x08003684   0x08003684   0x0000028c   Code   RO          970    .text.find_volume   ff.o
    0x08003910   0x08003910   0x00000198   Code   RO          974    .text.follow_path   ff.o
    0x08003aa8   0x08003aa8   0x000000b4   Code   RO          990    .text.get_fat       ff.o
    0x08003b5c   0x08003b5c   0x0000003e   Code   RO          968    .text.get_ldnumber  ff.o
    0x08003b9a   0x08003b9a   0x0000001e   Code   RO          980    .text.ld_clust      ff.o
    0x08003bb8   0x08003bb8   0x00000004   Code   RO          988    .text.ld_dword      ff.o
    0x08003bbc   0x08003bbc   0x000002d4   Code   RO         1115    .text.main          main.o
    0x08003e90   0x08003e90   0x00000010   Code   RO          998    .text.mem_cpy       ff.o
    0x08003ea0   0x08003ea0   0x00000038   Code   RO          986    .text.move_window   ff.o
    0x08003ed8   0x08003ed8   0x000000e0   Code   RO         1058    .text.put_fat       ff.o
    0x08003fb8   0x08003fb8   0x00000070   Code   RO          984    .text.remove_chain  ff.o
    0x08004028   0x08004028   0x00000012   Code   RO          982    .text.st_clust      ff.o
    0x0800403a   0x0800403a   0x00000004   Code   RO          978    .text.st_dword      ff.o
    0x0800403e   0x0800403e   0x00000002   PAD
    0x08004040   0x08004040   0x00000088   Code   RO         1006    .text.sync_fs       ff.o
    0x080040c8   0x080040c8   0x0000004c   Code   RO         1038    .text.sync_window   ff.o
    0x08004114   0x08004114   0x00000030   Code   RO          996    .text.validate      ff.o
    0x08004144   0x08004144   0x0000000e   Code   RO         1207    i.__scatterload_copy  mc_w.l(handlers.o)
    0x08004152   0x08004152   0x00000002   Code   RO         1208    i.__scatterload_null  mc_w.l(handlers.o)
    0x08004154   0x08004154   0x0000000e   Code   RO         1209    i.__scatterload_zeroinit  mc_w.l(handlers.o)
    0x08004162   0x08004162   0x00000002   PAD
    0x08004164   0x08004164   0x0000002c   Data   RO          162    .rodata..Lswitch.table.GPIO_DeInit.1  stm32f4xx_gpio.o
    0x08004190   0x08004190   0x00000010   Data   RO          323    .rodata.APBAHBPrescTable  stm32f4xx_rcc.o
    0x080041a0   0x080041a0   0x000011d0   Data   RO          925    .rodata.ASCII16x24_Table  stm32f429i_lcd.o
    0x08005370   0x08005370   0x00000080   Data   RO         1061    .rodata.ExCvt       ff.o
    0x080053f0   0x080053f0   0x0000000f   Data   RO         1062    .rodata.str1.1      ff.o
    0x080053ff   0x080053ff   0x00000053   Data   RO         1126    .rodata.str1.1      main.o
    0x08005452   0x08005452   0x0000008f   Data   RO         1149    .rodata.str1.1      command.o
    0x080054e1   0x080054e1   0x00000003   PAD
    0x080054e4   0x080054e4   0x00000020   Data   RO         1206    Region$$Table       anon$$obj.o


    Execution Region RW_IRAM1 (Exec base: 0x20000000, Load base: 0x08005508, Size: 0x00000f90, Max: 0x00030000, ABSOLUTE)

    Exec Addr    Load Addr    Size         Type   Attr      Idx    E Section Name        Object

    0x20000000   0x08005508   0x00000002   Data   RW          935    .data.CurrentBackColor  stm32f429i_lcd.o
    0x20000002   0x0800550a   0x00000002   PAD
    0x20000004   0x0800550c   0x00000008   Data   RW          930    .data.Font16x24     stm32f429i_lcd.o
    0x2000000c   0x08005514   0x00000020   Data   RW          815    .data.I2C2DEV       i2c_eeprom.o
    0x2000002c   0x08005534   0x00000004   Data   RW         1153    .data.LastPGAddress  command.o
    0x20000030   0x08005538   0x00000004   Data   RW           15    .data.SystemCoreClock  system_stm32f4xx.o
    0x20000034   0x0800553c   0x00000004   PAD
    0x20000038        -       0x0000007c   Zero   RW          779    .bss..L_MergedGlobals  sdio_sd.o
    0x200000b4        -       0x00000008   Zero   RW         1063    .bss..L_MergedGlobals  ff.o
    0x200000bc        -       0x00000010   Zero   RW         1129    .bss..L_MergedGlobals  main.o
    0x200000cc        -       0x00000008   Zero   RW         1157    .bss..L_MergedGlobals  command.o
    0x200000d4        -       0x0000000c   Zero   RW          937    .bss..L_MergedGlobals.1  stm32f429i_lcd.o
    0x200000e0        -       0x00000200   Zero   RW         1151    .bss.RAM_Buf        command.o
    0x200002e0        -       0x00000058   Zero   RW          777    .bss.SDCardInfo     sdio_sd.o
    0x20000338        -       0x00000230   Zero   RW         1154    .bss.fatfs          command.o
    0x20000568        -       0x00000228   Zero   RW         1152    .bss.fileR          command.o
    0x20000790        -       0x00000800   Zero   RW            1    STACK               startup_stm32f429_439xx.o


==============================================================================

Image component sizes


      Code (inc. data)   RO Data    RW Data    ZI Data      Debug   Object Name

       748        260        143          4       1632       5155   command.o
       202          4          0          0          0       7469   fatfs_drv.o
      3960         52        143          0          8      36538   ff.o
       128          8          0          0          0       2081   flash_if.o
       848         24          0         32          0       9439   i2c_eeprom.o
      1192        364         83          0         16       7661   main.o
        96          8          0          0          0       3213   misc.o
      3854         84          0          0        212      20308   sdio_sd.o
        36          8        428          0       2048        976   startup_stm32f429_439xx.o
      1004         32       4560         10         12      23148   stm32f429i_lcd.o
       756         16          0          0          0       4273   stm32f429i_sdram.o
       526         96          0          0          0       5945   stm32f4xx_dma.o
       278         20          0          0          0       9068   stm32f4xx_flash.o
       392         28          0          0          0      11365   stm32f4xx_fmc.o
       250          8         44          0          0       4437   stm32f4xx_gpio.o
       420         20          0          0          0       8389   stm32f4xx_i2c.o
        28          4          0          0          0        738   stm32f4xx_it.o
       398         20          0          0          0       9877   stm32f4xx_ltdc.o
       476         76         16          0          0      12948   stm32f4xx_rcc.o
       310         48          0          0          0       6456   stm32f4xx_sdio.o
       260         24          0          4          0       3360   system_stm32f4xx.o

    ----------------------------------------------------------------------
     16188       1204       5452         52       3932     192844   Object Totals
         0          0         32          0          0          0   (incl. Generated)
        26          0          3          2          4          0   (incl. Padding)

    ----------------------------------------------------------------------

      Code (inc. data)   RO Data    RW Data    ZI Data      Debug   Library Member Name

         0          0          0          0          0          0   entry.o
         0          0          0          0          0          0   entry10a.o
         0          0          0          0          0          0   entry11a.o
         8          4          0          0          0          0   entry2.o
         4          0          0          0          0          0   entry5.o
         0          0          0          0          0          0   entry7b.o
         0          0          0          0          0          0   entry8b.o
         8          4          0          0          0          0   entry9a.o
        30          0          0          0          0          0   handlers.o
        36          8          0          0          0         68   init.o
        36          0          0          0          0        108   memseta.o

    ----------------------------------------------------------------------
       124         16          0          0          0        176   Library Totals
         2          0          0          0          0          0   (incl. Padding)

    ----------------------------------------------------------------------

      Code (inc. data)   RO Data    RW Data    ZI Data      Debug   Library Name

       122         16          0          0          0        176   mc_w.l

    ----------------------------------------------------------------------
       124         16          0          0          0        176   Library Totals

    ----------------------------------------------------------------------

==============================================================================


      Code (inc. data)   RO Data    RW Data    ZI Data      Debug   

     16312       1220       5452         52       3932     192920   Grand Totals
     16312       1220       5452         52       3932     192920   ELF Image Totals
     16312       1220       5452         52          0          0   ROM Totals

==============================================================================

    Total RO  Size (Code + RO Data)                21764 (  21.25kB)
    Total RW  Size (RW Data + ZI Data)              3984 (   3.89kB)
    Total ROM Size (Code + RO Data + RW Data)      21816 (  21.30kB)

==============================================================================

