<html>
<body>
<pre>
<h1>µVision Build Log</h1>
<h2>Tool Versions:</h2>
IDE-Version: µVision V5.25.0.0
Copyright (C) 2017 ARM Ltd and ARM Germany GmbH. All rights reserved.
License Information: no_first_name no_last_name, no_compny, LIC=TA3WF-61DXT-9XAUW-QQM5A-SQ46R-CN0X0
 
Tool Versions:
Toolchain:       MDK-ARM Professional  Version: 5.25.0.0
Toolchain Path:  C:\Keil\ARM\ARMCLANG\Bin
C Compiler:      ArmClang.exe V6.9
Assembler:       Armasm.exe V6.9
Linker/Locator:  ArmLink.exe V6.9
Library Manager: ArmAr.exe V6.9
Hex Converter:   FromElf.exe V6.9
CPU DLL:         SARMCM3.DLL V5.25.0.0
Dialog DLL:      DCM.DLL V1.17.0.0
Target DLL:      STLink\ST-LINKIII-KEIL_SWO.dll V3.0.1.0
Dialog DLL:      TCM.DLL V1.34.0.0
 
<h2>Project:</h2>
C:\Users\eldar\Desktop\ST-LINK Utility\ExternalLoader\N25Q512A_STM32F769I-EVAL\MDK-ARM\Project.uvprojx
Project File Date:  05/29/2018

<h2>Output:</h2>
*** Using Compiler 'V6.9', folder: 'C:\Keil\ARM\ARMCLANG\Bin'
Rebuild target 'STM32F769I_EVAL'
compiling Dev_Inf.c...
compiling stm32f7xx_hal_msp.c...
compiling stm32f7xx_hal.c...
compiling Loader_Src.c...
compiling stm32f7xx_hal_cortex.c...
compiling stm32f7xx_hal_gpio.c...
compiling stm32f7xx_hal_pwr.c...
compiling stm32f7xx_hal_pwr_ex.c...
compiling stm32f7xx_hal_qspi.c...
compiling system_stm32f7xx.c...
compiling stm32f7xx_hal_rcc.c...
compiling stm32f7xx_hal_rcc_ex.c...
compiling stm32f7xx_hal_dma.c...
linking...
.\STM32F769I-EVAL\STM32F769I_EVAL.axf: Warning: L6305W: Image does not have an entry point. (Not specified or not set due to multiple choices.)
Program Size: Code=27972 RO-data=232 RW-data=16 ZI-data=256  
Finished: 0 information, 1 warning and 0 error messages.
FromELF: creating hex file...
After Build - User command #1: cmd.exe /C copy ".\STM32F769I-EVAL\STM32F769I_EVAL.axf" "..\..\STM32F769I_EVAL.stldr"
        1 file(s) copied.
".\STM32F769I-EVAL\STM32F769I_EVAL.axf" - 0 Error(s), 1 Warning(s).

<h2>Software Packages used:</h2>

Package Vendor: Keil
                http://www.keil.com/pack/Keil.STM32F7xx_DFP.2.10.0.pack
                Keil.STM32F7xx_DFP.2.10.0
                STMicroelectronics STM32F7 Series Device Support, Drivers and Examples

<h2>Collection of Component include folders:</h2>
  .\RTE\_STM32F769I_EVAL
  C:\Keil\ARM\PACK\Keil\STM32F7xx_DFP\2.10.0\Drivers\CMSIS\Device\ST\STM32F7xx\Include

<h2>Collection of Component Files used:</h2>
Build Time Elapsed:  00:00:02
</pre>
</body>
</html>
