<html>
<body>
<pre>
<h1>µVision Build Log</h1>
<h2>Tool Versions:</h2>
IDE-Version: µVision V5.27.0.0
Copyright (C) 2018 ARM Ltd and ARM Germany GmbH. All rights reserved.
License Information: no_first_name no_last_name, no_comp, LIC=0VRHL-0QCX2-KTC3H-WSK78-PN10B-YPAEH
 
Tool Versions:
Toolchain:       MDK-ARM Professional  Version: 5.27.0.0
Toolchain Path:  C:\Keil\ARM\ARMCLANG\Bin
C Compiler:      ArmClang.exe V6.11
Assembler:       Armasm.exe V6.11
Linker/Locator:  ArmLink.exe V6.11
Library Manager: ArmAr.exe V6.11
Hex Converter:   FromElf.exe V6.11
CPU DLL:         SARMCM3.DLL V5.27.0.0
Dialog DLL:      DCM.DLL V1.17.2.0
Target DLL:      STLink\ST-LINKIII-KEIL_SWO.dll V3.0.5.0
Dialog DLL:      TCM.DLL V1.36.1.0
 
<h2>Project:</h2>
F:\SkyDrive\OtvoreniProjekti\HotelSaplast\fw\RoomThermostat\DE-150818\MDK-ARM\DE-150818.uvprojx
Project File Date:  02/23/2019

<h2>Output:</h2>
*** Using Compiler 'V6.11', folder: 'C:\Keil\ARM\ARMCLANG\Bin'
Rebuild target 'RT200119'
compiling btn_dnd_0.c...
compiling btn_rst_sos_0.c...
compiling btn_dnd_1.c...
compiling btn_door_open.c...
compiling btn_maid_0.c...
compiling btn_maid_1.c...
compiling btn_rst_sos_1.c...
compiling btn_ok.c...
compiling display_00.c...
compiling display_01.c...
compiling display_04.c...
compiling display_05.c...
compiling display_03.c...
compiling display_02.c...
compiling display_12.c...
compiling display_11.c...
compiling display_13.c...
compiling display_21.c...
compiling display_14.c...
compiling display_15.c...
compiling display_23.c...
compiling display_24.c...
compiling display_22.c...
compiling display_25.c...
compiling display_32.c...
compiling display_31.c...
compiling display_33.c...
compiling display_34.c...
compiling display_35.c...
compiling display_42.c...
compiling display_41.c...
compiling display_43.c...
compiling display_44.c...
compiling display_45.c...
compiling display_51.c...
compiling display_52.c...
compiling display_53.c...
compiling display_55.c...
compiling display_54.c...
compiling display_61.c...
compiling display_62.c...
compiling display_63.c...
compiling display_64.c...
compiling display_65.c...
compiling display_71.c...
compiling display_73.c...
compiling display_74.c...
compiling display_72.c...
compiling display_75.c...
compiling display_81.c...
compiling number_0.c...
compiling display_82.c...
compiling display_83.c...
compiling number_1.c...
compiling display_85.c...
compiling display_84.c...
compiling number_2.c...
compiling display_error_01.c...
compiling number_3.c...
compiling number_4.c...
compiling number_5.c...
compiling number_6.c...
compiling number_8.c...
compiling number_7.c...
compiling eng_flag.c...
compiling number_9.c...
compiling de_flag.c...
compiling fr_flag.c...
compiling ksa_flag.c...
compiling chn_flag.c...
compiling jap_flag.c...
compiling trk_flag.c...
compiling ita_flag.c...
compiling slo_flag.c...
compiling stm32f7xx_hal.c...
compiling stm32746g_ts.c...
compiling stm32746g_sdram.c...
compiling system_stm32f7xx.c...
compiling ft5336.c...
compiling stm32746g_qspi.c...
compiling stm32746g_eeprom.c...
compiling stm32746g.c...
compiling stm32f7xx_hal_dsi.c...
compiling stm32f7xx_hal_gpio.c...
compiling stm32f7xx_hal_adc.c...
compiling stm32f7xx_hal_flash_ex.c...
compiling stm32f7xx_hal_flash.c...
compiling stm32f7xx_hal_cortex.c...
compiling stm32f7xx_hal_dma.c...
compiling stm32f7xx_hal_adc_ex.c...
compiling stm32f7xx_hal_i2c_ex.c...
compiling stm32f7xx_hal_ltdc_ex.c...
compiling stm32f7xx_hal_pwr.c...
compiling stm32f7xx_hal_pwr_ex.c...
compiling stm32f7xx_hal_rcc_ex.c...
compiling stm32f7xx_hal_rcc.c...
compiling stm32f7xx_hal_ltdc.c...
compiling stm32f7xx_hal_i2c.c...
compiling stm32f7xx_hal_rtc.c...
compiling stm32f7xx_hal_rtc_ex.c...
compiling stm32f7xx_hal_sdram.c...
compiling stm32f7xx_ll_fmc.c...
compiling stm32f7xx_hal_dma2d.c...
compiling stm32f7xx_hal_crc.c...
compiling stm32f7xx_hal_tim_ex.c...
compiling stm32f7xx_hal_uart.c...
compiling stm32f7xx_hal_usart.c...
compiling stm32f7xx_hal_crc_ex.c...
compiling stm32f7xx_hal_tim.c...
compiling stm32f7xx_hal_sai.c...
compiling stm32f7xx_hal_qspi.c...
compiling stm32f7xx_hal_iwdg.c...
compiling stm32f7xx_hal_i2s.c...
compiling GUIConf.c...
assembling startup_stm32f746xx.s...
compiling LCDConf.c...
compiling GUI_X.c...
compiling thermostat.c...
compiling stm32f7xx_it.c...
compiling common.c...
compiling one_wire.c...
compiling main.c...
compiling display.c...
linking...
Program Size: Code=116896 RO-data=12806948 RW-data=2098604 ZI-data=157812  
FromELF: creating hex file...
".\DE-150818\Exe\DE-150818.axf" - 0 Error(s), 0 Warning(s).

<h2>Software Packages used:</h2>

Package Vendor: ARM
                http://www.keil.com/pack/ARM.CMSIS.5.3.0.pack
                ARM.CMSIS.5.3.0
                CMSIS (Cortex Microcontroller Software Interface Standard)
   * Component: CORE Version: 5.1.1

Package Vendor: Keil
                http://www.keil.com/pack/Keil.STM32F7xx_DFP.2.10.0.pack
                Keil.STM32F7xx_DFP.2.10.0
                STMicroelectronics STM32F7 Series Device Support, Drivers and Examples

<h2>Collection of Component include folders:</h2>
  .\RTE\_RT200119
  C:\Keil\ARM\PACK\ARM\CMSIS\5.3.0\CMSIS\Include
  C:\Keil\ARM\PACK\Keil\STM32F7xx_DFP\2.10.0\Drivers\CMSIS\Device\ST\STM32F7xx\Include

<h2>Collection of Component Files used:</h2>

   * Component: ARM::CMSIS:CORE:5.1.1
Build Time Elapsed:  00:00:55
</pre>
</body>
</html>
