<html>
<body>
<pre>
<h1>µVision Build Log</h1>
<h2>Tool Versions:</h2>
IDE-Version: µVision V5.26.0.0
Copyright (C) 2018 ARM Ltd and ARM Germany GmbH. All rights reserved.
License Information: no_first_name no_last_name, no_comp, LIC=0VRHL-0QCX2-KTC3H-WSK78-PN10B-YPAEH
 
Tool Versions:
Toolchain:       MDK-ARM Professional  Version: 5.26.0.0
Toolchain Path:  C:\Keil\ARM\ARMCLANG\Bin
C Compiler:      ArmClang.exe V6.10.1
Assembler:       Armasm.exe V6.10.1
Linker/Locator:  ArmLink.exe V6.10.1
Library Manager: ArmAr.exe V6.10.1
Hex Converter:   FromElf.exe V6.10.1
CPU DLL:         SARMCM3.DLL V5.26.0.0
Dialog DLL:      DCM.DLL V1.17.1.0
Target DLL:      STLink\ST-LINKIII-KEIL_SWO.dll V3.0.1.0
Dialog DLL:      TCM.DLL V1.35.3.0
 
<h2>Project:</h2>
F:\SkyDrive\OtvoreniProjekti\HotelSaplast\fw\RoomController\DE-160318\MDK-ARM\DE-160318.uvprojx
Project File Date:  10/24/2018

<h2>Output:</h2>
*** Using Compiler 'V6.10.1', folder: 'C:\Keil\ARM\ARMCLANG\Bin'
Rebuild target 'DE-160318'
creating list file for stm32f1xx_hal_tim.c...
creating list file for system_stm32f1xx.c...
compiling system_stm32f1xx.c...
compiling stm32f1xx_hal_tim.c...
creating list file for stm32f1xx_hal_dma.c...
compiling stm32f1xx_hal_dma.c...
creating list file for stm32f1xx_hal_cortex.c...
creating list file for stm32f1xx_hal_spi.c...
compiling stm32f1xx_hal_cortex.c...
creating list file for stm32f1xx_hal_rtc_ex.c...
compiling stm32f1xx_hal_spi.c...
creating list file for stm32f1xx_hal_iwdg.c...
compiling stm32f1xx_hal_iwdg.c...
compiling stm32f1xx_hal_rtc_ex.c...
creating list file for stm32f1xx_hal_rtc.c...
creating list file for stm32f1xx_hal_rcc_ex.c...
compiling stm32f1xx_hal_rtc.c...
creating list file for stm32f1xx_hal_gpio.c...
compiling stm32f1xx_hal_rcc_ex.c...
compiling stm32f1xx_hal_gpio.c...
creating list file for stm32f1xx_hal_i2c.c...
compiling stm32f1xx_hal_i2c.c...
creating list file for stm32f1xx_hal_spi_ex.c...
compiling stm32f1xx_hal_tim_ex.c...
creating list file for stm32f1xx_hal_tim_ex.c...
compiling stm32f1xx_hal_spi_ex.c...
creating list file for stm32f1xx_hal_rcc.c...
compiling stm32f1xx_hal_rcc.c...
creating list file for stm32f1xx_hal_crc.c...
compiling stm32f1xx_hal_crc.c...
compiling stm32f1xx_hal.c...
creating list file for stm32f1xx_hal.c...
creating list file for stm32f1xx_hal_flash_ex.c...
assembling startup_stm32f103xb.s...
compiling stm32f1xx_hal_flash_ex.c...
creating list file for stm32f1xx_hal_pwr.c...
compiling stm32f1xx_hal_pwr.c...
creating list file for stm32f1xx_hal_flash.c...
compiling stm32f1xx_hal_flash.c...
creating list file for stm32f1xx_hal_msp.c...
compiling stm32f1xx_hal_msp.c...
compiling stm32f1xx_it.c...
creating list file for stm32f1xx_it.c...
creating list file for main.c...
compiling main.c...
linking...
Program Size: Code=6672 RO-data=268 RW-data=0 ZI-data=8416  
FromELF: creating hex file...
After Build - User command #1: C:\Keil\ARM\ARMCC\bin\fromelf.exe --bin --output=DE-160318.bin F:\SkyDrive\OtvoreniProjekti\HotelSaplast\fw\RoomController\DE-160318\MDK-ARM\DE-160318\DE-160318.axf
".\DE-160318\DE-160318.axf" - 0 Error(s), 0 Warning(s).

<h2>Software Packages used:</h2>

Package Vendor: ARM
                http://www.keil.com/pack/ARM.CMSIS.5.4.0.pack
                ARM.CMSIS.5.4.0
                CMSIS (Cortex Microcontroller Software Interface Standard)
   * Component: CORE Version: 5.1.2

Package Vendor: Keil
                http://www.keil.com/pack/Keil.STM32F1xx_DFP.2.2.0.pack
                Keil.STM32F1xx_DFP.2.2.0
                STMicroelectronics STM32F1 Series Device Support, Drivers and Examples

<h2>Collection of Component include folders:</h2>
  .\RTE\_DE-160318
  C:\Keil\ARM\PACK\ARM\CMSIS\5.4.0\CMSIS\Core\Include
  C:\Keil\ARM\PACK\Keil\STM32F1xx_DFP\2.2.0\Device\Include

<h2>Collection of Component Files used:</h2>

   * Component: ARM::CMSIS:CORE:5.1.2
Build Time Elapsed:  00:00:11
</pre>
</body>
</html>
