Component: ARM Compiler 6.10.1 Tool: armlink [5d142800]

==============================================================================

Section Cross References

    system_stm32f7xx.o(.ARM.exidx.text.SystemInit) refers to system_stm32f7xx.o(.text.SystemInit) for [Anonymous Symbol]
    system_stm32f7xx.o(.text.SystemCoreClockUpdate) refers to system_stm32f7xx.o(.data.SystemCoreClock) for SystemCoreClock
    system_stm32f7xx.o(.text.SystemCoreClockUpdate) refers to system_stm32f7xx.o(.rodata.AHBPrescTable) for AHBPrescTable
    system_stm32f7xx.o(.ARM.exidx.text.SystemCoreClockUpdate) refers to system_stm32f7xx.o(.text.SystemCoreClockUpdate) for [Anonymous Symbol]
    stm32746g_qspi.o(.text.MX_QSPI_Init) refers to memseta.o(.text) for __aeabi_memclr4
    stm32746g_qspi.o(.text.MX_QSPI_Init) refers to stm32746g_qspi.o(.text.HAL_QSPI_DeInit) for HAL_QSPI_DeInit
    stm32746g_qspi.o(.text.MX_QSPI_Init) refers to stm32f7xx_hal_qspi.o(.text.HAL_QSPI_Init) for HAL_QSPI_Init
    stm32746g_qspi.o(.text.MX_QSPI_Init) refers to stm32f7xx_hal_qspi.o(.text.HAL_QSPI_Command) for HAL_QSPI_Command
    stm32746g_qspi.o(.text.MX_QSPI_Init) refers to stm32746g_qspi.o(.text.QSPI_AutoPollingMemReady) for QSPI_AutoPollingMemReady
    stm32746g_qspi.o(.text.MX_QSPI_Init) refers to stm32746g_qspi.o(.text.BSP_QSPI_EnableMemoryMappedMode) for BSP_QSPI_EnableMemoryMappedMode
    stm32746g_qspi.o(.text.MX_QSPI_Init) refers to stm32746g_qspi.o(.bss..L_MergedGlobals.1) for [Anonymous Symbol]
    stm32746g_qspi.o(.text.MX_QSPI_Init) refers to stm32746g_qspi.o(.bss..L_MergedGlobals) for [Anonymous Symbol]
    stm32746g_qspi.o(.ARM.exidx.text.MX_QSPI_Init) refers to stm32746g_qspi.o(.text.MX_QSPI_Init) for [Anonymous Symbol]
    stm32746g_qspi.o(.text.HAL_QSPI_DeInit) refers to stm32746g_qspi.o(.text.HAL_QSPI_MspDeInit) for HAL_QSPI_MspDeInit
    stm32746g_qspi.o(.text.HAL_QSPI_DeInit) refers to stm32746g_qspi.o(.bss..L_MergedGlobals.1) for [Anonymous Symbol]
    stm32746g_qspi.o(.ARM.exidx.text.HAL_QSPI_DeInit) refers to stm32746g_qspi.o(.text.HAL_QSPI_DeInit) for [Anonymous Symbol]
    stm32746g_qspi.o(.text.QSPI_AutoPollingMemReady) refers to stm32f7xx_hal_qspi.o(.text.HAL_QSPI_AutoPolling) for HAL_QSPI_AutoPolling
    stm32746g_qspi.o(.text.QSPI_AutoPollingMemReady) refers to stm32746g_qspi.o(.bss..L_MergedGlobals) for [Anonymous Symbol]
    stm32746g_qspi.o(.text.QSPI_AutoPollingMemReady) refers to stm32746g_qspi.o(.bss..L_MergedGlobals.1) for [Anonymous Symbol]
    stm32746g_qspi.o(.ARM.exidx.text.QSPI_AutoPollingMemReady) refers to stm32746g_qspi.o(.text.QSPI_AutoPollingMemReady) for [Anonymous Symbol]
    stm32746g_qspi.o(.text.BSP_QSPI_EnableMemoryMappedMode) refers to stm32f7xx_hal_qspi.o(.text.HAL_QSPI_Command) for HAL_QSPI_Command
    stm32746g_qspi.o(.text.BSP_QSPI_EnableMemoryMappedMode) refers to stm32f7xx_hal_qspi.o(.text.HAL_QSPI_Receive) for HAL_QSPI_Receive
    stm32746g_qspi.o(.text.BSP_QSPI_EnableMemoryMappedMode) refers to stm32746g_qspi.o(.text.QSPI_WriteEnable) for QSPI_WriteEnable
    stm32746g_qspi.o(.text.BSP_QSPI_EnableMemoryMappedMode) refers to stm32f7xx_hal_qspi.o(.text.HAL_QSPI_Transmit) for HAL_QSPI_Transmit
    stm32746g_qspi.o(.text.BSP_QSPI_EnableMemoryMappedMode) refers to stm32f7xx_hal_qspi.o(.text.HAL_QSPI_MemoryMapped) for HAL_QSPI_MemoryMapped
    stm32746g_qspi.o(.text.BSP_QSPI_EnableMemoryMappedMode) refers to stm32746g_qspi.o(.bss..L_MergedGlobals) for [Anonymous Symbol]
    stm32746g_qspi.o(.text.BSP_QSPI_EnableMemoryMappedMode) refers to stm32746g_qspi.o(.bss..L_MergedGlobals.1) for [Anonymous Symbol]
    stm32746g_qspi.o(.ARM.exidx.text.BSP_QSPI_EnableMemoryMappedMode) refers to stm32746g_qspi.o(.text.BSP_QSPI_EnableMemoryMappedMode) for [Anonymous Symbol]
    stm32746g_qspi.o(.text.BSP_QSPI_Read) refers to stm32f7xx_hal_qspi.o(.text.HAL_QSPI_Command) for HAL_QSPI_Command
    stm32746g_qspi.o(.text.BSP_QSPI_Read) refers to stm32f7xx_hal_qspi.o(.text.HAL_QSPI_Receive) for HAL_QSPI_Receive
    stm32746g_qspi.o(.text.BSP_QSPI_Read) refers to stm32746g_qspi.o(.bss..L_MergedGlobals.1) for [Anonymous Symbol]
    stm32746g_qspi.o(.ARM.exidx.text.BSP_QSPI_Read) refers to stm32746g_qspi.o(.text.BSP_QSPI_Read) for [Anonymous Symbol]
    stm32746g_qspi.o(.text.BSP_QSPI_Write) refers to stm32746g_qspi.o(.text.QSPI_WriteEnable) for QSPI_WriteEnable
    stm32746g_qspi.o(.text.BSP_QSPI_Write) refers to stm32f7xx_hal_qspi.o(.text.HAL_QSPI_Command) for HAL_QSPI_Command
    stm32746g_qspi.o(.text.BSP_QSPI_Write) refers to stm32f7xx_hal_qspi.o(.text.HAL_QSPI_Transmit) for HAL_QSPI_Transmit
    stm32746g_qspi.o(.text.BSP_QSPI_Write) refers to stm32746g_qspi.o(.text.QSPI_AutoPollingMemReady) for QSPI_AutoPollingMemReady
    stm32746g_qspi.o(.text.BSP_QSPI_Write) refers to stm32746g_qspi.o(.bss..L_MergedGlobals.1) for [Anonymous Symbol]
    stm32746g_qspi.o(.ARM.exidx.text.BSP_QSPI_Write) refers to stm32746g_qspi.o(.text.BSP_QSPI_Write) for [Anonymous Symbol]
[...]
    Removing stm32f7xx_hal_pwr.o(.text.HAL_PWR_PVD_IRQHandler), (32 bytes).
    Removing stm32f7xx_hal_pwr.o(.ARM.exidx.text.HAL_PWR_PVD_IRQHandler), (8 bytes).
    Removing stm32f7xx_hal_pwr.o(.text.HAL_PWR_PVDCallback), (2 bytes).
    Removing stm32f7xx_hal_pwr.o(.ARM.exidx.text.HAL_PWR_PVDCallback), (8 bytes).
    Removing stm32f7xx_hal_pwr.o(.text.HAL_PWR_EnableSleepOnExit), (16 bytes).
    Removing stm32f7xx_hal_pwr.o(.ARM.exidx.text.HAL_PWR_EnableSleepOnExit), (8 bytes).
    Removing stm32f7xx_hal_pwr.o(.text.HAL_PWR_DisableSleepOnExit), (16 bytes).
    Removing stm32f7xx_hal_pwr.o(.ARM.exidx.text.HAL_PWR_DisableSleepOnExit), (8 bytes).
    Removing stm32f7xx_hal_pwr.o(.text.HAL_PWR_EnableSEVOnPend), (16 bytes).
    Removing stm32f7xx_hal_pwr.o(.ARM.exidx.text.HAL_PWR_EnableSEVOnPend), (8 bytes).
    Removing stm32f7xx_hal_pwr.o(.text.HAL_PWR_DisableSEVOnPend), (16 bytes).
    Removing stm32f7xx_hal_pwr.o(.ARM.exidx.text.HAL_PWR_DisableSEVOnPend), (8 bytes).
    Removing stm32f7xx_hal_pwr_ex.o(.text), (0 bytes).
    Removing stm32f7xx_hal_pwr_ex.o(.text.HAL_PWREx_EnableBkUpReg), (60 bytes).
    Removing stm32f7xx_hal_pwr_ex.o(.ARM.exidx.text.HAL_PWREx_EnableBkUpReg), (8 bytes).
    Removing stm32f7xx_hal_pwr_ex.o(.text.HAL_PWREx_DisableBkUpReg), (60 bytes).
    Removing stm32f7xx_hal_pwr_ex.o(.ARM.exidx.text.HAL_PWREx_DisableBkUpReg), (8 bytes).
    Removing stm32f7xx_hal_pwr_ex.o(.text.HAL_PWREx_EnableFlashPowerDown), (16 bytes).
    Removing stm32f7xx_hal_pwr_ex.o(.ARM.exidx.text.HAL_PWREx_EnableFlashPowerDown), (8 bytes).
    Removing stm32f7xx_hal_pwr_ex.o(.text.HAL_PWREx_DisableFlashPowerDown), (16 bytes).
    Removing stm32f7xx_hal_pwr_ex.o(.ARM.exidx.text.HAL_PWREx_DisableFlashPowerDown), (8 bytes).
    Removing stm32f7xx_hal_pwr_ex.o(.text.HAL_PWREx_EnableMainRegulatorLowVoltage), (16 bytes).
    Removing stm32f7xx_hal_pwr_ex.o(.ARM.exidx.text.HAL_PWREx_EnableMainRegulatorLowVoltage), (8 bytes).
    Removing stm32f7xx_hal_pwr_ex.o(.text.HAL_PWREx_DisableMainRegulatorLowVoltage), (16 bytes).
    Removing stm32f7xx_hal_pwr_ex.o(.ARM.exidx.text.HAL_PWREx_DisableMainRegulatorLowVoltage), (8 bytes).
    Removing stm32f7xx_hal_pwr_ex.o(.text.HAL_PWREx_EnableLowRegulatorLowVoltage), (16 bytes).
    Removing stm32f7xx_hal_pwr_ex.o(.ARM.exidx.text.HAL_PWREx_EnableLowRegulatorLowVoltage), (8 bytes).
    Removing stm32f7xx_hal_pwr_ex.o(.text.HAL_PWREx_DisableLowRegulatorLowVoltage), (16 bytes).
    Removing stm32f7xx_hal_pwr_ex.o(.ARM.exidx.text.HAL_PWREx_DisableLowRegulatorLowVoltage), (8 bytes).
    Removing stm32f7xx_hal_pwr_ex.o(.ARM.exidx.text.HAL_PWREx_EnableOverDrive), (8 bytes).
    Removing stm32f7xx_hal_pwr_ex.o(.text.HAL_PWREx_DisableOverDrive), (116 bytes).
    Removing stm32f7xx_hal_pwr_ex.o(.ARM.exidx.text.HAL_PWREx_DisableOverDrive), (8 bytes).
    Removing stm32f7xx_hal_pwr_ex.o(.text.HAL_PWREx_EnterUnderDriveSTOPMode), (140 bytes).
    Removing stm32f7xx_hal_pwr_ex.o(.ARM.exidx.text.HAL_PWREx_EnterUnderDriveSTOPMode), (8 bytes).
    Removing stm32f7xx_hal_pwr_ex.o(.text.HAL_PWREx_GetVoltageRange), (16 bytes).
    Removing stm32f7xx_hal_pwr_ex.o(.ARM.exidx.text.HAL_PWREx_GetVoltageRange), (8 bytes).
    Removing stm32f7xx_hal_pwr_ex.o(.text.HAL_PWREx_ControlVoltageScaling), (192 bytes).
    Removing stm32f7xx_hal_pwr_ex.o(.ARM.exidx.text.HAL_PWREx_ControlVoltageScaling), (8 bytes).
    Removing stm32f7xx_hal_rcc.o(.text), (0 bytes).
    Removing stm32f7xx_hal_rcc.o(.text.HAL_RCC_DeInit), (92 bytes).
    Removing stm32f7xx_hal_rcc.o(.ARM.exidx.text.HAL_RCC_DeInit), (8 bytes).
    Removing stm32f7xx_hal_rcc.o(.ARM.exidx.text.HAL_RCC_OscConfig), (8 bytes).
    Removing stm32f7xx_hal_rcc.o(.ARM.exidx.text.HAL_RCC_ClockConfig), (8 bytes).
    Removing stm32f7xx_hal_rcc.o(.ARM.exidx.text.HAL_RCC_GetSysClockFreq), (8 bytes).
    Removing stm32f7xx_hal_rcc.o(.text.HAL_RCC_MCOConfig), (144 bytes).
    Removing stm32f7xx_hal_rcc.o(.ARM.exidx.text.HAL_RCC_MCOConfig), (8 bytes).
    Removing stm32f7xx_hal_rcc.o(.text.HAL_RCC_EnableCSS), (16 bytes).
    Removing stm32f7xx_hal_rcc.o(.ARM.exidx.text.HAL_RCC_EnableCSS), (8 bytes).
    Removing stm32f7xx_hal_rcc.o(.text.HAL_RCC_DisableCSS), (16 bytes).
    Removing stm32f7xx_hal_rcc.o(.ARM.exidx.text.HAL_RCC_DisableCSS), (8 bytes).
    Removing stm32f7xx_hal_rcc.o(.ARM.exidx.text.HAL_RCC_GetHCLKFreq), (8 bytes).
    Removing stm32f7xx_hal_rcc.o(.text.HAL_RCC_GetPCLK1Freq), (32 bytes).
    Removing stm32f7xx_hal_rcc.o(.ARM.exidx.text.HAL_RCC_GetPCLK1Freq), (8 bytes).
    Removing stm32f7xx_hal_rcc.o(.text.HAL_RCC_GetPCLK2Freq), (32 bytes).
    Removing stm32f7xx_hal_rcc.o(.ARM.exidx.text.HAL_RCC_GetPCLK2Freq), (8 bytes).
    Removing stm32f7xx_hal_rcc.o(.text.HAL_RCC_GetOscConfig), (152 bytes).
    Removing stm32f7xx_hal_rcc.o(.ARM.exidx.text.HAL_RCC_GetOscConfig), (8 bytes).
    Removing stm32f7xx_hal_rcc.o(.text.HAL_RCC_GetClockConfig), (60 bytes).
    Removing stm32f7xx_hal_rcc.o(.ARM.exidx.text.HAL_RCC_GetClockConfig), (8 bytes).
    Removing stm32f7xx_hal_rcc.o(.text.HAL_RCC_NMI_IRQHandler), (28 bytes).
    Removing stm32f7xx_hal_rcc.o(.ARM.exidx.text.HAL_RCC_NMI_IRQHandler), (8 bytes).
    Removing stm32f7xx_hal_rcc.o(.text.HAL_RCC_CSSCallback), (2 bytes).
    Removing stm32f7xx_hal_rcc.o(.ARM.exidx.text.HAL_RCC_CSSCallback), (8 bytes).
    Removing stm32f7xx_hal_rcc_ex.o(.text), (0 bytes).
    Removing stm32f7xx_hal_rcc_ex.o(.ARM.exidx.text.HAL_RCCEx_PeriphCLKConfig), (8 bytes).
    Removing stm32f7xx_hal_rcc_ex.o(.text.HAL_RCCEx_GetPeriphCLKConfig), (336 bytes).
    Removing stm32f7xx_hal_rcc_ex.o(.ARM.exidx.text.HAL_RCCEx_GetPeriphCLKConfig), (8 bytes).
    Removing stm32f7xx_hal_rcc_ex.o(.text.HAL_RCCEx_GetPeriphCLKFreq), (204 bytes).
    Removing stm32f7xx_hal_rcc_ex.o(.ARM.exidx.text.HAL_RCCEx_GetPeriphCLKFreq), (8 bytes).
    Removing stm32f7xx_hal_rtc.o(.text), (0 bytes).
    Removing stm32f7xx_hal_rtc_ex.o(.text), (0 bytes).
    Removing stm32f7xx_hal_sdram.o(.text), (0 bytes).
    Removing stm32f7xx_hal_tim.o(.text), (0 bytes).
    Removing stm32f7xx_hal_tim_ex.o(.text), (0 bytes).
    Removing stm32f7xx_hal_uart.o(.text), (0 bytes).
    Removing stm32f7xx_hal_dma2d.o(.text), (0 bytes).
    Removing stm32f7xx_hal_dma2d.o(.text.HAL_DMA2D_Init), (86 bytes).
    Removing stm32f7xx_hal_dma2d.o(.ARM.exidx.text.HAL_DMA2D_Init), (8 bytes).
    Removing stm32f7xx_hal_dma2d.o(.text.HAL_DMA2D_MspInit), (2 bytes).
    Removing stm32f7xx_hal_dma2d.o(.ARM.exidx.text.HAL_DMA2D_MspInit), (8 bytes).
    Removing stm32f7xx_hal_dma2d.o(.text.HAL_DMA2D_DeInit), (120 bytes).
    Removing stm32f7xx_hal_dma2d.o(.ARM.exidx.text.HAL_DMA2D_DeInit), (8 bytes).
    Removing stm32f7xx_hal_dma2d.o(.text.HAL_DMA2D_Abort), (86 bytes).
    Removing stm32f7xx_hal_dma2d.o(.ARM.exidx.text.HAL_DMA2D_Abort), (8 bytes).
    Removing stm32f7xx_hal_dma2d.o(.text.HAL_DMA2D_CLUTLoading_Abort), (92 bytes).
    Removing stm32f7xx_hal_dma2d.o(.ARM.exidx.text.HAL_DMA2D_CLUTLoading_Abort), (8 bytes).
    Removing stm32f7xx_hal_dma2d.o(.text.HAL_DMA2D_MspDeInit), (2 bytes).
    Removing stm32f7xx_hal_dma2d.o(.ARM.exidx.text.HAL_DMA2D_MspDeInit), (8 bytes).
    Removing stm32f7xx_hal_dma2d.o(.text.HAL_DMA2D_Start), (58 bytes).
    Removing stm32f7xx_hal_dma2d.o(.ARM.exidx.text.HAL_DMA2D_Start), (8 bytes).
    Removing stm32f7xx_hal_dma2d.o(.text.DMA2D_SetConfig), (164 bytes).
    Removing stm32f7xx_hal_dma2d.o(.ARM.exidx.text.DMA2D_SetConfig), (8 bytes).
    Removing stm32f7xx_hal_dma2d.o(.text.HAL_DMA2D_Start_IT), (66 bytes).
    Removing stm32f7xx_hal_dma2d.o(.ARM.exidx.text.HAL_DMA2D_Start_IT), (8 bytes).
    Removing stm32f7xx_hal_dma2d.o(.text.HAL_DMA2D_BlendingStart), (66 bytes).
    Removing stm32f7xx_hal_dma2d.o(.ARM.exidx.text.HAL_DMA2D_BlendingStart), (8 bytes).
    Removing stm32f7xx_hal_dma2d.o(.text.HAL_DMA2D_BlendingStart_IT), (74 bytes).
    Removing stm32f7xx_hal_dma2d.o(.ARM.exidx.text.HAL_DMA2D_BlendingStart_IT), (8 bytes).
    Removing stm32f7xx_hal_dma2d.o(.text.HAL_DMA2D_Suspend), (98 bytes).
    Removing stm32f7xx_hal_dma2d.o(.ARM.exidx.text.HAL_DMA2D_Suspend), (8 bytes).
    Removing stm32f7xx_hal_dma2d.o(.text.HAL_DMA2D_Resume), (30 bytes).
    Removing stm32f7xx_hal_dma2d.o(.ARM.exidx.text.HAL_DMA2D_Resume), (8 bytes).
    Removing stm32f7xx_hal_dma2d.o(.text.HAL_DMA2D_EnableCLUT), (46 bytes).
    Removing stm32f7xx_hal_dma2d.o(.ARM.exidx.text.HAL_DMA2D_EnableCLUT), (8 bytes).
    Removing stm32f7xx_hal_dma2d.o(.text.HAL_DMA2D_CLUTLoad), (86 bytes).
    Removing stm32f7xx_hal_dma2d.o(.ARM.exidx.text.HAL_DMA2D_CLUTLoad), (8 bytes).
    Removing stm32f7xx_hal_dma2d.o(.text.HAL_DMA2D_CLUTLoad_IT), (102 bytes).
    Removing stm32f7xx_hal_dma2d.o(.ARM.exidx.text.HAL_DMA2D_CLUTLoad_IT), (8 bytes).
    Removing stm32f7xx_hal_dma2d.o(.text.HAL_DMA2D_CLUTLoading_Suspend), (106 bytes).
    Removing stm32f7xx_hal_dma2d.o(.ARM.exidx.text.HAL_DMA2D_CLUTLoading_Suspend), (8 bytes).
    Removing stm32f7xx_hal_dma2d.o(.text.HAL_DMA2D_CLUTLoading_Resume), (46 bytes).
    Removing stm32f7xx_hal_dma2d.o(.ARM.exidx.text.HAL_DMA2D_CLUTLoading_Resume), (8 bytes).
    Removing stm32f7xx_hal_dma2d.o(.text.HAL_DMA2D_PollForTransfer), (262 bytes).
    Removing stm32f7xx_hal_dma2d.o(.ARM.exidx.text.HAL_DMA2D_PollForTransfer), (8 bytes).
    Removing stm32f7xx_hal_dma2d.o(.text.HAL_DMA2D_IRQHandler), (320 bytes).
    Removing stm32f7xx_hal_dma2d.o(.ARM.exidx.text.HAL_DMA2D_IRQHandler), (8 bytes).
    Removing stm32f7xx_hal_dma2d.o(.text.HAL_DMA2D_LineEventCallback), (2 bytes).
    Removing stm32f7xx_hal_dma2d.o(.ARM.exidx.text.HAL_DMA2D_LineEventCallback), (8 bytes).
    Removing stm32f7xx_hal_dma2d.o(.text.HAL_DMA2D_CLUTLoadingCpltCallback), (2 bytes).
    Removing stm32f7xx_hal_dma2d.o(.ARM.exidx.text.HAL_DMA2D_CLUTLoadingCpltCallback), (8 bytes).
    Removing stm32f7xx_hal_dma2d.o(.text.HAL_DMA2D_ConfigLayer), (156 bytes).
    Removing stm32f7xx_hal_dma2d.o(.ARM.exidx.text.HAL_DMA2D_ConfigLayer), (8 bytes).
    Removing stm32f7xx_hal_dma2d.o(.text.HAL_DMA2D_ConfigCLUT), (102 bytes).
    Removing stm32f7xx_hal_dma2d.o(.ARM.exidx.text.HAL_DMA2D_ConfigCLUT), (8 bytes).
    Removing stm32f7xx_hal_dma2d.o(.text.HAL_DMA2D_ProgramLineEvent), (54 bytes).
    Removing stm32f7xx_hal_dma2d.o(.ARM.exidx.text.HAL_DMA2D_ProgramLineEvent), (8 bytes).
    Removing stm32f7xx_hal_dma2d.o(.text.HAL_DMA2D_EnableDeadTime), (40 bytes).
    Removing stm32f7xx_hal_dma2d.o(.ARM.exidx.text.HAL_DMA2D_EnableDeadTime), (8 bytes).
    Removing stm32f7xx_hal_dma2d.o(.text.HAL_DMA2D_DisableDeadTime), (40 bytes).
    Removing stm32f7xx_hal_dma2d.o(.ARM.exidx.text.HAL_DMA2D_DisableDeadTime), (8 bytes).
    Removing stm32f7xx_hal_dma2d.o(.text.HAL_DMA2D_ConfigDeadTime), (44 bytes).
    Removing stm32f7xx_hal_dma2d.o(.ARM.exidx.text.HAL_DMA2D_ConfigDeadTime), (8 bytes).
    Removing stm32f7xx_hal_dma2d.o(.text.HAL_DMA2D_GetState), (6 bytes).
    Removing stm32f7xx_hal_dma2d.o(.ARM.exidx.text.HAL_DMA2D_GetState), (8 bytes).
    Removing stm32f7xx_hal_dma2d.o(.text.HAL_DMA2D_GetError), (4 bytes).
    Removing stm32f7xx_hal_dma2d.o(.ARM.exidx.text.HAL_DMA2D_GetError), (8 bytes).
    Removing stm32f7xx_ll_fmc.o(.text), (0 bytes).
    Removing stm32f7xx_hal_usart.o(.text), (0 bytes).
    Removing stm32f7xx_hal_crc.o(.text), (0 bytes).
    Removing stm32f7xx_hal_crc.o(.ARM.exidx.text.HAL_CRC_Init), (8 bytes).
    Removing stm32f7xx_hal_crc.o(.ARM.exidx.text.HAL_CRC_MspInit), (8 bytes).
    Removing stm32f7xx_hal_crc.o(.ARM.exidx.text.HAL_CRC_DeInit), (8 bytes).
    Removing stm32f7xx_hal_crc.o(.ARM.exidx.text.HAL_CRC_MspDeInit), (8 bytes).
    Removing stm32f7xx_hal_crc.o(.text.HAL_CRC_Accumulate), (80 bytes).
    Removing stm32f7xx_hal_crc.o(.ARM.exidx.text.HAL_CRC_Accumulate), (8 bytes).
    Removing stm32f7xx_hal_crc.o(.text.CRC_Handle_8), (110 bytes).
    Removing stm32f7xx_hal_crc.o(.ARM.exidx.text.CRC_Handle_8), (8 bytes).
    Removing stm32f7xx_hal_crc.o(.text.CRC_Handle_16), (68 bytes).
    Removing stm32f7xx_hal_crc.o(.ARM.exidx.text.CRC_Handle_16), (8 bytes).
    Removing stm32f7xx_hal_crc.o(.text.HAL_CRC_Calculate), (86 bytes).
    Removing stm32f7xx_hal_crc.o(.ARM.exidx.text.HAL_CRC_Calculate), (8 bytes).
    Removing stm32f7xx_hal_crc.o(.text.HAL_CRC_GetState), (4 bytes).
    Removing stm32f7xx_hal_crc.o(.ARM.exidx.text.HAL_CRC_GetState), (8 bytes).
    Removing stm32f7xx_hal_crc_ex.o(.text), (0 bytes).
    Removing stm32f7xx_hal_crc_ex.o(.ARM.exidx.text.HAL_CRCEx_Polynomial_Set), (8 bytes).
    Removing stm32f7xx_hal_crc_ex.o(.text.HAL_CRCEx_Input_Data_Reverse), (24 bytes).
    Removing stm32f7xx_hal_crc_ex.o(.ARM.exidx.text.HAL_CRCEx_Input_Data_Reverse), (8 bytes).
    Removing stm32f7xx_hal_crc_ex.o(.text.HAL_CRCEx_Output_Data_Reverse), (24 bytes).
    Removing stm32f7xx_hal_crc_ex.o(.ARM.exidx.text.HAL_CRCEx_Output_Data_Reverse), (8 bytes).
    Removing stm32f7xx_hal_qspi.o(.text), (0 bytes).
    Removing stm32f7xx_hal_qspi.o(.ARM.exidx.text.HAL_QSPI_Init), (8 bytes).
    Removing stm32f7xx_hal_qspi.o(.text.HAL_QSPI_SetTimeout), (4 bytes).
    Removing stm32f7xx_hal_qspi.o(.ARM.exidx.text.HAL_QSPI_SetTimeout), (8 bytes).
    Removing stm32f7xx_hal_qspi.o(.ARM.exidx.text.QSPI_WaitFlagStateUntilTimeout), (8 bytes).
    Removing stm32f7xx_hal_qspi.o(.ARM.exidx.text.HAL_QSPI_IRQHandler), (8 bytes).
    Removing stm32f7xx_hal_qspi.o(.ARM.exidx.text.HAL_QSPI_FifoThresholdCallback), (8 bytes).
    Removing stm32f7xx_hal_qspi.o(.ARM.exidx.text.HAL_QSPI_Abort_IT), (8 bytes).
    Removing stm32f7xx_hal_qspi.o(.ARM.exidx.text.HAL_QSPI_TxCpltCallback), (8 bytes).
    Removing stm32f7xx_hal_qspi.o(.ARM.exidx.text.HAL_QSPI_RxCpltCallback), (8 bytes).
    Removing stm32f7xx_hal_qspi.o(.ARM.exidx.text.HAL_QSPI_CmdCpltCallback), (8 bytes).
    Removing stm32f7xx_hal_qspi.o(.ARM.exidx.text.HAL_QSPI_AbortCpltCallback), (8 bytes).
    Removing stm32f7xx_hal_qspi.o(.ARM.exidx.text.HAL_QSPI_ErrorCallback), (8 bytes).
    Removing stm32f7xx_hal_qspi.o(.ARM.exidx.text.HAL_QSPI_StatusMatchCallback), (8 bytes).
    Removing stm32f7xx_hal_qspi.o(.ARM.exidx.text.QSPI_DMAAbortCplt), (8 bytes).
    Removing stm32f7xx_hal_qspi.o(.ARM.exidx.text.HAL_QSPI_TimeOutCallback), (8 bytes).
    Removing stm32f7xx_hal_qspi.o(.ARM.exidx.text.HAL_QSPI_Command), (8 bytes).
    Removing stm32f7xx_hal_qspi.o(.ARM.exidx.text.QSPI_Config), (8 bytes).
    Removing stm32f7xx_hal_qspi.o(.text.HAL_QSPI_Command_IT), (136 bytes).
    Removing stm32f7xx_hal_qspi.o(.ARM.exidx.text.HAL_QSPI_Command_IT), (8 bytes).
    Removing stm32f7xx_hal_qspi.o(.ARM.exidx.text.HAL_QSPI_Transmit), (8 bytes).
    Removing stm32f7xx_hal_qspi.o(.ARM.exidx.text.HAL_QSPI_Abort), (8 bytes).
    Removing stm32f7xx_hal_qspi.o(.ARM.exidx.text.HAL_QSPI_Receive), (8 bytes).
    Removing stm32f7xx_hal_qspi.o(.text.HAL_QSPI_Transmit_IT), (122 bytes).
    Removing stm32f7xx_hal_qspi.o(.ARM.exidx.text.HAL_QSPI_Transmit_IT), (8 bytes).
    Removing stm32f7xx_hal_qspi.o(.text.HAL_QSPI_Receive_IT), (128 bytes).
    Removing stm32f7xx_hal_qspi.o(.ARM.exidx.text.HAL_QSPI_Receive_IT), (8 bytes).
    Removing stm32f7xx_hal_qspi.o(.text.HAL_QSPI_Transmit_DMA), (244 bytes).
    Removing stm32f7xx_hal_qspi.o(.ARM.exidx.text.HAL_QSPI_Transmit_DMA), (8 bytes).
    Removing stm32f7xx_hal_qspi.o(.text.QSPI_DMATxCplt), (18 bytes).
    Removing stm32f7xx_hal_qspi.o(.ARM.exidx.text.QSPI_DMATxCplt), (8 bytes).
    Removing stm32f7xx_hal_qspi.o(.text.QSPI_DMATxHalfCplt), (6 bytes).
    Removing stm32f7xx_hal_qspi.o(.ARM.exidx.text.QSPI_DMATxHalfCplt), (8 bytes).
    Removing stm32f7xx_hal_qspi.o(.text.QSPI_DMAError), (46 bytes).
    Removing stm32f7xx_hal_qspi.o(.ARM.exidx.text.QSPI_DMAError), (8 bytes).
    Removing stm32f7xx_hal_qspi.o(.text.HAL_QSPI_Receive_DMA), (244 bytes).
    Removing stm32f7xx_hal_qspi.o(.ARM.exidx.text.HAL_QSPI_Receive_DMA), (8 bytes).
    Removing stm32f7xx_hal_qspi.o(.text.QSPI_DMARxCplt), (18 bytes).
    Removing stm32f7xx_hal_qspi.o(.ARM.exidx.text.QSPI_DMARxCplt), (8 bytes).
    Removing stm32f7xx_hal_qspi.o(.text.QSPI_DMARxHalfCplt), (6 bytes).
    Removing stm32f7xx_hal_qspi.o(.ARM.exidx.text.QSPI_DMARxHalfCplt), (8 bytes).
    Removing stm32f7xx_hal_qspi.o(.ARM.exidx.text.HAL_QSPI_AutoPolling), (8 bytes).
    Removing stm32f7xx_hal_qspi.o(.text.HAL_QSPI_AutoPolling_IT), (150 bytes).
    Removing stm32f7xx_hal_qspi.o(.ARM.exidx.text.HAL_QSPI_AutoPolling_IT), (8 bytes).
    Removing stm32f7xx_hal_qspi.o(.ARM.exidx.text.HAL_QSPI_MemoryMapped), (8 bytes).
    Removing stm32f7xx_hal_qspi.o(.text.HAL_QSPI_RxHalfCpltCallback), (2 bytes).
    Removing stm32f7xx_hal_qspi.o(.ARM.exidx.text.HAL_QSPI_RxHalfCpltCallback), (8 bytes).
    Removing stm32f7xx_hal_qspi.o(.text.HAL_QSPI_TxHalfCpltCallback), (2 bytes).
    Removing stm32f7xx_hal_qspi.o(.ARM.exidx.text.HAL_QSPI_TxHalfCpltCallback), (8 bytes).
    Removing stm32f7xx_hal_qspi.o(.text.HAL_QSPI_GetState), (6 bytes).
    Removing stm32f7xx_hal_qspi.o(.ARM.exidx.text.HAL_QSPI_GetState), (8 bytes).
    Removing stm32f7xx_hal_qspi.o(.text.HAL_QSPI_GetError), (4 bytes).
    Removing stm32f7xx_hal_qspi.o(.ARM.exidx.text.HAL_QSPI_GetError), (8 bytes).
    Removing stm32f7xx_hal_qspi.o(.text.HAL_QSPI_SetFifoThreshold), (64 bytes).
    Removing stm32f7xx_hal_qspi.o(.ARM.exidx.text.HAL_QSPI_SetFifoThreshold), (8 bytes).
    Removing stm32f7xx_hal_qspi.o(.text.HAL_QSPI_GetFifoThreshold), (12 bytes).
    Removing stm32f7xx_hal_qspi.o(.ARM.exidx.text.HAL_QSPI_GetFifoThreshold), (8 bytes).
    Removing stm32f7xx_hal_sai.o(.text), (0 bytes).
    Removing stm32f7xx_hal_i2s.o(.text), (0 bytes).
    Removing stm32f7xx_hal_iwdg.o(.text), (0 bytes).
    Removing stm32f7xx_hal_iwdg.o(.text.HAL_IWDG_Init), (80 bytes).
    Removing stm32f7xx_hal_iwdg.o(.ARM.exidx.text.HAL_IWDG_Init), (8 bytes).
    Removing stm32f7xx_hal_iwdg.o(.text.HAL_IWDG_Refresh), (12 bytes).
    Removing stm32f7xx_hal_iwdg.o(.ARM.exidx.text.HAL_IWDG_Refresh), (8 bytes).
    Removing startup_stm32f746xx.o(HEAP), (8192 bytes).
    Removing stm32f7xx_it.o(.text), (0 bytes).
    Removing stm32f7xx_it.o(.ARM.exidx.text.NMI_Handler), (8 bytes).
    Removing stm32f7xx_it.o(.ARM.exidx.text.HardFault_Handler), (8 bytes).
    Removing stm32f7xx_it.o(.ARM.exidx.text.MemManage_Handler), (8 bytes).
    Removing stm32f7xx_it.o(.ARM.exidx.text.BusFault_Handler), (8 bytes).
    Removing stm32f7xx_it.o(.ARM.exidx.text.UsageFault_Handler), (8 bytes).
    Removing stm32f7xx_it.o(.ARM.exidx.text.DebugMon_Handler), (8 bytes).
    Removing stm32f7xx_it.o(.ARM.exidx.text.SysTick_Handler), (8 bytes).
    Removing stm32f7xx_it.o(.ARM.exidx.text.QUADSPI_IRQHandler), (8 bytes).
    Removing common.o(.text), (0 bytes).
    Removing common.o(.text.GetLenght), (28 bytes).
    Removing common.o(.ARM.exidx.text.GetLenght), (8 bytes).
    Removing common.o(.text.Bcd2Dec), (18 bytes).
    Removing common.o(.ARM.exidx.text.Bcd2Dec), (8 bytes).
    Removing common.o(.text.Dec2Bcd), (52 bytes).
    Removing common.o(.ARM.exidx.text.Dec2Bcd), (8 bytes).
    Removing common.o(.text.CalcCRC), (44 bytes).
    Removing common.o(.ARM.exidx.text.CalcCRC), (8 bytes).
    Removing common.o(.text.Int2Str), (80 bytes).
    Removing common.o(.ARM.exidx.text.Int2Str), (8 bytes).
    Removing common.o(.text.Int2StrSized), (108 bytes).
    Removing common.o(.ARM.exidx.text.Int2StrSized), (8 bytes).
    Removing common.o(.text.ClearBuffer), (44 bytes).
    Removing common.o(.ARM.exidx.text.ClearBuffer), (8 bytes).
    Removing common.o(.text.Str2Hex), (86 bytes).
    Removing common.o(.ARM.exidx.text.Str2Hex), (8 bytes).
    Removing common.o(.text.Hex2Str), (64 bytes).
    Removing common.o(.ARM.exidx.text.Hex2Str), (8 bytes).
    Removing common.o(.text.ClearBuffer16), (44 bytes).
    Removing common.o(.ARM.exidx.text.ClearBuffer16), (8 bytes).
    Removing common.o(.text.Str2Int), (210 bytes).
    Removing common.o(.ARM.exidx.text.Str2Int), (8 bytes).
    Removing common.o(.text.CharToBin), (48 bytes).
    Removing common.o(.ARM.exidx.text.CharToBin), (8 bytes).
    Removing common.o(.bss..L_MergedGlobals), (4 bytes).
    Removing main.o(.text), (0 bytes).
    Removing main.o(.ARM.exidx.text.main), (8 bytes).
    Removing main.o(.ARM.exidx.text.Error_Handler), (8 bytes).
    Removing main.o(.bss.hiwdg), (16 bytes).
    Removing main.o(.bss.Jump_To_Application), (4 bytes).
    Removing main.o(.bss.JumpAddress), (4 bytes).
    Removing main.o(.ARM.use_no_argv), (4 bytes).

621 unused section(s) (total 30700 bytes) removed from the image.

==============================================================================

Image Symbol Table

    Local Symbols

    Symbol Name                              Value     Ov Type        Size  Object(Section)

    ../clib/microlib/init/entry.s            0x00000000   Number         0  entry8a.o ABSOLUTE
    ../clib/microlib/init/entry.s            0x00000000   Number         0  entry2.o ABSOLUTE
    ../clib/microlib/init/entry.s            0x00000000   Number         0  entry7b.o ABSOLUTE
    ../clib/microlib/init/entry.s            0x00000000   Number         0  entry7a.o ABSOLUTE
    ../clib/microlib/init/entry.s            0x00000000   Number         0  entry11a.o ABSOLUTE
    ../clib/microlib/init/entry.s            0x00000000   Number         0  entry10b.o ABSOLUTE
    ../clib/microlib/init/entry.s            0x00000000   Number         0  entry10a.o ABSOLUTE
    ../clib/microlib/init/entry.s            0x00000000   Number         0  entry5.o ABSOLUTE
    ../clib/microlib/init/entry.s            0x00000000   Number         0  entry9b.o ABSOLUTE
    ../clib/microlib/init/entry.s            0x00000000   Number         0  entry.o ABSOLUTE
    ../clib/microlib/init/entry.s            0x00000000   Number         0  entry9a.o ABSOLUTE
    ../clib/microlib/init/entry.s            0x00000000   Number         0  entry11b.o ABSOLUTE
    ../clib/microlib/init/entry.s            0x00000000   Number         0  entry8b.o ABSOLUTE
    ../clib/microlib/string/memset.c         0x00000000   Number         0  memseta.o ABSOLUTE
    common.c                                 0x00000000   Number         0  common.o ABSOLUTE
    dc.s                                     0x00000000   Number         0  dc.o ABSOLUTE
    handlers.s                               0x00000000   Number         0  handlers.o ABSOLUTE
    init.s                                   0x00000000   Number         0  init.o ABSOLUTE
    main.c                                   0x00000000   Number         0  main.o ABSOLUTE
    startup_stm32f746xx.s                    0x00000000   Number         0  startup_stm32f746xx.o ABSOLUTE
    stm32746g_qspi.c                         0x00000000   Number         0  stm32746g_qspi.o ABSOLUTE
    stm32f7xx_hal.c                          0x00000000   Number         0  stm32f7xx_hal.o ABSOLUTE
    stm32f7xx_hal_adc.c                      0x00000000   Number         0  stm32f7xx_hal_adc.o ABSOLUTE
    stm32f7xx_hal_adc_ex.c                   0x00000000   Number         0  stm32f7xx_hal_adc_ex.o ABSOLUTE
    stm32f7xx_hal_cortex.c                   0x00000000   Number         0  stm32f7xx_hal_cortex.o ABSOLUTE
    stm32f7xx_hal_crc.c                      0x00000000   Number         0  stm32f7xx_hal_crc.o ABSOLUTE
    stm32f7xx_hal_crc_ex.c                   0x00000000   Number         0  stm32f7xx_hal_crc_ex.o ABSOLUTE
    stm32f7xx_hal_dma.c                      0x00000000   Number         0  stm32f7xx_hal_dma.o ABSOLUTE
    stm32f7xx_hal_dma2d.c                    0x00000000   Number         0  stm32f7xx_hal_dma2d.o ABSOLUTE
    stm32f7xx_hal_dsi.c                      0x00000000   Number         0  stm32f7xx_hal_dsi.o ABSOLUTE
    stm32f7xx_hal_flash.c                    0x00000000   Number         0  stm32f7xx_hal_flash.o ABSOLUTE
    stm32f7xx_hal_flash_ex.c                 0x00000000   Number         0  stm32f7xx_hal_flash_ex.o ABSOLUTE
    stm32f7xx_hal_gpio.c                     0x00000000   Number         0  stm32f7xx_hal_gpio.o ABSOLUTE
    stm32f7xx_hal_i2c.c                      0x00000000   Number         0  stm32f7xx_hal_i2c.o ABSOLUTE
    stm32f7xx_hal_i2c_ex.c                   0x00000000   Number         0  stm32f7xx_hal_i2c_ex.o ABSOLUTE
    stm32f7xx_hal_i2s.c                      0x00000000   Number         0  stm32f7xx_hal_i2s.o ABSOLUTE
    stm32f7xx_hal_iwdg.c                     0x00000000   Number         0  stm32f7xx_hal_iwdg.o ABSOLUTE
    stm32f7xx_hal_ltdc.c                     0x00000000   Number         0  stm32f7xx_hal_ltdc.o ABSOLUTE
    stm32f7xx_hal_ltdc_ex.c                  0x00000000   Number         0  stm32f7xx_hal_ltdc_ex.o ABSOLUTE
    stm32f7xx_hal_pwr.c                      0x00000000   Number         0  stm32f7xx_hal_pwr.o ABSOLUTE
    stm32f7xx_hal_pwr_ex.c                   0x00000000   Number         0  stm32f7xx_hal_pwr_ex.o ABSOLUTE
    stm32f7xx_hal_qspi.c                     0x00000000   Number         0  stm32f7xx_hal_qspi.o ABSOLUTE
    stm32f7xx_hal_rcc.c                      0x00000000   Number         0  stm32f7xx_hal_rcc.o ABSOLUTE
    stm32f7xx_hal_rcc_ex.c                   0x00000000   Number         0  stm32f7xx_hal_rcc_ex.o ABSOLUTE
    stm32f7xx_hal_rtc.c                      0x00000000   Number         0  stm32f7xx_hal_rtc.o ABSOLUTE
    stm32f7xx_hal_rtc_ex.c                   0x00000000   Number         0  stm32f7xx_hal_rtc_ex.o ABSOLUTE
    stm32f7xx_hal_sai.c                      0x00000000   Number         0  stm32f7xx_hal_sai.o ABSOLUTE
    stm32f7xx_hal_sdram.c                    0x00000000   Number         0  stm32f7xx_hal_sdram.o ABSOLUTE
    stm32f7xx_hal_tim.c                      0x00000000   Number         0  stm32f7xx_hal_tim.o ABSOLUTE
    stm32f7xx_hal_tim_ex.c                   0x00000000   Number         0  stm32f7xx_hal_tim_ex.o ABSOLUTE
    stm32f7xx_hal_uart.c                     0x00000000   Number         0  stm32f7xx_hal_uart.o ABSOLUTE
    stm32f7xx_hal_usart.c                    0x00000000   Number         0  stm32f7xx_hal_usart.o ABSOLUTE
    stm32f7xx_it.c                           0x00000000   Number         0  stm32f7xx_it.o ABSOLUTE
    stm32f7xx_ll_fmc.c                       0x00000000   Number         0  stm32f7xx_ll_fmc.o ABSOLUTE
    system_stm32f7xx.c                       0x00000000   Number         0  system_stm32f7xx.o ABSOLUTE
    RESET                                    0x08000000   Section      456  startup_stm32f746xx.o(RESET)
    .ARM.Collect$$$$00000000                 0x080001c8   Section        0  entry.o(.ARM.Collect$$$$00000000)
    .ARM.Collect$$$$00000001                 0x080001c8   Section        4  entry2.o(.ARM.Collect$$$$00000001)
    .ARM.Collect$$$$00000004                 0x080001cc   Section        4  entry5.o(.ARM.Collect$$$$00000004)
    .ARM.Collect$$$$00000008                 0x080001d0   Section        0  entry7b.o(.ARM.Collect$$$$00000008)
    .ARM.Collect$$$$0000000A                 0x080001d0   Section        0  entry8b.o(.ARM.Collect$$$$0000000A)
    .ARM.Collect$$$$0000000B                 0x080001d0   Section        8  entry9a.o(.ARM.Collect$$$$0000000B)
    .ARM.Collect$$$$0000000D                 0x080001d8   Section        0  entry10a.o(.ARM.Collect$$$$0000000D)
    .ARM.Collect$$$$0000000F                 0x080001d8   Section        0  entry11a.o(.ARM.Collect$$$$0000000F)
    .ARM.Collect$$$$00002712                 0x080001d8   Section        4  entry2.o(.ARM.Collect$$$$00002712)
    __lit__00000000                          0x080001d8   Data           4  entry2.o(.ARM.Collect$$$$00002712)
    .text                                    0x080001dc   Section       36  startup_stm32f746xx.o(.text)
    $v0                                      0x080001dc   Number         0  startup_stm32f746xx.o(.text)
    .text                                    0x08000200   Section        0  memseta.o(.text)
    .text                                    0x08000224   Section       36  init.o(.text)
    [Anonymous Symbol]                       0x08000248   Section        0  stm32746g_qspi.o(.text.BSP_QSPI_EnableMemoryMappedMode)
    __arm_cp.3_0                             0x08000318   Number         4  stm32746g_qspi.o(.text.BSP_QSPI_EnableMemoryMappedMode)
    __arm_cp.3_1                             0x0800031c   Number         4  stm32746g_qspi.o(.text.BSP_QSPI_EnableMemoryMappedMode)
    [Anonymous Symbol]                       0x08000320   Section        0  stm32f7xx_it.o(.text.BusFault_Handler)
    [Anonymous Symbol]                       0x08000324   Section        0  stm32f7xx_hal_dma.o(.text.DMA_CalcBaseAndBitshift)
    DMA_CalcBaseAndBitshift                  0x08000325   Thumb Code    52  stm32f7xx_hal_dma.o(.text.DMA_CalcBaseAndBitshift)
    DMA_CalcBaseAndBitshift.flagBitshiftOffset 0x08000350   Number         0  stm32f7xx_hal_dma.o(.text.DMA_CalcBaseAndBitshift)
    [Anonymous Symbol]                       0x08000358   Section        0  stm32f7xx_it.o(.text.DebugMon_Handler)
    [Anonymous Symbol]                       0x0800035c   Section        0  main.o(.text.Error_Handler)
    __arm_cp.1_0                             0x080003a0   Number         4  main.o(.text.Error_Handler)
    __arm_cp.1_1                             0x080003a4   Number         4  main.o(.text.Error_Handler)
    __arm_cp.1_2                             0x080003a8   Number         4  main.o(.text.Error_Handler)
    __arm_cp.1_3                             0x080003ac   Number         4  main.o(.text.Error_Handler)
    [Anonymous Symbol]                       0x080003b0   Section        0  stm32f7xx_hal_flash_ex.o(.text.FLASH_Erase_Sector)
    [Anonymous Symbol]                       0x080003ec   Section        0  stm32f7xx_hal_flash_ex.o(.text.FLASH_MassErase)
    FLASH_MassErase                          0x080003ed   Thumb Code    40  stm32f7xx_hal_flash_ex.o(.text.FLASH_MassErase)
    [Anonymous Symbol]                       0x08000410   Section        0  stm32f7xx_hal_flash.o(.text.FLASH_Program_Byte)
    FLASH_Program_Byte                       0x08000411   Thumb Code    36  stm32f7xx_hal_flash.o(.text.FLASH_Program_Byte)
    [Anonymous Symbol]                       0x08000430   Section        0  stm32f7xx_hal_flash.o(.text.FLASH_Program_DoubleWord)
    FLASH_Program_DoubleWord                 0x08000431   Thumb Code    44  stm32f7xx_hal_flash.o(.text.FLASH_Program_DoubleWord)
    [Anonymous Symbol]                       0x08000458   Section        0  stm32f7xx_hal_flash.o(.text.FLASH_Program_HalfWord)
    FLASH_Program_HalfWord                   0x08000459   Thumb Code    40  stm32f7xx_hal_flash.o(.text.FLASH_Program_HalfWord)
    [Anonymous Symbol]                       0x0800047c   Section        0  stm32f7xx_hal_flash.o(.text.FLASH_Program_Word)
    FLASH_Program_Word                       0x0800047d   Thumb Code    40  stm32f7xx_hal_flash.o(.text.FLASH_Program_Word)
    __arm_cp.4_0                             0x080004a0   Number         4  stm32f7xx_hal_flash.o(.text.FLASH_Program_Word)
    [Anonymous Symbol]                       0x080004a4   Section        0  stm32f7xx_hal_flash.o(.text.FLASH_SetErrorCode)
    FLASH_SetErrorCode                       0x080004a5   Thumb Code   108  stm32f7xx_hal_flash.o(.text.FLASH_SetErrorCode)
    [Anonymous Symbol]                       0x08000508   Section        0  stm32f7xx_hal_flash.o(.text.FLASH_WaitForLastOperation)
    __arm_cp.1_1                             0x0800055c   Number         4  stm32f7xx_hal_flash.o(.text.FLASH_WaitForLastOperation)
    [Anonymous Symbol]                       0x08000560   Section        0  stm32f7xx_hal_crc_ex.o(.text.HAL_CRCEx_Polynomial_Set)
    [Anonymous Symbol]                       0x080005c6   Section        0  stm32f7xx_hal_crc.o(.text.HAL_CRC_DeInit)
    [Anonymous Symbol]                       0x080005f8   Section        0  stm32f7xx_hal_crc.o(.text.HAL_CRC_Init)
    __arm_cp.0_0                             0x08000664   Number         4  stm32f7xx_hal_crc.o(.text.HAL_CRC_Init)
    [Anonymous Symbol]                       0x08000668   Section        0  stm32f7xx_hal_crc.o(.text.HAL_CRC_MspDeInit)
    [Anonymous Symbol]                       0x0800066a   Section        0  stm32f7xx_hal_crc.o(.text.HAL_CRC_MspInit)
    [Anonymous Symbol]                       0x0800066c   Section        0  stm32f7xx_hal_dma.o(.text.HAL_DMA_Abort)
    [Anonymous Symbol]                       0x080006fa   Section        0  stm32f7xx_hal_dma.o(.text.HAL_DMA_Abort_IT)
    [Anonymous Symbol]                       0x0800071e   Section        0  stm32f7xx_hal_dma.o(.text.HAL_DMA_DeInit)
    [Anonymous Symbol]                       0x0800076c   Section        0  stm32f7xx_hal.o(.text.HAL_DeInit)
    __arm_cp.3_0                             0x08000794   Number         4  stm32f7xx_hal.o(.text.HAL_DeInit)
    [Anonymous Symbol]                       0x08000798   Section        0  stm32f7xx_hal.o(.text.HAL_Delay)
    [Anonymous Symbol]                       0x080007b0   Section        0  stm32f7xx_hal_flash_ex.o(.text.HAL_FLASHEx_Erase)
    __arm_cp.0_0                             0x08000840   Number         4  stm32f7xx_hal_flash_ex.o(.text.HAL_FLASHEx_Erase)
    __arm_cp.0_1                             0x08000844   Number         4  stm32f7xx_hal_flash_ex.o(.text.HAL_FLASHEx_Erase)
    [Anonymous Symbol]                       0x08000848   Section        0  stm32f7xx_hal_flash.o(.text.HAL_FLASH_Lock)
    __arm_cp.12_0                            0x08000858   Number         4  stm32f7xx_hal_flash.o(.text.HAL_FLASH_Lock)
    [Anonymous Symbol]                       0x0800085c   Section        0  stm32f7xx_hal_flash.o(.text.HAL_FLASH_OB_Launch)
    __arm_cp.15_0                            0x08000870   Number         4  stm32f7xx_hal_flash.o(.text.HAL_FLASH_OB_Launch)
    [Anonymous Symbol]                       0x08000874   Section        0  stm32f7xx_hal_flash.o(.text.HAL_FLASH_Program)
    __arm_cp.0_0                             0x080008f4   Number         4  stm32f7xx_hal_flash.o(.text.HAL_FLASH_Program)
    __arm_cp.0_1                             0x080008f8   Number         4  stm32f7xx_hal_flash.o(.text.HAL_FLASH_Program)
    [Anonymous Symbol]                       0x080008fc   Section        0  stm32f7xx_hal_flash.o(.text.HAL_FLASH_Unlock)
    __arm_cp.11_0                            0x08000918   Number         4  stm32f7xx_hal_flash.o(.text.HAL_FLASH_Unlock)
    __arm_cp.11_1                            0x0800091c   Number         4  stm32f7xx_hal_flash.o(.text.HAL_FLASH_Unlock)
    __arm_cp.11_2                            0x08000920   Number         4  stm32f7xx_hal_flash.o(.text.HAL_FLASH_Unlock)
    [Anonymous Symbol]                       0x08000924   Section        0  stm32f7xx_hal_gpio.o(.text.HAL_GPIO_DeInit)
    [Anonymous Symbol]                       0x080009fc   Section        0  stm32f7xx_hal_gpio.o(.text.HAL_GPIO_Init)
    __arm_cp.0_0                             0x08000b6c   Number         4  stm32f7xx_hal_gpio.o(.text.HAL_GPIO_Init)
    __arm_cp.0_1                             0x08000b70   Number         4  stm32f7xx_hal_gpio.o(.text.HAL_GPIO_Init)
    __arm_cp.0_2                             0x08000b74   Number         4  stm32f7xx_hal_gpio.o(.text.HAL_GPIO_Init)
    __arm_cp.0_3                             0x08000b78   Number         4  stm32f7xx_hal_gpio.o(.text.HAL_GPIO_Init)
    __arm_cp.0_4                             0x08000b7c   Number         4  stm32f7xx_hal_gpio.o(.text.HAL_GPIO_Init)
    __arm_cp.0_5                             0x08000b80   Number         4  stm32f7xx_hal_gpio.o(.text.HAL_GPIO_Init)
    __arm_cp.0_6                             0x08000b84   Number         4  stm32f7xx_hal_gpio.o(.text.HAL_GPIO_Init)
    [Anonymous Symbol]                       0x08000b88   Section        0  stm32f7xx_hal_gpio.o(.text.HAL_GPIO_WritePin)
    [Anonymous Symbol]                       0x08000b94   Section        0  stm32f7xx_hal.o(.text.HAL_GetTick)
    [Anonymous Symbol]                       0x08000b9c   Section        0  stm32f7xx_hal.o(.text.HAL_IncTick)
    __arm_cp.5_0                             0x08000ba8   Number         4  stm32f7xx_hal.o(.text.HAL_IncTick)
    [Anonymous Symbol]                       0x08000bac   Section        0  stm32f7xx_hal.o(.text.HAL_Init)
    __arm_cp.0_0                             0x08000bcc   Number         4  stm32f7xx_hal.o(.text.HAL_Init)
    [Anonymous Symbol]                       0x08000bd0   Section        0  stm32f7xx_hal.o(.text.HAL_InitTick)
    __arm_cp.1_0                             0x08000bf4   Number         4  stm32f7xx_hal.o(.text.HAL_InitTick)
    [Anonymous Symbol]                       0x08000bf8   Section        0  stm32f7xx_hal_cortex.o(.text.HAL_MPU_ConfigRegion)
    __arm_cp.10_0                            0x08000c44   Number         4  stm32f7xx_hal_cortex.o(.text.HAL_MPU_ConfigRegion)
    [Anonymous Symbol]                       0x08000c48   Section        0  stm32f7xx_hal_cortex.o(.text.HAL_MPU_Disable)
    [Anonymous Symbol]                       0x08000c5c   Section        0  stm32f7xx_hal_cortex.o(.text.HAL_MPU_Enable)
    __arm_cp.9_0                             0x08000c78   Number         4  stm32f7xx_hal_cortex.o(.text.HAL_MPU_Enable)
    [Anonymous Symbol]                       0x08000c7c   Section        0  stm32f7xx_hal.o(.text.HAL_MspDeInit)
    [Anonymous Symbol]                       0x08000c7e   Section        0  stm32f7xx_hal.o(.text.HAL_MspInit)
    [Anonymous Symbol]                       0x08000c80   Section        0  stm32f7xx_hal_cortex.o(.text.HAL_NVIC_DisableIRQ)
    __arm_cp.4_0                             0x08000ca0   Number         4  stm32f7xx_hal_cortex.o(.text.HAL_NVIC_DisableIRQ)
    [Anonymous Symbol]                       0x08000ca4   Section        0  stm32f7xx_hal_cortex.o(.text.HAL_NVIC_EnableIRQ)
    __arm_cp.3_0                             0x08000cbc   Number         4  stm32f7xx_hal_cortex.o(.text.HAL_NVIC_EnableIRQ)
    [Anonymous Symbol]                       0x08000cc0   Section        0  stm32f7xx_hal_cortex.o(.text.HAL_NVIC_SetPriority)
    [Anonymous Symbol]                       0x08000d04   Section        0  stm32f7xx_hal_cortex.o(.text.HAL_NVIC_SetPriorityGrouping)
    __arm_cp.0_0                             0x08000d1c   Number         4  stm32f7xx_hal_cortex.o(.text.HAL_NVIC_SetPriorityGrouping)
    __arm_cp.0_1                             0x08000d20   Number         4  stm32f7xx_hal_cortex.o(.text.HAL_NVIC_SetPriorityGrouping)
    [Anonymous Symbol]                       0x08000d24   Section        0  stm32f7xx_hal_pwr_ex.o(.text.HAL_PWREx_EnableOverDrive)
    __arm_cp.8_0                             0x08000d90   Number         4  stm32f7xx_hal_pwr_ex.o(.text.HAL_PWREx_EnableOverDrive)
    __arm_cp.8_1                             0x08000d94   Number         4  stm32f7xx_hal_pwr_ex.o(.text.HAL_PWREx_EnableOverDrive)
    [Anonymous Symbol]                       0x08000d98   Section        0  stm32f7xx_hal_qspi.o(.text.HAL_QSPI_Abort)
    [Anonymous Symbol]                       0x08000e14   Section        0  stm32f7xx_hal_qspi.o(.text.HAL_QSPI_AbortCpltCallback)
    [Anonymous Symbol]                       0x08000e18   Section        0  stm32f7xx_hal_qspi.o(.text.HAL_QSPI_Abort_IT)
    [Anonymous Symbol]                       0x08000e74   Section        0  stm32f7xx_hal_qspi.o(.text.HAL_QSPI_AutoPolling)
    [Anonymous Symbol]                       0x08000f18   Section        0  stm32f7xx_hal_qspi.o(.text.HAL_QSPI_CmdCpltCallback)
    [Anonymous Symbol]                       0x08000f1a   Section        0  stm32f7xx_hal_qspi.o(.text.HAL_QSPI_Command)
    [Anonymous Symbol]                       0x08000f9c   Section        0  stm32746g_qspi.o(.text.HAL_QSPI_DeInit)
    __arm_cp.1_0                             0x08000fd8   Number         4  stm32746g_qspi.o(.text.HAL_QSPI_DeInit)
    [Anonymous Symbol]                       0x08000fdc   Section        0  stm32f7xx_hal_qspi.o(.text.HAL_QSPI_ErrorCallback)
    [Anonymous Symbol]                       0x08000fde   Section        0  stm32f7xx_hal_qspi.o(.text.HAL_QSPI_FifoThresholdCallback)
    [Anonymous Symbol]                       0x08000fe0   Section        0  stm32f7xx_hal_qspi.o(.text.HAL_QSPI_IRQHandler)
    __arm_cp.3_0                             0x080011e0   Number         4  stm32f7xx_hal_qspi.o(.text.HAL_QSPI_IRQHandler)
    [Anonymous Symbol]                       0x080011e4   Section        0  stm32f7xx_hal_qspi.o(.text.HAL_QSPI_Init)
    __arm_cp.0_0                             0x0800129c   Number         4  stm32f7xx_hal_qspi.o(.text.HAL_QSPI_Init)
    __arm_cp.0_1                             0x080012a0   Number         4  stm32f7xx_hal_qspi.o(.text.HAL_QSPI_Init)
    [Anonymous Symbol]                       0x080012a4   Section        0  stm32f7xx_hal_qspi.o(.text.HAL_QSPI_MemoryMapped)
    [Anonymous Symbol]                       0x08001328   Section        0  stm32746g_qspi.o(.text.HAL_QSPI_MspDeInit)
    __arm_cp.11_0                            0x0800138c   Number         4  stm32746g_qspi.o(.text.HAL_QSPI_MspDeInit)
    __arm_cp.11_1                            0x08001390   Number         4  stm32746g_qspi.o(.text.HAL_QSPI_MspDeInit)
    __arm_cp.11_3                            0x08001394   Number         4  stm32746g_qspi.o(.text.HAL_QSPI_MspDeInit)
    __arm_cp.11_4                            0x08001398   Number         4  stm32746g_qspi.o(.text.HAL_QSPI_MspDeInit)
    [Anonymous Symbol]                       0x0800139c   Section        0  stm32746g_qspi.o(.text.HAL_QSPI_MspInit)
    __arm_cp.12_0                            0x080014d0   Number         4  stm32746g_qspi.o(.text.HAL_QSPI_MspInit)
    __arm_cp.12_1                            0x080014d4   Number         4  stm32746g_qspi.o(.text.HAL_QSPI_MspInit)
    __arm_cp.12_2                            0x080014d8   Number         4  stm32746g_qspi.o(.text.HAL_QSPI_MspInit)
    [Anonymous Symbol]                       0x080014dc   Section        0  stm32f7xx_hal_qspi.o(.text.HAL_QSPI_Receive)
    [Anonymous Symbol]                       0x0800159e   Section        0  stm32f7xx_hal_qspi.o(.text.HAL_QSPI_RxCpltCallback)
    [Anonymous Symbol]                       0x080015a0   Section        0  stm32f7xx_hal_qspi.o(.text.HAL_QSPI_StatusMatchCallback)
    [Anonymous Symbol]                       0x080015a2   Section        0  stm32f7xx_hal_qspi.o(.text.HAL_QSPI_TimeOutCallback)
    [Anonymous Symbol]                       0x080015a4   Section        0  stm32f7xx_hal_qspi.o(.text.HAL_QSPI_Transmit)
    [Anonymous Symbol]                       0x08001660   Section        0  stm32f7xx_hal_qspi.o(.text.HAL_QSPI_TxCpltCallback)
    [Anonymous Symbol]                       0x08001664   Section        0  stm32f7xx_hal_rcc_ex.o(.text.HAL_RCCEx_PeriphCLKConfig)
    __arm_cp.0_4                             0x08001974   Number         4  stm32f7xx_hal_rcc_ex.o(.text.HAL_RCCEx_PeriphCLKConfig)
    __arm_cp.0_5                             0x08001978   Number         4  stm32f7xx_hal_rcc_ex.o(.text.HAL_RCCEx_PeriphCLKConfig)
    __arm_cp.0_6                             0x0800197c   Number         4  stm32f7xx_hal_rcc_ex.o(.text.HAL_RCCEx_PeriphCLKConfig)
    __arm_cp.0_7                             0x08001980   Number         4  stm32f7xx_hal_rcc_ex.o(.text.HAL_RCCEx_PeriphCLKConfig)
    [Anonymous Symbol]                       0x08001b5c   Section        0  stm32f7xx_hal_rcc.o(.text.HAL_RCC_ClockConfig)
    __arm_cp.2_0                             0x08001c74   Number         4  stm32f7xx_hal_rcc.o(.text.HAL_RCC_ClockConfig)
    __arm_cp.2_1                             0x08001c78   Number         4  stm32f7xx_hal_rcc.o(.text.HAL_RCC_ClockConfig)
    [Anonymous Symbol]                       0x08001c7c   Section        0  stm32f7xx_hal_rcc.o(.text.HAL_RCC_GetHCLKFreq)
    __arm_cp.7_0                             0x08001c84   Number         4  stm32f7xx_hal_rcc.o(.text.HAL_RCC_GetHCLKFreq)
    [Anonymous Symbol]                       0x08001c88   Section        0  stm32f7xx_hal_rcc.o(.text.HAL_RCC_GetSysClockFreq)
    __arm_cp.3_1                             0x08001cd8   Number         4  stm32f7xx_hal_rcc.o(.text.HAL_RCC_GetSysClockFreq)
    __arm_cp.3_2                             0x08001cdc   Number         4  stm32f7xx_hal_rcc.o(.text.HAL_RCC_GetSysClockFreq)
    [Anonymous Symbol]                       0x08001ce0   Section        0  stm32f7xx_hal_rcc.o(.text.HAL_RCC_OscConfig)
    __arm_cp.1_0                             0x0800201c   Number         4  stm32f7xx_hal_rcc.o(.text.HAL_RCC_OscConfig)
    __arm_cp.1_1                             0x08002020   Number         4  stm32f7xx_hal_rcc.o(.text.HAL_RCC_OscConfig)
    __arm_cp.1_2                             0x08002024   Number         4  stm32f7xx_hal_rcc.o(.text.HAL_RCC_OscConfig)
    [Anonymous Symbol]                       0x08002028   Section        0  stm32f7xx_hal_cortex.o(.text.HAL_SYSTICK_CLKSourceConfig)
    [Anonymous Symbol]                       0x0800203c   Section        0  stm32f7xx_hal_cortex.o(.text.HAL_SYSTICK_Config)
    __arm_cp.7_0                             0x0800205c   Number         4  stm32f7xx_hal_cortex.o(.text.HAL_SYSTICK_Config)
    __arm_cp.7_1                             0x08002060   Number         4  stm32f7xx_hal_cortex.o(.text.HAL_SYSTICK_Config)
    [Anonymous Symbol]                       0x08002064   Section        0  stm32f7xx_it.o(.text.HardFault_Handler)
    [Anonymous Symbol]                       0x08002068   Section        0  stm32746g_qspi.o(.text.MX_QSPI_Init)
    __arm_cp.0_2                             0x08002118   Number         4  stm32746g_qspi.o(.text.MX_QSPI_Init)
    [Anonymous Symbol]                       0x0800211c   Section        0  stm32f7xx_it.o(.text.MemManage_Handler)
    [Anonymous Symbol]                       0x08002120   Section        0  stm32f7xx_it.o(.text.NMI_Handler)
    [Anonymous Symbol]                       0x08002124   Section        0  stm32746g_qspi.o(.text.QSPI_AutoPollingMemReady)
    QSPI_AutoPollingMemReady                 0x08002125   Thumb Code    92  stm32746g_qspi.o(.text.QSPI_AutoPollingMemReady)
    [Anonymous Symbol]                       0x08002178   Section        0  stm32f7xx_hal_qspi.o(.text.QSPI_Config)
    QSPI_Config                              0x08002179   Thumb Code   422  stm32f7xx_hal_qspi.o(.text.QSPI_Config)
    [Anonymous Symbol]                       0x0800231e   Section        0  stm32f7xx_hal_qspi.o(.text.QSPI_DMAAbortCplt)
    QSPI_DMAAbortCplt                        0x0800231f   Thumb Code    50  stm32f7xx_hal_qspi.o(.text.QSPI_DMAAbortCplt)
    [Anonymous Symbol]                       0x08002350   Section        0  stm32f7xx_hal_qspi.o(.text.QSPI_WaitFlagStateUntilTimeout)
    QSPI_WaitFlagStateUntilTimeout           0x08002351   Thumb Code    82  stm32f7xx_hal_qspi.o(.text.QSPI_WaitFlagStateUntilTimeout)
    [Anonymous Symbol]                       0x080023a4   Section        0  stm32746g_qspi.o(.text.QSPI_WriteEnable)
    QSPI_WriteEnable                         0x080023a5   Thumb Code   120  stm32746g_qspi.o(.text.QSPI_WriteEnable)
    __arm_cp.6_0                             0x08002414   Number         4  stm32746g_qspi.o(.text.QSPI_WriteEnable)
    __arm_cp.6_1                             0x08002418   Number         4  stm32746g_qspi.o(.text.QSPI_WriteEnable)
    [Anonymous Symbol]                       0x0800241c   Section        0  stm32f7xx_it.o(.text.QUADSPI_IRQHandler)
    __arm_cp.7_0                             0x08002424   Number         4  stm32f7xx_it.o(.text.QUADSPI_IRQHandler)
    [Anonymous Symbol]                       0x08002428   Section        0  stm32f7xx_it.o(.text.SysTick_Handler)
    [Anonymous Symbol]                       0x0800242c   Section        0  system_stm32f7xx.o(.text.SystemInit)
    __arm_cp.0_0                             0x08002468   Number         4  system_stm32f7xx.o(.text.SystemInit)
    __arm_cp.0_1                             0x0800246c   Number         4  system_stm32f7xx.o(.text.SystemInit)
    __arm_cp.0_2                             0x08002470   Number         4  system_stm32f7xx.o(.text.SystemInit)
    __arm_cp.0_3                             0x08002474   Number         4  system_stm32f7xx.o(.text.SystemInit)
    [Anonymous Symbol]                       0x08002478   Section        0  stm32f7xx_it.o(.text.UsageFault_Handler)
    [Anonymous Symbol]                       0x0800247c   Section        0  stm32f7xx_hal_cortex.o(.text.__NVIC_SetPriority)
    __NVIC_SetPriority                       0x0800247d   Thumb Code    36  stm32f7xx_hal_cortex.o(.text.__NVIC_SetPriority)
    __arm_cp.2_0                             0x08002498   Number         4  stm32f7xx_hal_cortex.o(.text.__NVIC_SetPriority)
    [Anonymous Symbol]                       0x0800249c   Section        0  main.o(.text.main)
    __arm_cp.0_0                             0x080027e8   Number         4  main.o(.text.main)
    __arm_cp.0_1                             0x080027ec   Number         4  main.o(.text.main)
    __arm_cp.0_2                             0x080027f0   Number         4  main.o(.text.main)
    __arm_cp.0_3                             0x080027f4   Number         4  main.o(.text.main)
    __arm_cp.0_4                             0x080027f8   Number         4  main.o(.text.main)
    __arm_cp.0_5                             0x080027fc   Number         4  main.o(.text.main)
    __arm_cp.0_6                             0x08002800   Number         4  main.o(.text.main)
    __arm_cp.0_7                             0x08002804   Number         4  main.o(.text.main)
    __arm_cp.0_8                             0x08002808   Number         4  main.o(.text.main)
    __arm_cp.0_9                             0x0800280c   Number         4  main.o(.text.main)
    __arm_cp.0_10                            0x08002810   Number         4  main.o(.text.main)
    __arm_cp.0_11                            0x08002814   Number         4  main.o(.text.main)
    __arm_cp.0_12                            0x08002818   Number         4  main.o(.text.main)
    __arm_cp.0_13                            0x0800281c   Number         4  main.o(.text.main)
    __arm_cp.0_14                            0x08002820   Number         4  main.o(.text.main)
    __arm_cp.0_15                            0x08002824   Number         4  main.o(.text.main)
    __arm_cp.0_16                            0x08002828   Number         4  main.o(.text.main)
    i.__scatterload_copy                     0x0800282c   Section       14  handlers.o(i.__scatterload_copy)
    i.__scatterload_null                     0x0800283a   Section        2  handlers.o(i.__scatterload_null)
    i.__scatterload_zeroinit                 0x0800283c   Section       14  handlers.o(i.__scatterload_zeroinit)
    [Anonymous Symbol]                       0x20000010   Section        0  stm32746g_qspi.o(.bss..L_MergedGlobals)
    [Anonymous Symbol]                       0x20000070   Section        0  main.o(.bss..L_MergedGlobals)
    [Anonymous Symbol]                       0x200000c0   Section        0  stm32746g_qspi.o(.bss..L_MergedGlobals.1)
    [Anonymous Symbol]                       0x2000010c   Section        0  main.o(.bss.EraseInitStruct)
    EraseInitStruct                          0x2000010c   Data          16  main.o(.bss.EraseInitStruct)
    [Anonymous Symbol]                       0x2000011c   Section        0  stm32746g_qspi.o(.bss.HAL_QSPI_MspDeInit.hdma)
    HAL_QSPI_MspDeInit.hdma                  0x2000011c   Data          96  stm32746g_qspi.o(.bss.HAL_QSPI_MspDeInit.hdma)
    STACK                                    0x200001a0   Section    131072  startup_stm32f746xx.o(STACK)

    Global Symbols

    Symbol Name                              Value     Ov Type        Size  Object(Section)

    BuildAttributes$$THM_ISAv4$E$P$D$K$B$S$7EM$VFPi5$EXTD16$VFPS$VFMA$PE$PLD8$A:L22UL41UL21$X:L11$S22US41US21$IEEE1$IW$~IW$USESV6$~STKCKD$USESV7$~SHL$OSPACE$EBA8$MICROLIB$REQ8$PRES8$EABIv2 0x00000000   Number         0  anon$$obj.o ABSOLUTE
    __cpp_initialize__aeabi_                  - Undefined Weak Reference
    __cxa_finalize                            - Undefined Weak Reference
    __decompress                              - Undefined Weak Reference
    _clock_init                               - Undefined Weak Reference
    _microlib_exit                            - Undefined Weak Reference
    __Vectors_Size                           0x000001c8   Number         0  startup_stm32f746xx.o ABSOLUTE
    __Vectors                                0x08000000   Data           4  startup_stm32f746xx.o(RESET)
    __Vectors_End                            0x080001c8   Data           0  startup_stm32f746xx.o(RESET)
    __main                                   0x080001c9   Thumb Code     0  entry.o(.ARM.Collect$$$$00000000)
    _main_stk                                0x080001c9   Thumb Code     0  entry2.o(.ARM.Collect$$$$00000001)
    _main_scatterload                        0x080001cd   Thumb Code     0  entry5.o(.ARM.Collect$$$$00000004)
    __main_after_scatterload                 0x080001d1   Thumb Code     0  entry5.o(.ARM.Collect$$$$00000004)
    _main_clock                              0x080001d1   Thumb Code     0  entry7b.o(.ARM.Collect$$$$00000008)
    _main_cpp_init                           0x080001d1   Thumb Code     0  entry8b.o(.ARM.Collect$$$$0000000A)
    _main_init                               0x080001d1   Thumb Code     0  entry9a.o(.ARM.Collect$$$$0000000B)
    __rt_final_cpp                           0x080001d9   Thumb Code     0  entry10a.o(.ARM.Collect$$$$0000000D)
    __rt_final_exit                          0x080001d9   Thumb Code     0  entry11a.o(.ARM.Collect$$$$0000000F)
    Reset_Handler                            0x080001dd   Thumb Code     8  startup_stm32f746xx.o(.text)
    SVC_Handler                              0x080001ef   Thumb Code     2  startup_stm32f746xx.o(.text)
    PendSV_Handler                           0x080001f3   Thumb Code     2  startup_stm32f746xx.o(.text)
    ADC_IRQHandler                           0x080001f7   Thumb Code     0  startup_stm32f746xx.o(.text)
    CAN1_RX0_IRQHandler                      0x080001f7   Thumb Code     0  startup_stm32f746xx.o(.text)
    CAN1_RX1_IRQHandler                      0x080001f7   Thumb Code     0  startup_stm32f746xx.o(.text)
    CAN1_SCE_IRQHandler                      0x080001f7   Thumb Code     0  startup_stm32f746xx.o(.text)
    CAN1_TX_IRQHandler                       0x080001f7   Thumb Code     0  startup_stm32f746xx.o(.text)
    CAN2_RX0_IRQHandler                      0x080001f7   Thumb Code     0  startup_stm32f746xx.o(.text)
    CAN2_RX1_IRQHandler                      0x080001f7   Thumb Code     0  startup_stm32f746xx.o(.text)
    CAN2_SCE_IRQHandler                      0x080001f7   Thumb Code     0  startup_stm32f746xx.o(.text)
    CAN2_TX_IRQHandler                       0x080001f7   Thumb Code     0  startup_stm32f746xx.o(.text)
    CEC_IRQHandler                           0x080001f7   Thumb Code     0  startup_stm32f746xx.o(.text)
    DCMI_IRQHandler                          0x080001f7   Thumb Code     0  startup_stm32f746xx.o(.text)
    DMA1_Stream0_IRQHandler                  0x080001f7   Thumb Code     0  startup_stm32f746xx.o(.text)
    DMA1_Stream1_IRQHandler                  0x080001f7   Thumb Code     0  startup_stm32f746xx.o(.text)
    DMA1_Stream2_IRQHandler                  0x080001f7   Thumb Code     0  startup_stm32f746xx.o(.text)
    DMA1_Stream3_IRQHandler                  0x080001f7   Thumb Code     0  startup_stm32f746xx.o(.text)
    DMA1_Stream4_IRQHandler                  0x080001f7   Thumb Code     0  startup_stm32f746xx.o(.text)
    DMA1_Stream5_IRQHandler                  0x080001f7   Thumb Code     0  startup_stm32f746xx.o(.text)
    DMA1_Stream6_IRQHandler                  0x080001f7   Thumb Code     0  startup_stm32f746xx.o(.text)
    DMA1_Stream7_IRQHandler                  0x080001f7   Thumb Code     0  startup_stm32f746xx.o(.text)
    DMA2D_IRQHandler                         0x080001f7   Thumb Code     0  startup_stm32f746xx.o(.text)
    DMA2_Stream0_IRQHandler                  0x080001f7   Thumb Code     0  startup_stm32f746xx.o(.text)
    DMA2_Stream1_IRQHandler                  0x080001f7   Thumb Code     0  startup_stm32f746xx.o(.text)
    DMA2_Stream2_IRQHandler                  0x080001f7   Thumb Code     0  startup_stm32f746xx.o(.text)
    DMA2_Stream3_IRQHandler                  0x080001f7   Thumb Code     0  startup_stm32f746xx.o(.text)
    DMA2_Stream4_IRQHandler                  0x080001f7   Thumb Code     0  startup_stm32f746xx.o(.text)
    DMA2_Stream5_IRQHandler                  0x080001f7   Thumb Code     0  startup_stm32f746xx.o(.text)
    DMA2_Stream6_IRQHandler                  0x080001f7   Thumb Code     0  startup_stm32f746xx.o(.text)
    DMA2_Stream7_IRQHandler                  0x080001f7   Thumb Code     0  startup_stm32f746xx.o(.text)
    ETH_IRQHandler                           0x080001f7   Thumb Code     0  startup_stm32f746xx.o(.text)
    ETH_WKUP_IRQHandler                      0x080001f7   Thumb Code     0  startup_stm32f746xx.o(.text)
    EXTI0_IRQHandler                         0x080001f7   Thumb Code     0  startup_stm32f746xx.o(.text)
    EXTI15_10_IRQHandler                     0x080001f7   Thumb Code     0  startup_stm32f746xx.o(.text)
    EXTI1_IRQHandler                         0x080001f7   Thumb Code     0  startup_stm32f746xx.o(.text)
    EXTI2_IRQHandler                         0x080001f7   Thumb Code     0  startup_stm32f746xx.o(.text)
    EXTI3_IRQHandler                         0x080001f7   Thumb Code     0  startup_stm32f746xx.o(.text)
    EXTI4_IRQHandler                         0x080001f7   Thumb Code     0  startup_stm32f746xx.o(.text)
    EXTI9_5_IRQHandler                       0x080001f7   Thumb Code     0  startup_stm32f746xx.o(.text)
    FLASH_IRQHandler                         0x080001f7   Thumb Code     0  startup_stm32f746xx.o(.text)
    FMC_IRQHandler                           0x080001f7   Thumb Code     0  startup_stm32f746xx.o(.text)
    FPU_IRQHandler                           0x080001f7   Thumb Code     0  startup_stm32f746xx.o(.text)
    I2C1_ER_IRQHandler                       0x080001f7   Thumb Code     0  startup_stm32f746xx.o(.text)
    I2C1_EV_IRQHandler                       0x080001f7   Thumb Code     0  startup_stm32f746xx.o(.text)
    I2C2_ER_IRQHandler                       0x080001f7   Thumb Code     0  startup_stm32f746xx.o(.text)
    I2C2_EV_IRQHandler                       0x080001f7   Thumb Code     0  startup_stm32f746xx.o(.text)
    I2C3_ER_IRQHandler                       0x080001f7   Thumb Code     0  startup_stm32f746xx.o(.text)
    I2C3_EV_IRQHandler                       0x080001f7   Thumb Code     0  startup_stm32f746xx.o(.text)
    I2C4_ER_IRQHandler                       0x080001f7   Thumb Code     0  startup_stm32f746xx.o(.text)
    I2C4_EV_IRQHandler                       0x080001f7   Thumb Code     0  startup_stm32f746xx.o(.text)
    LPTIM1_IRQHandler                        0x080001f7   Thumb Code     0  startup_stm32f746xx.o(.text)
    LTDC_ER_IRQHandler                       0x080001f7   Thumb Code     0  startup_stm32f746xx.o(.text)
    LTDC_IRQHandler                          0x080001f7   Thumb Code     0  startup_stm32f746xx.o(.text)
    OTG_FS_IRQHandler                        0x080001f7   Thumb Code     0  startup_stm32f746xx.o(.text)
    OTG_FS_WKUP_IRQHandler                   0x080001f7   Thumb Code     0  startup_stm32f746xx.o(.text)
    OTG_HS_EP1_IN_IRQHandler                 0x080001f7   Thumb Code     0  startup_stm32f746xx.o(.text)
    OTG_HS_EP1_OUT_IRQHandler                0x080001f7   Thumb Code     0  startup_stm32f746xx.o(.text)
    OTG_HS_IRQHandler                        0x080001f7   Thumb Code     0  startup_stm32f746xx.o(.text)
    OTG_HS_WKUP_IRQHandler                   0x080001f7   Thumb Code     0  startup_stm32f746xx.o(.text)
    PVD_IRQHandler                           0x080001f7   Thumb Code     0  startup_stm32f746xx.o(.text)
    RCC_IRQHandler                           0x080001f7   Thumb Code     0  startup_stm32f746xx.o(.text)
    RNG_IRQHandler                           0x080001f7   Thumb Code     0  startup_stm32f746xx.o(.text)
    RTC_Alarm_IRQHandler                     0x080001f7   Thumb Code     0  startup_stm32f746xx.o(.text)
    RTC_WKUP_IRQHandler                      0x080001f7   Thumb Code     0  startup_stm32f746xx.o(.text)
    SAI1_IRQHandler                          0x080001f7   Thumb Code     0  startup_stm32f746xx.o(.text)
    SAI2_IRQHandler                          0x080001f7   Thumb Code     0  startup_stm32f746xx.o(.text)
    SDMMC1_IRQHandler                        0x080001f7   Thumb Code     0  startup_stm32f746xx.o(.text)
    SPDIF_RX_IRQHandler                      0x080001f7   Thumb Code     0  startup_stm32f746xx.o(.text)
    SPI1_IRQHandler                          0x080001f7   Thumb Code     0  startup_stm32f746xx.o(.text)
    SPI2_IRQHandler                          0x080001f7   Thumb Code     0  startup_stm32f746xx.o(.text)
    SPI3_IRQHandler                          0x080001f7   Thumb Code     0  startup_stm32f746xx.o(.text)
    SPI4_IRQHandler                          0x080001f7   Thumb Code     0  startup_stm32f746xx.o(.text)
    SPI5_IRQHandler                          0x080001f7   Thumb Code     0  startup_stm32f746xx.o(.text)
    SPI6_IRQHandler                          0x080001f7   Thumb Code     0  startup_stm32f746xx.o(.text)
    TAMP_STAMP_IRQHandler                    0x080001f7   Thumb Code     0  startup_stm32f746xx.o(.text)
    TIM1_BRK_TIM9_IRQHandler                 0x080001f7   Thumb Code     0  startup_stm32f746xx.o(.text)
    TIM1_CC_IRQHandler                       0x080001f7   Thumb Code     0  startup_stm32f746xx.o(.text)
    TIM1_TRG_COM_TIM11_IRQHandler            0x080001f7   Thumb Code     0  startup_stm32f746xx.o(.text)
    TIM1_UP_TIM10_IRQHandler                 0x080001f7   Thumb Code     0  startup_stm32f746xx.o(.text)
    TIM2_IRQHandler                          0x080001f7   Thumb Code     0  startup_stm32f746xx.o(.text)
    TIM3_IRQHandler                          0x080001f7   Thumb Code     0  startup_stm32f746xx.o(.text)
    TIM4_IRQHandler                          0x080001f7   Thumb Code     0  startup_stm32f746xx.o(.text)
    TIM5_IRQHandler                          0x080001f7   Thumb Code     0  startup_stm32f746xx.o(.text)
    TIM6_DAC_IRQHandler                      0x080001f7   Thumb Code     0  startup_stm32f746xx.o(.text)
    TIM7_IRQHandler                          0x080001f7   Thumb Code     0  startup_stm32f746xx.o(.text)
    TIM8_BRK_TIM12_IRQHandler                0x080001f7   Thumb Code     0  startup_stm32f746xx.o(.text)
    TIM8_CC_IRQHandler                       0x080001f7   Thumb Code     0  startup_stm32f746xx.o(.text)
    TIM8_TRG_COM_TIM14_IRQHandler            0x080001f7   Thumb Code     0  startup_stm32f746xx.o(.text)
    TIM8_UP_TIM13_IRQHandler                 0x080001f7   Thumb Code     0  startup_stm32f746xx.o(.text)
    UART4_IRQHandler                         0x080001f7   Thumb Code     0  startup_stm32f746xx.o(.text)
    UART5_IRQHandler                         0x080001f7   Thumb Code     0  startup_stm32f746xx.o(.text)
    UART7_IRQHandler                         0x080001f7   Thumb Code     0  startup_stm32f746xx.o(.text)
    UART8_IRQHandler                         0x080001f7   Thumb Code     0  startup_stm32f746xx.o(.text)
    USART1_IRQHandler                        0x080001f7   Thumb Code     0  startup_stm32f746xx.o(.text)
    USART2_IRQHandler                        0x080001f7   Thumb Code     0  startup_stm32f746xx.o(.text)
    USART3_IRQHandler                        0x080001f7   Thumb Code     0  startup_stm32f746xx.o(.text)
    USART6_IRQHandler                        0x080001f7   Thumb Code     0  startup_stm32f746xx.o(.text)
    WWDG_IRQHandler                          0x080001f7   Thumb Code     0  startup_stm32f746xx.o(.text)
    __aeabi_memset                           0x08000201   Thumb Code    14  memseta.o(.text)
    __aeabi_memset4                          0x08000201   Thumb Code     0  memseta.o(.text)
    __aeabi_memset8                          0x08000201   Thumb Code     0  memseta.o(.text)
    __aeabi_memclr                           0x0800020f   Thumb Code     4  memseta.o(.text)
    __aeabi_memclr4                          0x0800020f   Thumb Code     0  memseta.o(.text)
    __aeabi_memclr8                          0x0800020f   Thumb Code     0  memseta.o(.text)
    _memset$wrapper                          0x08000213   Thumb Code    18  memseta.o(.text)
    __scatterload                            0x08000225   Thumb Code    28  init.o(.text)
    __scatterload_rt2                        0x08000225   Thumb Code     0  init.o(.text)
    BSP_QSPI_EnableMemoryMappedMode          0x08000249   Thumb Code   216  stm32746g_qspi.o(.text.BSP_QSPI_EnableMemoryMappedMode)
    BusFault_Handler                         0x08000321   Thumb Code     4  stm32f7xx_it.o(.text.BusFault_Handler)
    DebugMon_Handler                         0x08000359   Thumb Code     2  stm32f7xx_it.o(.text.DebugMon_Handler)
    Error_Handler                            0x0800035d   Thumb Code    84  main.o(.text.Error_Handler)
    FLASH_Erase_Sector                       0x080003b1   Thumb Code    64  stm32f7xx_hal_flash_ex.o(.text.FLASH_Erase_Sector)
    FLASH_WaitForLastOperation               0x08000509   Thumb Code    92  stm32f7xx_hal_flash.o(.text.FLASH_WaitForLastOperation)
    HAL_CRCEx_Polynomial_Set                 0x08000561   Thumb Code   102  stm32f7xx_hal_crc_ex.o(.text.HAL_CRCEx_Polynomial_Set)
    HAL_CRC_DeInit                           0x080005c7   Thumb Code    50  stm32f7xx_hal_crc.o(.text.HAL_CRC_DeInit)
    HAL_CRC_Init                             0x080005f9   Thumb Code   112  stm32f7xx_hal_crc.o(.text.HAL_CRC_Init)
    HAL_CRC_MspDeInit                        0x08000669   Thumb Code     2  stm32f7xx_hal_crc.o(.text.HAL_CRC_MspDeInit)
    HAL_CRC_MspInit                          0x0800066b   Thumb Code     2  stm32f7xx_hal_crc.o(.text.HAL_CRC_MspInit)
    HAL_DMA_Abort                            0x0800066d   Thumb Code   142  stm32f7xx_hal_dma.o(.text.HAL_DMA_Abort)
    HAL_DMA_Abort_IT                         0x080006fb   Thumb Code    36  stm32f7xx_hal_dma.o(.text.HAL_DMA_Abort_IT)
    HAL_DMA_DeInit                           0x0800071f   Thumb Code    78  stm32f7xx_hal_dma.o(.text.HAL_DMA_DeInit)
    HAL_DeInit                               0x0800076d   Thumb Code    44  stm32f7xx_hal.o(.text.HAL_DeInit)
    HAL_Delay                                0x08000799   Thumb Code    24  stm32f7xx_hal.o(.text.HAL_Delay)
    HAL_FLASHEx_Erase                        0x080007b1   Thumb Code   152  stm32f7xx_hal_flash_ex.o(.text.HAL_FLASHEx_Erase)
    HAL_FLASH_Lock                           0x08000849   Thumb Code    20  stm32f7xx_hal_flash.o(.text.HAL_FLASH_Lock)
    HAL_FLASH_OB_Launch                      0x0800085d   Thumb Code    24  stm32f7xx_hal_flash.o(.text.HAL_FLASH_OB_Launch)
    HAL_FLASH_Program                        0x08000875   Thumb Code   136  stm32f7xx_hal_flash.o(.text.HAL_FLASH_Program)
    HAL_FLASH_Unlock                         0x080008fd   Thumb Code    40  stm32f7xx_hal_flash.o(.text.HAL_FLASH_Unlock)
    HAL_GPIO_DeInit                          0x08000925   Thumb Code   236  stm32f7xx_hal_gpio.o(.text.HAL_GPIO_DeInit)
    HAL_GPIO_Init                            0x080009fd   Thumb Code   396  stm32f7xx_hal_gpio.o(.text.HAL_GPIO_Init)
    HAL_GPIO_WritePin                        0x08000b89   Thumb Code    10  stm32f7xx_hal_gpio.o(.text.HAL_GPIO_WritePin)
    HAL_GetTick                              0x08000b95   Thumb Code    12  stm32f7xx_hal.o(.text.HAL_GetTick)
    HAL_IncTick                              0x08000b9d   Thumb Code    16  stm32f7xx_hal.o(.text.HAL_IncTick)
    HAL_Init                                 0x08000bad   Thumb Code    36  stm32f7xx_hal.o(.text.HAL_Init)
    HAL_InitTick                             0x08000bd1   Thumb Code    40  stm32f7xx_hal.o(.text.HAL_InitTick)
    HAL_MPU_ConfigRegion                     0x08000bf9   Thumb Code    80  stm32f7xx_hal_cortex.o(.text.HAL_MPU_ConfigRegion)
    HAL_MPU_Disable                          0x08000c49   Thumb Code    24  stm32f7xx_hal_cortex.o(.text.HAL_MPU_Disable)
    HAL_MPU_Enable                           0x08000c5d   Thumb Code    32  stm32f7xx_hal_cortex.o(.text.HAL_MPU_Enable)
    HAL_MspDeInit                            0x08000c7d   Thumb Code     2  stm32f7xx_hal.o(.text.HAL_MspDeInit)
    HAL_MspInit                              0x08000c7f   Thumb Code     2  stm32f7xx_hal.o(.text.HAL_MspInit)
    HAL_NVIC_DisableIRQ                      0x08000c81   Thumb Code    36  stm32f7xx_hal_cortex.o(.text.HAL_NVIC_DisableIRQ)
    HAL_NVIC_EnableIRQ                       0x08000ca5   Thumb Code    28  stm32f7xx_hal_cortex.o(.text.HAL_NVIC_EnableIRQ)
    HAL_NVIC_SetPriority                     0x08000cc1   Thumb Code    72  stm32f7xx_hal_cortex.o(.text.HAL_NVIC_SetPriority)
    HAL_NVIC_SetPriorityGrouping             0x08000d05   Thumb Code    32  stm32f7xx_hal_cortex.o(.text.HAL_NVIC_SetPriorityGrouping)
    HAL_PWREx_EnableOverDrive                0x08000d25   Thumb Code   116  stm32f7xx_hal_pwr_ex.o(.text.HAL_PWREx_EnableOverDrive)
    HAL_QSPI_Abort                           0x08000d99   Thumb Code   124  stm32f7xx_hal_qspi.o(.text.HAL_QSPI_Abort)
    HAL_QSPI_AbortCpltCallback               0x08000e15   Thumb Code     2  stm32f7xx_hal_qspi.o(.text.HAL_QSPI_AbortCpltCallback)
    HAL_QSPI_Abort_IT                        0x08000e19   Thumb Code    96  stm32f7xx_hal_qspi.o(.text.HAL_QSPI_Abort_IT)
    HAL_QSPI_AutoPolling                     0x08000e75   Thumb Code   164  stm32f7xx_hal_qspi.o(.text.HAL_QSPI_AutoPolling)
    HAL_QSPI_CmdCpltCallback                 0x08000f19   Thumb Code     2  stm32f7xx_hal_qspi.o(.text.HAL_QSPI_CmdCpltCallback)
    HAL_QSPI_Command                         0x08000f1b   Thumb Code   130  stm32f7xx_hal_qspi.o(.text.HAL_QSPI_Command)
    HAL_QSPI_DeInit                          0x08000f9d   Thumb Code    64  stm32746g_qspi.o(.text.HAL_QSPI_DeInit)
    HAL_QSPI_ErrorCallback                   0x08000fdd   Thumb Code     2  stm32f7xx_hal_qspi.o(.text.HAL_QSPI_ErrorCallback)
    HAL_QSPI_FifoThresholdCallback           0x08000fdf   Thumb Code     2  stm32f7xx_hal_qspi.o(.text.HAL_QSPI_FifoThresholdCallback)
    HAL_QSPI_IRQHandler                      0x08000fe1   Thumb Code   516  stm32f7xx_hal_qspi.o(.text.HAL_QSPI_IRQHandler)
    HAL_QSPI_Init                            0x080011e5   Thumb Code   192  stm32f7xx_hal_qspi.o(.text.HAL_QSPI_Init)
    HAL_QSPI_MemoryMapped                    0x080012a5   Thumb Code   130  stm32f7xx_hal_qspi.o(.text.HAL_QSPI_MemoryMapped)
    HAL_QSPI_MspDeInit                       0x08001329   Thumb Code   120  stm32746g_qspi.o(.text.HAL_QSPI_MspDeInit)
    HAL_QSPI_MspInit                         0x0800139d   Thumb Code   320  stm32746g_qspi.o(.text.HAL_QSPI_MspInit)
    HAL_QSPI_Receive                         0x080014dd   Thumb Code   194  stm32f7xx_hal_qspi.o(.text.HAL_QSPI_Receive)
    HAL_QSPI_RxCpltCallback                  0x0800159f   Thumb Code     2  stm32f7xx_hal_qspi.o(.text.HAL_QSPI_RxCpltCallback)
    HAL_QSPI_StatusMatchCallback             0x080015a1   Thumb Code     2  stm32f7xx_hal_qspi.o(.text.HAL_QSPI_StatusMatchCallback)
    HAL_QSPI_TimeOutCallback                 0x080015a3   Thumb Code     2  stm32f7xx_hal_qspi.o(.text.HAL_QSPI_TimeOutCallback)
    HAL_QSPI_Transmit                        0x080015a5   Thumb Code   188  stm32f7xx_hal_qspi.o(.text.HAL_QSPI_Transmit)
    HAL_QSPI_TxCpltCallback                  0x08001661   Thumb Code     2  stm32f7xx_hal_qspi.o(.text.HAL_QSPI_TxCpltCallback)
    HAL_RCCEx_PeriphCLKConfig                0x08001665   Thumb Code  1272  stm32f7xx_hal_rcc_ex.o(.text.HAL_RCCEx_PeriphCLKConfig)
    HAL_RCC_ClockConfig                      0x08001b5d   Thumb Code   292  stm32f7xx_hal_rcc.o(.text.HAL_RCC_ClockConfig)
    HAL_RCC_GetHCLKFreq                      0x08001c7d   Thumb Code    12  stm32f7xx_hal_rcc.o(.text.HAL_RCC_GetHCLKFreq)
    HAL_RCC_GetSysClockFreq                  0x08001c89   Thumb Code    92  stm32f7xx_hal_rcc.o(.text.HAL_RCC_GetSysClockFreq)
    HAL_RCC_OscConfig                        0x08001ce1   Thumb Code   840  stm32f7xx_hal_rcc.o(.text.HAL_RCC_OscConfig)
    HAL_SYSTICK_CLKSourceConfig              0x08002029   Thumb Code    24  stm32f7xx_hal_cortex.o(.text.HAL_SYSTICK_CLKSourceConfig)
    HAL_SYSTICK_Config                       0x0800203d   Thumb Code    40  stm32f7xx_hal_cortex.o(.text.HAL_SYSTICK_Config)
    HardFault_Handler                        0x08002065   Thumb Code     4  stm32f7xx_it.o(.text.HardFault_Handler)
    MX_QSPI_Init                             0x08002069   Thumb Code   188  stm32746g_qspi.o(.text.MX_QSPI_Init)
    MemManage_Handler                        0x0800211d   Thumb Code     4  stm32f7xx_it.o(.text.MemManage_Handler)
    NMI_Handler                              0x08002121   Thumb Code     4  stm32f7xx_it.o(.text.NMI_Handler)
    QUADSPI_IRQHandler                       0x0800241d   Thumb Code    12  stm32f7xx_it.o(.text.QUADSPI_IRQHandler)
    SysTick_Handler                          0x08002429   Thumb Code     4  stm32f7xx_it.o(.text.SysTick_Handler)
    SystemInit                               0x0800242d   Thumb Code    76  system_stm32f7xx.o(.text.SystemInit)
    UsageFault_Handler                       0x08002479   Thumb Code     4  stm32f7xx_it.o(.text.UsageFault_Handler)
    main                                     0x0800249d   Thumb Code   912  main.o(.text.main)
    __scatterload_copy                       0x0800282d   Thumb Code    14  handlers.o(i.__scatterload_copy)
    __scatterload_null                       0x0800283b   Thumb Code     2  handlers.o(i.__scatterload_null)
    __scatterload_zeroinit                   0x0800283d   Thumb Code    14  handlers.o(i.__scatterload_zeroinit)
    AHBPrescTable                            0x0800284a   Data          16  system_stm32f7xx.o(.rodata.AHBPrescTable)
    Region$$Table$$Base                      0x0800285c   Number         0  anon$$obj.o(Region$$Table)
    Region$$Table$$Limit                     0x0800287c   Number         0  anon$$obj.o(Region$$Table)
    SystemCoreClock                          0x20000000   Data           4  system_stm32f7xx.o(.data.SystemCoreClock)
    configureMemoryMappedMode                0x20000010   Data           1  stm32746g_qspi.o(.bss..L_MergedGlobals)
    sConfig                                  0x20000014   Data          24  stm32746g_qspi.o(.bss..L_MergedGlobals)
    sCommand                                 0x2000002c   Data          56  stm32746g_qspi.o(.bss..L_MergedGlobals)
    FirstSector                              0x20000070   Data           4  main.o(.bss..L_MergedGlobals)
    NbOfSectors                              0x20000074   Data           4  main.o(.bss..L_MergedGlobals)
    flash_address                            0x20000078   Data           4  main.o(.bss..L_MergedGlobals)
    source_address                           0x2000007c   Data           4  main.o(.bss..L_MergedGlobals)
    SECTORError                              0x20000080   Data           4  main.o(.bss..L_MergedGlobals)
    flash_data                               0x20000084   Data           4  main.o(.bss..L_MergedGlobals)
    source_data                              0x20000088   Data           4  main.o(.bss..L_MergedGlobals)
    pgm_status                               0x2000008c   Data           4  main.o(.bss..L_MergedGlobals)
    hcrc                                     0x20000090   Data          36  main.o(.bss..L_MergedGlobals)
    QSPIHandle                               0x200000c0   Data          76  stm32746g_qspi.o(.bss..L_MergedGlobals.1)
    pFlash                                   0x2000017c   Data          28  stm32f7xx_hal_flash.o(.bss.pFlash)
    uwTick                                   0x20000198   Data           4  stm32f7xx_hal.o(.bss.uwTick)
    __initial_sp                             0x200201a0   Data           0  startup_stm32f746xx.o(STACK)



==============================================================================

Memory Map of the image

  Image Entry point : 0x080001c9

  Load Region LR_IROM1 (Base: 0x08000000, Size: 0x00002890, Max: 0x00100000, ABSOLUTE)

    Execution Region ER_IROM1 (Exec base: 0x08000000, Load base: 0x08000000, Size: 0x0000287c, Max: 0x00100000, ABSOLUTE)

    Exec Addr    Load Addr    Size         Type   Attr      Idx    E Section Name        Object

    0x08000000   0x08000000   0x000001c8   Data   RO          855    RESET               startup_stm32f746xx.o
    0x080001c8   0x080001c8   0x00000000   Code   RO          945  * .ARM.Collect$$$$00000000  mc_w.l(entry.o)
    0x080001c8   0x080001c8   0x00000004   Code   RO          950    .ARM.Collect$$$$00000001  mc_w.l(entry2.o)
    0x080001cc   0x080001cc   0x00000004   Code   RO          953    .ARM.Collect$$$$00000004  mc_w.l(entry5.o)
    0x080001d0   0x080001d0   0x00000000   Code   RO          955    .ARM.Collect$$$$00000008  mc_w.l(entry7b.o)
    0x080001d0   0x080001d0   0x00000000   Code   RO          957    .ARM.Collect$$$$0000000A  mc_w.l(entry8b.o)
    0x080001d0   0x080001d0   0x00000008   Code   RO          958    .ARM.Collect$$$$0000000B  mc_w.l(entry9a.o)
    0x080001d8   0x080001d8   0x00000000   Code   RO          960    .ARM.Collect$$$$0000000D  mc_w.l(entry10a.o)
    0x080001d8   0x080001d8   0x00000000   Code   RO          962    .ARM.Collect$$$$0000000F  mc_w.l(entry11a.o)
    0x080001d8   0x080001d8   0x00000004   Code   RO          951    .ARM.Collect$$$$00002712  mc_w.l(entry2.o)
    0x080001dc   0x080001dc   0x00000024   Code   RO          856    .text               startup_stm32f746xx.o
    0x08000200   0x08000200   0x00000024   Code   RO          948    .text               mc_w.l(memseta.o)
    0x08000224   0x08000224   0x00000024   Code   RO          964    .text               mc_w.l(init.o)
    0x08000248   0x08000248   0x000000d8   Code   RO           26    .text.BSP_QSPI_EnableMemoryMappedMode  stm32746g_qspi.o
    0x08000320   0x08000320   0x00000004   Code   RO          869    .text.BusFault_Handler  stm32f7xx_it.o
    0x08000324   0x08000324   0x00000034   Code   RO          179    .text.DMA_CalcBaseAndBitshift  stm32f7xx_hal_dma.o
    0x08000358   0x08000358   0x00000002   Code   RO          873    .text.DebugMon_Handler  stm32f7xx_it.o
    0x0800035a   0x0800035a   0x00000002   PAD
    0x0800035c   0x0800035c   0x00000054   Code   RO          927    .text.Error_Handler  main.o
    0x080003b0   0x080003b0   0x0000003c   Code   RO          267    .text.FLASH_Erase_Sector  stm32f7xx_hal_flash_ex.o
    0x080003ec   0x080003ec   0x00000024   Code   RO          265    .text.FLASH_MassErase  stm32f7xx_hal_flash_ex.o
    0x08000410   0x08000410   0x00000020   Code   RO          221    .text.FLASH_Program_Byte  stm32f7xx_hal_flash.o
    0x08000430   0x08000430   0x00000028   Code   RO          227    .text.FLASH_Program_DoubleWord  stm32f7xx_hal_flash.o
    0x08000458   0x08000458   0x00000024   Code   RO          223    .text.FLASH_Program_HalfWord  stm32f7xx_hal_flash.o
    0x0800047c   0x0800047c   0x00000028   Code   RO          225    .text.FLASH_Program_Word  stm32f7xx_hal_flash.o
    0x080004a4   0x080004a4   0x00000064   Code   RO          235    .text.FLASH_SetErrorCode  stm32f7xx_hal_flash.o
    0x08000508   0x08000508   0x00000058   Code   RO          219    .text.FLASH_WaitForLastOperation  stm32f7xx_hal_flash.o
    0x08000560   0x08000560   0x00000066   Code   RO          733    .text.HAL_CRCEx_Polynomial_Set  stm32f7xx_hal_crc_ex.o
    0x080005c6   0x080005c6   0x00000032   Code   RO          708    .text.HAL_CRC_DeInit  stm32f7xx_hal_crc.o
    0x080005f8   0x080005f8   0x00000070   Code   RO          704    .text.HAL_CRC_Init  stm32f7xx_hal_crc.o
    0x08000668   0x08000668   0x00000002   Code   RO          710    .text.HAL_CRC_MspDeInit  stm32f7xx_hal_crc.o
    0x0800066a   0x0800066a   0x00000002   Code   RO          706    .text.HAL_CRC_MspInit  stm32f7xx_hal_crc.o
    0x0800066c   0x0800066c   0x0000008e   Code   RO          189    .text.HAL_DMA_Abort  stm32f7xx_hal_dma.o
    0x080006fa   0x080006fa   0x00000024   Code   RO          191    .text.HAL_DMA_Abort_IT  stm32f7xx_hal_dma.o
    0x0800071e   0x0800071e   0x0000004e   Code   RO          181    .text.HAL_DMA_DeInit  stm32f7xx_hal_dma.o
    0x0800076c   0x0800076c   0x0000002c   Code   RO           66    .text.HAL_DeInit    stm32f7xx_hal.o
    0x08000798   0x08000798   0x00000018   Code   RO           74    .text.HAL_Delay     stm32f7xx_hal.o
    0x080007b0   0x080007b0   0x00000098   Code   RO          263    .text.HAL_FLASHEx_Erase  stm32f7xx_hal_flash_ex.o
    0x08000848   0x08000848   0x00000014   Code   RO          241    .text.HAL_FLASH_Lock  stm32f7xx_hal_flash.o
    0x0800085c   0x0800085c   0x00000018   Code   RO          247    .text.HAL_FLASH_OB_Launch  stm32f7xx_hal_flash.o
    0x08000874   0x08000874   0x00000088   Code   RO          217    .text.HAL_FLASH_Program  stm32f7xx_hal_flash.o
    0x080008fc   0x080008fc   0x00000028   Code   RO          239    .text.HAL_FLASH_Unlock  stm32f7xx_hal_flash.o
    0x08000924   0x08000924   0x000000d8   Code   RO          290    .text.HAL_GPIO_DeInit  stm32f7xx_hal_gpio.o
    0x080009fc   0x080009fc   0x0000018c   Code   RO          288    .text.HAL_GPIO_Init  stm32f7xx_hal_gpio.o
    0x08000b88   0x08000b88   0x0000000a   Code   RO          294    .text.HAL_GPIO_WritePin  stm32f7xx_hal_gpio.o
    0x08000b92   0x08000b92   0x00000002   PAD
    0x08000b94   0x08000b94   0x00000008   Code   RO           72    .text.HAL_GetTick   stm32f7xx_hal.o
    0x08000b9c   0x08000b9c   0x00000010   Code   RO           70    .text.HAL_IncTick   stm32f7xx_hal.o
    0x08000bac   0x08000bac   0x00000024   Code   RO           60    .text.HAL_Init      stm32f7xx_hal.o
    0x08000bd0   0x08000bd0   0x00000028   Code   RO           62    .text.HAL_InitTick  stm32f7xx_hal.o
    0x08000bf8   0x08000bf8   0x00000050   Code   RO          146    .text.HAL_MPU_ConfigRegion  stm32f7xx_hal_cortex.o
    0x08000c48   0x08000c48   0x00000014   Code   RO          142    .text.HAL_MPU_Disable  stm32f7xx_hal_cortex.o
    0x08000c5c   0x08000c5c   0x00000020   Code   RO          144    .text.HAL_MPU_Enable  stm32f7xx_hal_cortex.o
    0x08000c7c   0x08000c7c   0x00000002   Code   RO           68    .text.HAL_MspDeInit  stm32f7xx_hal.o
    0x08000c7e   0x08000c7e   0x00000002   Code   RO           64    .text.HAL_MspInit   stm32f7xx_hal.o
    0x08000c80   0x08000c80   0x00000024   Code   RO          134    .text.HAL_NVIC_DisableIRQ  stm32f7xx_hal_cortex.o
    0x08000ca4   0x08000ca4   0x0000001c   Code   RO          132    .text.HAL_NVIC_EnableIRQ  stm32f7xx_hal_cortex.o
    0x08000cc0   0x08000cc0   0x00000044   Code   RO          128    .text.HAL_NVIC_SetPriority  stm32f7xx_hal_cortex.o
    0x08000d04   0x08000d04   0x00000020   Code   RO          126    .text.HAL_NVIC_SetPriorityGrouping  stm32f7xx_hal_cortex.o
    0x08000d24   0x08000d24   0x00000074   Code   RO          548    .text.HAL_PWREx_EnableOverDrive  stm32f7xx_hal_pwr_ex.o
    0x08000d98   0x08000d98   0x0000007c   Code   RO          786    .text.HAL_QSPI_Abort  stm32f7xx_hal_qspi.o
    0x08000e14   0x08000e14   0x00000002   Code   RO          768    .text.HAL_QSPI_AbortCpltCallback  stm32f7xx_hal_qspi.o
    0x08000e16   0x08000e16   0x00000002   PAD
    0x08000e18   0x08000e18   0x0000005c   Code   RO          760    .text.HAL_QSPI_Abort_IT  stm32f7xx_hal_qspi.o
    0x08000e74   0x08000e74   0x000000a4   Code   RO          808    .text.HAL_QSPI_AutoPolling  stm32f7xx_hal_qspi.o
    0x08000f18   0x08000f18   0x00000002   Code   RO          766    .text.HAL_QSPI_CmdCpltCallback  stm32f7xx_hal_qspi.o
    0x08000f1a   0x08000f1a   0x00000082   Code   RO          778    .text.HAL_QSPI_Command  stm32f7xx_hal_qspi.o
    0x08000f9c   0x08000f9c   0x00000040   Code   RO           22    .text.HAL_QSPI_DeInit  stm32746g_qspi.o
    0x08000fdc   0x08000fdc   0x00000002   Code   RO          770    .text.HAL_QSPI_ErrorCallback  stm32f7xx_hal_qspi.o
    0x08000fde   0x08000fde   0x00000002   Code   RO          758    .text.HAL_QSPI_FifoThresholdCallback  stm32f7xx_hal_qspi.o
    0x08000fe0   0x08000fe0   0x00000204   Code   RO          756    .text.HAL_QSPI_IRQHandler  stm32f7xx_hal_qspi.o
    0x080011e4   0x080011e4   0x000000c0   Code   RO          750    .text.HAL_QSPI_Init  stm32f7xx_hal_qspi.o
    0x080012a4   0x080012a4   0x00000082   Code   RO          812    .text.HAL_QSPI_MemoryMapped  stm32f7xx_hal_qspi.o
    0x08001326   0x08001326   0x00000002   PAD
    0x08001328   0x08001328   0x00000074   Code   RO           42    .text.HAL_QSPI_MspDeInit  stm32746g_qspi.o
    0x0800139c   0x0800139c   0x00000140   Code   RO           44    .text.HAL_QSPI_MspInit  stm32746g_qspi.o
    0x080014dc   0x080014dc   0x000000c2   Code   RO          788    .text.HAL_QSPI_Receive  stm32f7xx_hal_qspi.o
    0x0800159e   0x0800159e   0x00000002   Code   RO          764    .text.HAL_QSPI_RxCpltCallback  stm32f7xx_hal_qspi.o
    0x080015a0   0x080015a0   0x00000002   Code   RO          772    .text.HAL_QSPI_StatusMatchCallback  stm32f7xx_hal_qspi.o
    0x080015a2   0x080015a2   0x00000002   Code   RO          776    .text.HAL_QSPI_TimeOutCallback  stm32f7xx_hal_qspi.o
    0x080015a4   0x080015a4   0x000000bc   Code   RO          784    .text.HAL_QSPI_Transmit  stm32f7xx_hal_qspi.o
    0x08001660   0x08001660   0x00000002   Code   RO          762    .text.HAL_QSPI_TxCpltCallback  stm32f7xx_hal_qspi.o
    0x08001662   0x08001662   0x00000002   PAD
    0x08001664   0x08001664   0x000004f8   Code   RO          608    .text.HAL_RCCEx_PeriphCLKConfig  stm32f7xx_hal_rcc_ex.o
    0x08001b5c   0x08001b5c   0x00000120   Code   RO          573    .text.HAL_RCC_ClockConfig  stm32f7xx_hal_rcc.o
    0x08001c7c   0x08001c7c   0x0000000c   Code   RO          583    .text.HAL_RCC_GetHCLKFreq  stm32f7xx_hal_rcc.o
    0x08001c88   0x08001c88   0x00000058   Code   RO          575    .text.HAL_RCC_GetSysClockFreq  stm32f7xx_hal_rcc.o
    0x08001ce0   0x08001ce0   0x00000348   Code   RO          571    .text.HAL_RCC_OscConfig  stm32f7xx_hal_rcc.o
    0x08002028   0x08002028   0x00000014   Code   RO          160    .text.HAL_SYSTICK_CLKSourceConfig  stm32f7xx_hal_cortex.o
    0x0800203c   0x0800203c   0x00000028   Code   RO          140    .text.HAL_SYSTICK_Config  stm32f7xx_hal_cortex.o
    0x08002064   0x08002064   0x00000004   Code   RO          865    .text.HardFault_Handler  stm32f7xx_it.o
    0x08002068   0x08002068   0x000000b4   Code   RO           20    .text.MX_QSPI_Init  stm32746g_qspi.o
    0x0800211c   0x0800211c   0x00000004   Code   RO          867    .text.MemManage_Handler  stm32f7xx_it.o
    0x08002120   0x08002120   0x00000004   Code   RO          863    .text.NMI_Handler   stm32f7xx_it.o
    0x08002124   0x08002124   0x00000054   Code   RO           24    .text.QSPI_AutoPollingMemReady  stm32746g_qspi.o
    0x08002178   0x08002178   0x000001a6   Code   RO          780    .text.QSPI_Config   stm32f7xx_hal_qspi.o
    0x0800231e   0x0800231e   0x00000032   Code   RO          774    .text.QSPI_DMAAbortCplt  stm32f7xx_hal_qspi.o
    0x08002350   0x08002350   0x00000052   Code   RO          754    .text.QSPI_WaitFlagStateUntilTimeout  stm32f7xx_hal_qspi.o
    0x080023a2   0x080023a2   0x00000002   PAD
    0x080023a4   0x080023a4   0x00000078   Code   RO           32    .text.QSPI_WriteEnable  stm32746g_qspi.o
    0x0800241c   0x0800241c   0x0000000c   Code   RO          877    .text.QUADSPI_IRQHandler  stm32f7xx_it.o
    0x08002428   0x08002428   0x00000004   Code   RO          875    .text.SysTick_Handler  stm32f7xx_it.o
    0x0800242c   0x0800242c   0x0000004c   Code   RO            2    .text.SystemInit    system_stm32f7xx.o
    0x08002478   0x08002478   0x00000004   Code   RO          871    .text.UsageFault_Handler  stm32f7xx_it.o
    0x0800247c   0x0800247c   0x00000020   Code   RO          130    .text.__NVIC_SetPriority  stm32f7xx_hal_cortex.o
    0x0800249c   0x0800249c   0x00000390   Code   RO          925    .text.main          main.o
    0x0800282c   0x0800282c   0x0000000e   Code   RO          968    i.__scatterload_copy  mc_w.l(handlers.o)
    0x0800283a   0x0800283a   0x00000002   Code   RO          969    i.__scatterload_null  mc_w.l(handlers.o)
    0x0800283c   0x0800283c   0x0000000e   Code   RO          970    i.__scatterload_zeroinit  mc_w.l(handlers.o)
    0x0800284a   0x0800284a   0x00000010   Data   RO            7    .rodata.AHBPrescTable  system_stm32f7xx.o
    0x0800285a   0x0800285a   0x00000002   PAD
    0x0800285c   0x0800285c   0x00000020   Data   RO          966    Region$$Table       anon$$obj.o


    Execution Region RW_IRAM1 (Exec base: 0x20000000, Load base: 0x08002880, Size: 0x000201a0, Max: 0x00050000, ABSOLUTE)

    Exec Addr    Load Addr    Size         Type   Attr      Idx    E Section Name        Object

    0x20000000   0x08002880   0x00000004   Data   RW            6    .data.SystemCoreClock  system_stm32f7xx.o
    0x20000004   0x08002884   0x0000000c   PAD
    0x20000010        -       0x00000054   Zero   RW           47    .bss..L_MergedGlobals  stm32746g_qspi.o
    0x20000064   0x08002884   0x0000000c   PAD
    0x20000070        -       0x00000044   Zero   RW          934    .bss..L_MergedGlobals  main.o
    0x200000b4   0x08002884   0x0000000c   PAD
    0x200000c0        -       0x0000004c   Zero   RW           48    .bss..L_MergedGlobals.1  stm32746g_qspi.o
    0x2000010c        -       0x00000010   Zero   RW          929    .bss.EraseInitStruct  main.o
    0x2000011c        -       0x00000060   Zero   RW           46    .bss.HAL_QSPI_MspDeInit.hdma  stm32746g_qspi.o
    0x2000017c        -       0x0000001c   Zero   RW          251    .bss.pFlash         stm32f7xx_hal_flash.o
    0x20000198        -       0x00000004   Zero   RW          112    .bss.uwTick         stm32f7xx_hal.o
    0x2000019c   0x08002884   0x00000004   PAD
    0x200001a0        -       0x00020000   Zero   RW          853    STACK               startup_stm32f746xx.o


==============================================================================

Image component sizes


      Code (inc. data)   RO Data    RW Data    ZI Data      Debug   Object Name

       996         84          0          0         84      12516   main.o
        36          8        456          0     131072        852   startup_stm32f746xx.o
      1100         52          0          0        256      12735   stm32746g_qspi.o
       172         16          0          0          4       8084   stm32f7xx_hal.o
       388         36          0          0          0      11913   stm32f7xx_hal_cortex.o
       166          4          0          0          0       4637   stm32f7xx_hal_crc.o
       102          0          0          0          0       2883   stm32f7xx_hal_crc_ex.o
       308          8          0          0          0       8674   stm32f7xx_hal_dma.o
       556         40          0          0         28       5676   stm32f7xx_hal_flash.o
       248          8          0          0          0       5688   stm32f7xx_hal_flash_ex.o
       622         28          0          0          0       5454   stm32f7xx_hal_gpio.o
       116          8          0          0          0       6380   stm32f7xx_hal_pwr_ex.o
      2300         12          0          0          0      16192   stm32f7xx_hal_qspi.o
      1228         32          0          0          0       7669   stm32f7xx_hal_rcc.o
      1272         16          0          0          0       5831   stm32f7xx_hal_rcc_ex.o
        38          4          0          0          0       1165   stm32f7xx_it.o
        76         16         16          4          0       3553   system_stm32f7xx.o

    ----------------------------------------------------------------------
      9736        372        506          4     131484     119902   Object Totals
         0          0         32          0          0          0   (incl. Generated)
        12          0          2          0         40          0   (incl. Padding)

    ----------------------------------------------------------------------

      Code (inc. data)   RO Data    RW Data    ZI Data      Debug   Library Member Name

         0          0          0          0          0          0   entry.o
         0          0          0          0          0          0   entry10a.o
         0          0          0          0          0          0   entry11a.o
         8          4          0          0          0          0   entry2.o
         4          0          0          0          0          0   entry5.o
         0          0          0          0          0          0   entry7b.o
         0          0          0          0          0          0   entry8b.o
         8          4          0          0          0          0   entry9a.o
        30          0          0          0          0          0   handlers.o
        36          8          0          0          0         68   init.o
        36          0          0          0          0        108   memseta.o

    ----------------------------------------------------------------------
       122         16          0          0          0        176   Library Totals
         0          0          0          0          0          0   (incl. Padding)

    ----------------------------------------------------------------------

      Code (inc. data)   RO Data    RW Data    ZI Data      Debug   Library Name

       122         16          0          0          0        176   mc_w.l

    ----------------------------------------------------------------------
       122         16          0          0          0        176   Library Totals

    ----------------------------------------------------------------------

==============================================================================


      Code (inc. data)   RO Data    RW Data    ZI Data      Debug   

      9858        388        506          4     131484     120042   Grand Totals
      9858        388        506          4     131484     120042   ELF Image Totals
      9858        388        506          4          0          0   ROM Totals

==============================================================================

    Total RO  Size (Code + RO Data)                10364 (  10.12kB)
    Total RW  Size (RW Data + ZI Data)            131488 ( 128.41kB)
    Total ROM Size (Code + RO Data + RW Data)      10368 (  10.13kB)

==============================================================================

