Component: ARM Compiler 6.10.1 Tool: armlink [5d142800]

==============================================================================

Section Cross References

    startup_stm32f103xb.o(RESET) refers to startup_stm32f103xb.o(STACK) for __initial_sp
    startup_stm32f103xb.o(RESET) refers to startup_stm32f103xb.o(.text) for Reset_Handler
    startup_stm32f103xb.o(RESET) refers to lto-llvm-72d964.o(.text) for SysTick_Handler
    startup_stm32f103xb.o(.text) refers to lto-llvm-72d964.o(.text) for SystemInit
    startup_stm32f103xb.o(.text) refers to entry.o(.ARM.Collect$$$$00000000) for __main
    entry.o(.ARM.Collect$$$$00000000) refers (Special) to entry10a.o(.ARM.Collect$$$$0000000D) for __rt_final_cpp
    entry.o(.ARM.Collect$$$$00000000) refers (Special) to entry11a.o(.ARM.Collect$$$$0000000F) for __rt_final_exit
    entry.o(.ARM.Collect$$$$00000000) refers (Special) to entry7b.o(.ARM.Collect$$$$00000008) for _main_clock
    entry.o(.ARM.Collect$$$$00000000) refers (Special) to entry8b.o(.ARM.Collect$$$$0000000A) for _main_cpp_init
    entry.o(.ARM.Collect$$$$00000000) refers (Special) to entry9a.o(.ARM.Collect$$$$0000000B) for _main_init
    entry.o(.ARM.Collect$$$$00000000) refers (Special) to entry5.o(.ARM.Collect$$$$00000004) for _main_scatterload
    entry.o(.ARM.Collect$$$$00000000) refers (Special) to entry2.o(.ARM.Collect$$$$00000001) for _main_stk
    entry2.o(.ARM.Collect$$$$00000001) refers to entry2.o(.ARM.Collect$$$$00002712) for __lit__00000000
    entry2.o(.ARM.Collect$$$$00002712) refers to startup_stm32f103xb.o(STACK) for __initial_sp
    entry2.o(__vectab_stack_and_reset_area) refers to startup_stm32f103xb.o(STACK) for __initial_sp
    entry2.o(__vectab_stack_and_reset_area) refers to entry.o(.ARM.Collect$$$$00000000) for __main
    entry5.o(.ARM.Collect$$$$00000004) refers to init.o(.text) for __scatterload
    entry9a.o(.ARM.Collect$$$$0000000B) refers to lto-llvm-72d964.o(.text) for main
    entry9b.o(.ARM.Collect$$$$0000000C) refers to lto-llvm-72d964.o(.text) for main
    init.o(.text) refers to entry5.o(.ARM.Collect$$$$00000004) for __main_after_scatterload
    lto-llvm-72d964.o(.text) refers to lto-llvm-72d964.o(.bss) for [Anonymous Symbol]
    lto-llvm-72d964.o(.text) refers to lto-llvm-72d964.o(.rodata.cst16) for aAPBAHBPrescTable
    lto-llvm-72d964.o(.ARM.exidx) refers to lto-llvm-72d964.o(.text) for [Anonymous Symbol]


==============================================================================

Removing Unused input sections from the image.

    Removing startup_stm32f103xb.o(HEAP), (0 bytes).
    Removing lto-llvm-72d964.o(.ARM.exidx), (216 bytes).
    Removing lto-llvm-72d964.o(.ARM.use_no_argv), (4 bytes).

3 unused section(s) (total 220 bytes) removed from the image.

==============================================================================

Image Symbol Table

    Local Symbols

    Symbol Name                              Value     Ov Type        Size  Object(Section)

    ../clib/microlib/init/entry.s            0x00000000   Number         0  entry9a.o ABSOLUTE
    ../clib/microlib/init/entry.s            0x00000000   Number         0  entry8b.o ABSOLUTE
    ../clib/microlib/init/entry.s            0x00000000   Number         0  entry9b.o ABSOLUTE
    ../clib/microlib/init/entry.s            0x00000000   Number         0  entry.o ABSOLUTE
    ../clib/microlib/init/entry.s            0x00000000   Number         0  entry2.o ABSOLUTE
    ../clib/microlib/init/entry.s            0x00000000   Number         0  entry11b.o ABSOLUTE
    ../clib/microlib/init/entry.s            0x00000000   Number         0  entry11a.o ABSOLUTE
    ../clib/microlib/init/entry.s            0x00000000   Number         0  entry5.o ABSOLUTE
    ../clib/microlib/init/entry.s            0x00000000   Number         0  entry10b.o ABSOLUTE
    ../clib/microlib/init/entry.s            0x00000000   Number         0  entry7a.o ABSOLUTE
    ../clib/microlib/init/entry.s            0x00000000   Number         0  entry7b.o ABSOLUTE
    ../clib/microlib/init/entry.s            0x00000000   Number         0  entry10a.o ABSOLUTE
    ../clib/microlib/init/entry.s            0x00000000   Number         0  entry8a.o ABSOLUTE
    dc.s                                     0x00000000   Number         0  dc.o ABSOLUTE
    handlers.s                               0x00000000   Number         0  handlers.o ABSOLUTE
    init.s                                   0x00000000   Number         0  init.o ABSOLUTE
    ld-temp.o                                0x00000000   Number         0  lto-llvm-72d964.o ABSOLUTE
    startup_stm32f103xb.s                    0x00000000   Number         0  startup_stm32f103xb.o ABSOLUTE
    RESET                                    0x08000000   Section      236  startup_stm32f103xb.o(RESET)
    .ARM.Collect$$$$00000000                 0x080000ec   Section        0  entry.o(.ARM.Collect$$$$00000000)
    .ARM.Collect$$$$00000001                 0x080000ec   Section        4  entry2.o(.ARM.Collect$$$$00000001)
    .ARM.Collect$$$$00000004                 0x080000f0   Section        4  entry5.o(.ARM.Collect$$$$00000004)
    .ARM.Collect$$$$00000008                 0x080000f4   Section        0  entry7b.o(.ARM.Collect$$$$00000008)
    .ARM.Collect$$$$0000000A                 0x080000f4   Section        0  entry8b.o(.ARM.Collect$$$$0000000A)
    .ARM.Collect$$$$0000000B                 0x080000f4   Section        8  entry9a.o(.ARM.Collect$$$$0000000B)
    .ARM.Collect$$$$0000000D                 0x080000fc   Section        0  entry10a.o(.ARM.Collect$$$$0000000D)
    .ARM.Collect$$$$0000000F                 0x080000fc   Section        0  entry11a.o(.ARM.Collect$$$$0000000F)
    .ARM.Collect$$$$00002712                 0x080000fc   Section        4  entry2.o(.ARM.Collect$$$$00002712)
    __lit__00000000                          0x080000fc   Data           4  entry2.o(.ARM.Collect$$$$00002712)
    .text                                    0x08000100   Section       36  startup_stm32f103xb.o(.text)
    .text                                    0x08000124   Section       36  init.o(.text)
    [Anonymous Symbol]                       0x08000148   Section        0  lto-llvm-72d964.o(.text)
    __arm_cp.0_0                             0x08000184   Number         4  lto-llvm-72d964.o(.text)
    __arm_cp.0_1                             0x08000188   Number         4  lto-llvm-72d964.o(.text)
    __arm_cp.0_2                             0x0800018c   Number         4  lto-llvm-72d964.o(.text)
    __arm_cp.0_3                             0x08000190   Number         4  lto-llvm-72d964.o(.text)
    HAL_SPI_Transmit                         0x08000195   Thumb Code   332  lto-llvm-72d964.o(.text)
    __arm_cp.1_0                             0x080002dc   Number         4  lto-llvm-72d964.o(.text)
    SPI_WaitOnFlagUntilTimeout               0x080002e1   Thumb Code   148  lto-llvm-72d964.o(.text)
    __arm_cp.2_0                             0x0800036c   Number         4  lto-llvm-72d964.o(.text)
    __arm_cp.2_1                             0x08000370   Number         4  lto-llvm-72d964.o(.text)
    HAL_NVIC_SystemReset                     0x08000375   Thumb Code     4  lto-llvm-72d964.o(.text)
    __NVIC_SystemReset                       0x08000379   Thumb Code    36  lto-llvm-72d964.o(.text)
    __arm_cp.4_0                             0x08000394   Number         4  lto-llvm-72d964.o(.text)
    __arm_cp.4_1                             0x08000398   Number         4  lto-llvm-72d964.o(.text)
    HAL_I2C_Master_Transmit                  0x0800039d   Thumb Code   332  lto-llvm-72d964.o(.text)
    __arm_cp.5_0                             0x080004e0   Number         4  lto-llvm-72d964.o(.text)
    __arm_cp.5_1                             0x080004e4   Number         4  lto-llvm-72d964.o(.text)
    I2C_WaitOnFlagUntilTimeout               0x080004e9   Thumb Code   124  lto-llvm-72d964.o(.text)
    __arm_cp.6_0                             0x08000560   Number         4  lto-llvm-72d964.o(.text)
    I2C_IsAcknowledgeFailed                  0x08000565   Thumb Code    44  lto-llvm-72d964.o(.text)
    __arm_cp.7_0                             0x0800058c   Number         4  lto-llvm-72d964.o(.text)
    I2C_WaitOnMasterAddressFlagUntilTimeout  0x08000591   Thumb Code   120  lto-llvm-72d964.o(.text)
    __arm_cp.8_0                             0x08000604   Number         4  lto-llvm-72d964.o(.text)
    HAL_I2C_Master_Receive                   0x08000609   Thumb Code   560  lto-llvm-72d964.o(.text)
    __arm_cp.9_0                             0x08000830   Number         4  lto-llvm-72d964.o(.text)
    __arm_cp.9_1                             0x08000834   Number         4  lto-llvm-72d964.o(.text)
    I2C_WaitOnRXNEFlagUntilTimeout           0x08000839   Thumb Code    72  lto-llvm-72d964.o(.text)
    __arm_cp.10_0                            0x0800087c   Number         4  lto-llvm-72d964.o(.text)
    HAL_I2C_IsDeviceReady                    0x08000881   Thumb Code   264  lto-llvm-72d964.o(.text)
    __arm_cp.11_0                            0x08000980   Number         4  lto-llvm-72d964.o(.text)
    __arm_cp.11_1                            0x08000984   Number         4  lto-llvm-72d964.o(.text)
    HAL_GPIO_Init                            0x08000989   Thumb Code   416  lto-llvm-72d964.o(.text)
    __arm_cp.12_0                            0x08000af4   Number         4  lto-llvm-72d964.o(.text)
    __arm_cp.12_1                            0x08000af8   Number         4  lto-llvm-72d964.o(.text)
    __arm_cp.12_2                            0x08000afc   Number         4  lto-llvm-72d964.o(.text)
    __arm_cp.12_3                            0x08000b00   Number         4  lto-llvm-72d964.o(.text)
    __arm_cp.12_4                            0x08000b04   Number         4  lto-llvm-72d964.o(.text)
    __arm_cp.12_5                            0x08000b08   Number         4  lto-llvm-72d964.o(.text)
    __arm_cp.12_6                            0x08000b0c   Number         4  lto-llvm-72d964.o(.text)
    __arm_cp.12_7                            0x08000b10   Number         4  lto-llvm-72d964.o(.text)
    __arm_cp.12_8                            0x08000b14   Number         4  lto-llvm-72d964.o(.text)
    __arm_cp.12_9                            0x08000b18   Number         4  lto-llvm-72d964.o(.text)
    __arm_cp.12_10                           0x08000b1c   Number         4  lto-llvm-72d964.o(.text)
    __arm_cp.12_11                           0x08000b20   Number         4  lto-llvm-72d964.o(.text)
    __arm_cp.12_12                           0x08000b24   Number         4  lto-llvm-72d964.o(.text)
    HAL_GPIO_DeInit                          0x08000b29   Thumb Code   240  lto-llvm-72d964.o(.text)
    __arm_cp.13_0                            0x08000c00   Number         4  lto-llvm-72d964.o(.text)
    __arm_cp.13_1                            0x08000c04   Number         4  lto-llvm-72d964.o(.text)
    __arm_cp.13_2                            0x08000c08   Number         4  lto-llvm-72d964.o(.text)
    __arm_cp.13_3                            0x08000c0c   Number         4  lto-llvm-72d964.o(.text)
    __arm_cp.13_4                            0x08000c10   Number         4  lto-llvm-72d964.o(.text)
    __arm_cp.13_5                            0x08000c14   Number         4  lto-llvm-72d964.o(.text)
    HAL_RCC_GetHCLKFreq                      0x08000c19   Thumb Code   108  lto-llvm-72d964.o(.text)
    __arm_cp.14_0                            0x08000c60   Number         4  lto-llvm-72d964.o(.text)
    __arm_cp.14_1                            0x08000c64   Number         4  lto-llvm-72d964.o(.text)
    HAL_RCC_GetSysClockFreq.aPLLMULFactorTable 0x08000c68   Number         0  lto-llvm-72d964.o(.text)
    HAL_RCC_GetSysClockFreq.aPredivFactorTable 0x08000c78   Number         0  lto-llvm-72d964.o(.text)
    __arm_cp.14_4                            0x08000c7c   Number         4  lto-llvm-72d964.o(.text)
    __arm_cp.14_5                            0x08000c80   Number         4  lto-llvm-72d964.o(.text)
    HAL_InitTick                             0x08000c85   Thumb Code    56  lto-llvm-72d964.o(.text)
    __arm_cp.15_0                            0x08000cb4   Number         4  lto-llvm-72d964.o(.text)
    __arm_cp.15_1                            0x08000cb8   Number         4  lto-llvm-72d964.o(.text)
    FLASH_WaitForLastOperation               0x08000cbd   Thumb Code   164  lto-llvm-72d964.o(.text)
    __arm_cp.16_0                            0x08000d58   Number         4  lto-llvm-72d964.o(.text)
    __arm_cp.16_1                            0x08000d5c   Number         4  lto-llvm-72d964.o(.text)
    HAL_SPI_MspInit                          0x08000d61   Thumb Code    80  lto-llvm-72d964.o(.text)
    __arm_cp.17_0                            0x08000da8   Number         4  lto-llvm-72d964.o(.text)
    __arm_cp.17_1                            0x08000dac   Number         4  lto-llvm-72d964.o(.text)
    HAL_SPI_MspDeInit                        0x08000db1   Thumb Code    28  lto-llvm-72d964.o(.text)
    __arm_cp.18_0                            0x08000dc4   Number         4  lto-llvm-72d964.o(.text)
    __arm_cp.18_1                            0x08000dc8   Number         4  lto-llvm-72d964.o(.text)
    __arm_cp.19_0                            0x08000dd8   Number         4  lto-llvm-72d964.o(.text)
    __arm_cp.20_20                           0x0800103c   Number         4  lto-llvm-72d964.o(.text)
    __arm_cp.20_21                           0x08001040   Number         4  lto-llvm-72d964.o(.text)
    __arm_cp.20_22                           0x08001044   Number         4  lto-llvm-72d964.o(.text)
    __arm_cp.20_24                           0x0800104c   Number         4  lto-llvm-72d964.o(.text)
    __arm_cp.20_25                           0x08001050   Number         4  lto-llvm-72d964.o(.text)
    __arm_cp.20_26                           0x08001054   Number         4  lto-llvm-72d964.o(.text)
    __arm_cp.20_0                            0x080013e8   Number         4  lto-llvm-72d964.o(.text)
    __arm_cp.20_4                            0x080013ec   Number         4  lto-llvm-72d964.o(.text)
    __arm_cp.20_7                            0x080013f0   Number         4  lto-llvm-72d964.o(.text)
    __arm_cp.20_9                            0x080013f4   Number         4  lto-llvm-72d964.o(.text)
    __arm_cp.20_10                           0x080013f8   Number         4  lto-llvm-72d964.o(.text)
    __arm_cp.20_11                           0x080013fc   Number         4  lto-llvm-72d964.o(.text)
    __arm_cp.20_12                           0x08001400   Number         4  lto-llvm-72d964.o(.text)
    __arm_cp.20_13                           0x08001404   Number         4  lto-llvm-72d964.o(.text)
    __arm_cp.20_14                           0x08001408   Number         4  lto-llvm-72d964.o(.text)
    __arm_cp.20_15                           0x0800140c   Number         4  lto-llvm-72d964.o(.text)
    __arm_cp.20_16                           0x08001410   Number         4  lto-llvm-72d964.o(.text)
    __arm_cp.20_17                           0x08001414   Number         4  lto-llvm-72d964.o(.text)
    __arm_cp.20_18                           0x08001418   Number         4  lto-llvm-72d964.o(.text)
    HC595_Load                               0x0800141d   Thumb Code    36  lto-llvm-72d964.o(.text)
    __arm_cp.21_0                            0x08001438   Number         4  lto-llvm-72d964.o(.text)
    __arm_cp.21_1                            0x0800143c   Number         4  lto-llvm-72d964.o(.text)
    LED_RedBlink                             0x08001441   Thumb Code    60  lto-llvm-72d964.o(.text)
    __arm_cp.22_0                            0x08001478   Number         4  lto-llvm-72d964.o(.text)
    HW_DeInit                                0x0800147d   Thumb Code    92  lto-llvm-72d964.o(.text)
    __arm_cp.23_0                            0x080014cc   Number         4  lto-llvm-72d964.o(.text)
    __arm_cp.23_1                            0x080014d0   Number         4  lto-llvm-72d964.o(.text)
    __arm_cp.23_2                            0x080014d4   Number         4  lto-llvm-72d964.o(.text)
    FLASH_Erase                              0x080014d9   Thumb Code   140  lto-llvm-72d964.o(.text)
    __arm_cp.24_0                            0x08001550   Number         4  lto-llvm-72d964.o(.text)
    __arm_cp.24_1                            0x08001554   Number         4  lto-llvm-72d964.o(.text)
    __arm_cp.24_2                            0x08001558   Number         4  lto-llvm-72d964.o(.text)
    __arm_cp.24_3                            0x0800155c   Number         4  lto-llvm-72d964.o(.text)
    __arm_cp.24_4                            0x08001560   Number         4  lto-llvm-72d964.o(.text)
    FLASH_WriteFirmware                      0x08001565   Thumb Code  1372  lto-llvm-72d964.o(.text)
    __arm_cp.25_8                            0x08001914   Number         4  lto-llvm-72d964.o(.text)
    __arm_cp.25_1                            0x08001aa4   Number         4  lto-llvm-72d964.o(.text)
    __arm_cp.25_2                            0x08001aa8   Number         4  lto-llvm-72d964.o(.text)
    __arm_cp.25_3                            0x08001aac   Number         4  lto-llvm-72d964.o(.text)
    __arm_cp.25_4                            0x08001ab0   Number         4  lto-llvm-72d964.o(.text)
    __arm_cp.25_5                            0x08001ab4   Number         4  lto-llvm-72d964.o(.text)
    __arm_cp.25_6                            0x08001ab8   Number         4  lto-llvm-72d964.o(.text)
    __arm_cp.25_7                            0x08001abc   Number         4  lto-llvm-72d964.o(.text)
    EEPROM_WriteUpdateStatus                 0x08001ac1   Thumb Code    30  lto-llvm-72d964.o(.text)
    i.__scatterload_copy                     0x08001ade   Section       14  handlers.o(i.__scatterload_copy)
    i.__scatterload_null                     0x08001aec   Section        2  handlers.o(i.__scatterload_null)
    i.__scatterload_zeroinit                 0x08001aee   Section       14  handlers.o(i.__scatterload_zeroinit)
    aAPBAHBPrescTable                        0x08001afc   Data          16  lto-llvm-72d964.o(.rodata.cst16)
    [Anonymous Symbol]                       0x20000000   Section        0  lto-llvm-72d964.o(.bss)
    dout                                     0x20000000   Data           1  lto-llvm-72d964.o(.bss)
    uwTick                                   0x20000004   Data           4  lto-llvm-72d964.o(.bss)
    JumpToApplication                        0x20000008   Data           4  lto-llvm-72d964.o(.bss)
    pFlash                                   0x20000010   Data          32  lto-llvm-72d964.o(.bss)
    hi2c1                                    0x20000030   Data          68  lto-llvm-72d964.o(.bss)
    hspi2                                    0x20000080   Data          92  lto-llvm-72d964.o(.bss)
    STACK                                    0x200000e0   Section     8192  startup_stm32f103xb.o(STACK)

    Global Symbols

    Symbol Name                              Value     Ov Type        Size  Object(Section)

    BuildAttributes$$THM_ISAv4$P$D$K$B$S$PE$A:L22UL41UL21$X:L11$S22US41US21$IEEE1$IW$~IW$USESV6$~STKCKD$USESV7$WCHAR32$ENUMINT$~SHL$OSPACE$IEEEF$EBA8$MICROLIB$REQ8$PRES8$EABIv2 0x00000000   Number         0  anon$$obj.o ABSOLUTE
    __cpp_initialize__aeabi_                  - Undefined Weak Reference
    __cxa_finalize                            - Undefined Weak Reference
    __decompress                              - Undefined Weak Reference
    _clock_init                               - Undefined Weak Reference
    _microlib_exit                            - Undefined Weak Reference
    __Vectors_Size                           0x000000ec   Number         0  startup_stm32f103xb.o ABSOLUTE
    __Vectors                                0x08000000   Data           4  startup_stm32f103xb.o(RESET)
    __Vectors_End                            0x080000ec   Data           0  startup_stm32f103xb.o(RESET)
    __main                                   0x080000ed   Thumb Code     0  entry.o(.ARM.Collect$$$$00000000)
    _main_stk                                0x080000ed   Thumb Code     0  entry2.o(.ARM.Collect$$$$00000001)
    _main_scatterload                        0x080000f1   Thumb Code     0  entry5.o(.ARM.Collect$$$$00000004)
    __main_after_scatterload                 0x080000f5   Thumb Code     0  entry5.o(.ARM.Collect$$$$00000004)
    _main_clock                              0x080000f5   Thumb Code     0  entry7b.o(.ARM.Collect$$$$00000008)
    _main_cpp_init                           0x080000f5   Thumb Code     0  entry8b.o(.ARM.Collect$$$$0000000A)
    _main_init                               0x080000f5   Thumb Code     0  entry9a.o(.ARM.Collect$$$$0000000B)
    __rt_final_cpp                           0x080000fd   Thumb Code     0  entry10a.o(.ARM.Collect$$$$0000000D)
    __rt_final_exit                          0x080000fd   Thumb Code     0  entry11a.o(.ARM.Collect$$$$0000000F)
    Reset_Handler                            0x08000101   Thumb Code     8  startup_stm32f103xb.o(.text)
    NMI_Handler                              0x08000109   Thumb Code     2  startup_stm32f103xb.o(.text)
    HardFault_Handler                        0x0800010b   Thumb Code     2  startup_stm32f103xb.o(.text)
    MemManage_Handler                        0x0800010d   Thumb Code     2  startup_stm32f103xb.o(.text)
    BusFault_Handler                         0x0800010f   Thumb Code     2  startup_stm32f103xb.o(.text)
    UsageFault_Handler                       0x08000111   Thumb Code     2  startup_stm32f103xb.o(.text)
    SVC_Handler                              0x08000113   Thumb Code     2  startup_stm32f103xb.o(.text)
    DebugMon_Handler                         0x08000115   Thumb Code     2  startup_stm32f103xb.o(.text)
    PendSV_Handler                           0x08000117   Thumb Code     2  startup_stm32f103xb.o(.text)
    ADC1_2_IRQHandler                        0x0800011b   Thumb Code     0  startup_stm32f103xb.o(.text)
    CAN1_RX1_IRQHandler                      0x0800011b   Thumb Code     0  startup_stm32f103xb.o(.text)
    CAN1_SCE_IRQHandler                      0x0800011b   Thumb Code     0  startup_stm32f103xb.o(.text)
    DMA1_Channel1_IRQHandler                 0x0800011b   Thumb Code     0  startup_stm32f103xb.o(.text)
    DMA1_Channel2_IRQHandler                 0x0800011b   Thumb Code     0  startup_stm32f103xb.o(.text)
    DMA1_Channel3_IRQHandler                 0x0800011b   Thumb Code     0  startup_stm32f103xb.o(.text)
    DMA1_Channel4_IRQHandler                 0x0800011b   Thumb Code     0  startup_stm32f103xb.o(.text)
    DMA1_Channel5_IRQHandler                 0x0800011b   Thumb Code     0  startup_stm32f103xb.o(.text)
    DMA1_Channel6_IRQHandler                 0x0800011b   Thumb Code     0  startup_stm32f103xb.o(.text)
    DMA1_Channel7_IRQHandler                 0x0800011b   Thumb Code     0  startup_stm32f103xb.o(.text)
    EXTI0_IRQHandler                         0x0800011b   Thumb Code     0  startup_stm32f103xb.o(.text)
    EXTI15_10_IRQHandler                     0x0800011b   Thumb Code     0  startup_stm32f103xb.o(.text)
    EXTI1_IRQHandler                         0x0800011b   Thumb Code     0  startup_stm32f103xb.o(.text)
    EXTI2_IRQHandler                         0x0800011b   Thumb Code     0  startup_stm32f103xb.o(.text)
    EXTI3_IRQHandler                         0x0800011b   Thumb Code     0  startup_stm32f103xb.o(.text)
    EXTI4_IRQHandler                         0x0800011b   Thumb Code     0  startup_stm32f103xb.o(.text)
    EXTI9_5_IRQHandler                       0x0800011b   Thumb Code     0  startup_stm32f103xb.o(.text)
    FLASH_IRQHandler                         0x0800011b   Thumb Code     0  startup_stm32f103xb.o(.text)
    I2C1_ER_IRQHandler                       0x0800011b   Thumb Code     0  startup_stm32f103xb.o(.text)
    I2C1_EV_IRQHandler                       0x0800011b   Thumb Code     0  startup_stm32f103xb.o(.text)
    I2C2_ER_IRQHandler                       0x0800011b   Thumb Code     0  startup_stm32f103xb.o(.text)
    I2C2_EV_IRQHandler                       0x0800011b   Thumb Code     0  startup_stm32f103xb.o(.text)
    PVD_IRQHandler                           0x0800011b   Thumb Code     0  startup_stm32f103xb.o(.text)
    RCC_IRQHandler                           0x0800011b   Thumb Code     0  startup_stm32f103xb.o(.text)
    RTC_Alarm_IRQHandler                     0x0800011b   Thumb Code     0  startup_stm32f103xb.o(.text)
    RTC_IRQHandler                           0x0800011b   Thumb Code     0  startup_stm32f103xb.o(.text)
    SPI1_IRQHandler                          0x0800011b   Thumb Code     0  startup_stm32f103xb.o(.text)
    SPI2_IRQHandler                          0x0800011b   Thumb Code     0  startup_stm32f103xb.o(.text)
    TAMPER_IRQHandler                        0x0800011b   Thumb Code     0  startup_stm32f103xb.o(.text)
    TIM1_BRK_IRQHandler                      0x0800011b   Thumb Code     0  startup_stm32f103xb.o(.text)
    TIM1_CC_IRQHandler                       0x0800011b   Thumb Code     0  startup_stm32f103xb.o(.text)
    TIM1_TRG_COM_IRQHandler                  0x0800011b   Thumb Code     0  startup_stm32f103xb.o(.text)
    TIM1_UP_IRQHandler                       0x0800011b   Thumb Code     0  startup_stm32f103xb.o(.text)
    TIM2_IRQHandler                          0x0800011b   Thumb Code     0  startup_stm32f103xb.o(.text)
    TIM3_IRQHandler                          0x0800011b   Thumb Code     0  startup_stm32f103xb.o(.text)
    TIM4_IRQHandler                          0x0800011b   Thumb Code     0  startup_stm32f103xb.o(.text)
    USART1_IRQHandler                        0x0800011b   Thumb Code     0  startup_stm32f103xb.o(.text)
    USART2_IRQHandler                        0x0800011b   Thumb Code     0  startup_stm32f103xb.o(.text)
    USART3_IRQHandler                        0x0800011b   Thumb Code     0  startup_stm32f103xb.o(.text)
    USBWakeUp_IRQHandler                     0x0800011b   Thumb Code     0  startup_stm32f103xb.o(.text)
    USB_HP_CAN1_TX_IRQHandler                0x0800011b   Thumb Code     0  startup_stm32f103xb.o(.text)
    USB_LP_CAN1_RX0_IRQHandler               0x0800011b   Thumb Code     0  startup_stm32f103xb.o(.text)
    WWDG_IRQHandler                          0x0800011b   Thumb Code     0  startup_stm32f103xb.o(.text)
    __scatterload                            0x08000125   Thumb Code    28  init.o(.text)
    __scatterload_rt2                        0x08000125   Thumb Code     0  init.o(.text)
    SystemInit                               0x08000149   Thumb Code    76  lto-llvm-72d964.o(.text)
    SysTick_Handler                          0x08000dcd   Thumb Code    16  lto-llvm-72d964.o(.text)
    main                                     0x08000ddd   Thumb Code  1600  lto-llvm-72d964.o(.text)
    __scatterload_copy                       0x08001adf   Thumb Code    14  handlers.o(i.__scatterload_copy)
    __scatterload_null                       0x08001aed   Thumb Code     2  handlers.o(i.__scatterload_null)
    __scatterload_zeroinit                   0x08001aef   Thumb Code    14  handlers.o(i.__scatterload_zeroinit)
    Region$$Table$$Base                      0x08001b0c   Number         0  anon$$obj.o(Region$$Table)
    Region$$Table$$Limit                     0x08001b1c   Number         0  anon$$obj.o(Region$$Table)
    __initial_sp                             0x200020e0   Data           0  startup_stm32f103xb.o(STACK)



==============================================================================

Memory Map of the image

  Image Entry point : 0x080000ed

  Load Region LR_IROM1 (Base: 0x08000000, Size: 0x00001b1c, Max: 0x00003000, ABSOLUTE)

    Execution Region ER_IROM1 (Exec base: 0x08000000, Load base: 0x08000000, Size: 0x00001b1c, Max: 0x00003000, ABSOLUTE)

    Exec Addr    Load Addr    Size         Type   Attr      Idx    E Section Name        Object

    0x08000000   0x08000000   0x000000ec   Data   RO           22    RESET               startup_stm32f103xb.o
    0x080000ec   0x080000ec   0x00000000   Code   RO           32  * .ARM.Collect$$$$00000000  mc_w.l(entry.o)
    0x080000ec   0x080000ec   0x00000004   Code   RO           35    .ARM.Collect$$$$00000001  mc_w.l(entry2.o)
    0x080000f0   0x080000f0   0x00000004   Code   RO           38    .ARM.Collect$$$$00000004  mc_w.l(entry5.o)
    0x080000f4   0x080000f4   0x00000000   Code   RO           40    .ARM.Collect$$$$00000008  mc_w.l(entry7b.o)
    0x080000f4   0x080000f4   0x00000000   Code   RO           42    .ARM.Collect$$$$0000000A  mc_w.l(entry8b.o)
    0x080000f4   0x080000f4   0x00000008   Code   RO           43    .ARM.Collect$$$$0000000B  mc_w.l(entry9a.o)
    0x080000fc   0x080000fc   0x00000000   Code   RO           45    .ARM.Collect$$$$0000000D  mc_w.l(entry10a.o)
    0x080000fc   0x080000fc   0x00000000   Code   RO           47    .ARM.Collect$$$$0000000F  mc_w.l(entry11a.o)
    0x080000fc   0x080000fc   0x00000004   Code   RO           36    .ARM.Collect$$$$00002712  mc_w.l(entry2.o)
    0x08000100   0x08000100   0x00000024   Code   RO           23    .text               startup_stm32f103xb.o
    0x08000124   0x08000124   0x00000024   Code   RO           49    .text               mc_w.l(init.o)
    0x08000148   0x08000148   0x00001996   Code   RO           51    .text               lto-llvm-72d964.o
    0x08001ade   0x08001ade   0x0000000e   Code   RO           68    i.__scatterload_copy  mc_w.l(handlers.o)
    0x08001aec   0x08001aec   0x00000002   Code   RO           69    i.__scatterload_null  mc_w.l(handlers.o)
    0x08001aee   0x08001aee   0x0000000e   Code   RO           70    i.__scatterload_zeroinit  mc_w.l(handlers.o)
    0x08001afc   0x08001afc   0x00000010   Data   RO           53    .rodata.cst16       lto-llvm-72d964.o
    0x08001b0c   0x08001b0c   0x00000010   Data   RO           66    Region$$Table       anon$$obj.o


    Execution Region RW_IRAM1 (Exec base: 0x20000000, Load base: 0x08001b1c, Size: 0x000020e0, Max: 0x00005000, ABSOLUTE)

    Exec Addr    Load Addr    Size         Type   Attr      Idx    E Section Name        Object

    0x20000000        -       0x000000dc   Zero   RW           55    .bss                lto-llvm-72d964.o
    0x200000dc   0x08001b1c   0x00000004   PAD
    0x200000e0        -       0x00002000   Zero   RW           20    STACK               startup_stm32f103xb.o


==============================================================================

Image component sizes


      Code (inc. data)   RO Data    RW Data    ZI Data      Debug   Object Name

      6550        392         16          0        220      47120   lto-llvm-72d964.o
        36          8        236          0       8192        804   startup_stm32f103xb.o

    ----------------------------------------------------------------------
      6586        400        268          0       8416      47924   Object Totals
         0          0         16          0          0          0   (incl. Generated)
         0          0          0          0          4          0   (incl. Padding)

    ----------------------------------------------------------------------

      Code (inc. data)   RO Data    RW Data    ZI Data      Debug   Library Member Name

         0          0          0          0          0          0   entry.o
         0          0          0          0          0          0   entry10a.o
         0          0          0          0          0          0   entry11a.o
         8          4          0          0          0          0   entry2.o
         4          0          0          0          0          0   entry5.o
         0          0          0          0          0          0   entry7b.o
         0          0          0          0          0          0   entry8b.o
         8          4          0          0          0          0   entry9a.o
        30          0          0          0          0          0   handlers.o
        36          8          0          0          0         68   init.o

    ----------------------------------------------------------------------
        86         16          0          0          0         68   Library Totals
         0          0          0          0          0          0   (incl. Padding)

    ----------------------------------------------------------------------

      Code (inc. data)   RO Data    RW Data    ZI Data      Debug   Library Name

        86         16          0          0          0         68   mc_w.l

    ----------------------------------------------------------------------
        86         16          0          0          0         68   Library Totals

    ----------------------------------------------------------------------

==============================================================================


      Code (inc. data)   RO Data    RW Data    ZI Data      Debug   

      6672        416        268          0       8416      48144   Grand Totals
      6672        416        268          0       8416      48144   ELF Image Totals
      6672        416        268          0          0          0   ROM Totals

==============================================================================

    Total RO  Size (Code + RO Data)                 6940 (   6.78kB)
    Total RW  Size (RW Data + ZI Data)              8416 (   8.22kB)
    Total ROM Size (Code + RO Data + RW Data)       6940 (   6.78kB)

==============================================================================

