Component: ARM Compiler 5.06 update 6 (build 750) Tool: armlink [4d35ed]

==============================================================================

Section Cross References

    system_stm32f1xx.o(i.SystemCoreClockUpdate) refers to system_stm32f1xx.o(.data) for .data
    system_stm32f1xx.o(i.SystemCoreClockUpdate) refers to system_stm32f1xx.o(.constdata) for .constdata
    stm32f1xx_hal_tim.o(i.HAL_TIM_Base_DeInit) refers to stm32f1xx_hal_tim.o(i.HAL_TIM_Base_MspDeInit) for HAL_TIM_Base_MspDeInit
    stm32f1xx_hal_tim.o(i.HAL_TIM_Base_Init) refers to stm32f1xx_hal_tim.o(i.HAL_TIM_Base_MspInit) for HAL_TIM_Base_MspInit
    stm32f1xx_hal_tim.o(i.HAL_TIM_Base_Init) refers to stm32f1xx_hal_tim.o(i.TIM_Base_SetConfig) for TIM_Base_SetConfig
    stm32f1xx_hal_tim.o(i.HAL_TIM_Base_Start_DMA) refers to stm32f1xx_hal_dma.o(i.HAL_DMA_Start_IT) for HAL_DMA_Start_IT
    stm32f1xx_hal_tim.o(i.HAL_TIM_Base_Start_DMA) refers to stm32f1xx_hal_tim.o(i.TIM_DMAPeriodElapsedCplt) for TIM_DMAPeriodElapsedCplt
    stm32f1xx_hal_tim.o(i.HAL_TIM_Base_Start_DMA) refers to stm32f1xx_hal_tim.o(i.TIM_DMAError) for TIM_DMAError
    stm32f1xx_hal_tim.o(i.HAL_TIM_ConfigClockSource) refers to stm32f1xx_hal_tim.o(i.TIM_ETR_SetConfig) for TIM_ETR_SetConfig
    stm32f1xx_hal_tim.o(i.HAL_TIM_ConfigClockSource) refers to stm32f1xx_hal_tim.o(i.TIM_TI1_ConfigInputStage) for TIM_TI1_ConfigInputStage
    stm32f1xx_hal_tim.o(i.HAL_TIM_ConfigClockSource) refers to stm32f1xx_hal_tim.o(i.TIM_ITRx_SetConfig) for TIM_ITRx_SetConfig
    stm32f1xx_hal_tim.o(i.HAL_TIM_ConfigClockSource) refers to stm32f1xx_hal_tim.o(i.TIM_TI2_ConfigInputStage) for TIM_TI2_ConfigInputStage
    stm32f1xx_hal_tim.o(i.HAL_TIM_ConfigOCrefClear) refers to stm32f1xx_hal_tim.o(i.TIM_ETR_SetConfig) for TIM_ETR_SetConfig
    stm32f1xx_hal_tim.o(i.HAL_TIM_DMABurst_ReadStart) refers to stm32f1xx_hal_dma.o(i.HAL_DMA_Start_IT) for HAL_DMA_Start_IT
    stm32f1xx_hal_tim.o(i.HAL_TIM_DMABurst_ReadStart) refers to stm32f1xx_hal_tim.o(i.TIM_DMAError) for TIM_DMAError
    stm32f1xx_hal_tim.o(i.HAL_TIM_DMABurst_ReadStart) refers to stm32f1xx_hal_tim.o(i.TIM_DMACaptureCplt) for TIM_DMACaptureCplt
    stm32f1xx_hal_tim.o(i.HAL_TIM_DMABurst_ReadStart) refers to stm32f1xx_hal_tim.o(i.TIM_DMAPeriodElapsedCplt) for TIM_DMAPeriodElapsedCplt
    stm32f1xx_hal_tim.o(i.HAL_TIM_DMABurst_ReadStart) refers to stm32f1xx_hal_tim_ex.o(i.TIMEx_DMACommutationCplt) for TIMEx_DMACommutationCplt
    stm32f1xx_hal_tim.o(i.HAL_TIM_DMABurst_ReadStart) refers to stm32f1xx_hal_tim.o(i.TIM_DMATriggerCplt) for TIM_DMATriggerCplt
    stm32f1xx_hal_tim.o(i.HAL_TIM_DMABurst_ReadStop) refers to stm32f1xx_hal_dma.o(i.HAL_DMA_Abort) for HAL_DMA_Abort
    stm32f1xx_hal_tim.o(i.HAL_TIM_DMABurst_WriteStart) refers to stm32f1xx_hal_dma.o(i.HAL_DMA_Start_IT) for HAL_DMA_Start_IT
    stm32f1xx_hal_tim.o(i.HAL_TIM_DMABurst_WriteStart) refers to stm32f1xx_hal_tim.o(i.TIM_DMAError) for TIM_DMAError
    stm32f1xx_hal_tim.o(i.HAL_TIM_DMABurst_WriteStart) refers to stm32f1xx_hal_tim.o(i.TIM_DMADelayPulseCplt) for TIM_DMADelayPulseCplt
    stm32f1xx_hal_tim.o(i.HAL_TIM_DMABurst_WriteStart) refers to stm32f1xx_hal_tim.o(i.TIM_DMAPeriodElapsedCplt) for TIM_DMAPeriodElapsedCplt
    stm32f1xx_hal_tim.o(i.HAL_TIM_DMABurst_WriteStart) refers to stm32f1xx_hal_tim_ex.o(i.TIMEx_DMACommutationCplt) for TIMEx_DMACommutationCplt
    stm32f1xx_hal_tim.o(i.HAL_TIM_DMABurst_WriteStart) refers to stm32f1xx_hal_tim.o(i.TIM_DMATriggerCplt) for TIM_DMATriggerCplt
    stm32f1xx_hal_tim.o(i.HAL_TIM_DMABurst_WriteStop) refers to stm32f1xx_hal_dma.o(i.HAL_DMA_Abort) for HAL_DMA_Abort
    stm32f1xx_hal_tim.o(i.HAL_TIM_Encoder_DeInit) refers to stm32f1xx_hal_tim.o(i.HAL_TIM_Encoder_MspDeInit) for HAL_TIM_Encoder_MspDeInit
    stm32f1xx_hal_tim.o(i.HAL_TIM_Encoder_Init) refers to stm32f1xx_hal_tim.o(i.HAL_TIM_Encoder_MspInit) for HAL_TIM_Encoder_MspInit
    stm32f1xx_hal_tim.o(i.HAL_TIM_Encoder_Init) refers to stm32f1xx_hal_tim.o(i.TIM_Base_SetConfig) for TIM_Base_SetConfig
    stm32f1xx_hal_tim.o(i.HAL_TIM_Encoder_Start) refers to stm32f1xx_hal_tim.o(i.TIM_CCxChannelCmd) for TIM_CCxChannelCmd
    stm32f1xx_hal_tim.o(i.HAL_TIM_Encoder_Start_DMA) refers to stm32f1xx_hal_dma.o(i.HAL_DMA_Start_IT) for HAL_DMA_Start_IT
    stm32f1xx_hal_tim.o(i.HAL_TIM_Encoder_Start_DMA) refers to stm32f1xx_hal_tim.o(i.TIM_CCxChannelCmd) for TIM_CCxChannelCmd
    stm32f1xx_hal_tim.o(i.HAL_TIM_Encoder_Start_DMA) refers to stm32f1xx_hal_tim.o(i.TIM_DMACaptureCplt) for TIM_DMACaptureCplt
    stm32f1xx_hal_tim.o(i.HAL_TIM_Encoder_Start_DMA) refers to stm32f1xx_hal_tim.o(i.TIM_DMAError) for TIM_DMAError
    stm32f1xx_hal_tim.o(i.HAL_TIM_Encoder_Start_IT) refers to stm32f1xx_hal_tim.o(i.TIM_CCxChannelCmd) for TIM_CCxChannelCmd
    stm32f1xx_hal_tim.o(i.HAL_TIM_Encoder_Stop) refers to stm32f1xx_hal_tim.o(i.TIM_CCxChannelCmd) for TIM_CCxChannelCmd
    stm32f1xx_hal_tim.o(i.HAL_TIM_Encoder_Stop_DMA) refers to stm32f1xx_hal_tim.o(i.TIM_CCxChannelCmd) for TIM_CCxChannelCmd
[...]
    i.RTC_ByteToBcd2                         0x0800c4a2   Section        0  stm32f1xx_hal_rtc.o(i.RTC_ByteToBcd2)
    RTC_ByteToBcd2                           0x0800c4a3   Thumb Code    22  stm32f1xx_hal_rtc.o(i.RTC_ByteToBcd2)
    i.RTC_DateUpdate                         0x0800c4b8   Section        0  stm32f1xx_hal_rtc.o(i.RTC_DateUpdate)
    RTC_DateUpdate                           0x0800c4b9   Thumb Code   174  stm32f1xx_hal_rtc.o(i.RTC_DateUpdate)
    i.RTC_EnterInitMode                      0x0800c566   Section        0  stm32f1xx_hal_rtc.o(i.RTC_EnterInitMode)
    RTC_EnterInitMode                        0x0800c567   Thumb Code    52  stm32f1xx_hal_rtc.o(i.RTC_EnterInitMode)
    i.RTC_ExitInitMode                       0x0800c59a   Section        0  stm32f1xx_hal_rtc.o(i.RTC_ExitInitMode)
    RTC_ExitInitMode                         0x0800c59b   Thumb Code    52  stm32f1xx_hal_rtc.o(i.RTC_ExitInitMode)
    i.RTC_IsLeapYear                         0x0800c5ce   Section        0  stm32f1xx_hal_rtc.o(i.RTC_IsLeapYear)
    RTC_IsLeapYear                           0x0800c5cf   Thumb Code    46  stm32f1xx_hal_rtc.o(i.RTC_IsLeapYear)
    i.RTC_ReadAlarmCounter                   0x0800c5fc   Section        0  stm32f1xx_hal_rtc.o(i.RTC_ReadAlarmCounter)
    RTC_ReadAlarmCounter                     0x0800c5fd   Thumb Code    14  stm32f1xx_hal_rtc.o(i.RTC_ReadAlarmCounter)
    i.RTC_ReadTimeCounter                    0x0800c60a   Section        0  stm32f1xx_hal_rtc.o(i.RTC_ReadTimeCounter)
    RTC_ReadTimeCounter                      0x0800c60b   Thumb Code    32  stm32f1xx_hal_rtc.o(i.RTC_ReadTimeCounter)
    i.RTC_WeekDayNum                         0x0800c62a   Section        0  stm32f1xx_hal_rtc.o(i.RTC_WeekDayNum)
    RTC_WeekDayNum                           0x0800c62b   Thumb Code   102  stm32f1xx_hal_rtc.o(i.RTC_WeekDayNum)
    i.RTC_WriteAlarmCounter                  0x0800c690   Section        0  stm32f1xx_hal_rtc.o(i.RTC_WriteAlarmCounter)
    RTC_WriteAlarmCounter                    0x0800c691   Thumb Code    46  stm32f1xx_hal_rtc.o(i.RTC_WriteAlarmCounter)
    i.RTC_WriteTimeCounter                   0x0800c6be   Section        0  stm32f1xx_hal_rtc.o(i.RTC_WriteTimeCounter)
    RTC_WriteTimeCounter                     0x0800c6bf   Thumb Code    46  stm32f1xx_hal_rtc.o(i.RTC_WriteTimeCounter)
    i.RestartSource                          0x0800c6ec   Section        0  main.o(i.RestartSource)
    RestartSource                            0x0800c6ed   Thumb Code    88  main.o(i.RestartSource)
    i.SIGNAL_Service                         0x0800c750   Section        0  signal.o(i.SIGNAL_Service)
    i.SPI_CheckFlag_BSY                      0x0800cecc   Section        0  stm32f1xx_hal_spi.o(i.SPI_CheckFlag_BSY)
    SPI_CheckFlag_BSY                        0x0800cecd   Thumb Code    36  stm32f1xx_hal_spi.o(i.SPI_CheckFlag_BSY)
    i.SPI_FLASH_Erase                        0x0800cef0   Section        0  eeprom.o(i.SPI_FLASH_Erase)
    i.SPI_FLASH_ReadByte                     0x0800cf78   Section        0  eeprom.o(i.SPI_FLASH_ReadByte)
    i.SPI_FLASH_ReadDeviceInfo               0x0800cff0   Section        0  eeprom.o(i.SPI_FLASH_ReadDeviceInfo)
    SPI_FLASH_ReadDeviceInfo                 0x0800cff1   Thumb Code   122  eeprom.o(i.SPI_FLASH_ReadDeviceInfo)
    i.SPI_FLASH_ReadInt                      0x0800d07c   Section        0  eeprom.o(i.SPI_FLASH_ReadInt)
    i.SPI_FLASH_ReadPage                     0x0800d0fc   Section        0  eeprom.o(i.SPI_FLASH_ReadPage)
    i.SPI_FLASH_ReadStatusRegister           0x0800d170   Section        0  eeprom.o(i.SPI_FLASH_ReadStatusRegister)
    SPI_FLASH_ReadStatusRegister             0x0800d171   Thumb Code    94  eeprom.o(i.SPI_FLASH_ReadStatusRegister)
    i.SPI_FLASH_ReleasePowerDown             0x0800d1dc   Section        0  eeprom.o(i.SPI_FLASH_ReleasePowerDown)
    i.SPI_FLASH_UnprotectSector              0x0800d230   Section        0  eeprom.o(i.SPI_FLASH_UnprotectSector)
    i.SPI_FLASH_WaitReadyStatus              0x0800d28c   Section        0  eeprom.o(i.SPI_FLASH_WaitReadyStatus)
    i.SPI_FLASH_WriteEnable                  0x0800d2bc   Section        0  eeprom.o(i.SPI_FLASH_WriteEnable)
    SPI_FLASH_WriteEnable                    0x0800d2bd   Thumb Code    62  eeprom.o(i.SPI_FLASH_WriteEnable)
    i.SPI_FLASH_WritePage                    0x0800d308   Section        0  eeprom.o(i.SPI_FLASH_WritePage)
    i.SPI_FLASH_WriteStatusRegister          0x0800d380   Section        0  eeprom.o(i.SPI_FLASH_WriteStatusRegister)
    i.SPI_WaitFlagStateUntilTimeout          0x0800d3d4   Section        0  stm32f1xx_hal_spi.o(i.SPI_WaitFlagStateUntilTimeout)
    SPI_WaitFlagStateUntilTimeout            0x0800d3d5   Thumb Code   148  stm32f1xx_hal_spi.o(i.SPI_WaitFlagStateUntilTimeout)
    i.SVC_Handler                            0x0800d468   Section        0  stm32f1xx_it.o(i.SVC_Handler)
    i.SaveRoomStatus                         0x0800d46c   Section        0  signal.o(i.SaveRoomStatus)
    SaveRoomStatus                           0x0800d46d   Thumb Code    74  signal.o(i.SaveRoomStatus)
    i.Serial_PutByte                         0x0800d4c0   Section        0  rs485.o(i.Serial_PutByte)
    Serial_PutByte                           0x0800d4c1   Thumb Code    70  rs485.o(i.Serial_PutByte)
    i.Str2Hex                                0x0800d514   Section        0  common.o(i.Str2Hex)
    i.Str2Int                                0x0800d572   Section        0  common.o(i.Str2Int)
    i.SysTick_Handler                        0x0800d632   Section        0  stm32f1xx_it.o(i.SysTick_Handler)
    i.SystemClock_Config                     0x0800d640   Section        0  main.o(i.SystemClock_Config)
    SystemClock_Config                       0x0800d641   Thumb Code   154  main.o(i.SystemClock_Config)
    i.SystemInit                             0x0800d6dc   Section        0  system_stm32f1xx.o(i.SystemInit)
    i.TIM_Base_SetConfig                     0x0800d728   Section        0  stm32f1xx_hal_tim.o(i.TIM_Base_SetConfig)
    i.TIM_CCxChannelCmd                      0x0800d794   Section        0  stm32f1xx_hal_tim.o(i.TIM_CCxChannelCmd)
    i.TIM_ETR_SetConfig                      0x0800d7aa   Section        0  stm32f1xx_hal_tim.o(i.TIM_ETR_SetConfig)
    TIM_ETR_SetConfig                        0x0800d7ab   Thumb Code    20  stm32f1xx_hal_tim.o(i.TIM_ETR_SetConfig)
    i.TIM_ITRx_SetConfig                     0x0800d7be   Section        0  stm32f1xx_hal_tim.o(i.TIM_ITRx_SetConfig)
    TIM_ITRx_SetConfig                       0x0800d7bf   Thumb Code    16  stm32f1xx_hal_tim.o(i.TIM_ITRx_SetConfig)
    i.TIM_OC1_SetConfig                      0x0800d7d0   Section        0  stm32f1xx_hal_tim.o(i.TIM_OC1_SetConfig)
    TIM_OC1_SetConfig                        0x0800d7d1   Thumb Code    90  stm32f1xx_hal_tim.o(i.TIM_OC1_SetConfig)
    i.TIM_OC2_SetConfig                      0x0800d830   Section        0  stm32f1xx_hal_tim.o(i.TIM_OC2_SetConfig)
    i.TIM_OC3_SetConfig                      0x0800d894   Section        0  stm32f1xx_hal_tim.o(i.TIM_OC3_SetConfig)
    TIM_OC3_SetConfig                        0x0800d895   Thumb Code    92  stm32f1xx_hal_tim.o(i.TIM_OC3_SetConfig)
    i.TIM_OC4_SetConfig                      0x0800d8f4   Section        0  stm32f1xx_hal_tim.o(i.TIM_OC4_SetConfig)
    TIM_OC4_SetConfig                        0x0800d8f5   Thumb Code    68  stm32f1xx_hal_tim.o(i.TIM_OC4_SetConfig)
    i.TIM_TI1_ConfigInputStage               0x0800d93c   Section        0  stm32f1xx_hal_tim.o(i.TIM_TI1_ConfigInputStage)
    TIM_TI1_ConfigInputStage                 0x0800d93d   Thumb Code    34  stm32f1xx_hal_tim.o(i.TIM_TI1_ConfigInputStage)
    i.TIM_TI2_ConfigInputStage               0x0800d95e   Section        0  stm32f1xx_hal_tim.o(i.TIM_TI2_ConfigInputStage)
    TIM_TI2_ConfigInputStage                 0x0800d95f   Thumb Code    36  stm32f1xx_hal_tim.o(i.TIM_TI2_ConfigInputStage)
    i.UART_DMAAbortOnError                   0x0800d982   Section        0  stm32f1xx_hal_uart.o(i.UART_DMAAbortOnError)
    UART_DMAAbortOnError                     0x0800d983   Thumb Code    16  stm32f1xx_hal_uart.o(i.UART_DMAAbortOnError)
    i.UART_EndRxTransfer                     0x0800d992   Section        0  stm32f1xx_hal_uart.o(i.UART_EndRxTransfer)
    UART_EndRxTransfer                       0x0800d993   Thumb Code    28  stm32f1xx_hal_uart.o(i.UART_EndRxTransfer)
    i.UART_EndTransmit_IT                    0x0800d9ae   Section        0  stm32f1xx_hal_uart.o(i.UART_EndTransmit_IT)
    UART_EndTransmit_IT                      0x0800d9af   Thumb Code    26  stm32f1xx_hal_uart.o(i.UART_EndTransmit_IT)
    i.UART_Receive_IT                        0x0800d9c8   Section        0  stm32f1xx_hal_uart.o(i.UART_Receive_IT)
    UART_Receive_IT                          0x0800d9c9   Thumb Code   366  stm32f1xx_hal_uart.o(i.UART_Receive_IT)
    i.UART_SetConfig                         0x0800db70   Section        0  stm32f1xx_hal_uart.o(i.UART_SetConfig)
    UART_SetConfig                           0x0800db71   Thumb Code   408  stm32f1xx_hal_uart.o(i.UART_SetConfig)
    i.UART_Transmit_IT                       0x0800dd0c   Section        0  stm32f1xx_hal_uart.o(i.UART_Transmit_IT)
    UART_Transmit_IT                         0x0800dd0d   Thumb Code   102  stm32f1xx_hal_uart.o(i.UART_Transmit_IT)
    i.UART_WaitOnFlagUntilTimeout            0x0800dd72   Section        0  stm32f1xx_hal_uart.o(i.UART_WaitOnFlagUntilTimeout)
    UART_WaitOnFlagUntilTimeout              0x0800dd73   Thumb Code   100  stm32f1xx_hal_uart.o(i.UART_WaitOnFlagUntilTimeout)
    i.USART1_IRQHandler                      0x0800ddd8   Section        0  stm32f1xx_it.o(i.USART1_IRQHandler)
    i.USART2_IRQHandler                      0x0800dde4   Section        0  stm32f1xx_it.o(i.USART2_IRQHandler)
    i.UpdateBootloader                       0x0800ddf0   Section        0  rs485.o(i.UpdateBootloader)
    UpdateBootloader                         0x0800ddf1   Thumb Code   120  rs485.o(i.UpdateBootloader)
    i.__scatterload_copy                     0x0800de68   Section       14  handlers.o(i.__scatterload_copy)
    i.__scatterload_null                     0x0800de76   Section        2  handlers.o(i.__scatterload_null)
    i.__scatterload_zeroinit                 0x0800de78   Section       14  handlers.o(i.__scatterload_zeroinit)
    i.main                                   0x0800de88   Section        0  main.o(i.main)
    .constdata                               0x0800df04   Section       16  system_stm32f1xx.o(.constdata)
    .constdata                               0x0800df14   Section        8  system_stm32f1xx.o(.constdata)
    .constdata                               0x0800df1c   Section       13  main.o(.constdata)
    .constdata                               0x0800df29   Section       13  main.o(.constdata)
    .constdata                               0x0800df38   Section       40  main.o(.constdata)
    .conststring                             0x0800df60   Section     1063  display.o(.conststring)
    .data                                    0x20000000   Section        4  system_stm32f1xx.o(.data)
    .data                                    0x20000004   Section        4  stm32f1xx_hal.o(.data)
    .data                                    0x20000008   Section      100  dio_interface.o(.data)
    dout_0_7_mem                             0x20000008   Data           1  dio_interface.o(.data)
    doorlock_timer                           0x2000000c   Data           4  dio_interface.o(.data)
    din_0_timer                              0x20000010   Data           4  dio_interface.o(.data)
    din_1_timer                              0x20000014   Data           4  dio_interface.o(.data)
    din_2_timer                              0x20000018   Data           4  dio_interface.o(.data)
    din_3_timer                              0x2000001c   Data           4  dio_interface.o(.data)
    din_4_timer                              0x20000020   Data           4  dio_interface.o(.data)
    din_5_timer                              0x20000024   Data           4  dio_interface.o(.data)
    din_6_timer                              0x20000028   Data           4  dio_interface.o(.data)
    din_7_timer                              0x2000002c   Data           4  dio_interface.o(.data)
    water_flood_timer                        0x20000030   Data           4  dio_interface.o(.data)
    water_flood_pcnt                         0x20000034   Data           4  dio_interface.o(.data)
    handmaid_sw_time                         0x20000038   Data           4  dio_interface.o(.data)
    handmaid_sw_timer                        0x2000003c   Data           4  dio_interface.o(.data)
    door_bell_sw_time                        0x20000040   Data           4  dio_interface.o(.data)
    door_bell_sw_timer                       0x20000044   Data           4  dio_interface.o(.data)
    door_bell_signal_timer                   0x20000048   Data           4  dio_interface.o(.data)
    handmaid_signal_timer                    0x2000004c   Data           4  dio_interface.o(.data)
    old_state                                0x20000050   Data           4  dio_interface.o(.data)
    .data                                    0x2000006c   Section       36  one_wire.o(.data)
    init_cnt                                 0x2000006c   Data           1  one_wire.o(.data)
    onewire_last_discrepancy                 0x2000006d   Data           1  one_wire.o(.data)
    onewire_last_device_flag                 0x2000006e   Data           1  one_wire.o(.data)
    ow_init                                  0x20000074   Data           4  one_wire.o(.data)
    ow_pcnt                                  0x20000078   Data           4  one_wire.o(.data)
    ow_cmd                                   0x2000007c   Data           4  one_wire.o(.data)
    ow_err                                   0x20000080   Data           4  one_wire.o(.data)
    ow_tmr                                   0x20000084   Data           4  one_wire.o(.data)
    ow_tim                                   0x20000088   Data           4  one_wire.o(.data)
    .data                                    0x20000090   Section        1  one_wire.o(.data)
    .data                                    0x20000091   Section        1  one_wire.o(.data)
    .data                                    0x20000092   Section        8  eeprom.o(.data)
    spi_buff                                 0x20000092   Data           8  eeprom.o(.data)
    .data                                    0x2000009c   Section      256  display.o(.data)
    display_time                             0x200000a8   Data           4  display.o(.data)
    display_timer                            0x200000ac   Data           4  display.o(.data)
    preview_img_cnt                          0x200000b0   Data           4  display.o(.data)
    jrn_char                                 0x200000b4   Data           4  display.o(.data)
    check_delay                              0x200000b8   Data           4  display.o(.data)
    temp_day                                 0x200000bc   Data           4  display.o(.data)
    delay_timer                              0x200000c0   Data           4  display.o(.data)
    temperature_timer                        0x200000c4   Data           4  display.o(.data)
    .data                                    0x2000019c   Section       10  logger.o(.data)
    .data                                    0x200001a8   Section       38  signal.o(.data)
    signal_pcnt                              0x200001ac   Data           4  signal.o(.data)
    temp_minute                              0x200001b0   Data           4  signal.o(.data)
    signal_timer                             0x200001b4   Data           4  signal.o(.data)
    signal_time                              0x200001b8   Data           4  signal.o(.data)
    room_status_timer                        0x200001bc   Data           4  signal.o(.data)
    room_status_time                         0x200001c0   Data           4  signal.o(.data)
    .data                                    0x200001d0   Section       96  rs485.o(.data)
    tmp_a                                    0x200001dc   Data           4  rs485.o(.data)
    tmp_b                                    0x200001e0   Data           4  rs485.o(.data)
    rs485_update_timeout_timer               0x200001e4   Data           4  rs485.o(.data)
    total_bytes_in_file                      0x200001e8   Data           4  rs485.o(.data)
    next_packet_number                       0x200001ec   Data           4  rs485.o(.data)
    total_packet_number                      0x200001f0   Data           4  rs485.o(.data)
    crc_32_calculated                        0x200001f4   Data           4  rs485.o(.data)
    crc_32_file                              0x200001f8   Data           4  rs485.o(.data)
    flash_destination                        0x200001fc   Data           4  rs485.o(.data)
    file_copy_source_address                 0x20000200   Data           4  rs485.o(.data)
    file_copy_destination_address            0x20000204   Data           4  rs485.o(.data)
    file_copy_size                           0x20000208   Data           4  rs485.o(.data)
    post_process                             0x2000020c   Data           4  rs485.o(.data)
    .data                                    0x20000230   Section        1  rs485.o(.data)
    .data                                    0x20000234   Section       45  rc522.o(.data)
    handmaid_card_cycles                     0x20000234   Data           1  rc522.o(.data)
    mifare_time                              0x20000238   Data           4  rc522.o(.data)
    mifare_timer                             0x2000023c   Data           4  rc522.o(.data)
    handmaid_card_time                       0x20000240   Data           4  rc522.o(.data)
    handmaid_card_timer                      0x20000244   Data           4  rc522.o(.data)
    .data                                    0x20000261   Section        6  rc522.o(.data)
    .data                                    0x20000268   Section       12  main.o(.data)
    reset_source                             0x20000268   Data           4  main.o(.data)
    .bss                                     0x20000278   Section       32  stm32f1xx_hal_flash.o(.bss)
    .bss                                     0x20000298   Section       88  one_wire.o(.bss)
    .bss                                     0x200002f0   Section       96  display.o(.bss)
    menu                                     0x200002f0   Data          96  display.o(.bss)
    .bss                                     0x20000350   Section       14  logger.o(.bss)
    .bss                                     0x2000035e   Section      256  rs485.o(.bss)
    .bss                                     0x2000045e   Section      258  rc522.o(.bss)
    .bss                                     0x20000560   Section      524  main.o(.bss)
    STACK                                    0x20000770   Section    12288  startup_stm32f103xb.o(STACK)

    Global Symbols

    Symbol Name                              Value     Ov Type        Size  Object(Section)

    BuildAttributes$$THM_ISAv4$P$D$K$B$S$PE$A:L22UL41UL21$X:L11$S22US41US21$IEEE1$IW$USESV6$~STKCKD$USESV7$~SHL$OSPACE$EBA8$MICROLIB$REQ8$PRES8$EABIv2 0x00000000   Number         0  anon$$obj.o ABSOLUTE
    __ARM_use_no_argv                        0x00000000   Number         0  main.o ABSOLUTE
    __cpp_initialize__aeabi_                  - Undefined Weak Reference
    __cxa_finalize                            - Undefined Weak Reference
    _clock_init                               - Undefined Weak Reference
    _microlib_exit                            - Undefined Weak Reference
    __Vectors_Size                           0x000000ec   Number         0  startup_stm32f103xb.o ABSOLUTE
    __Vectors                                0x08003000   Data           4  startup_stm32f103xb.o(RESET)
    __Vectors_End                            0x080030ec   Data           0  startup_stm32f103xb.o(RESET)
    __main                                   0x080030ed   Thumb Code     0  entry.o(.ARM.Collect$$$$00000000)
    _main_stk                                0x080030ed   Thumb Code     0  entry2.o(.ARM.Collect$$$$00000001)
    _main_scatterload                        0x080030f1   Thumb Code     0  entry5.o(.ARM.Collect$$$$00000004)
    __main_after_scatterload                 0x080030f5   Thumb Code     0  entry5.o(.ARM.Collect$$$$00000004)
    _main_clock                              0x080030f5   Thumb Code     0  entry7b.o(.ARM.Collect$$$$00000008)
    _main_cpp_init                           0x080030f5   Thumb Code     0  entry8b.o(.ARM.Collect$$$$0000000A)
    _main_init                               0x080030f5   Thumb Code     0  entry9a.o(.ARM.Collect$$$$0000000B)
    __rt_final_cpp                           0x080030fd   Thumb Code     0  entry10a.o(.ARM.Collect$$$$0000000D)
    __rt_final_exit                          0x080030fd   Thumb Code     0  entry11a.o(.ARM.Collect$$$$0000000F)
    Reset_Handler                            0x08003101   Thumb Code     8  startup_stm32f103xb.o(.text)
    NMI_Handler                              0x08003109   Thumb Code     2  startup_stm32f103xb.o(.text)
    HardFault_Handler                        0x0800310b   Thumb Code     2  startup_stm32f103xb.o(.text)
    MemManage_Handler                        0x0800310d   Thumb Code     2  startup_stm32f103xb.o(.text)
    BusFault_Handler                         0x0800310f   Thumb Code     2  startup_stm32f103xb.o(.text)
    UsageFault_Handler                       0x08003111   Thumb Code     2  startup_stm32f103xb.o(.text)
    DebugMon_Handler                         0x08003115   Thumb Code     2  startup_stm32f103xb.o(.text)
    ADC1_2_IRQHandler                        0x0800311b   Thumb Code     0  startup_stm32f103xb.o(.text)
    CAN1_RX1_IRQHandler                      0x0800311b   Thumb Code     0  startup_stm32f103xb.o(.text)
    CAN1_SCE_IRQHandler                      0x0800311b   Thumb Code     0  startup_stm32f103xb.o(.text)
    DMA1_Channel1_IRQHandler                 0x0800311b   Thumb Code     0  startup_stm32f103xb.o(.text)
    DMA1_Channel2_IRQHandler                 0x0800311b   Thumb Code     0  startup_stm32f103xb.o(.text)
    DMA1_Channel3_IRQHandler                 0x0800311b   Thumb Code     0  startup_stm32f103xb.o(.text)
    DMA1_Channel4_IRQHandler                 0x0800311b   Thumb Code     0  startup_stm32f103xb.o(.text)
    DMA1_Channel5_IRQHandler                 0x0800311b   Thumb Code     0  startup_stm32f103xb.o(.text)
    DMA1_Channel6_IRQHandler                 0x0800311b   Thumb Code     0  startup_stm32f103xb.o(.text)
    DMA1_Channel7_IRQHandler                 0x0800311b   Thumb Code     0  startup_stm32f103xb.o(.text)
    EXTI0_IRQHandler                         0x0800311b   Thumb Code     0  startup_stm32f103xb.o(.text)
    EXTI15_10_IRQHandler                     0x0800311b   Thumb Code     0  startup_stm32f103xb.o(.text)
    EXTI1_IRQHandler                         0x0800311b   Thumb Code     0  startup_stm32f103xb.o(.text)
    EXTI2_IRQHandler                         0x0800311b   Thumb Code     0  startup_stm32f103xb.o(.text)
    EXTI3_IRQHandler                         0x0800311b   Thumb Code     0  startup_stm32f103xb.o(.text)
    EXTI4_IRQHandler                         0x0800311b   Thumb Code     0  startup_stm32f103xb.o(.text)
    EXTI9_5_IRQHandler                       0x0800311b   Thumb Code     0  startup_stm32f103xb.o(.text)
    FLASH_IRQHandler                         0x0800311b   Thumb Code     0  startup_stm32f103xb.o(.text)
    I2C1_ER_IRQHandler                       0x0800311b   Thumb Code     0  startup_stm32f103xb.o(.text)
    I2C1_EV_IRQHandler                       0x0800311b   Thumb Code     0  startup_stm32f103xb.o(.text)
    I2C2_ER_IRQHandler                       0x0800311b   Thumb Code     0  startup_stm32f103xb.o(.text)
    I2C2_EV_IRQHandler                       0x0800311b   Thumb Code     0  startup_stm32f103xb.o(.text)
    RCC_IRQHandler                           0x0800311b   Thumb Code     0  startup_stm32f103xb.o(.text)
    RTC_Alarm_IRQHandler                     0x0800311b   Thumb Code     0  startup_stm32f103xb.o(.text)
    RTC_IRQHandler                           0x0800311b   Thumb Code     0  startup_stm32f103xb.o(.text)
    SPI1_IRQHandler                          0x0800311b   Thumb Code     0  startup_stm32f103xb.o(.text)
    SPI2_IRQHandler                          0x0800311b   Thumb Code     0  startup_stm32f103xb.o(.text)
    TAMPER_IRQHandler                        0x0800311b   Thumb Code     0  startup_stm32f103xb.o(.text)
    TIM1_BRK_IRQHandler                      0x0800311b   Thumb Code     0  startup_stm32f103xb.o(.text)
    TIM1_CC_IRQHandler                       0x0800311b   Thumb Code     0  startup_stm32f103xb.o(.text)
    TIM1_TRG_COM_IRQHandler                  0x0800311b   Thumb Code     0  startup_stm32f103xb.o(.text)
    TIM1_UP_IRQHandler                       0x0800311b   Thumb Code     0  startup_stm32f103xb.o(.text)
    TIM2_IRQHandler                          0x0800311b   Thumb Code     0  startup_stm32f103xb.o(.text)
    TIM3_IRQHandler                          0x0800311b   Thumb Code     0  startup_stm32f103xb.o(.text)
    TIM4_IRQHandler                          0x0800311b   Thumb Code     0  startup_stm32f103xb.o(.text)
    USART3_IRQHandler                        0x0800311b   Thumb Code     0  startup_stm32f103xb.o(.text)
    USBWakeUp_IRQHandler                     0x0800311b   Thumb Code     0  startup_stm32f103xb.o(.text)
    USB_HP_CAN1_TX_IRQHandler                0x0800311b   Thumb Code     0  startup_stm32f103xb.o(.text)
    USB_LP_CAN1_RX0_IRQHandler               0x0800311b   Thumb Code     0  startup_stm32f103xb.o(.text)
    WWDG_IRQHandler                          0x0800311b   Thumb Code     0  startup_stm32f103xb.o(.text)
    __aeabi_llsr                             0x08003125   Thumb Code    32  llushr.o(.text)
    _ll_ushift_r                             0x08003125   Thumb Code     0  llushr.o(.text)
    __scatterload                            0x08003145   Thumb Code    28  init.o(.text)
    __scatterload_rt2                        0x08003145   Thumb Code     0  init.o(.text)
    __decompress                             0x08003169   Thumb Code     0  __dczerorl2.o(.text)
    __decompress1                            0x08003169   Thumb Code    86  __dczerorl2.o(.text)
    BaseToPower                              0x08003229   Thumb Code    16  common.o(i.BaseToPower)
    BootloaderExe                            0x08003239   Thumb Code    68  main.o(i.BootloaderExe)
    CRC_Calculate8                           0x080033e5   Thumb Code    24  stm32f1xx_hal_crc.o(i.CRC_Calculate8)
    CRC_ResetDR                              0x08003401   Thumb Code     8  stm32f1xx_hal_crc.o(i.CRC_ResetDR)
    CalcCRC                                  0x0800340d   Thumb Code    22  common.o(i.CalcCRC)
    ClearBuffer                              0x08003423   Thumb Code    20  common.o(i.ClearBuffer)
    DIO_Init                                 0x08003cad   Thumb Code    56  dio_interface.o(i.DIO_Init)
    DIO_Service                              0x08003ce9   Thumb Code  1136  dio_interface.o(i.DIO_Service)
    DIO_SetOuput                             0x0800415d   Thumb Code    54  dio_interface.o(i.DIO_SetOuput)
    DISPLAY_Init                             0x08004605   Thumb Code   898  display.o(i.DISPLAY_Init)
    DISPLAY_Service                          0x08005609   Thumb Code  1908  display.o(i.DISPLAY_Service)
    DISPLAY_SetMenuEvent                     0x08005d95   Thumb Code     6  display.o(i.DISPLAY_SetMenuEvent)
    DISPLAY_SetMenuState                     0x08005da1   Thumb Code     6  display.o(i.DISPLAY_SetMenuState)
    Dec2Bcd                                  0x08005f25   Thumb Code    22  common.o(i.Dec2Bcd)
    EEPROM_Save                              0x08005f3d   Thumb Code    90  eeprom.o(i.EEPROM_Save)
    Error_Handler                            0x08005f9d   Thumb Code    24  main.o(i.Error_Handler)
    FLASH_PageErase                          0x08006031   Thumb Code    28  stm32f1xx_hal_flash_ex.o(i.FLASH_PageErase)
    FLASH_WaitForLastOperation               0x080060cd   Thumb Code    80  stm32f1xx_hal_flash.o(i.FLASH_WaitForLastOperation)
    HAL_CRC_Init                             0x08006185   Thumb Code    36  stm32f1xx_hal_crc.o(i.HAL_CRC_Init)
    HAL_CRC_MspDeInit                        0x080061a9   Thumb Code    20  stm32f1xx_hal_msp.o(i.HAL_CRC_MspDeInit)
    HAL_CRC_MspInit                          0x080061c5   Thumb Code    30  stm32f1xx_hal_msp.o(i.HAL_CRC_MspInit)
    HAL_DMA_Abort_IT                         0x080061ed   Thumb Code   148  stm32f1xx_hal_dma.o(i.HAL_DMA_Abort_IT)
    HAL_DeInit                               0x08006285   Thumb Code    26  stm32f1xx_hal.o(i.HAL_DeInit)
    HAL_Delay                                0x080062a5   Thumb Code    28  stm32f1xx_hal.o(i.HAL_Delay)
    HAL_FLASHEx_Erase                        0x080062c1   Thumb Code   158  stm32f1xx_hal_flash_ex.o(i.HAL_FLASHEx_Erase)
    HAL_FLASH_Lock                           0x08006369   Thumb Code    14  stm32f1xx_hal_flash.o(i.HAL_FLASH_Lock)
    HAL_FLASH_OB_Launch                      0x0800637d   Thumb Code     4  stm32f1xx_hal_flash.o(i.HAL_FLASH_OB_Launch)
    HAL_FLASH_Program                        0x08006381   Thumb Code   132  stm32f1xx_hal_flash.o(i.HAL_FLASH_Program)
    HAL_FLASH_Unlock                         0x0800640d   Thumb Code    24  stm32f1xx_hal_flash.o(i.HAL_FLASH_Unlock)
    HAL_GPIO_DeInit                          0x08006431   Thumb Code   212  stm32f1xx_hal_gpio.o(i.HAL_GPIO_DeInit)
    HAL_GPIO_Init                            0x0800651d   Thumb Code   460  stm32f1xx_hal_gpio.o(i.HAL_GPIO_Init)
    HAL_GPIO_ReadPin                         0x08006709   Thumb Code    14  stm32f1xx_hal_gpio.o(i.HAL_GPIO_ReadPin)
    HAL_GPIO_WritePin                        0x08006717   Thumb Code    14  stm32f1xx_hal_gpio.o(i.HAL_GPIO_WritePin)
    HAL_GetTick                              0x08006725   Thumb Code     6  stm32f1xx_hal.o(i.HAL_GetTick)
    HAL_I2C_DeInit                           0x08006731   Thumb Code    50  stm32f1xx_hal_i2c.o(i.HAL_I2C_DeInit)
    HAL_I2C_Init                             0x08006765   Thumb Code   260  stm32f1xx_hal_i2c.o(i.HAL_I2C_Init)
    HAL_I2C_IsDeviceReady                    0x08006871   Thumb Code   358  stm32f1xx_hal_i2c.o(i.HAL_I2C_IsDeviceReady)
    HAL_I2C_Master_Receive                   0x080069e1   Thumb Code   680  stm32f1xx_hal_i2c.o(i.HAL_I2C_Master_Receive)
    HAL_I2C_Master_Transmit                  0x08006c95   Thumb Code   342  stm32f1xx_hal_i2c.o(i.HAL_I2C_Master_Transmit)
    HAL_I2C_MspDeInit                        0x08006df5   Thumb Code    30  stm32f1xx_hal_msp.o(i.HAL_I2C_MspDeInit)
    HAL_I2C_MspInit                          0x08006e21   Thumb Code    66  stm32f1xx_hal_msp.o(i.HAL_I2C_MspInit)
    HAL_IWDG_Init                            0x08006e75   Thumb Code    82  stm32f1xx_hal_iwdg.o(i.HAL_IWDG_Init)
    HAL_IWDG_Refresh                         0x08006ec7   Thumb Code    12  stm32f1xx_hal_iwdg.o(i.HAL_IWDG_Refresh)
    HAL_IncTick                              0x08006ed5   Thumb Code    10  stm32f1xx_hal.o(i.HAL_IncTick)
    HAL_Init                                 0x08006ee5   Thumb Code    32  stm32f1xx_hal.o(i.HAL_Init)
    HAL_InitTick                             0x08006f09   Thumb Code    34  stm32f1xx_hal.o(i.HAL_InitTick)
    HAL_MspDeInit                            0x08006f31   Thumb Code     2  stm32f1xx_hal.o(i.HAL_MspDeInit)
    HAL_MspInit                              0x08006f35   Thumb Code   138  stm32f1xx_hal_msp.o(i.HAL_MspInit)
    HAL_NVIC_DisableIRQ                      0x08006fc9   Thumb Code    26  stm32f1xx_hal_cortex.o(i.HAL_NVIC_DisableIRQ)
    HAL_NVIC_EnableIRQ                       0x08006fe3   Thumb Code    26  stm32f1xx_hal_cortex.o(i.HAL_NVIC_EnableIRQ)
    HAL_NVIC_SetPriority                     0x08006ffd   Thumb Code    60  stm32f1xx_hal_cortex.o(i.HAL_NVIC_SetPriority)
    HAL_NVIC_SetPriorityGrouping             0x0800703d   Thumb Code    26  stm32f1xx_hal_cortex.o(i.HAL_NVIC_SetPriorityGrouping)
    HAL_NVIC_SystemReset                     0x08007061   Thumb Code    26  stm32f1xx_hal_cortex.o(i.HAL_NVIC_SystemReset)
    HAL_PWR_EnableBkUpAccess                 0x08007085   Thumb Code     8  stm32f1xx_hal_pwr.o(i.HAL_PWR_EnableBkUpAccess)
    HAL_PWR_PVDCallback                      0x08007091   Thumb Code     2  stm32f1xx_hal_pwr.o(i.HAL_PWR_PVDCallback)
    HAL_PWR_PVD_IRQHandler                   0x08007095   Thumb Code    22  stm32f1xx_hal_pwr.o(i.HAL_PWR_PVD_IRQHandler)
    HAL_RCCEx_GetPeriphCLKFreq               0x080070b1   Thumb Code   176  stm32f1xx_hal_rcc_ex.o(i.HAL_RCCEx_GetPeriphCLKFreq)
    HAL_RCCEx_PeriphCLKConfig                0x08007181   Thumb Code   256  stm32f1xx_hal_rcc_ex.o(i.HAL_RCCEx_PeriphCLKConfig)
    HAL_RCC_ClockConfig                      0x0800728d   Thumb Code   338  stm32f1xx_hal_rcc.o(i.HAL_RCC_ClockConfig)
    HAL_RCC_GetHCLKFreq                      0x080073f1   Thumb Code     6  stm32f1xx_hal_rcc.o(i.HAL_RCC_GetHCLKFreq)
    HAL_RCC_GetPCLK1Freq                     0x080073fd   Thumb Code    22  stm32f1xx_hal_rcc.o(i.HAL_RCC_GetPCLK1Freq)
    HAL_RCC_GetPCLK2Freq                     0x0800741d   Thumb Code    22  stm32f1xx_hal_rcc.o(i.HAL_RCC_GetPCLK2Freq)
    HAL_RCC_GetSysClockFreq                  0x0800743d   Thumb Code    84  stm32f1xx_hal_rcc.o(i.HAL_RCC_GetSysClockFreq)
    HAL_RCC_OscConfig                        0x080074b1   Thumb Code   840  stm32f1xx_hal_rcc.o(i.HAL_RCC_OscConfig)
    HAL_RTCEx_BKUPRead                       0x08007809   Thumb Code    12  stm32f1xx_hal_rtc_ex.o(i.HAL_RTCEx_BKUPRead)
    HAL_RTCEx_BKUPWrite                      0x08007819   Thumb Code    12  stm32f1xx_hal_rtc_ex.o(i.HAL_RTCEx_BKUPWrite)
    HAL_RTC_GetDate                          0x08007829   Thumb Code    82  stm32f1xx_hal_rtc.o(i.HAL_RTC_GetDate)
    HAL_RTC_GetTime                          0x0800787b   Thumb Code   234  stm32f1xx_hal_rtc.o(i.HAL_RTC_GetTime)
    HAL_RTC_Init                             0x08007965   Thumb Code   176  stm32f1xx_hal_rtc.o(i.HAL_RTC_Init)
    HAL_RTC_MspDeInit                        0x08007a19   Thumb Code    16  stm32f1xx_hal_msp.o(i.HAL_RTC_MspDeInit)
    HAL_RTC_MspInit                          0x08007a31   Thumb Code    40  stm32f1xx_hal_msp.o(i.HAL_RTC_MspInit)
    HAL_RTC_SetDate                          0x08007a65   Thumb Code   206  stm32f1xx_hal_rtc.o(i.HAL_RTC_SetDate)
    HAL_RTC_SetTime                          0x08007b39   Thumb Code   180  stm32f1xx_hal_rtc.o(i.HAL_RTC_SetTime)
    HAL_RTC_WaitForSynchro                   0x08007bf1   Thumb Code    60  stm32f1xx_hal_rtc.o(i.HAL_RTC_WaitForSynchro)
    HAL_SPI_Init                             0x08007c2d   Thumb Code   132  stm32f1xx_hal_spi_ex.o(i.HAL_SPI_Init)
    HAL_SPI_MspDeInit                        0x08007cb1   Thumb Code    30  stm32f1xx_hal_msp.o(i.HAL_SPI_MspDeInit)
    HAL_SPI_MspInit                          0x08007cdd   Thumb Code    78  stm32f1xx_hal_msp.o(i.HAL_SPI_MspInit)
    HAL_SPI_Receive                          0x08007d39   Thumb Code   336  stm32f1xx_hal_spi.o(i.HAL_SPI_Receive)
    HAL_SPI_Transmit                         0x08007e89   Thumb Code   380  stm32f1xx_hal_spi.o(i.HAL_SPI_Transmit)
    HAL_SPI_TransmitReceive                  0x08008005   Thumb Code   474  stm32f1xx_hal_spi.o(i.HAL_SPI_TransmitReceive)
    HAL_SYSTICK_CLKSourceConfig              0x080081df   Thumb Code    28  stm32f1xx_hal_cortex.o(i.HAL_SYSTICK_CLKSourceConfig)
    HAL_SYSTICK_Callback                     0x080081fd   Thumb Code    26  main.o(i.HAL_SYSTICK_Callback)
    HAL_SYSTICK_Config                       0x0800821d   Thumb Code    40  stm32f1xx_hal_cortex.o(i.HAL_SYSTICK_Config)
    HAL_SYSTICK_IRQHandler                   0x08008245   Thumb Code     8  stm32f1xx_hal_cortex.o(i.HAL_SYSTICK_IRQHandler)
    HAL_TIMEx_MasterConfigSynchronization    0x0800824d   Thumb Code    80  stm32f1xx_hal_tim_ex.o(i.HAL_TIMEx_MasterConfigSynchronization)
    HAL_TIM_ConfigClockSource                0x0800829d   Thumb Code   270  stm32f1xx_hal_tim.o(i.HAL_TIM_ConfigClockSource)
    HAL_TIM_MspPostInit                      0x080083ad   Thumb Code    74  stm32f1xx_hal_msp.o(i.HAL_TIM_MspPostInit)
    HAL_TIM_PWM_ConfigChannel                0x08008405   Thumb Code   218  stm32f1xx_hal_tim.o(i.HAL_TIM_PWM_ConfigChannel)
    HAL_TIM_PWM_DeInit                       0x080084df   Thumb Code    54  stm32f1xx_hal_tim.o(i.HAL_TIM_PWM_DeInit)
    HAL_TIM_PWM_GetState                     0x08008515   Thumb Code     6  stm32f1xx_hal_tim.o(i.HAL_TIM_PWM_GetState)
    HAL_TIM_PWM_Init                         0x0800851b   Thumb Code    56  stm32f1xx_hal_tim.o(i.HAL_TIM_PWM_Init)
    HAL_TIM_PWM_MspDeInit                    0x08008555   Thumb Code    52  stm32f1xx_hal_msp.o(i.HAL_TIM_PWM_MspDeInit)
    HAL_TIM_PWM_MspInit                      0x08008595   Thumb Code    78  stm32f1xx_hal_msp.o(i.HAL_TIM_PWM_MspInit)
    HAL_TIM_PWM_Start                        0x080085f1   Thumb Code    42  stm32f1xx_hal_tim.o(i.HAL_TIM_PWM_Start)
    HAL_TIM_PWM_Stop                         0x08008621   Thumb Code    78  stm32f1xx_hal_tim.o(i.HAL_TIM_PWM_Stop)
    HAL_UART_DeInit                          0x08008675   Thumb Code    38  stm32f1xx_hal_uart.o(i.HAL_UART_DeInit)
    HAL_UART_ErrorCallback                   0x0800869d   Thumb Code    50  rs485.o(i.HAL_UART_ErrorCallback)
    HAL_UART_GetState                        0x080086d9   Thumb Code    12  stm32f1xx_hal_uart.o(i.HAL_UART_GetState)
    HAL_UART_IRQHandler                      0x080086e5   Thumb Code   268  stm32f1xx_hal_uart.o(i.HAL_UART_IRQHandler)
    HAL_UART_Init                            0x080087f5   Thumb Code   100  stm32f1xx_hal_uart.o(i.HAL_UART_Init)
    HAL_UART_MspDeInit                       0x08008859   Thumb Code    72  stm32f1xx_hal_msp.o(i.HAL_UART_MspDeInit)
    HAL_UART_MspInit                         0x080088b1   Thumb Code   146  stm32f1xx_hal_msp.o(i.HAL_UART_MspInit)
    HAL_UART_Receive                         0x08008955   Thumb Code   210  stm32f1xx_hal_uart.o(i.HAL_UART_Receive)
    HAL_UART_Receive_IT                      0x08008a27   Thumb Code    86  stm32f1xx_hal_uart.o(i.HAL_UART_Receive_IT)
    HAL_UART_Transmit                        0x08008a7d   Thumb Code   204  stm32f1xx_hal_uart.o(i.HAL_UART_Transmit)
    HAL_UART_TxCpltCallback                  0x08008b49   Thumb Code     2  stm32f1xx_hal_uart.o(i.HAL_UART_TxCpltCallback)
    Hex2Str                                  0x08008b4b   Thumb Code    72  common.o(i.Hex2Str)
    Int2StrSized                             0x08008f91   Thumb Code    92  common.o(i.Int2StrSized)
    IsDISPLAY_MenuActiv                      0x08008ff1   Thumb Code    16  display.o(i.IsDISPLAY_MenuActiv)
    IsDISPLAY_MenuPending                    0x08009005   Thumb Code    16  display.o(i.IsDISPLAY_MenuPending)
    IsDISPLAY_MenuPrintPending               0x08009019   Thumb Code    16  display.o(i.IsDISPLAY_MenuPrintPending)
    IsDISPLAY_MenuTasterEventEnd             0x0800902d   Thumb Code    16  display.o(i.IsDISPLAY_MenuTasterEventEnd)
    IsDISPLAY_MenuValueChanged               0x08009041   Thumb Code    16  display.o(i.IsDISPLAY_MenuValueChanged)
    IsONEWIRE_ThermostatDisplayDoorBellActive 0x08009055   Thumb Code    30  one_wire.o(i.IsONEWIRE_ThermostatDisplayDoorBellActive)
    LOGGER_Delete                            0x0800907d   Thumb Code   300  logger.o(i.LOGGER_Delete)
    LOGGER_Init                              0x080091b5   Thumb Code   242  logger.o(i.LOGGER_Init)
    LOGGER_Read                              0x080092b9   Thumb Code   112  logger.o(i.LOGGER_Read)
    LOGGER_Write                             0x08009331   Thumb Code   280  logger.o(i.LOGGER_Write)
    MX_TIM1_Init                             0x080096c1   Thumb Code   136  main.o(i.MX_TIM1_Init)
    MX_TIM3_Init                             0x080097c9   Thumb Code   112  main.o(i.MX_TIM3_Init)
    ONEWIRE_Init                             0x080098ed   Thumb Code    46  one_wire.o(i.ONEWIRE_Init)
    ONEWIRE_ScanBus                          0x080099e9   Thumb Code   264  one_wire.o(i.ONEWIRE_ScanBus)
    ONEWIRE_Service                          0x08009c5d   Thumb Code  1454  one_wire.o(i.ONEWIRE_Service)
    ONEWIRE_ThermostatDisplayDoorBell        0x0800a265   Thumb Code    44  one_wire.o(i.ONEWIRE_ThermostatDisplayDoorBell)
    ONEWIRE_ThermostatDisplayUserInterface   0x0800a299   Thumb Code    42  one_wire.o(i.ONEWIRE_ThermostatDisplayUserInterface)
    PVD_IRQHandler                           0x0800a2cd   Thumb Code     4  stm32f1xx_it.o(i.PVD_IRQHandler)
    PendSV_Handler                           0x0800a2d1   Thumb Code     2  stm32f1xx_it.o(i.PendSV_Handler)
    RC522_ClearData                          0x0800a6e5   Thumb Code   110  rc522.o(i.RC522_ClearData)
    RC522_Init                               0x0800a785   Thumb Code   112  rc522.o(i.RC522_Init)
    RC522_Service                            0x0800aa49   Thumb Code  1848  rc522.o(i.RC522_Service)
    RS485_Init                               0x0800b711   Thumb Code    90  rs485.o(i.RS485_Init)
    RS485_Service                            0x0800b77d   Thumb Code  3348  rs485.o(i.RS485_Service)
    SIGNAL_Service                           0x0800c751   Thumb Code  1898  signal.o(i.SIGNAL_Service)
    SPI_FLASH_Erase                          0x0800cef1   Thumb Code   124  eeprom.o(i.SPI_FLASH_Erase)
    SPI_FLASH_ReadByte                       0x0800cf79   Thumb Code   106  eeprom.o(i.SPI_FLASH_ReadByte)
    SPI_FLASH_ReadInt                        0x0800d07d   Thumb Code   116  eeprom.o(i.SPI_FLASH_ReadInt)
    SPI_FLASH_ReadPage                       0x0800d0fd   Thumb Code   104  eeprom.o(i.SPI_FLASH_ReadPage)
    SPI_FLASH_ReleasePowerDown               0x0800d1dd   Thumb Code    72  eeprom.o(i.SPI_FLASH_ReleasePowerDown)
    SPI_FLASH_UnprotectSector                0x0800d231   Thumb Code    78  eeprom.o(i.SPI_FLASH_UnprotectSector)
    SPI_FLASH_WaitReadyStatus                0x0800d28d   Thumb Code    44  eeprom.o(i.SPI_FLASH_WaitReadyStatus)
    SPI_FLASH_WritePage                      0x0800d309   Thumb Code   108  eeprom.o(i.SPI_FLASH_WritePage)
    SPI_FLASH_WriteStatusRegister            0x0800d381   Thumb Code    70  eeprom.o(i.SPI_FLASH_WriteStatusRegister)
    SVC_Handler                              0x0800d469   Thumb Code     2  stm32f1xx_it.o(i.SVC_Handler)
    Str2Hex                                  0x0800d515   Thumb Code    94  common.o(i.Str2Hex)
    Str2Int                                  0x0800d573   Thumb Code   192  common.o(i.Str2Int)
    SysTick_Handler                          0x0800d633   Thumb Code    14  stm32f1xx_it.o(i.SysTick_Handler)
    SystemInit                               0x0800d6dd   Thumb Code    56  system_stm32f1xx.o(i.SystemInit)
    TIM_Base_SetConfig                       0x0800d729   Thumb Code    94  stm32f1xx_hal_tim.o(i.TIM_Base_SetConfig)
    TIM_CCxChannelCmd                        0x0800d795   Thumb Code    22  stm32f1xx_hal_tim.o(i.TIM_CCxChannelCmd)
    TIM_OC2_SetConfig                        0x0800d831   Thumb Code    94  stm32f1xx_hal_tim.o(i.TIM_OC2_SetConfig)
    USART1_IRQHandler                        0x0800ddd9   Thumb Code     6  stm32f1xx_it.o(i.USART1_IRQHandler)
    USART2_IRQHandler                        0x0800dde5   Thumb Code     6  stm32f1xx_it.o(i.USART2_IRQHandler)
    __scatterload_copy                       0x0800de69   Thumb Code    14  handlers.o(i.__scatterload_copy)
    __scatterload_null                       0x0800de77   Thumb Code     2  handlers.o(i.__scatterload_null)
    __scatterload_zeroinit                   0x0800de79   Thumb Code    14  handlers.o(i.__scatterload_zeroinit)
    main                                     0x0800de89   Thumb Code   118  main.o(i.main)
    AHBPrescTable                            0x0800df04   Data          16  system_stm32f1xx.o(.constdata)
    APBPrescTable                            0x0800df14   Data           8  system_stm32f1xx.o(.constdata)
    sys_info_hw                              0x0800df1c   Data          13  main.o(.constdata)
    sys_info_fw                              0x0800df29   Data          13  main.o(.constdata)
    baud_rate                                0x0800df38   Data          40  main.o(.constdata)
    Region$$Table$$Base                      0x0800e388   Number         0  anon$$obj.o(Region$$Table)
    Region$$Table$$Limit                     0x0800e3a8   Number         0  anon$$obj.o(Region$$Table)
    SystemCoreClock                          0x20000000   Data           4  system_stm32f1xx.o(.data)
    uwTick                                   0x20000004   Data           4  stm32f1xx_hal.o(.data)
    buzzer_volume                            0x20000009   Data           1  dio_interface.o(.data)
    doorlock_force                           0x2000000a   Data           1  dio_interface.o(.data)
    hc595_dout                               0x2000000b   Data           1  dio_interface.o(.data)
    dio_flags                                0x20000054   Data           4  dio_interface.o(.data)
    din_0_7                                  0x20000058   Data           4  dio_interface.o(.data)
    din_state                                0x2000005c   Data           4  dio_interface.o(.data)
    din_cap_sen                              0x20000060   Data           4  dio_interface.o(.data)
    dout_0_7                                 0x20000064   Data           4  dio_interface.o(.data)
    dout_0_7_remote                          0x20000068   Data           4  dio_interface.o(.data)
    thermostat_id                            0x2000006f   Data           1  one_wire.o(.data)
    onewire_device_connected                 0x20000070   Data           1  one_wire.o(.data)
    temperature_measured                     0x20000072   Data           2  one_wire.o(.data)
    onewire_flags                            0x2000008c   Data           4  one_wire.o(.data)
    temperature_setpoint                     0x20000090   Data           1  one_wire.o(.data)
    temperature_difference                   0x20000091   Data           1  one_wire.o(.data)
    display_status                           0x2000009c   Data           1  display.o(.data)
    journal_mode                             0x2000009d   Data           1  display.o(.data)
    font_size                                0x2000009e   Data           1  display.o(.data)
    lcd_brightness                           0x200000a0   Data           2  display.o(.data)
    back_color                               0x200000a2   Data           2  display.o(.data)
    pixel_color                              0x200000a4   Data           2  display.o(.data)
    display_menu_timeout_timer               0x200000c8   Data           4  display.o(.data)
    display_menu_timeout_time                0x200000cc   Data           4  display.o(.data)
    display_flags                            0x200000d0   Data           4  display.o(.data)
    spi_buff                                 0x200000d4   Data           8  display.o(.data)
    label                                    0x200000dc   Data          32  display.o(.data)
    screen                                   0x200000fc   Data          20  display.o(.data)
    item                                     0x20000110   Data         128  display.o(.data)
    taster                                   0x20000190   Data          12  display.o(.data)
    LOGGER_Status                            0x2000019c   Data           1  logger.o(.data)
    logger_pcnt                              0x2000019d   Data           1  logger.o(.data)
    logger_list_count                        0x2000019e   Data           2  logger.o(.data)
    logger_next_log_id                       0x200001a0   Data           2  logger.o(.data)
    logger_next_log_address                  0x200001a2   Data           2  logger.o(.data)
    logger_tmp_log_address                   0x200001a4   Data           2  logger.o(.data)
    SignalBuzzer                             0x200001a8   Data           1  signal.o(.data)
    ROOM_Status                              0x200001a9   Data           1  signal.o(.data)
    ROOM_OldStatus                           0x200001aa   Data           1  signal.o(.data)
    signal_flags                             0x200001c4   Data           4  signal.o(.data)
    aRoomPowerExpiryDateTime                 0x200001c8   Data           6  signal.o(.data)
    eComState                                0x200001d0   Data           1  rs485.o(.data)
    eTransferMode                            0x200001d1   Data           1  rs485.o(.data)
    sys_status                               0x200001d2   Data           1  rs485.o(.data)
    activ_command                            0x200001d3   Data           1  rs485.o(.data)
    rs485_interface_baudrate                 0x200001d4   Data           1  rs485.o(.data)
    rs485_interface_address                  0x200001d5   Data           2  rs485.o(.data)
    rs485_broadcast_address                  0x200001d7   Data           2  rs485.o(.data)
    rs485_group_address                      0x200001d9   Data           2  rs485.o(.data)
    rec_bcnt                                 0x20000210   Data           4  rs485.o(.data)
    packet_type                              0x20000214   Data           4  rs485.o(.data)
    receive_pcnt                             0x20000218   Data           4  rs485.o(.data)
    rs485_timer                              0x2000021c   Data           4  rs485.o(.data)
    rs485_flags                              0x20000220   Data           4  rs485.o(.data)
    rs485_sender_address                     0x20000224   Data           4  rs485.o(.data)
    rs485_packet_data_lenght                 0x20000228   Data           4  rs485.o(.data)
    rs485_packet_checksum                    0x2000022c   Data           4  rs485.o(.data)
    fw_update_status                         0x20000230   Data           1  rs485.o(.data)
    system_id                                0x20000235   Data           2  rc522.o(.data)
    mifare_process_flags                     0x20000248   Data           4  rc522.o(.data)
    reset_card_serial                        0x2000024c   Data           5  rc522.o(.data)
    card_id                                  0x20000251   Data           5  rc522.o(.data)
    card_serial                              0x20000256   Data           5  rc522.o(.data)
    mifare_key_a                             0x2000025b   Data           6  rc522.o(.data)
    mifare_key_b                             0x20000261   Data           6  rc522.o(.data)
    hcrc                                     0x2000026c   Data           8  main.o(.data)
    pFlash                                   0x20000278   Data          32  stm32f1xx_hal_flash.o(.bss)
    ds18b20_1                                0x20000298   Data          16  one_wire.o(.bss)
    thermostat_addresse                      0x200002a8   Data           9  one_wire.o(.bss)
    thermostat_setpoint                      0x200002b1   Data           9  one_wire.o(.bss)
    thermostat_display_image_id              0x200002ba   Data           9  one_wire.o(.bss)
    thermostat_display_image_time            0x200002c3   Data           9  one_wire.o(.bss)
    thermostat_buzzer_repeat_time            0x200002cc   Data           9  one_wire.o(.bss)
    thermostat_buzzer_sound_mode             0x200002d5   Data           9  one_wire.o(.bss)
    thermostat_fancoil_temperature           0x200002de   Data           9  one_wire.o(.bss)
    thermostat_ambient_temperature           0x200002e7   Data           9  one_wire.o(.bss)
    LogEvent                                 0x20000350   Data          14  logger.o(.bss)
    rs485_buff                               0x2000035e   Data         128  rs485.o(.bss)
    aJournal_1                               0x200003de   Data         128  rs485.o(.bss)
    sector_0                                 0x2000045e   Data          64  rc522.o(.bss)
    sector_1                                 0x2000049e   Data          64  rc522.o(.bss)
    sector_2                                 0x200004de   Data          64  rc522.o(.bss)
    sCard                                    0x2000051e   Data          18  rc522.o(.bss)
    permitted_add                            0x20000530   Data          16  rc522.o(.bss)
    rc522_rx_buff                            0x20000540   Data          16  rc522.o(.bss)
    rc522_tx_buff                            0x20000550   Data          16  rc522.o(.bss)
    hi2c1                                    0x20000560   Data          84  main.o(.bss)
    hiwdg                                    0x200005b4   Data          12  main.o(.bss)
    hspi2                                    0x200005c0   Data          88  main.o(.bss)
    htim1                                    0x20000618   Data          64  main.o(.bss)
    htim2                                    0x20000658   Data          64  main.o(.bss)
    htim3                                    0x20000698   Data          64  main.o(.bss)
    huart1                                   0x200006d8   Data          64  main.o(.bss)
    huart2                                   0x20000718   Data          64  main.o(.bss)
    hrtc                                     0x20000758   Data          20  main.o(.bss)
    __initial_sp                             0x20003770   Data           0  startup_stm32f103xb.o(STACK)



==============================================================================

Memory Map of the image

  Image Entry point : 0x080030ed

  Load Region LR_IROM1 (Base: 0x08003000, Size: 0x0000b61c, Max: 0x0000c000, ABSOLUTE, COMPRESSED[0x0000b44c])

    Execution Region ER_IROM1 (Exec base: 0x08003000, Load base: 0x08003000, Size: 0x0000b3a8, Max: 0x0000c000, ABSOLUTE)

    Exec Addr    Load Addr    Size         Type   Attr      Idx    E Section Name        Object

    0x08003000   0x08003000   0x000000ec   Data   RO         3696    RESET               startup_stm32f103xb.o
    0x080030ec   0x080030ec   0x00000000   Code   RO         4841  * .ARM.Collect$$$$00000000  mc_w.l(entry.o)
    0x080030ec   0x080030ec   0x00000004   Code   RO         4846    .ARM.Collect$$$$00000001  mc_w.l(entry2.o)
    0x080030f0   0x080030f0   0x00000004   Code   RO         4849    .ARM.Collect$$$$00000004  mc_w.l(entry5.o)
    0x080030f4   0x080030f4   0x00000000   Code   RO         4851    .ARM.Collect$$$$00000008  mc_w.l(entry7b.o)
    0x080030f4   0x080030f4   0x00000000   Code   RO         4853    .ARM.Collect$$$$0000000A  mc_w.l(entry8b.o)
    0x080030f4   0x080030f4   0x00000008   Code   RO         4854    .ARM.Collect$$$$0000000B  mc_w.l(entry9a.o)
    0x080030fc   0x080030fc   0x00000000   Code   RO         4856    .ARM.Collect$$$$0000000D  mc_w.l(entry10a.o)
    0x080030fc   0x080030fc   0x00000000   Code   RO         4858    .ARM.Collect$$$$0000000F  mc_w.l(entry11a.o)
    0x080030fc   0x080030fc   0x00000004   Code   RO         4847    .ARM.Collect$$$$00002712  mc_w.l(entry2.o)
    0x08003100   0x08003100   0x00000024   Code   RO         3697    .text               startup_stm32f103xb.o
    0x08003124   0x08003124   0x00000020   Code   RO         4844    .text               mc_w.l(llushr.o)
    0x08003144   0x08003144   0x00000024   Code   RO         4860    .text               mc_w.l(init.o)
    0x08003168   0x08003168   0x00000056   Code   RO         4870    .text               mc_w.l(__dczerorl2.o)
    0x080031be   0x080031be   0x00000002   PAD
    0x080031c0   0x080031c0   0x00000068   Code   RO         4517    i.BackupOldFirmware  rs485.o
    0x08003228   0x08003228   0x00000010   Code   RO         3967    i.BaseToPower       common.o
    0x08003238   0x08003238   0x00000050   Code   RO         4720    i.BootloaderExe     main.o
    0x08003288   0x08003288   0x000000ec   Code   RO         3879    i.CAP1293_Init      dio_interface.o
    0x08003374   0x08003374   0x00000044   Code   RO         3880    i.CAP1293_ReadRegister  dio_interface.o
    0x080033b8   0x080033b8   0x0000002c   Code   RO         3881    i.CAP1293_WriteRegister  dio_interface.o
    0x080033e4   0x080033e4   0x0000001c   Code   RO         3615    i.CRC_Calculate8    stm32f1xx_hal_crc.o
    0x08003400   0x08003400   0x0000000c   Code   RO         3616    i.CRC_ResetDR       stm32f1xx_hal_crc.o
    0x0800340c   0x0800340c   0x00000016   Code   RO         3969    i.CalcCRC           common.o
    0x08003422   0x08003422   0x00000014   Code   RO         3971    i.ClearBuffer       common.o
    0x08003436   0x08003436   0x00000062   Code   RO         4518    i.CopyFile          rs485.o
    0x08003498   0x08003498   0x00000814   Code   RO         3882    i.DIO_DebounceDigitalInput  dio_interface.o
    0x08003cac   0x08003cac   0x0000003c   Code   RO         3883    i.DIO_Init          dio_interface.o
    0x08003ce8   0x08003ce8   0x00000474   Code   RO         3884    i.DIO_Service       dio_interface.o
    0x0800415c   0x0800415c   0x00000044   Code   RO         3885    i.DIO_SetOuput      dio_interface.o
    0x080041a0   0x080041a0   0x00000034   Code   RO         4250    i.DISPLAY_AddressSet  display.o
    0x080041d4   0x080041d4   0x00000090   Code   RO         4251    i.DISPLAY_CardInfoText  display.o
    0x08004264   0x08004264   0x000000ac   Code   RO         4252    i.DISPLAY_CardUserName  display.o
    0x08004310   0x08004310   0x000000ac   Code   RO         4253    i.DISPLAY_CheckLcd  display.o
    0x080043bc   0x080043bc   0x00000094   Code   RO         4254    i.DISPLAY_Clear     display.o
    0x08004450   0x08004450   0x00000108   Code   RO         4255    i.DISPLAY_DateTime  display.o
    0x08004558   0x08004558   0x000000ac   Code   RO         4256    i.DISPLAY_Image     display.o
    0x08004604   0x08004604   0x00000474   Code   RO         4257    i.DISPLAY_Init      display.o
    0x08004a78   0x08004a78   0x00000038   Code   RO         4258    i.DISPLAY_InitMenu  display.o
    0x08004ab0   0x08004ab0   0x000003fc   Code   RO         4259    i.DISPLAY_MenuService  display.o
    0x08004eac   0x08004eac   0x000000d8   Code   RO         4260    i.DISPLAY_PrintCharacter  display.o
    0x08004f84   0x08004f84   0x00000218   Code   RO         4261    i.DISPLAY_PrintMenuScreen  display.o
    0x0800519c   0x0800519c   0x000002e8   Code   RO         4262    i.DISPLAY_PrintMenuValue  display.o
    0x08005484   0x08005484   0x00000070   Code   RO         4263    i.DISPLAY_PrintNumber  display.o
    0x080054f4   0x080054f4   0x00000068   Code   RO         4264    i.DISPLAY_PrintString  display.o
    0x0800555c   0x0800555c   0x000000aa   Code   RO         4265    i.DISPLAY_ProcessMenuTasterEvent  display.o
    0x08005606   0x08005606   0x00000002   PAD
    0x08005608   0x08005608   0x0000078c   Code   RO         4267    i.DISPLAY_Service   display.o
    0x08005d94   0x08005d94   0x0000000c   Code   RO         4268    i.DISPLAY_SetMenuEvent  display.o
    0x08005da0   0x08005da0   0x0000000c   Code   RO         4269    i.DISPLAY_SetMenuState  display.o
    0x08005dac   0x08005dac   0x00000090   Code   RO         4270    i.DISPLAY_Temperature  display.o
    0x08005e3c   0x08005e3c   0x00000048   Code   RO         4271    i.DISPLAY_WriteByte  display.o
    0x08005e84   0x08005e84   0x00000058   Code   RO         4272    i.DISPLAY_WriteInt  display.o
    0x08005edc   0x08005edc   0x00000048   Code   RO         4273    i.DISPLAY_WriteRegister  display.o
    0x08005f24   0x08005f24   0x00000016   Code   RO         3972    i.Dec2Bcd           common.o
    0x08005f3a   0x08005f3a   0x00000002   PAD
    0x08005f3c   0x08005f3c   0x00000060   Code   RO         4155    i.EEPROM_Save       eeprom.o
    0x08005f9c   0x08005f9c   0x0000001c   Code   RO         4721    i.Error_Handler     main.o
    0x08005fb8   0x08005fb8   0x00000054   Code   RO         4519    i.FLASH_If_Write    rs485.o
    0x0800600c   0x0800600c   0x00000024   Code   RO         3003    i.FLASH_MassErase   stm32f1xx_hal_flash_ex.o
    0x08006030   0x08006030   0x00000024   Code   RO         3012    i.FLASH_PageErase   stm32f1xx_hal_flash_ex.o
    0x08006054   0x08006054   0x0000001c   Code   RO         3234    i.FLASH_Program_HalfWord  stm32f1xx_hal_flash.o
    0x08006070   0x08006070   0x0000005c   Code   RO         3235    i.FLASH_SetErrorCode  stm32f1xx_hal_flash.o
    0x080060cc   0x080060cc   0x00000054   Code   RO         3236    i.FLASH_WaitForLastOperation  stm32f1xx_hal_flash.o
    0x08006120   0x08006120   0x00000064   Code   RO         4520    i.FormatFileStorage  rs485.o
    0x08006184   0x08006184   0x00000024   Code   RO         3621    i.HAL_CRC_Init      stm32f1xx_hal_crc.o
    0x080061a8   0x080061a8   0x0000001c   Code   RO         3706    i.HAL_CRC_MspDeInit  stm32f1xx_hal_msp.o
    0x080061c4   0x080061c4   0x00000028   Code   RO         3707    i.HAL_CRC_MspInit   stm32f1xx_hal_msp.o
    0x080061ec   0x080061ec   0x00000098   Code   RO         1110    i.HAL_DMA_Abort_IT  stm32f1xx_hal_dma.o
    0x08006284   0x08006284   0x00000020   Code   RO         2868    i.HAL_DeInit        stm32f1xx_hal.o
    0x080062a4   0x080062a4   0x0000001c   Code   RO         2869    i.HAL_Delay         stm32f1xx_hal.o
    0x080062c0   0x080062c0   0x000000a8   Code   RO         3013    i.HAL_FLASHEx_Erase  stm32f1xx_hal_flash_ex.o
    0x08006368   0x08006368   0x00000014   Code   RO         3240    i.HAL_FLASH_Lock    stm32f1xx_hal_flash.o
    0x0800637c   0x0800637c   0x00000004   Code   RO         3241    i.HAL_FLASH_OB_Launch  stm32f1xx_hal_flash.o
    0x08006380   0x08006380   0x0000008c   Code   RO         3245    i.HAL_FLASH_Program  stm32f1xx_hal_flash.o
    0x0800640c   0x0800640c   0x00000024   Code   RO         3247    i.HAL_FLASH_Unlock  stm32f1xx_hal_flash.o
    0x08006430   0x08006430   0x000000ec   Code   RO         2432    i.HAL_GPIO_DeInit   stm32f1xx_hal_gpio.o
    0x0800651c   0x0800651c   0x000001ec   Code   RO         2435    i.HAL_GPIO_Init     stm32f1xx_hal_gpio.o
    0x08006708   0x08006708   0x0000000e   Code   RO         2437    i.HAL_GPIO_ReadPin  stm32f1xx_hal_gpio.o
    0x08006716   0x08006716   0x0000000e   Code   RO         2439    i.HAL_GPIO_WritePin  stm32f1xx_hal_gpio.o
    0x08006724   0x08006724   0x0000000c   Code   RO         2873    i.HAL_GetTick       stm32f1xx_hal.o
    0x08006730   0x08006730   0x00000032   Code   RO         1790    i.HAL_I2C_DeInit    stm32f1xx_hal_i2c.o
    0x08006762   0x08006762   0x00000002   PAD
    0x08006764   0x08006764   0x0000010c   Code   RO         1799    i.HAL_I2C_Init      stm32f1xx_hal_i2c.o
    0x08006870   0x08006870   0x00000170   Code   RO         1800    i.HAL_I2C_IsDeviceReady  stm32f1xx_hal_i2c.o
    0x080069e0   0x080069e0   0x000002b4   Code   RO         1805    i.HAL_I2C_Master_Receive  stm32f1xx_hal_i2c.o
    0x08006c94   0x08006c94   0x00000160   Code   RO         1810    i.HAL_I2C_Master_Transmit  stm32f1xx_hal_i2c.o
    0x08006df4   0x08006df4   0x0000002c   Code   RO         3708    i.HAL_I2C_MspDeInit  stm32f1xx_hal_msp.o
    0x08006e20   0x08006e20   0x00000054   Code   RO         3709    i.HAL_I2C_MspInit   stm32f1xx_hal_msp.o
    0x08006e74   0x08006e74   0x00000052   Code   RO         1656    i.HAL_IWDG_Init     stm32f1xx_hal_iwdg.o
    0x08006ec6   0x08006ec6   0x0000000c   Code   RO         1657    i.HAL_IWDG_Refresh  stm32f1xx_hal_iwdg.o
    0x08006ed2   0x08006ed2   0x00000002   PAD
    0x08006ed4   0x08006ed4   0x00000010   Code   RO         2875    i.HAL_IncTick       stm32f1xx_hal.o
    0x08006ee4   0x08006ee4   0x00000024   Code   RO         2876    i.HAL_Init          stm32f1xx_hal.o
    0x08006f08   0x08006f08   0x00000028   Code   RO         2877    i.HAL_InitTick      stm32f1xx_hal.o
    0x08006f30   0x08006f30   0x00000002   Code   RO         2878    i.HAL_MspDeInit     stm32f1xx_hal.o
    0x08006f32   0x08006f32   0x00000002   PAD
    0x08006f34   0x08006f34   0x00000094   Code   RO         3710    i.HAL_MspInit       stm32f1xx_hal_msp.o
    0x08006fc8   0x08006fc8   0x0000001a   Code   RO         1540    i.HAL_NVIC_DisableIRQ  stm32f1xx_hal_cortex.o
    0x08006fe2   0x08006fe2   0x0000001a   Code   RO         1541    i.HAL_NVIC_EnableIRQ  stm32f1xx_hal_cortex.o
    0x08006ffc   0x08006ffc   0x00000040   Code   RO         1547    i.HAL_NVIC_SetPriority  stm32f1xx_hal_cortex.o
    0x0800703c   0x0800703c   0x00000024   Code   RO         1548    i.HAL_NVIC_SetPriorityGrouping  stm32f1xx_hal_cortex.o
    0x08007060   0x08007060   0x00000024   Code   RO         1549    i.HAL_NVIC_SystemReset  stm32f1xx_hal_cortex.o
    0x08007084   0x08007084   0x0000000c   Code   RO         3116    i.HAL_PWR_EnableBkUpAccess  stm32f1xx_hal_pwr.o
    0x08007090   0x08007090   0x00000002   Code   RO         3124    i.HAL_PWR_PVDCallback  stm32f1xx_hal_pwr.o
    0x08007092   0x08007092   0x00000002   PAD
    0x08007094   0x08007094   0x0000001c   Code   RO         3125    i.HAL_PWR_PVD_IRQHandler  stm32f1xx_hal_pwr.o
    0x080070b0   0x080070b0   0x000000d0   Code   RO         2397    i.HAL_RCCEx_GetPeriphCLKFreq  stm32f1xx_hal_rcc_ex.o
    0x08007180   0x08007180   0x0000010c   Code   RO         2398    i.HAL_RCCEx_PeriphCLKConfig  stm32f1xx_hal_rcc_ex.o
    0x0800728c   0x0800728c   0x00000164   Code   RO         2756    i.HAL_RCC_ClockConfig  stm32f1xx_hal_rcc.o
    0x080073f0   0x080073f0   0x0000000c   Code   RO         2761    i.HAL_RCC_GetHCLKFreq  stm32f1xx_hal_rcc.o
    0x080073fc   0x080073fc   0x00000020   Code   RO         2763    i.HAL_RCC_GetPCLK1Freq  stm32f1xx_hal_rcc.o
    0x0800741c   0x0800741c   0x00000020   Code   RO         2764    i.HAL_RCC_GetPCLK2Freq  stm32f1xx_hal_rcc.o
    0x0800743c   0x0800743c   0x00000074   Code   RO         2765    i.HAL_RCC_GetSysClockFreq  stm32f1xx_hal_rcc.o
    0x080074b0   0x080074b0   0x00000358   Code   RO         2768    i.HAL_RCC_OscConfig  stm32f1xx_hal_rcc.o
    0x08007808   0x08007808   0x00000010   Code   RO         1686    i.HAL_RTCEx_BKUPRead  stm32f1xx_hal_rtc_ex.o
    0x08007818   0x08007818   0x00000010   Code   RO         1687    i.HAL_RTCEx_BKUPWrite  stm32f1xx_hal_rtc_ex.o
    0x08007828   0x08007828   0x00000052   Code   RO         2226    i.HAL_RTC_GetDate   stm32f1xx_hal_rtc.o
    0x0800787a   0x0800787a   0x000000ea   Code   RO         2228    i.HAL_RTC_GetTime   stm32f1xx_hal_rtc.o
    0x08007964   0x08007964   0x000000b4   Code   RO         2229    i.HAL_RTC_Init      stm32f1xx_hal_rtc.o
    0x08007a18   0x08007a18   0x00000018   Code   RO         3711    i.HAL_RTC_MspDeInit  stm32f1xx_hal_msp.o
    0x08007a30   0x08007a30   0x00000034   Code   RO         3712    i.HAL_RTC_MspInit   stm32f1xx_hal_msp.o
    0x08007a64   0x08007a64   0x000000d4   Code   RO         2235    i.HAL_RTC_SetDate   stm32f1xx_hal_rtc.o
    0x08007b38   0x08007b38   0x000000b8   Code   RO         2236    i.HAL_RTC_SetTime   stm32f1xx_hal_rtc.o
    0x08007bf0   0x08007bf0   0x0000003c   Code   RO         2237    i.HAL_RTC_WaitForSynchro  stm32f1xx_hal_rtc.o
    0x08007c2c   0x08007c2c   0x00000084   Code   RO         2498    i.HAL_SPI_Init      stm32f1xx_hal_spi_ex.o
    0x08007cb0   0x08007cb0   0x0000002c   Code   RO         3713    i.HAL_SPI_MspDeInit  stm32f1xx_hal_msp.o
    0x08007cdc   0x08007cdc   0x0000005c   Code   RO         3714    i.HAL_SPI_MspInit   stm32f1xx_hal_msp.o
    0x08007d38   0x08007d38   0x00000150   Code   RO          799    i.HAL_SPI_Receive   stm32f1xx_hal_spi.o
    0x08007e88   0x08007e88   0x0000017c   Code   RO          804    i.HAL_SPI_Transmit  stm32f1xx_hal_spi.o
    0x08008004   0x08008004   0x000001da   Code   RO          805    i.HAL_SPI_TransmitReceive  stm32f1xx_hal_spi.o
    0x080081de   0x080081de   0x0000001c   Code   RO         1550    i.HAL_SYSTICK_CLKSourceConfig  stm32f1xx_hal_cortex.o
    0x080081fa   0x080081fa   0x00000002   PAD
    0x080081fc   0x080081fc   0x00000020   Code   RO         4722    i.HAL_SYSTICK_Callback  main.o
    0x0800821c   0x0800821c   0x00000028   Code   RO         1552    i.HAL_SYSTICK_Config  stm32f1xx_hal_cortex.o
    0x08008244   0x08008244   0x00000008   Code   RO         1553    i.HAL_SYSTICK_IRQHandler  stm32f1xx_hal_cortex.o
    0x0800824c   0x0800824c   0x00000050   Code   RO         2539    i.HAL_TIMEx_MasterConfigSynchronization  stm32f1xx_hal_tim_ex.o
    0x0800829c   0x0800829c   0x0000010e   Code   RO          151    i.HAL_TIM_ConfigClockSource  stm32f1xx_hal_tim.o
    0x080083aa   0x080083aa   0x00000002   PAD
    0x080083ac   0x080083ac   0x00000058   Code   RO         3715    i.HAL_TIM_MspPostInit  stm32f1xx_hal_msp.o
    0x08008404   0x08008404   0x000000da   Code   RO          208    i.HAL_TIM_PWM_ConfigChannel  stm32f1xx_hal_tim.o
    0x080084de   0x080084de   0x00000036   Code   RO          209    i.HAL_TIM_PWM_DeInit  stm32f1xx_hal_tim.o
    0x08008514   0x08008514   0x00000006   Code   RO          210    i.HAL_TIM_PWM_GetState  stm32f1xx_hal_tim.o
    0x0800851a   0x0800851a   0x00000038   Code   RO          211    i.HAL_TIM_PWM_Init  stm32f1xx_hal_tim.o
    0x08008552   0x08008552   0x00000002   PAD
    0x08008554   0x08008554   0x00000040   Code   RO         3716    i.HAL_TIM_PWM_MspDeInit  stm32f1xx_hal_msp.o
    0x08008594   0x08008594   0x0000005c   Code   RO         3717    i.HAL_TIM_PWM_MspInit  stm32f1xx_hal_msp.o
    0x080085f0   0x080085f0   0x00000030   Code   RO          215    i.HAL_TIM_PWM_Start  stm32f1xx_hal_tim.o
    0x08008620   0x08008620   0x00000054   Code   RO          218    i.HAL_TIM_PWM_Stop  stm32f1xx_hal_tim.o
    0x08008674   0x08008674   0x00000026   Code   RO         1223    i.HAL_UART_DeInit   stm32f1xx_hal_uart.o
    0x0800869a   0x0800869a   0x00000002   PAD
    0x0800869c   0x0800869c   0x0000003c   Code   RO         4521    i.HAL_UART_ErrorCallback  rs485.o
    0x080086d8   0x080086d8   0x0000000c   Code   RO         1226    i.HAL_UART_GetState  stm32f1xx_hal_uart.o
    0x080086e4   0x080086e4   0x00000110   Code   RO         1227    i.HAL_UART_IRQHandler  stm32f1xx_hal_uart.o
    0x080087f4   0x080087f4   0x00000064   Code   RO         1228    i.HAL_UART_Init     stm32f1xx_hal_uart.o
    0x08008858   0x08008858   0x00000058   Code   RO         3718    i.HAL_UART_MspDeInit  stm32f1xx_hal_msp.o
    0x080088b0   0x080088b0   0x000000a4   Code   RO         3719    i.HAL_UART_MspInit  stm32f1xx_hal_msp.o
    0x08008954   0x08008954   0x000000d2   Code   RO         1231    i.HAL_UART_Receive  stm32f1xx_hal_uart.o
    0x08008a26   0x08008a26   0x00000056   Code   RO         1233    i.HAL_UART_Receive_IT  stm32f1xx_hal_uart.o
    0x08008a7c   0x08008a7c   0x000000cc   Code   RO         1236    i.HAL_UART_Transmit  stm32f1xx_hal_uart.o
    0x08008b48   0x08008b48   0x00000002   Code   RO         1239    i.HAL_UART_TxCpltCallback  stm32f1xx_hal_uart.o
    0x08008b4a   0x08008b4a   0x00000048   Code   RO         3973    i.Hex2Str           common.o
    0x08008b92   0x08008b92   0x00000028   Code   RO         1837    i.I2C_IsAcknowledgeFailed  stm32f1xx_hal_i2c.o
    0x08008bba   0x08008bba   0x00000002   PAD
    0x08008bbc   0x08008bbc   0x00000118   Code   RO         1840    i.I2C_MasterRequestRead  stm32f1xx_hal_i2c.o
    0x08008cd4   0x08008cd4   0x000000b8   Code   RO         1841    i.I2C_MasterRequestWrite  stm32f1xx_hal_i2c.o
    0x08008d8c   0x08008d8c   0x0000004c   Code   RO         1856    i.I2C_WaitOnBTFFlagUntilTimeout  stm32f1xx_hal_i2c.o
    0x08008dd8   0x08008dd8   0x00000074   Code   RO         1857    i.I2C_WaitOnFlagUntilTimeout  stm32f1xx_hal_i2c.o
    0x08008e4c   0x08008e4c   0x00000094   Code   RO         1858    i.I2C_WaitOnMasterAddressFlagUntilTimeout  stm32f1xx_hal_i2c.o
    0x08008ee0   0x08008ee0   0x00000062   Code   RO         1859    i.I2C_WaitOnRXNEFlagUntilTimeout  stm32f1xx_hal_i2c.o
    0x08008f42   0x08008f42   0x0000004c   Code   RO         1861    i.I2C_WaitOnTXEFlagUntilTimeout  stm32f1xx_hal_i2c.o
    0x08008f8e   0x08008f8e   0x00000002   PAD
    0x08008f90   0x08008f90   0x00000060   Code   RO         3975    i.Int2StrSized      common.o
    0x08008ff0   0x08008ff0   0x00000014   Code   RO         4274    i.IsDISPLAY_MenuActiv  display.o
    0x08009004   0x08009004   0x00000014   Code   RO         4275    i.IsDISPLAY_MenuPending  display.o
    0x08009018   0x08009018   0x00000014   Code   RO         4276    i.IsDISPLAY_MenuPrintPending  display.o
    0x0800902c   0x0800902c   0x00000014   Code   RO         4277    i.IsDISPLAY_MenuTasterEventEnd  display.o
    0x08009040   0x08009040   0x00000014   Code   RO         4278    i.IsDISPLAY_MenuValueChanged  display.o
    0x08009054   0x08009054   0x00000028   Code   RO         4055    i.IsONEWIRE_ThermostatDisplayDoorBellActive  one_wire.o
    0x0800907c   0x0800907c   0x00000138   Code   RO         4431    i.LOGGER_Delete     logger.o
    0x080091b4   0x080091b4   0x00000104   Code   RO         4432    i.LOGGER_Init       logger.o
    0x080092b8   0x080092b8   0x00000078   Code   RO         4433    i.LOGGER_Read       logger.o
    0x08009330   0x08009330   0x0000012c   Code   RO         4434    i.LOGGER_Write      logger.o
    0x0800945c   0x0800945c   0x00000014   Code   RO         4723    i.MX_CRC_Init       main.o
    0x08009470   0x08009470   0x000000f0   Code   RO         4724    i.MX_GPIO_Init      main.o
    0x08009560   0x08009560   0x00000054   Code   RO         4725    i.MX_I2C1_Init      main.o
    0x080095b4   0x080095b4   0x0000001c   Code   RO         4726    i.MX_IWDG_Init      main.o
    0x080095d0   0x080095d0   0x000000a8   Code   RO         4727    i.MX_RTC_Init       main.o
    0x08009678   0x08009678   0x00000048   Code   RO         4728    i.MX_SPI2_Init      main.o
    0x080096c0   0x080096c0   0x00000090   Code   RO         4729    i.MX_TIM1_Init      main.o
    0x08009750   0x08009750   0x00000078   Code   RO         4730    i.MX_TIM2_Init      main.o
    0x080097c8   0x080097c8   0x00000078   Code   RO         4731    i.MX_TIM3_Init      main.o
    0x08009840   0x08009840   0x0000004c   Code   RO         4732    i.MX_USART1_UART_Init  main.o
    0x0800988c   0x0800988c   0x00000040   Code   RO         4733    i.MX_USART2_UART_Init  main.o
    0x080098cc   0x080098cc   0x00000020   Code   RO         1554    i.NVIC_SetPriority  stm32f1xx_hal_cortex.o
    0x080098ec   0x080098ec   0x00000038   Code   RO         4056    i.ONEWIRE_Init      one_wire.o
    0x08009924   0x08009924   0x00000058   Code   RO         4057    i.ONEWIRE_ReceiveBit  one_wire.o
    0x0800997c   0x0800997c   0x0000006c   Code   RO         4058    i.ONEWIRE_Reset     one_wire.o
    0x080099e8   0x080099e8   0x00000118   Code   RO         4059    i.ONEWIRE_ScanBus   one_wire.o
    0x08009b00   0x08009b00   0x000000ec   Code   RO         4060    i.ONEWIRE_Search    one_wire.o
    0x08009bec   0x08009bec   0x00000054   Code   RO         4061    i.ONEWIRE_SendBit   one_wire.o
    0x08009c40   0x08009c40   0x0000001a   Code   RO         4062    i.ONEWIRE_SendByte  one_wire.o
    0x08009c5a   0x08009c5a   0x00000002   PAD
    0x08009c5c   0x08009c5c   0x000005bc   Code   RO         4063    i.ONEWIRE_Service   one_wire.o
    0x0800a218   0x0800a218   0x0000004c   Code   RO         4064    i.ONEWIRE_SetUsart  one_wire.o
    0x0800a264   0x0800a264   0x00000034   Code   RO         4066    i.ONEWIRE_ThermostatDisplayDoorBell  one_wire.o
    0x0800a298   0x0800a298   0x00000034   Code   RO         4067    i.ONEWIRE_ThermostatDisplayUserInterface  one_wire.o
    0x0800a2cc   0x0800a2cc   0x00000004   Code   RO         3822    i.PVD_IRQHandler    stm32f1xx_it.o
    0x0800a2d0   0x0800a2d0   0x00000002   Code   RO         3823    i.PendSV_Handler    stm32f1xx_it.o
    0x0800a2d2   0x0800a2d2   0x00000002   PAD
    0x0800a2d4   0x0800a2d4   0x000002bc   Code   RO         4734    i.RAM_Init          main.o
    0x0800a590   0x0800a590   0x0000001a   Code   RO         4591    i.RC522_AntennaOn   rc522.o
    0x0800a5aa   0x0800a5aa   0x00000040   Code   RO         4592    i.RC522_Anticoll    rc522.o
    0x0800a5ea   0x0800a5ea   0x00000056   Code   RO         4593    i.RC522_Auth        rc522.o
    0x0800a640   0x0800a640   0x00000068   Code   RO         4594    i.RC522_CalculateCRC  rc522.o
    0x0800a6a8   0x0800a6a8   0x00000022   Code   RO         4595    i.RC522_Check       rc522.o
    0x0800a6ca   0x0800a6ca   0x0000001a   Code   RO         4596    i.RC522_ClearBitMask  rc522.o
    0x0800a6e4   0x0800a6e4   0x00000074   Code   RO         4597    i.RC522_ClearData   rc522.o
    0x0800a758   0x0800a758   0x0000002c   Code   RO         4598    i.RC522_Halt        rc522.o
    0x0800a784   0x0800a784   0x00000078   Code   RO         4599    i.RC522_Init        rc522.o
    0x0800a7fc   0x0800a7fc   0x00000034   Code   RO         4600    i.RC522_Read        rc522.o
    0x0800a830   0x0800a830   0x00000104   Code   RO         4601    i.RC522_ReadCard    rc522.o
    0x0800a934   0x0800a934   0x0000004c   Code   RO         4602    i.RC522_ReadRegister  rc522.o
    0x0800a980   0x0800a980   0x00000030   Code   RO         4603    i.RC522_Request     rc522.o
    0x0800a9b0   0x0800a9b0   0x00000044   Code   RO         4604    i.RC522_Reset       rc522.o
    0x0800a9f4   0x0800a9f4   0x00000052   Code   RO         4605    i.RC522_SelectTag   rc522.o
    0x0800aa46   0x0800aa46   0x00000002   PAD
    0x0800aa48   0x0800aa48   0x00000764   Code   RO         4606    i.RC522_Service     rc522.o
    0x0800b1ac   0x0800b1ac   0x0000001a   Code   RO         4607    i.RC522_SetBitMask  rc522.o
    0x0800b1c6   0x0800b1c6   0x00000110   Code   RO         4608    i.RC522_ToCard      rc522.o
    0x0800b2d6   0x0800b2d6   0x00000002   PAD
    0x0800b2d8   0x0800b2d8   0x000003e4   Code   RO         4609    i.RC522_VerifyData  rc522.o
    0x0800b6bc   0x0800b6bc   0x00000030   Code   RO         4610    i.RC522_WriteRegister  rc522.o
    0x0800b6ec   0x0800b6ec   0x00000024   Code   RO         2769    i.RCC_Delay         stm32f1xx_hal_rcc.o
    0x0800b710   0x0800b710   0x0000006c   Code   RO         4522    i.RS485_Init        rs485.o
    0x0800b77c   0x0800b77c   0x00000d14   Code   RO         4523    i.RS485_Service     rs485.o
    0x0800c490   0x0800c490   0x00000012   Code   RO         2238    i.RTC_Bcd2ToByte    stm32f1xx_hal_rtc.o
    0x0800c4a2   0x0800c4a2   0x00000016   Code   RO         2239    i.RTC_ByteToBcd2    stm32f1xx_hal_rtc.o
    0x0800c4b8   0x0800c4b8   0x000000ae   Code   RO         2240    i.RTC_DateUpdate    stm32f1xx_hal_rtc.o
    0x0800c566   0x0800c566   0x00000034   Code   RO         2241    i.RTC_EnterInitMode  stm32f1xx_hal_rtc.o
    0x0800c59a   0x0800c59a   0x00000034   Code   RO         2242    i.RTC_ExitInitMode  stm32f1xx_hal_rtc.o
    0x0800c5ce   0x0800c5ce   0x0000002e   Code   RO         2243    i.RTC_IsLeapYear    stm32f1xx_hal_rtc.o
    0x0800c5fc   0x0800c5fc   0x0000000e   Code   RO         2244    i.RTC_ReadAlarmCounter  stm32f1xx_hal_rtc.o
    0x0800c60a   0x0800c60a   0x00000020   Code   RO         2245    i.RTC_ReadTimeCounter  stm32f1xx_hal_rtc.o
    0x0800c62a   0x0800c62a   0x00000066   Code   RO         2246    i.RTC_WeekDayNum    stm32f1xx_hal_rtc.o
    0x0800c690   0x0800c690   0x0000002e   Code   RO         2247    i.RTC_WriteAlarmCounter  stm32f1xx_hal_rtc.o
    0x0800c6be   0x0800c6be   0x0000002e   Code   RO         2248    i.RTC_WriteTimeCounter  stm32f1xx_hal_rtc.o
    0x0800c6ec   0x0800c6ec   0x00000064   Code   RO         4735    i.RestartSource     main.o
    0x0800c750   0x0800c750   0x0000077c   Code   RO         4482    i.SIGNAL_Service    signal.o
    0x0800cecc   0x0800cecc   0x00000024   Code   RO          820    i.SPI_CheckFlag_BSY  stm32f1xx_hal_spi.o
    0x0800cef0   0x0800cef0   0x00000088   Code   RO         4156    i.SPI_FLASH_Erase   eeprom.o
    0x0800cf78   0x0800cf78   0x00000078   Code   RO         4157    i.SPI_FLASH_ReadByte  eeprom.o
    0x0800cff0   0x0800cff0   0x0000008c   Code   RO         4158    i.SPI_FLASH_ReadDeviceInfo  eeprom.o
    0x0800d07c   0x0800d07c   0x00000080   Code   RO         4159    i.SPI_FLASH_ReadInt  eeprom.o
    0x0800d0fc   0x0800d0fc   0x00000074   Code   RO         4160    i.SPI_FLASH_ReadPage  eeprom.o
    0x0800d170   0x0800d170   0x0000006c   Code   RO         4161    i.SPI_FLASH_ReadStatusRegister  eeprom.o
    0x0800d1dc   0x0800d1dc   0x00000054   Code   RO         4162    i.SPI_FLASH_ReleasePowerDown  eeprom.o
    0x0800d230   0x0800d230   0x0000005c   Code   RO         4163    i.SPI_FLASH_UnprotectSector  eeprom.o
    0x0800d28c   0x0800d28c   0x00000030   Code   RO         4164    i.SPI_FLASH_WaitReadyStatus  eeprom.o
    0x0800d2bc   0x0800d2bc   0x0000004c   Code   RO         4165    i.SPI_FLASH_WriteEnable  eeprom.o
    0x0800d308   0x0800d308   0x00000078   Code   RO         4166    i.SPI_FLASH_WritePage  eeprom.o
    0x0800d380   0x0800d380   0x00000054   Code   RO         4167    i.SPI_FLASH_WriteStatusRegister  eeprom.o
    0x0800d3d4   0x0800d3d4   0x00000094   Code   RO          839    i.SPI_WaitFlagStateUntilTimeout  stm32f1xx_hal_spi.o
    0x0800d468   0x0800d468   0x00000002   Code   RO         3824    i.SVC_Handler       stm32f1xx_it.o
    0x0800d46a   0x0800d46a   0x00000002   PAD
    0x0800d46c   0x0800d46c   0x00000054   Code   RO         4483    i.SaveRoomStatus    signal.o
    0x0800d4c0   0x0800d4c0   0x00000054   Code   RO         4524    i.Serial_PutByte    rs485.o
    0x0800d514   0x0800d514   0x0000005e   Code   RO         3976    i.Str2Hex           common.o
    0x0800d572   0x0800d572   0x000000c0   Code   RO         3977    i.Str2Int           common.o
    0x0800d632   0x0800d632   0x0000000e   Code   RO         3825    i.SysTick_Handler   stm32f1xx_it.o
    0x0800d640   0x0800d640   0x0000009a   Code   RO         4736    i.SystemClock_Config  main.o
    0x0800d6da   0x0800d6da   0x00000002   PAD
    0x0800d6dc   0x0800d6dc   0x0000004c   Code   RO            5    i.SystemInit        system_stm32f1xx.o
    0x0800d728   0x0800d728   0x0000006c   Code   RO          226    i.TIM_Base_SetConfig  stm32f1xx_hal_tim.o
    0x0800d794   0x0800d794   0x00000016   Code   RO          227    i.TIM_CCxChannelCmd  stm32f1xx_hal_tim.o
    0x0800d7aa   0x0800d7aa   0x00000014   Code   RO          233    i.TIM_ETR_SetConfig  stm32f1xx_hal_tim.o
    0x0800d7be   0x0800d7be   0x00000010   Code   RO          234    i.TIM_ITRx_SetConfig  stm32f1xx_hal_tim.o
    0x0800d7ce   0x0800d7ce   0x00000002   PAD
    0x0800d7d0   0x0800d7d0   0x00000060   Code   RO          235    i.TIM_OC1_SetConfig  stm32f1xx_hal_tim.o
    0x0800d830   0x0800d830   0x00000064   Code   RO          236    i.TIM_OC2_SetConfig  stm32f1xx_hal_tim.o
    0x0800d894   0x0800d894   0x00000060   Code   RO          237    i.TIM_OC3_SetConfig  stm32f1xx_hal_tim.o
    0x0800d8f4   0x0800d8f4   0x00000048   Code   RO          238    i.TIM_OC4_SetConfig  stm32f1xx_hal_tim.o
    0x0800d93c   0x0800d93c   0x00000022   Code   RO          240    i.TIM_TI1_ConfigInputStage  stm32f1xx_hal_tim.o
    0x0800d95e   0x0800d95e   0x00000024   Code   RO          242    i.TIM_TI2_ConfigInputStage  stm32f1xx_hal_tim.o
    0x0800d982   0x0800d982   0x00000010   Code   RO         1241    i.UART_DMAAbortOnError  stm32f1xx_hal_uart.o
    0x0800d992   0x0800d992   0x0000001c   Code   RO         1251    i.UART_EndRxTransfer  stm32f1xx_hal_uart.o
    0x0800d9ae   0x0800d9ae   0x0000001a   Code   RO         1252    i.UART_EndTransmit_IT  stm32f1xx_hal_uart.o
    0x0800d9c8   0x0800d9c8   0x000001a8   Code   RO         1254    i.UART_Receive_IT   stm32f1xx_hal_uart.o
    0x0800db70   0x0800db70   0x0000019c   Code   RO         1255    i.UART_SetConfig    stm32f1xx_hal_uart.o
    0x0800dd0c   0x0800dd0c   0x00000066   Code   RO         1256    i.UART_Transmit_IT  stm32f1xx_hal_uart.o
    0x0800dd72   0x0800dd72   0x00000064   Code   RO         1257    i.UART_WaitOnFlagUntilTimeout  stm32f1xx_hal_uart.o
    0x0800ddd6   0x0800ddd6   0x00000002   PAD
    0x0800ddd8   0x0800ddd8   0x0000000c   Code   RO         3826    i.USART1_IRQHandler  stm32f1xx_it.o
    0x0800dde4   0x0800dde4   0x0000000c   Code   RO         3827    i.USART2_IRQHandler  stm32f1xx_it.o
    0x0800ddf0   0x0800ddf0   0x00000078   Code   RO         4525    i.UpdateBootloader  rs485.o
    0x0800de68   0x0800de68   0x0000000e   Code   RO         4864    i.__scatterload_copy  mc_w.l(handlers.o)
    0x0800de76   0x0800de76   0x00000002   Code   RO         4865    i.__scatterload_null  mc_w.l(handlers.o)
    0x0800de78   0x0800de78   0x0000000e   Code   RO         4866    i.__scatterload_zeroinit  mc_w.l(handlers.o)
    0x0800de86   0x0800de86   0x00000002   PAD
    0x0800de88   0x0800de88   0x0000007c   Code   RO         4737    i.main              main.o
    0x0800df04   0x0800df04   0x00000010   Data   RO            6    .constdata          system_stm32f1xx.o
    0x0800df14   0x0800df14   0x00000008   Data   RO            7    .constdata          system_stm32f1xx.o
    0x0800df1c   0x0800df1c   0x0000000d   Data   RO         4739    .constdata          main.o
    0x0800df29   0x0800df29   0x0000000d   Data   RO         4740    .constdata          main.o
    0x0800df36   0x0800df36   0x00000002   PAD
    0x0800df38   0x0800df38   0x00000028   Data   RO         4741    .constdata          main.o
    0x0800df60   0x0800df60   0x00000427   Data   RO         4280    .conststring        display.o
    0x0800e387   0x0800e387   0x00000001   PAD
    0x0800e388   0x0800e388   0x00000020   Data   RO         4862    Region$$Table       anon$$obj.o


    Execution Region RW_IRAM1 (Exec base: 0x20000000, Load base: 0x0800e3a8, Size: 0x00003770, Max: 0x00005000, ABSOLUTE, COMPRESSED[0x000000a4])

    Exec Addr    Load Addr    Size         Type   Attr      Idx    E Section Name        Object

    0x20000000   COMPRESSED   0x00000004   Data   RW            8    .data               system_stm32f1xx.o
    0x20000004   COMPRESSED   0x00000004   Data   RW         2882    .data               stm32f1xx_hal.o
    0x20000008   COMPRESSED   0x00000064   Data   RW         3886    .data               dio_interface.o
    0x2000006c   COMPRESSED   0x00000024   Data   RW         4069    .data               one_wire.o
    0x20000090   COMPRESSED   0x00000001   Data   RW         4070    .data               one_wire.o
    0x20000091   COMPRESSED   0x00000001   Data   RW         4071    .data               one_wire.o
    0x20000092   COMPRESSED   0x00000008   Data   RW         4168    .data               eeprom.o
    0x2000009a   COMPRESSED   0x00000002   PAD
    0x2000009c   COMPRESSED   0x00000100   Data   RW         4281    .data               display.o
    0x2000019c   COMPRESSED   0x0000000a   Data   RW         4436    .data               logger.o
    0x200001a6   COMPRESSED   0x00000002   PAD
    0x200001a8   COMPRESSED   0x00000026   Data   RW         4484    .data               signal.o
    0x200001ce   COMPRESSED   0x00000002   PAD
    0x200001d0   COMPRESSED   0x00000060   Data   RW         4527    .data               rs485.o
    0x20000230   COMPRESSED   0x00000001   Data   RW         4528    .data               rs485.o
    0x20000231   COMPRESSED   0x00000003   PAD
    0x20000234   COMPRESSED   0x0000002d   Data   RW         4612    .data               rc522.o
    0x20000261   COMPRESSED   0x00000006   Data   RW         4613    .data               rc522.o
    0x20000267   COMPRESSED   0x00000001   PAD
    0x20000268   COMPRESSED   0x0000000c   Data   RW         4742    .data               main.o
    0x20000274   COMPRESSED   0x00000004   PAD
    0x20000278        -       0x00000020   Zero   RW         3248    .bss                stm32f1xx_hal_flash.o
    0x20000298        -       0x00000058   Zero   RW         4068    .bss                one_wire.o
    0x200002f0        -       0x00000060   Zero   RW         4279    .bss                display.o
    0x20000350        -       0x0000000e   Zero   RW         4435    .bss                logger.o
    0x2000035e        -       0x00000100   Zero   RW         4526    .bss                rs485.o
    0x2000045e        -       0x00000102   Zero   RW         4611    .bss                rc522.o
    0x20000560        -       0x0000020c   Zero   RW         4738    .bss                main.o
    0x2000076c   COMPRESSED   0x00000004   PAD
    0x20000770        -       0x00003000   Zero   RW         3694    STACK               startup_stm32f103xb.o


==============================================================================

Image component sizes


      Code (inc. data)   RO Data    RW Data    ZI Data      Debug   Object Name

       534          4          0          0          0       5725   common.o
      3684        120          0        100          0      10835   dio_interface.o
      7654       1008       1063        256         96      31141   display.o
      1348        158          0          8          0       8501   eeprom.o
       992         58          0         10         14       7002   logger.o
      2354        246         66         12        524      11928   main.o
      2566        146          0         38         88      15496   one_wire.o
      4440        178          0         51        258      22151   rc522.o
      4106        242          0         97        256      16227   rs485.o
      2000         74          0         38          0       4597   signal.o
        36          8        236          0      12288        788   startup_stm32f103xb.o
       166         28          0          4          0       4832   stm32f1xx_hal.o
       296         24          0          0          0      30763   stm32f1xx_hal_cortex.o
        76          8          0          0          0       2266   stm32f1xx_hal_crc.o
       152          4          0          0          0       1107   stm32f1xx_hal_dma.o
       404         46          0          0         32       4960   stm32f1xx_hal_flash.o
       240         28          0          0          0       2663   stm32f1xx_hal_flash_ex.o
       756         56          0          0          0       4509   stm32f1xx_hal_gpio.o
      2748         52          0          0          0      14227   stm32f1xx_hal_i2c.o
        94          0          0          0          0       1767   stm32f1xx_hal_iwdg.o
      1052        182          0          0          0       8658   stm32f1xx_hal_msp.o
        42         10          0          0          0       1610   stm32f1xx_hal_pwr.o
      1440         98          0          0          0       6732   stm32f1xx_hal_rcc.o
       476         44          0          0          0       2725   stm32f1xx_hal_rcc_ex.o
      1556         14          0          0          0      13888   stm32f1xx_hal_rtc.o
        32          8          0          0          0       1767   stm32f1xx_hal_rtc_ex.o
      1374          0          0          0          0       6083   stm32f1xx_hal_spi.o
       132          0          0          0          0       1115   stm32f1xx_hal_spi_ex.o
      1336         46          0          0          0      13015   stm32f1xx_hal_tim.o
        80          0          0          0          0       1228   stm32f1xx_hal_tim_ex.o
      2032         74          0          0          0      12404   stm32f1xx_hal_uart.o
        46         12          0          0          0       2666   stm32f1xx_it.o
        76         20         24          4          0     477259   system_stm32f1xx.o

    ----------------------------------------------------------------------
     44360       2996       1424        628      13564     750635   Object Totals
         0          0         32          0          0          0   (incl. Generated)
        40          0          3         10          8          0   (incl. Padding)

    ----------------------------------------------------------------------

      Code (inc. data)   RO Data    RW Data    ZI Data      Debug   Library Member Name

        86          0          0          0          0          0   __dczerorl2.o
         0          0          0          0          0          0   entry.o
         0          0          0          0          0          0   entry10a.o
         0          0          0          0          0          0   entry11a.o
         8          4          0          0          0          0   entry2.o
         4          0          0          0          0          0   entry5.o
         0          0          0          0          0          0   entry7b.o
         0          0          0          0          0          0   entry8b.o
         8          4          0          0          0          0   entry9a.o
        30          0          0          0          0          0   handlers.o
        36          8          0          0          0         68   init.o
        32          0          0          0          0         68   llushr.o

    ----------------------------------------------------------------------
       208         16          0          0          0        136   Library Totals
         4          0          0          0          0          0   (incl. Padding)

    ----------------------------------------------------------------------

      Code (inc. data)   RO Data    RW Data    ZI Data      Debug   Library Name

       204         16          0          0          0        136   mc_w.l

    ----------------------------------------------------------------------
       208         16          0          0          0        136   Library Totals

    ----------------------------------------------------------------------

==============================================================================


      Code (inc. data)   RO Data    RW Data    ZI Data      Debug   

     44568       3012       1424        628      13564     737743   Grand Totals
     44568       3012       1424        164      13564     737743   ELF Image Totals (compressed)
     44568       3012       1424        164          0          0   ROM Totals

==============================================================================

    Total RO  Size (Code + RO Data)                45992 (  44.91kB)
    Total RW  Size (RW Data + ZI Data)             14192 (  13.86kB)
    Total ROM Size (Code + RO Data + RW Data)      46156 (  45.07kB)

==============================================================================

