<html>
<body>
<pre>
<h1>µVision Build Log</h1>
<h2>Tool Versions:</h2>
IDE-Version: µVision V5.29.0.0
Copyright (C) 2019 ARM Ltd and ARM Germany GmbH. All rights reserved.
License Information: no_name no_last_name, no_company, LIC=7YKY8-38F3U-06HQU-SNXKD-GZ9PP-2ZWZI
 
Tool Versions:
Toolchain:       MDK-ARM Professional  Version: 5.29.0.0
Toolchain Path:  C:\Keil\ARM\ARMCLANG\Bin
C Compiler:      ArmClang.exe V6.13.1
Assembler:       Armasm.exe V6.13.1
Linker/Locator:  ArmLink.exe V6.13.1
Library Manager: ArmAr.exe V6.13.1
Hex Converter:   FromElf.exe V6.13.1
CPU DLL:         SARMCM3.DLL V5.29.0.0
Dialog DLL:      DCM.DLL V1.17.3.0
Target DLL:      STLink\ST-LINKIII-KEIL_SWO.dll V3.0.7.0
Dialog DLL:      TCM.DLL V1.36.5.0
 
<h2>Project:</h2>
H:\OneDrive\Desktop\HotelSaplast\fw\KontrolerHotela\HC070318\Project\HC070318.uvprojx
Project File Date:  12/03/2020

<h2>Output:</h2>
*** Using Compiler 'V6.13.1', folder: 'C:\Keil\ARM\ARMCLANG\Bin'
Rebuild target 'HC070318'
assembling startup_stm32f429_439xx.s...
compiling system_stm32f4xx.c...
compiling misc.c...
compiling stm32f4xx_crc.c...
compiling stm32f4xx_dbgmcu.c...
compiling stm32f4xx_exti.c...
compiling stm32f4xx_cryp.c...
compiling stm32f4xx_flash.c...
compiling stm32f4xx_gpio.c...
compiling stm32f4xx_syscfg.c...
compiling stm32f4xx_pwr.c...
compiling stm32f4xx_usart.c...
compiling stm32f4xx_rcc.c...
compiling stm32f4xx_tim.c...
compiling stm32f4xx_dma.c...
compiling stm32f4xx_sdio.c...
compiling stm32f4xx_spi.c...
compiling stm32f4xx_fmc.c...
compiling stm32f4xx_dma2d.c...
compiling stm32f4xx_ltdc.c...
compiling stm32f4xx_i2c.c...
compiling stm32f4xx_iwdg.c...
compiling stm32f4xx_adc.c...
compiling GUIConf.c...
compiling stm32f4xx_dcmi.c...
compiling stm32f4xx_rtc.c...
compiling api_lib.c...
compiling GUI_X.c...
compiling api_msg.c...
compiling err.c...
compiling GUI_X_Touch.c...
compiling GUIDRV_stm32f429i.c...
compiling netbuf.c...
compiling netdb.c...
compiling netifapi.c...
compiling sockets.c...
compiling tcpip.c...
compiling dhcp.c...
compiling def.c...
compiling dns.c...
compiling init.c...
compiling mem.c...
compiling memp.c...
compiling netif.c...
compiling raw.c...
compiling stats.c...
compiling sys.c...
compiling pbuf.c...
compiling timers.c...
compiling udp.c...
compiling slipif.c...
compiling tcp.c...
compiling etharp.c...
compiling tcp_out.c...
compiling autoip.c...
compiling tcp_in.c...
compiling igmp.c...
compiling inet.c...
compiling icmp.c...
compiling inet_chksum.c...
compiling ip.c...
compiling ip_addr.c...
compiling delay.c...
compiling ip_frag.c...
compiling ethernetif.c...
compiling rtc.c...
compiling Gpio.c...
compiling stm32f429i_sdram.c...
compiling W25Q16.c...
compiling buzzer.c...
compiling stm32f429i_lcd.c...
compiling Uart.c...
compiling netbios.c...
compiling RTP_Touch.c...
compiling i2c_eeprom.c...
compiling sys_arch.c...
compiling sdio_sd.c...
compiling fatfs_drv.c...
compiling netconf.c...
compiling tftputils.c...
compiling fs.c...
compiling tftpserver.c...
compiling eth_bsp.c...
compiling NetworkConnected.c...
compiling httpd.c...
compiling NetworkError.c...
compiling stm32f4x7_eth.c...
compiling usd_error.c...
compiling usd_ok.c...
compiling httpd_cgi_ssi.c...
compiling main.c...
compiling stm32f4xx_it.c...
compiling Display.c...
compiling common.c...
compiling ff.c...
compiling hotel_room_controller.c...
linking...
Program Size: Code=173772 RO-data=104020 RW-data=2099108 ZI-data=120748  
FromELF: creating hex file...
After Build - User command #2: C:\Keil\ARM\ARMCC\bin\fromelf.exe --bin --output=SAPLAST_HC070318_HWDRAGON_VR10000.bin Exe\HC070318.axf
".\Exe\HC070318.axf" - 0 Error(s), 0 Warning(s).

<h2>Software Packages used:</h2>

Package Vendor: Keil
                http://www.keil.com/pack/Keil.STM32F4xx_DFP.2.15.0.pack
                Keil.STM32F4xx_DFP.2.15.0
                STMicroelectronics STM32F4 Series Device Support, Drivers and Examples

<h2>Collection of Component include folders:</h2>
  .\RTE\_HC070318
  H:\Repository\Packs\Keil\STM32F4xx_DFP\2.15.0\Drivers\CMSIS\Device\ST\STM32F4xx\Include

<h2>Collection of Component Files used:</h2>
Build Time Elapsed:  00:00:14
</pre>
</body>
</html>
