	.text
	.syntax unified
	.eabi_attribute	67, "2.09"	@ Tag_conformance
	.cpu	cortex-m4
	.eabi_attribute	6, 13	@ Tag_CPU_arch
	.eabi_attribute	7, 77	@ Tag_CPU_arch_profile
	.eabi_attribute	8, 0	@ Tag_ARM_ISA_use
	.eabi_attribute	9, 2	@ Tag_THUMB_ISA_use
	.fpu	fpv4-sp-d16
	.eabi_attribute	27, 1	@ Tag_ABI_HardFP_use
	.eabi_attribute	36, 1	@ Tag_FP_HP_extension
	.eabi_attribute	34, 1	@ Tag_CPU_unaligned_access
	.eabi_attribute	17, 1	@ Tag_ABI_PCS_GOT_use
	.eabi_attribute	20, 2	@ Tag_ABI_FP_denormal
	.eabi_attribute	21, 0	@ Tag_ABI_FP_exceptions
	.eabi_attribute	23, 1	@ Tag_ABI_FP_number_model
	.eabi_attribute	24, 1	@ Tag_ABI_align_needed
	.eabi_attribute	25, 1	@ Tag_ABI_align_preserved
	.eabi_attribute	28, 1	@ Tag_ABI_VFP_args
	.eabi_attribute	38, 1	@ Tag_ABI_FP_16bit_format
	.eabi_attribute	18, 2	@ Tag_ABI_PCS_wchar_t
	.eabi_attribute	26, 1	@ Tag_ABI_enum_size
	.eabi_attribute	14, 0	@ Tag_ABI_PCS_R9_use
	.file	"Gpio.c"
	.file	1 "F:\\SkyDrive\\OtvoreniProjekti\\HotelSaplast\\fw\\KontrolerHotela\\HC070318\\Project" "../Libraries/STM32F4xx_StdPeriph_Driver/inc\\stm32f4xx_gpio.h"
	.file	2 "F:\\SkyDrive\\OtvoreniProjekti\\HotelSaplast\\fw\\KontrolerHotela\\HC070318\\Project" "../Libraries/CMSIS/Device/ST/STM32F4xx/Include\\stm32f4xx.h"
	.file	3 "F:\\SkyDrive\\OtvoreniProjekti\\HotelSaplast\\fw\\KontrolerHotela\\HC070318\\Project" "../Libraries/STM32F4xx_StdPeriph_Driver/inc\\stm32f4xx_exti.h"
	.file	4 "C:\\Keil\\ARM\\ARMCLANG\\Bin\\..\\include" "stdint.h"
	.section	.text.LED_Init,"ax",%progbits
	.hidden	LED_Init                @ -- Begin function LED_Init
	.globl	LED_Init
	.p2align	1
	.type	LED_Init,%function
	.code	16                      @ @LED_Init
	.thumb_func
LED_Init:
.Lfunc_begin0:
	.file	5 "F:\\SkyDrive\\OtvoreniProjekti\\HotelSaplast\\fw\\KontrolerHotela\\HC070318\\Project" "../Driver/Gpio.c"
	.loc	5 16 0                  @ ../Driver/Gpio.c:16:0
	.fnstart
	.cfi_sections .debug_frame
	.cfi_startproc
@ %bb.0:
	.save	{r4, r5, r7, lr}
	push	{r4, r5, r7, lr}
	.cfi_def_cfa_offset 16
	.cfi_offset lr, -4
	.cfi_offset r7, -8
	.cfi_offset r5, -12
	.cfi_offset r4, -16
	.pad	#8
	sub	sp, #8
	.cfi_def_cfa_offset 24
.Ltmp0:
	.loc	5 19 2 prologue_end     @ ../Driver/Gpio.c:19:2
	movs	r0, #8
	movs	r1, #1
	bl	RCC_AHB1PeriphClockCmd
	movw	r0, #513
	movw	r4, #3072
	mov	r5, sp
	movt	r0, #256
	movt	r4, #16386
	.loc	5 26 2                  @ ../Driver/Gpio.c:26:2
	mov	r1, r5
	.loc	5 20 31                 @ ../Driver/Gpio.c:20:31
	str	r0, [sp, #4]
	mov.w	r0, #2048
	.loc	5 25 30                 @ ../Driver/Gpio.c:25:30
	str	r0, [sp]
.Ltmp1:
	@DEBUG_VALUE: LED_Init:GPIO_InitStructure <- [DW_OP_deref] $sp
	.loc	5 26 2                  @ ../Driver/Gpio.c:26:2
	mov	r0, r4
	bl	GPIO_Init
	mov.w	r0, #4096
	.loc	5 29 2                  @ ../Driver/Gpio.c:29:2
	mov	r1, r5
	.loc	5 28 30                 @ ../Driver/Gpio.c:28:30
	str	r0, [sp]
	.loc	5 29 2                  @ ../Driver/Gpio.c:29:2
	mov	r0, r4
	bl	GPIO_Init
	.loc	5 30 2                  @ ../Driver/Gpio.c:30:2
	mov	r0, r4
	mov.w	r1, #6144
	bl	GPIO_SetBits
	.loc	5 31 1                  @ ../Driver/Gpio.c:31:1
	add	sp, #8
.Ltmp2:
	pop	{r4, r5, r7, pc}
.Ltmp3:
.Lfunc_end0:
	.size	LED_Init, .Lfunc_end0-LED_Init
	.cfi_endproc
	.cantunwind
	.fnend
                                        @ -- End function
	.section	.text.LED_Toggle,"ax",%progbits
	.hidden	LED_Toggle              @ -- Begin function LED_Toggle
	.globl	LED_Toggle
	.p2align	1
	.type	LED_Toggle,%function
	.code	16                      @ @LED_Toggle
	.thumb_func
LED_Toggle:
.Lfunc_begin1:
	.loc	5 39 0                  @ ../Driver/Gpio.c:39:0
	.fnstart
	.cfi_startproc
@ %bb.0:
	@DEBUG_VALUE: LED_Toggle:led <- $r0
	@DEBUG_VALUE: LED_Toggle:led <- $r0
	.loc	5 40 7 prologue_end     @ ../Driver/Gpio.c:40:7
	cmp	r0, #1
	beq	.LBB1_2
.Ltmp4:
@ %bb.1:
	@DEBUG_VALUE: LED_Toggle:led <- $r0
	cmp	r0, #2
	.loc	5 45 1                  @ ../Driver/Gpio.c:45:1
	it	ne
	bxne	lr
	mov.w	r0, #4096
.Ltmp5:
	.loc	5 0 1 is_stmt 0         @ ../Driver/Gpio.c:0:1
	b	.LBB1_3
.LBB1_2:
.Ltmp6:
	@DEBUG_VALUE: LED_Toggle:led <- $r0
	mov.w	r0, #2048
.Ltmp7:
.LBB1_3:
	movw	r1, #3092
	movt	r1, #16386
.Ltmp8:
	ldr	r2, [r1]
	eors	r0, r2
	str	r0, [r1]
.Ltmp9:
	.loc	5 45 1                  @ ../Driver/Gpio.c:45:1
	bx	lr
.Ltmp10:
.Lfunc_end1:
	.size	LED_Toggle, .Lfunc_end1-LED_Toggle
	.cfi_endproc
	.cantunwind
	.fnend
                                        @ -- End function
	.section	.text.BEEP_Init,"ax",%progbits
	.hidden	BEEP_Init               @ -- Begin function BEEP_Init
	.globl	BEEP_Init
	.p2align	1
	.type	BEEP_Init,%function
	.code	16                      @ @BEEP_Init
	.thumb_func
BEEP_Init:
.Lfunc_begin2:
	.loc	5 53 0 is_stmt 1        @ ../Driver/Gpio.c:53:0
	.fnstart
	.cfi_startproc
@ %bb.0:
	.save	{r4, lr}
	push	{r4, lr}
	.cfi_def_cfa_offset 8
	.cfi_offset lr, -4
	.cfi_offset r4, -8
	.pad	#8
	sub	sp, #8
	.cfi_def_cfa_offset 16
.Ltmp11:
	.loc	5 56 2 prologue_end     @ ../Driver/Gpio.c:56:2
	movs	r0, #8
	movs	r1, #1
	movs	r4, #8
	bl	RCC_AHB1PeriphClockCmd
	movw	r0, #513
	mov	r1, sp
	movt	r0, #256
	.loc	5 62 30                 @ ../Driver/Gpio.c:62:30
	strd	r4, r0, [sp]
.Ltmp12:
	@DEBUG_VALUE: BEEP_Init:GPIO_InitStructure <- [DW_OP_deref] $sp
	.loc	5 0 30 is_stmt 0        @ ../Driver/Gpio.c:0:30
	movw	r4, #3072
	movt	r4, #16386
	.loc	5 63 2 is_stmt 1        @ ../Driver/Gpio.c:63:2
	mov	r0, r4
	bl	GPIO_Init
	.loc	5 64 2                  @ ../Driver/Gpio.c:64:2
	mov	r0, r4
	movs	r1, #8
	bl	GPIO_ResetBits
	.loc	5 66 1                  @ ../Driver/Gpio.c:66:1
	add	sp, #8
.Ltmp13:
	pop	{r4, pc}
.Ltmp14:
.Lfunc_end2:
	.size	BEEP_Init, .Lfunc_end2-BEEP_Init
	.cfi_endproc
	.cantunwind
	.fnend
                                        @ -- End function
	.section	.text.Key_Init,"ax",%progbits
	.hidden	Key_Init                @ -- Begin function Key_Init
	.globl	Key_Init
	.p2align	1
	.type	Key_Init,%function
	.code	16                      @ @Key_Init
	.thumb_func
Key_Init:
.Lfunc_begin3:
	.loc	5 74 0                  @ ../Driver/Gpio.c:74:0
	.fnstart
	.cfi_startproc
@ %bb.0:
	.save	{r4, r5, r6, r7, lr}
	push	{r4, r5, r6, r7, lr}
	.cfi_def_cfa_offset 20
	.cfi_offset lr, -4
	.cfi_offset r7, -8
	.cfi_offset r6, -12
	.cfi_offset r5, -16
	.cfi_offset r4, -20
	.pad	#20
	sub	sp, #20
	.cfi_def_cfa_offset 40
.Ltmp15:
	.loc	5 79 2 prologue_end     @ ../Driver/Gpio.c:79:2
	movs	r0, #9
	movs	r1, #1
	movs	r6, #1
	bl	RCC_AHB1PeriphClockCmd
	.loc	5 80 2                  @ ../Driver/Gpio.c:80:2
	mov.w	r0, #16384
	movs	r1, #1
	bl	RCC_APB2PeriphClockCmd
	.loc	5 82 2                  @ ../Driver/Gpio.c:82:2
	mov.w	r0, #1280
	bl	NVIC_PriorityGroupConfig
	movs	r4, #0
	add	r5, sp, #12
	movs	r7, #0
	movt	r4, #16386
	.loc	5 87 2                  @ ../Driver/Gpio.c:87:2
	mov	r1, r5
	.loc	5 85 31                 @ ../Driver/Gpio.c:85:31
	strb.w	r7, [sp, #19]
	.loc	5 84 31                 @ ../Driver/Gpio.c:84:31
	strb.w	r7, [sp, #16]
	.loc	5 86 30                 @ ../Driver/Gpio.c:86:30
	str	r6, [sp, #12]
.Ltmp16:
	@DEBUG_VALUE: Key_Init:GPIO_InitStructure <- [DW_OP_plus_uconst 12, DW_OP_deref] $sp
	.loc	5 87 2                  @ ../Driver/Gpio.c:87:2
	mov	r0, r4
	bl	GPIO_Init
	.loc	5 90 31                 @ ../Driver/Gpio.c:90:31
	strb.w	r7, [sp, #19]
	.loc	5 89 31                 @ ../Driver/Gpio.c:89:31
	strb.w	r7, [sp, #16]
	mov.w	r7, #2048
	.loc	5 92 2                  @ ../Driver/Gpio.c:92:2
	add.w	r0, r4, #3072
	mov	r1, r5
	.loc	5 91 30                 @ ../Driver/Gpio.c:91:30
	str	r7, [sp, #12]
	.loc	5 92 2                  @ ../Driver/Gpio.c:92:2
	bl	GPIO_Init
	.loc	5 94 2                  @ ../Driver/Gpio.c:94:2
	movs	r0, #3
	movs	r1, #11
	bl	SYSCFG_EXTILineConfig
	mov.w	r0, #3072
	add	r4, sp, #4
	.loc	5 99 34                 @ ../Driver/Gpio.c:99:34
	strb.w	r6, [sp, #10]
	.loc	5 96 31                 @ ../Driver/Gpio.c:96:31
	strh.w	r0, [sp, #8]
	.loc	5 100 2                 @ ../Driver/Gpio.c:100:2
	mov	r0, r4
	.loc	5 95 31                 @ ../Driver/Gpio.c:95:31
	str	r7, [sp, #4]
.Ltmp17:
	@DEBUG_VALUE: Key_Init:EXTI_InitStructure <- [DW_OP_plus_uconst 4, DW_OP_deref] $sp
	.loc	5 100 2                 @ ../Driver/Gpio.c:100:2
	bl	EXTI_Init
	movs	r0, #40
	mov	r5, sp
	movt	r0, #258
	.loc	5 103 37                @ ../Driver/Gpio.c:103:37
	str	r0, [sp]
.Ltmp18:
	@DEBUG_VALUE: Key_Init:NVIC_InitStructure <- [DW_OP_deref] $sp
	.loc	5 107 2                 @ ../Driver/Gpio.c:107:2
	mov	r0, r5
	bl	NVIC_Init
	.loc	5 110 2                 @ ../Driver/Gpio.c:110:2
	movs	r0, #0
	movs	r1, #0
	bl	SYSCFG_EXTILineConfig
	.loc	5 116 2                 @ ../Driver/Gpio.c:116:2
	mov	r0, r4
	.loc	5 115 34                @ ../Driver/Gpio.c:115:34
	strb.w	r6, [sp, #10]
	.loc	5 112 31                @ ../Driver/Gpio.c:112:31
	strh.w	r7, [sp, #8]
	.loc	5 111 31                @ ../Driver/Gpio.c:111:31
	str	r6, [sp, #4]
	.loc	5 116 2                 @ ../Driver/Gpio.c:116:2
	bl	EXTI_Init
	movs	r0, #6
	movt	r0, #259
	.loc	5 118 37                @ ../Driver/Gpio.c:118:37
	str	r0, [sp]
	.loc	5 122 2                 @ ../Driver/Gpio.c:122:2
	mov	r0, r5
	bl	NVIC_Init
	.loc	5 123 1                 @ ../Driver/Gpio.c:123:1
	add	sp, #20
.Ltmp19:
	pop	{r4, r5, r6, r7, pc}
.Ltmp20:
.Lfunc_end3:
	.size	Key_Init, .Lfunc_end3-Key_Init
	.cfi_endproc
	.cantunwind
	.fnend
                                        @ -- End function
	.file	6 "F:\\SkyDrive\\OtvoreniProjekti\\HotelSaplast\\fw\\KontrolerHotela\\HC070318\\Project" "../Libraries/STM32F4xx_StdPeriph_Driver/inc\\misc.h"
	.section	.debug_str,"MS",%progbits,1
.Linfo_string0:
	.asciz	"Component: ARM Compiler 6.12 Tool: armclang [5d624a00]" @ string offset=0
.Linfo_string1:
	.asciz	"../Driver\\Gpio.c"     @ string offset=55
.Linfo_string2:
	.asciz	"F:\\SkyDrive\\OtvoreniProjekti\\HotelSaplast\\fw\\KontrolerHotela\\HC070318\\Project" @ string offset=72
.Linfo_string3:
	.asciz	"unsigned char"         @ string offset=150
.Linfo_string4:
	.asciz	"GPIO_Mode_IN"          @ string offset=164
.Linfo_string5:
	.asciz	"GPIO_Mode_OUT"         @ string offset=177
.Linfo_string6:
	.asciz	"GPIO_Mode_AF"          @ string offset=191
.Linfo_string7:
	.asciz	"GPIO_Mode_AN"          @ string offset=204
.Linfo_string8:
	.asciz	"GPIO_Low_Speed"        @ string offset=217
.Linfo_string9:
	.asciz	"GPIO_Medium_Speed"     @ string offset=232
.Linfo_string10:
	.asciz	"GPIO_Fast_Speed"       @ string offset=250
.Linfo_string11:
	.asciz	"GPIO_High_Speed"       @ string offset=266
.Linfo_string12:
	.asciz	"GPIO_OType_PP"         @ string offset=282
.Linfo_string13:
	.asciz	"GPIO_OType_OD"         @ string offset=296
.Linfo_string14:
	.asciz	"GPIO_PuPd_NOPULL"      @ string offset=310
.Linfo_string15:
	.asciz	"GPIO_PuPd_UP"          @ string offset=327
.Linfo_string16:
	.asciz	"GPIO_PuPd_DOWN"        @ string offset=340
.Linfo_string17:
	.asciz	"DISABLE"               @ string offset=355
.Linfo_string18:
	.asciz	"ENABLE"                @ string offset=363
.Linfo_string19:
	.asciz	"EXTI_Mode_Interrupt"   @ string offset=370
.Linfo_string20:
	.asciz	"EXTI_Mode_Event"       @ string offset=390
.Linfo_string21:
	.asciz	"EXTI_Trigger_Rising"   @ string offset=406
.Linfo_string22:
	.asciz	"EXTI_Trigger_Falling"  @ string offset=426
.Linfo_string23:
	.asciz	"EXTI_Trigger_Rising_Falling" @ string offset=447
.Linfo_string24:
	.asciz	"signed char"           @ string offset=475
.Linfo_string25:
	.asciz	"NonMaskableInt_IRQn"   @ string offset=487
.Linfo_string26:
	.asciz	"MemoryManagement_IRQn" @ string offset=507
.Linfo_string27:
	.asciz	"BusFault_IRQn"         @ string offset=529
.Linfo_string28:
	.asciz	"UsageFault_IRQn"       @ string offset=543
.Linfo_string29:
	.asciz	"SVCall_IRQn"           @ string offset=559
.Linfo_string30:
	.asciz	"DebugMonitor_IRQn"     @ string offset=571
.Linfo_string31:
	.asciz	"PendSV_IRQn"           @ string offset=589
.Linfo_string32:
	.asciz	"SysTick_IRQn"          @ string offset=601
.Linfo_string33:
	.asciz	"WWDG_IRQn"             @ string offset=614
.Linfo_string34:
	.asciz	"PVD_IRQn"              @ string offset=624
.Linfo_string35:
	.asciz	"TAMP_STAMP_IRQn"       @ string offset=633
.Linfo_string36:
	.asciz	"RTC_WKUP_IRQn"         @ string offset=649
.Linfo_string37:
	.asciz	"FLASH_IRQn"            @ string offset=663
.Linfo_string38:
	.asciz	"RCC_IRQn"              @ string offset=674
.Linfo_string39:
	.asciz	"EXTI0_IRQn"            @ string offset=683
.Linfo_string40:
	.asciz	"EXTI1_IRQn"            @ string offset=694
.Linfo_string41:
	.asciz	"EXTI2_IRQn"            @ string offset=705
.Linfo_string42:
	.asciz	"EXTI3_IRQn"            @ string offset=716
.Linfo_string43:
	.asciz	"EXTI4_IRQn"            @ string offset=727
.Linfo_string44:
	.asciz	"DMA1_Stream0_IRQn"     @ string offset=738
.Linfo_string45:
	.asciz	"DMA1_Stream1_IRQn"     @ string offset=756
.Linfo_string46:
	.asciz	"DMA1_Stream2_IRQn"     @ string offset=774
.Linfo_string47:
	.asciz	"DMA1_Stream3_IRQn"     @ string offset=792
.Linfo_string48:
	.asciz	"DMA1_Stream4_IRQn"     @ string offset=810
.Linfo_string49:
	.asciz	"DMA1_Stream5_IRQn"     @ string offset=828
.Linfo_string50:
	.asciz	"DMA1_Stream6_IRQn"     @ string offset=846
.Linfo_string51:
	.asciz	"ADC_IRQn"              @ string offset=864
.Linfo_string52:
	.asciz	"CAN1_TX_IRQn"          @ string offset=873
.Linfo_string53:
	.asciz	"CAN1_RX0_IRQn"         @ string offset=886
.Linfo_string54:
	.asciz	"CAN1_RX1_IRQn"         @ string offset=900
.Linfo_string55:
	.asciz	"CAN1_SCE_IRQn"         @ string offset=914
.Linfo_string56:
	.asciz	"EXTI9_5_IRQn"          @ string offset=928
.Linfo_string57:
	.asciz	"TIM1_BRK_TIM9_IRQn"    @ string offset=941
.Linfo_string58:
	.asciz	"TIM1_UP_TIM10_IRQn"    @ string offset=960
.Linfo_string59:
	.asciz	"TIM1_TRG_COM_TIM11_IRQn" @ string offset=979
.Linfo_string60:
	.asciz	"TIM1_CC_IRQn"          @ string offset=1003
.Linfo_string61:
	.asciz	"TIM2_IRQn"             @ string offset=1016
.Linfo_string62:
	.asciz	"TIM3_IRQn"             @ string offset=1026
.Linfo_string63:
	.asciz	"TIM4_IRQn"             @ string offset=1036
.Linfo_string64:
	.asciz	"I2C1_EV_IRQn"          @ string offset=1046
.Linfo_string65:
	.asciz	"I2C1_ER_IRQn"          @ string offset=1059
.Linfo_string66:
	.asciz	"I2C2_EV_IRQn"          @ string offset=1072
.Linfo_string67:
	.asciz	"I2C2_ER_IRQn"          @ string offset=1085
.Linfo_string68:
	.asciz	"SPI1_IRQn"             @ string offset=1098
.Linfo_string69:
	.asciz	"SPI2_IRQn"             @ string offset=1108
.Linfo_string70:
	.asciz	"USART1_IRQn"           @ string offset=1118
.Linfo_string71:
	.asciz	"USART2_IRQn"           @ string offset=1130
.Linfo_string72:
	.asciz	"USART3_IRQn"           @ string offset=1142
.Linfo_string73:
	.asciz	"EXTI15_10_IRQn"        @ string offset=1154
.Linfo_string74:
	.asciz	"RTC_Alarm_IRQn"        @ string offset=1169
.Linfo_string75:
	.asciz	"OTG_FS_WKUP_IRQn"      @ string offset=1184
.Linfo_string76:
	.asciz	"TIM8_BRK_TIM12_IRQn"   @ string offset=1201
.Linfo_string77:
	.asciz	"TIM8_UP_TIM13_IRQn"    @ string offset=1221
.Linfo_string78:
	.asciz	"TIM8_TRG_COM_TIM14_IRQn" @ string offset=1240
.Linfo_string79:
	.asciz	"TIM8_CC_IRQn"          @ string offset=1264
.Linfo_string80:
	.asciz	"DMA1_Stream7_IRQn"     @ string offset=1277
.Linfo_string81:
	.asciz	"FMC_IRQn"              @ string offset=1295
.Linfo_string82:
	.asciz	"SDIO_IRQn"             @ string offset=1304
.Linfo_string83:
	.asciz	"TIM5_IRQn"             @ string offset=1314
.Linfo_string84:
	.asciz	"SPI3_IRQn"             @ string offset=1324
.Linfo_string85:
	.asciz	"UART4_IRQn"            @ string offset=1334
.Linfo_string86:
	.asciz	"UART5_IRQn"            @ string offset=1345
.Linfo_string87:
	.asciz	"TIM6_DAC_IRQn"         @ string offset=1356
.Linfo_string88:
	.asciz	"TIM7_IRQn"             @ string offset=1370
.Linfo_string89:
	.asciz	"DMA2_Stream0_IRQn"     @ string offset=1380
.Linfo_string90:
	.asciz	"DMA2_Stream1_IRQn"     @ string offset=1398
.Linfo_string91:
	.asciz	"DMA2_Stream2_IRQn"     @ string offset=1416
.Linfo_string92:
	.asciz	"DMA2_Stream3_IRQn"     @ string offset=1434
.Linfo_string93:
	.asciz	"DMA2_Stream4_IRQn"     @ string offset=1452
.Linfo_string94:
	.asciz	"ETH_IRQn"              @ string offset=1470
.Linfo_string95:
	.asciz	"ETH_WKUP_IRQn"         @ string offset=1479
.Linfo_string96:
	.asciz	"CAN2_TX_IRQn"          @ string offset=1493
.Linfo_string97:
	.asciz	"CAN2_RX0_IRQn"         @ string offset=1506
.Linfo_string98:
	.asciz	"CAN2_RX1_IRQn"         @ string offset=1520
.Linfo_string99:
	.asciz	"CAN2_SCE_IRQn"         @ string offset=1534
.Linfo_string100:
	.asciz	"OTG_FS_IRQn"           @ string offset=1548
.Linfo_string101:
	.asciz	"DMA2_Stream5_IRQn"     @ string offset=1560
.Linfo_string102:
	.asciz	"DMA2_Stream6_IRQn"     @ string offset=1578
.Linfo_string103:
	.asciz	"DMA2_Stream7_IRQn"     @ string offset=1596
.Linfo_string104:
	.asciz	"USART6_IRQn"           @ string offset=1614
.Linfo_string105:
	.asciz	"I2C3_EV_IRQn"          @ string offset=1626
.Linfo_string106:
	.asciz	"I2C3_ER_IRQn"          @ string offset=1639
.Linfo_string107:
	.asciz	"OTG_HS_EP1_OUT_IRQn"   @ string offset=1652
.Linfo_string108:
	.asciz	"OTG_HS_EP1_IN_IRQn"    @ string offset=1672
.Linfo_string109:
	.asciz	"OTG_HS_WKUP_IRQn"      @ string offset=1691
.Linfo_string110:
	.asciz	"OTG_HS_IRQn"           @ string offset=1708
.Linfo_string111:
	.asciz	"DCMI_IRQn"             @ string offset=1720
.Linfo_string112:
	.asciz	"CRYP_IRQn"             @ string offset=1730
.Linfo_string113:
	.asciz	"HASH_RNG_IRQn"         @ string offset=1740
.Linfo_string114:
	.asciz	"FPU_IRQn"              @ string offset=1754
.Linfo_string115:
	.asciz	"UART7_IRQn"            @ string offset=1763
.Linfo_string116:
	.asciz	"UART8_IRQn"            @ string offset=1774
.Linfo_string117:
	.asciz	"SPI4_IRQn"             @ string offset=1785
.Linfo_string118:
	.asciz	"SPI5_IRQn"             @ string offset=1795
.Linfo_string119:
	.asciz	"SPI6_IRQn"             @ string offset=1805
.Linfo_string120:
	.asciz	"SAI1_IRQn"             @ string offset=1815
.Linfo_string121:
	.asciz	"LTDC_IRQn"             @ string offset=1825
.Linfo_string122:
	.asciz	"LTDC_ER_IRQn"          @ string offset=1835
.Linfo_string123:
	.asciz	"DMA2D_IRQn"            @ string offset=1848
.Linfo_string124:
	.asciz	"IRQn"                  @ string offset=1859
.Linfo_string125:
	.asciz	"unsigned int"          @ string offset=1864
.Linfo_string126:
	.asciz	"uint32_t"              @ string offset=1877
.Linfo_string127:
	.asciz	"unsigned short"        @ string offset=1886
.Linfo_string128:
	.asciz	"uint16_t"              @ string offset=1901
.Linfo_string129:
	.asciz	"MODER"                 @ string offset=1910
.Linfo_string130:
	.asciz	"OTYPER"                @ string offset=1916
.Linfo_string131:
	.asciz	"OSPEEDR"               @ string offset=1923
.Linfo_string132:
	.asciz	"PUPDR"                 @ string offset=1931
.Linfo_string133:
	.asciz	"IDR"                   @ string offset=1937
.Linfo_string134:
	.asciz	"ODR"                   @ string offset=1941
.Linfo_string135:
	.asciz	"BSRRL"                 @ string offset=1945
.Linfo_string136:
	.asciz	"BSRRH"                 @ string offset=1951
.Linfo_string137:
	.asciz	"LCKR"                  @ string offset=1957
.Linfo_string138:
	.asciz	"AFR"                   @ string offset=1962
.Linfo_string139:
	.asciz	"__ARRAY_SIZE_TYPE__"   @ string offset=1966
.Linfo_string140:
	.asciz	"GPIO_TypeDef"          @ string offset=1986
.Linfo_string141:
	.asciz	"uint8_t"               @ string offset=1999
.Linfo_string142:
	.asciz	"LED_Init"              @ string offset=2007
.Linfo_string143:
	.asciz	"LED_Toggle"            @ string offset=2016
.Linfo_string144:
	.asciz	"BEEP_Init"             @ string offset=2027
.Linfo_string145:
	.asciz	"Key_Init"              @ string offset=2037
.Linfo_string146:
	.asciz	"GPIO_InitStructure"    @ string offset=2046
.Linfo_string147:
	.asciz	"GPIO_Pin"              @ string offset=2065
.Linfo_string148:
	.asciz	"GPIO_Mode"             @ string offset=2074
.Linfo_string149:
	.asciz	"GPIOMode_TypeDef"      @ string offset=2084
.Linfo_string150:
	.asciz	"GPIO_Speed"            @ string offset=2101
.Linfo_string151:
	.asciz	"GPIOSpeed_TypeDef"     @ string offset=2112
.Linfo_string152:
	.asciz	"GPIO_OType"            @ string offset=2130
.Linfo_string153:
	.asciz	"GPIOOType_TypeDef"     @ string offset=2141
.Linfo_string154:
	.asciz	"GPIO_PuPd"             @ string offset=2159
.Linfo_string155:
	.asciz	"GPIOPuPd_TypeDef"      @ string offset=2169
.Linfo_string156:
	.asciz	"GPIO_InitTypeDef"      @ string offset=2186
.Linfo_string157:
	.asciz	"led"                   @ string offset=2203
.Linfo_string158:
	.asciz	"EXTI_InitStructure"    @ string offset=2207
.Linfo_string159:
	.asciz	"EXTI_Line"             @ string offset=2226
.Linfo_string160:
	.asciz	"EXTI_Mode"             @ string offset=2236
.Linfo_string161:
	.asciz	"EXTIMode_TypeDef"      @ string offset=2246
.Linfo_string162:
	.asciz	"EXTI_Trigger"          @ string offset=2263
.Linfo_string163:
	.asciz	"EXTITrigger_TypeDef"   @ string offset=2276
.Linfo_string164:
	.asciz	"EXTI_LineCmd"          @ string offset=2296
.Linfo_string165:
	.asciz	"FunctionalState"       @ string offset=2309
.Linfo_string166:
	.asciz	"EXTI_InitTypeDef"      @ string offset=2325
.Linfo_string167:
	.asciz	"NVIC_InitStructure"    @ string offset=2342
.Linfo_string168:
	.asciz	"NVIC_IRQChannel"       @ string offset=2361
.Linfo_string169:
	.asciz	"NVIC_IRQChannelPreemptionPriority" @ string offset=2377
.Linfo_string170:
	.asciz	"NVIC_IRQChannelSubPriority" @ string offset=2411
.Linfo_string171:
	.asciz	"NVIC_IRQChannelCmd"    @ string offset=2438
.Linfo_string172:
	.asciz	"NVIC_InitTypeDef"      @ string offset=2457
	.section	.debug_loc,"",%progbits
.Ldebug_loc0:
	.long	.Ltmp1
	.long	.Ltmp2
	.short	2                       @ Loc expr size
	.byte	125                     @ DW_OP_breg13
	.byte	0                       @ 0
	.long	0
	.long	0
.Ldebug_loc1:
	.long	.Lfunc_begin1
	.long	.Ltmp5
	.short	1                       @ Loc expr size
	.byte	80                      @ DW_OP_reg0
	.long	.Ltmp6
	.long	.Ltmp7
	.short	1                       @ Loc expr size
	.byte	80                      @ DW_OP_reg0
	.long	0
	.long	0
.Ldebug_loc2:
	.long	.Ltmp12
	.long	.Ltmp13
	.short	2                       @ Loc expr size
	.byte	125                     @ DW_OP_breg13
	.byte	0                       @ 0
	.long	0
	.long	0
.Ldebug_loc3:
	.long	.Ltmp16
	.long	.Ltmp19
	.short	2                       @ Loc expr size
	.byte	125                     @ DW_OP_breg13
	.byte	12                      @ 12
	.long	0
	.long	0
.Ldebug_loc4:
	.long	.Ltmp17
	.long	.Ltmp19
	.short	2                       @ Loc expr size
	.byte	125                     @ DW_OP_breg13
	.byte	4                       @ 4
	.long	0
	.long	0
.Ldebug_loc5:
	.long	.Ltmp18
	.long	.Ltmp19
	.short	2                       @ Loc expr size
	.byte	125                     @ DW_OP_breg13
	.byte	0                       @ 0
	.long	0
	.long	0
	.section	.debug_abbrev,"",%progbits
	.byte	1                       @ Abbreviation Code
	.byte	17                      @ DW_TAG_compile_unit
	.byte	1                       @ DW_CHILDREN_yes
	.byte	37                      @ DW_AT_producer
	.byte	14                      @ DW_FORM_strp
	.byte	19                      @ DW_AT_language
	.byte	5                       @ DW_FORM_data2
	.byte	3                       @ DW_AT_name
	.byte	14                      @ DW_FORM_strp
	.byte	16                      @ DW_AT_stmt_list
	.byte	6                       @ DW_FORM_data4
	.byte	27                      @ DW_AT_comp_dir
	.byte	14                      @ DW_FORM_strp
	.byte	17                      @ DW_AT_low_pc
	.byte	1                       @ DW_FORM_addr
	.byte	85                      @ DW_AT_ranges
	.byte	6                       @ DW_FORM_data4
	.byte	0                       @ EOM(1)
	.byte	0                       @ EOM(2)
	.byte	2                       @ Abbreviation Code
	.byte	4                       @ DW_TAG_enumeration_type
	.byte	1                       @ DW_CHILDREN_yes
	.byte	73                      @ DW_AT_type
	.byte	19                      @ DW_FORM_ref4
	.byte	11                      @ DW_AT_byte_size
	.byte	11                      @ DW_FORM_data1
	.byte	58                      @ DW_AT_decl_file
	.byte	11                      @ DW_FORM_data1
	.byte	59                      @ DW_AT_decl_line
	.byte	11                      @ DW_FORM_data1
	.byte	0                       @ EOM(1)
	.byte	0                       @ EOM(2)
	.byte	3                       @ Abbreviation Code
	.byte	40                      @ DW_TAG_enumerator
	.byte	0                       @ DW_CHILDREN_no
	.byte	3                       @ DW_AT_name
	.byte	14                      @ DW_FORM_strp
	.byte	28                      @ DW_AT_const_value
	.byte	15                      @ DW_FORM_udata
	.byte	0                       @ EOM(1)
	.byte	0                       @ EOM(2)
	.byte	4                       @ Abbreviation Code
	.byte	36                      @ DW_TAG_base_type
	.byte	0                       @ DW_CHILDREN_no
	.byte	3                       @ DW_AT_name
	.byte	14                      @ DW_FORM_strp
	.byte	62                      @ DW_AT_encoding
	.byte	11                      @ DW_FORM_data1
	.byte	11                      @ DW_AT_byte_size
	.byte	11                      @ DW_FORM_data1
	.byte	0                       @ EOM(1)
	.byte	0                       @ EOM(2)
	.byte	5                       @ Abbreviation Code
	.byte	4                       @ DW_TAG_enumeration_type
	.byte	1                       @ DW_CHILDREN_yes
	.byte	73                      @ DW_AT_type
	.byte	19                      @ DW_FORM_ref4
	.byte	11                      @ DW_AT_byte_size
	.byte	11                      @ DW_FORM_data1
	.byte	58                      @ DW_AT_decl_file
	.byte	11                      @ DW_FORM_data1
	.byte	59                      @ DW_AT_decl_line
	.byte	5                       @ DW_FORM_data2
	.byte	0                       @ EOM(1)
	.byte	0                       @ EOM(2)
	.byte	6                       @ Abbreviation Code
	.byte	4                       @ DW_TAG_enumeration_type
	.byte	1                       @ DW_CHILDREN_yes
	.byte	73                      @ DW_AT_type
	.byte	19                      @ DW_FORM_ref4
	.byte	3                       @ DW_AT_name
	.byte	14                      @ DW_FORM_strp
	.byte	11                      @ DW_AT_byte_size
	.byte	11                      @ DW_FORM_data1
	.byte	58                      @ DW_AT_decl_file
	.byte	11                      @ DW_FORM_data1
	.byte	59                      @ DW_AT_decl_line
	.byte	11                      @ DW_FORM_data1
	.byte	0                       @ EOM(1)
	.byte	0                       @ EOM(2)
	.byte	7                       @ Abbreviation Code
	.byte	40                      @ DW_TAG_enumerator
	.byte	0                       @ DW_CHILDREN_no
	.byte	3                       @ DW_AT_name
	.byte	14                      @ DW_FORM_strp
	.byte	28                      @ DW_AT_const_value
	.byte	13                      @ DW_FORM_sdata
	.byte	0                       @ EOM(1)
	.byte	0                       @ EOM(2)
	.byte	8                       @ Abbreviation Code
	.byte	22                      @ DW_TAG_typedef
	.byte	0                       @ DW_CHILDREN_no
	.byte	73                      @ DW_AT_type
	.byte	19                      @ DW_FORM_ref4
	.byte	3                       @ DW_AT_name
	.byte	14                      @ DW_FORM_strp
	.byte	58                      @ DW_AT_decl_file
	.byte	11                      @ DW_FORM_data1
	.byte	59                      @ DW_AT_decl_line
	.byte	11                      @ DW_FORM_data1
	.byte	0                       @ EOM(1)
	.byte	0                       @ EOM(2)
	.byte	9                       @ Abbreviation Code
	.byte	15                      @ DW_TAG_pointer_type
	.byte	0                       @ DW_CHILDREN_no
	.byte	73                      @ DW_AT_type
	.byte	19                      @ DW_FORM_ref4
	.byte	0                       @ EOM(1)
	.byte	0                       @ EOM(2)
	.byte	10                      @ Abbreviation Code
	.byte	22                      @ DW_TAG_typedef
	.byte	0                       @ DW_CHILDREN_no
	.byte	73                      @ DW_AT_type
	.byte	19                      @ DW_FORM_ref4
	.byte	3                       @ DW_AT_name
	.byte	14                      @ DW_FORM_strp
	.byte	58                      @ DW_AT_decl_file
	.byte	11                      @ DW_FORM_data1
	.byte	59                      @ DW_AT_decl_line
	.byte	5                       @ DW_FORM_data2
	.byte	0                       @ EOM(1)
	.byte	0                       @ EOM(2)
	.byte	11                      @ Abbreviation Code
	.byte	19                      @ DW_TAG_structure_type
	.byte	1                       @ DW_CHILDREN_yes
	.byte	11                      @ DW_AT_byte_size
	.byte	11                      @ DW_FORM_data1
	.byte	58                      @ DW_AT_decl_file
	.byte	11                      @ DW_FORM_data1
	.byte	59                      @ DW_AT_decl_line
	.byte	5                       @ DW_FORM_data2
	.byte	0                       @ EOM(1)
	.byte	0                       @ EOM(2)
	.byte	12                      @ Abbreviation Code
	.byte	13                      @ DW_TAG_member
	.byte	0                       @ DW_CHILDREN_no
	.byte	3                       @ DW_AT_name
	.byte	14                      @ DW_FORM_strp
	.byte	73                      @ DW_AT_type
	.byte	19                      @ DW_FORM_ref4
	.byte	58                      @ DW_AT_decl_file
	.byte	11                      @ DW_FORM_data1
	.byte	59                      @ DW_AT_decl_line
	.byte	5                       @ DW_FORM_data2
	.byte	56                      @ DW_AT_data_member_location
	.byte	11                      @ DW_FORM_data1
	.byte	0                       @ EOM(1)
	.byte	0                       @ EOM(2)
	.byte	13                      @ Abbreviation Code
	.byte	53                      @ DW_TAG_volatile_type
	.byte	0                       @ DW_CHILDREN_no
	.byte	73                      @ DW_AT_type
	.byte	19                      @ DW_FORM_ref4
	.byte	0                       @ EOM(1)
	.byte	0                       @ EOM(2)
	.byte	14                      @ Abbreviation Code
	.byte	1                       @ DW_TAG_array_type
	.byte	1                       @ DW_CHILDREN_yes
	.byte	73                      @ DW_AT_type
	.byte	19                      @ DW_FORM_ref4
	.byte	0                       @ EOM(1)
	.byte	0                       @ EOM(2)
	.byte	15                      @ Abbreviation Code
	.byte	33                      @ DW_TAG_subrange_type
	.byte	0                       @ DW_CHILDREN_no
	.byte	73                      @ DW_AT_type
	.byte	19                      @ DW_FORM_ref4
	.byte	55                      @ DW_AT_count
	.byte	11                      @ DW_FORM_data1
	.byte	0                       @ EOM(1)
	.byte	0                       @ EOM(2)
	.byte	16                      @ Abbreviation Code
	.byte	36                      @ DW_TAG_base_type
	.byte	0                       @ DW_CHILDREN_no
	.byte	3                       @ DW_AT_name
	.byte	14                      @ DW_FORM_strp
	.byte	11                      @ DW_AT_byte_size
	.byte	11                      @ DW_FORM_data1
	.byte	62                      @ DW_AT_encoding
	.byte	11                      @ DW_FORM_data1
	.byte	0                       @ EOM(1)
	.byte	0                       @ EOM(2)
	.byte	17                      @ Abbreviation Code
	.byte	46                      @ DW_TAG_subprogram
	.byte	1                       @ DW_CHILDREN_yes
	.byte	17                      @ DW_AT_low_pc
	.byte	1                       @ DW_FORM_addr
	.byte	18                      @ DW_AT_high_pc
	.byte	1                       @ DW_FORM_addr
	.byte	64                      @ DW_AT_frame_base
	.byte	10                      @ DW_FORM_block1
	.byte	3                       @ DW_AT_name
	.byte	14                      @ DW_FORM_strp
	.byte	58                      @ DW_AT_decl_file
	.byte	11                      @ DW_FORM_data1
	.byte	59                      @ DW_AT_decl_line
	.byte	11                      @ DW_FORM_data1
	.byte	39                      @ DW_AT_prototyped
	.byte	12                      @ DW_FORM_flag
	.byte	63                      @ DW_AT_external
	.byte	12                      @ DW_FORM_flag
	.byte	0                       @ EOM(1)
	.byte	0                       @ EOM(2)
	.byte	18                      @ Abbreviation Code
	.byte	52                      @ DW_TAG_variable
	.byte	0                       @ DW_CHILDREN_no
	.byte	2                       @ DW_AT_location
	.byte	6                       @ DW_FORM_data4
	.byte	3                       @ DW_AT_name
	.byte	14                      @ DW_FORM_strp
	.byte	58                      @ DW_AT_decl_file
	.byte	11                      @ DW_FORM_data1
	.byte	59                      @ DW_AT_decl_line
	.byte	11                      @ DW_FORM_data1
	.byte	73                      @ DW_AT_type
	.byte	19                      @ DW_FORM_ref4
	.byte	0                       @ EOM(1)
	.byte	0                       @ EOM(2)
	.byte	19                      @ Abbreviation Code
	.byte	5                       @ DW_TAG_formal_parameter
	.byte	0                       @ DW_CHILDREN_no
	.byte	2                       @ DW_AT_location
	.byte	6                       @ DW_FORM_data4
	.byte	3                       @ DW_AT_name
	.byte	14                      @ DW_FORM_strp
	.byte	58                      @ DW_AT_decl_file
	.byte	11                      @ DW_FORM_data1
	.byte	59                      @ DW_AT_decl_line
	.byte	11                      @ DW_FORM_data1
	.byte	73                      @ DW_AT_type
	.byte	19                      @ DW_FORM_ref4
	.byte	0                       @ EOM(1)
	.byte	0                       @ EOM(2)
	.byte	20                      @ Abbreviation Code
	.byte	19                      @ DW_TAG_structure_type
	.byte	1                       @ DW_CHILDREN_yes
	.byte	11                      @ DW_AT_byte_size
	.byte	11                      @ DW_FORM_data1
	.byte	58                      @ DW_AT_decl_file
	.byte	11                      @ DW_FORM_data1
	.byte	59                      @ DW_AT_decl_line
	.byte	11                      @ DW_FORM_data1
	.byte	0                       @ EOM(1)
	.byte	0                       @ EOM(2)
	.byte	21                      @ Abbreviation Code
	.byte	13                      @ DW_TAG_member
	.byte	0                       @ DW_CHILDREN_no
	.byte	3                       @ DW_AT_name
	.byte	14                      @ DW_FORM_strp
	.byte	73                      @ DW_AT_type
	.byte	19                      @ DW_FORM_ref4
	.byte	58                      @ DW_AT_decl_file
	.byte	11                      @ DW_FORM_data1
	.byte	59                      @ DW_AT_decl_line
	.byte	11                      @ DW_FORM_data1
	.byte	56                      @ DW_AT_data_member_location
	.byte	11                      @ DW_FORM_data1
	.byte	0                       @ EOM(1)
	.byte	0                       @ EOM(2)
	.byte	0                       @ EOM(3)
	.section	.debug_info,"",%progbits
.Lcu_begin0:
	.long	.Ldebug_info_end0-.Ldebug_info_start0 @ Length of Unit
.Ldebug_info_start0:
	.short	3                       @ DWARF version number
	.long	.debug_abbrev           @ Offset Into Abbrev. Section
	.byte	4                       @ Address Size (in bytes)
	.byte	1                       @ Abbrev [1] 0xb:0x605 DW_TAG_compile_unit
	.long	.Linfo_string0          @ DW_AT_producer
	.short	12                      @ DW_AT_language
	.long	.Linfo_string1          @ DW_AT_name
	.long	.Lline_table_start0     @ DW_AT_stmt_list
	.long	.Linfo_string2          @ DW_AT_comp_dir
	.long	0                       @ DW_AT_low_pc
	.long	.Ldebug_ranges0         @ DW_AT_ranges
	.byte	2                       @ Abbrev [2] 0x26:0x21 DW_TAG_enumeration_type
	.long	71                      @ DW_AT_type
	.byte	1                       @ DW_AT_byte_size
	.byte	1                       @ DW_AT_decl_file
	.byte	65                      @ DW_AT_decl_line
	.byte	3                       @ Abbrev [3] 0x2e:0x6 DW_TAG_enumerator
	.long	.Linfo_string4          @ DW_AT_name
	.byte	0                       @ DW_AT_const_value
	.byte	3                       @ Abbrev [3] 0x34:0x6 DW_TAG_enumerator
	.long	.Linfo_string5          @ DW_AT_name
	.byte	1                       @ DW_AT_const_value
	.byte	3                       @ Abbrev [3] 0x3a:0x6 DW_TAG_enumerator
	.long	.Linfo_string6          @ DW_AT_name
	.byte	2                       @ DW_AT_const_value
	.byte	3                       @ Abbrev [3] 0x40:0x6 DW_TAG_enumerator
	.long	.Linfo_string7          @ DW_AT_name
	.byte	3                       @ DW_AT_const_value
	.byte	0                       @ End Of Children Mark
	.byte	4                       @ Abbrev [4] 0x47:0x7 DW_TAG_base_type
	.long	.Linfo_string3          @ DW_AT_name
	.byte	8                       @ DW_AT_encoding
	.byte	1                       @ DW_AT_byte_size
	.byte	2                       @ Abbrev [2] 0x4e:0x21 DW_TAG_enumeration_type
	.long	71                      @ DW_AT_type
	.byte	1                       @ DW_AT_byte_size
	.byte	1                       @ DW_AT_decl_file
	.byte	89                      @ DW_AT_decl_line
	.byte	3                       @ Abbrev [3] 0x56:0x6 DW_TAG_enumerator
	.long	.Linfo_string8          @ DW_AT_name
	.byte	0                       @ DW_AT_const_value
	.byte	3                       @ Abbrev [3] 0x5c:0x6 DW_TAG_enumerator
	.long	.Linfo_string9          @ DW_AT_name
	.byte	1                       @ DW_AT_const_value
	.byte	3                       @ Abbrev [3] 0x62:0x6 DW_TAG_enumerator
	.long	.Linfo_string10         @ DW_AT_name
	.byte	2                       @ DW_AT_const_value
	.byte	3                       @ Abbrev [3] 0x68:0x6 DW_TAG_enumerator
	.long	.Linfo_string11         @ DW_AT_name
	.byte	3                       @ DW_AT_const_value
	.byte	0                       @ End Of Children Mark
	.byte	2                       @ Abbrev [2] 0x6f:0x15 DW_TAG_enumeration_type
	.long	71                      @ DW_AT_type
	.byte	1                       @ DW_AT_byte_size
	.byte	1                       @ DW_AT_decl_file
	.byte	78                      @ DW_AT_decl_line
	.byte	3                       @ Abbrev [3] 0x77:0x6 DW_TAG_enumerator
	.long	.Linfo_string12         @ DW_AT_name
	.byte	0                       @ DW_AT_const_value
	.byte	3                       @ Abbrev [3] 0x7d:0x6 DW_TAG_enumerator
	.long	.Linfo_string13         @ DW_AT_name
	.byte	1                       @ DW_AT_const_value
	.byte	0                       @ End Of Children Mark
	.byte	2                       @ Abbrev [2] 0x84:0x1b DW_TAG_enumeration_type
	.long	71                      @ DW_AT_type
	.byte	1                       @ DW_AT_byte_size
	.byte	1                       @ DW_AT_decl_file
	.byte	109                     @ DW_AT_decl_line
	.byte	3                       @ Abbrev [3] 0x8c:0x6 DW_TAG_enumerator
	.long	.Linfo_string14         @ DW_AT_name
	.byte	0                       @ DW_AT_const_value
	.byte	3                       @ Abbrev [3] 0x92:0x6 DW_TAG_enumerator
	.long	.Linfo_string15         @ DW_AT_name
	.byte	1                       @ DW_AT_const_value
	.byte	3                       @ Abbrev [3] 0x98:0x6 DW_TAG_enumerator
	.long	.Linfo_string16         @ DW_AT_name
	.byte	2                       @ DW_AT_const_value
	.byte	0                       @ End Of Children Mark
	.byte	5                       @ Abbrev [5] 0x9f:0x16 DW_TAG_enumeration_type
	.long	71                      @ DW_AT_type
	.byte	1                       @ DW_AT_byte_size
	.byte	2                       @ DW_AT_decl_file
	.short	589                     @ DW_AT_decl_line
	.byte	3                       @ Abbrev [3] 0xa8:0x6 DW_TAG_enumerator
	.long	.Linfo_string17         @ DW_AT_name
	.byte	0                       @ DW_AT_const_value
	.byte	3                       @ Abbrev [3] 0xae:0x6 DW_TAG_enumerator
	.long	.Linfo_string18         @ DW_AT_name
	.byte	1                       @ DW_AT_const_value
	.byte	0                       @ End Of Children Mark
	.byte	2                       @ Abbrev [2] 0xb5:0x15 DW_TAG_enumeration_type
	.long	71                      @ DW_AT_type
	.byte	1                       @ DW_AT_byte_size
	.byte	3                       @ DW_AT_decl_file
	.byte	54                      @ DW_AT_decl_line
	.byte	3                       @ Abbrev [3] 0xbd:0x6 DW_TAG_enumerator
	.long	.Linfo_string19         @ DW_AT_name
	.byte	0                       @ DW_AT_const_value
	.byte	3                       @ Abbrev [3] 0xc3:0x6 DW_TAG_enumerator
	.long	.Linfo_string20         @ DW_AT_name
	.byte	4                       @ DW_AT_const_value
	.byte	0                       @ End Of Children Mark
	.byte	2                       @ Abbrev [2] 0xca:0x1b DW_TAG_enumeration_type
	.long	71                      @ DW_AT_type
	.byte	1                       @ DW_AT_byte_size
	.byte	3                       @ DW_AT_decl_file
	.byte	66                      @ DW_AT_decl_line
	.byte	3                       @ Abbrev [3] 0xd2:0x6 DW_TAG_enumerator
	.long	.Linfo_string21         @ DW_AT_name
	.byte	8                       @ DW_AT_const_value
	.byte	3                       @ Abbrev [3] 0xd8:0x6 DW_TAG_enumerator
	.long	.Linfo_string22         @ DW_AT_name
	.byte	12                      @ DW_AT_const_value
	.byte	3                       @ Abbrev [3] 0xde:0x6 DW_TAG_enumerator
	.long	.Linfo_string23         @ DW_AT_name
	.byte	16                      @ DW_AT_const_value
	.byte	0                       @ End Of Children Mark
	.byte	6                       @ Abbrev [6] 0xe5:0x27a DW_TAG_enumeration_type
	.long	863                     @ DW_AT_type
	.long	.Linfo_string124        @ DW_AT_name
	.byte	1                       @ DW_AT_byte_size
	.byte	2                       @ DW_AT_decl_file
	.byte	180                     @ DW_AT_decl_line
	.byte	7                       @ Abbrev [7] 0xf1:0x6 DW_TAG_enumerator
	.long	.Linfo_string25         @ DW_AT_name
	.byte	114                     @ DW_AT_const_value
	.byte	7                       @ Abbrev [7] 0xf7:0x6 DW_TAG_enumerator
	.long	.Linfo_string26         @ DW_AT_name
	.byte	116                     @ DW_AT_const_value
	.byte	7                       @ Abbrev [7] 0xfd:0x6 DW_TAG_enumerator
	.long	.Linfo_string27         @ DW_AT_name
	.byte	117                     @ DW_AT_const_value
	.byte	7                       @ Abbrev [7] 0x103:0x6 DW_TAG_enumerator
	.long	.Linfo_string28         @ DW_AT_name
	.byte	118                     @ DW_AT_const_value
	.byte	7                       @ Abbrev [7] 0x109:0x6 DW_TAG_enumerator
	.long	.Linfo_string29         @ DW_AT_name
	.byte	123                     @ DW_AT_const_value
	.byte	7                       @ Abbrev [7] 0x10f:0x6 DW_TAG_enumerator
	.long	.Linfo_string30         @ DW_AT_name
	.byte	124                     @ DW_AT_const_value
	.byte	7                       @ Abbrev [7] 0x115:0x6 DW_TAG_enumerator
	.long	.Linfo_string31         @ DW_AT_name
	.byte	126                     @ DW_AT_const_value
	.byte	7                       @ Abbrev [7] 0x11b:0x6 DW_TAG_enumerator
	.long	.Linfo_string32         @ DW_AT_name
	.byte	127                     @ DW_AT_const_value
	.byte	7                       @ Abbrev [7] 0x121:0x6 DW_TAG_enumerator
	.long	.Linfo_string33         @ DW_AT_name
	.byte	0                       @ DW_AT_const_value
	.byte	7                       @ Abbrev [7] 0x127:0x6 DW_TAG_enumerator
	.long	.Linfo_string34         @ DW_AT_name
	.byte	1                       @ DW_AT_const_value
	.byte	7                       @ Abbrev [7] 0x12d:0x6 DW_TAG_enumerator
	.long	.Linfo_string35         @ DW_AT_name
	.byte	2                       @ DW_AT_const_value
	.byte	7                       @ Abbrev [7] 0x133:0x6 DW_TAG_enumerator
	.long	.Linfo_string36         @ DW_AT_name
	.byte	3                       @ DW_AT_const_value
	.byte	7                       @ Abbrev [7] 0x139:0x6 DW_TAG_enumerator
	.long	.Linfo_string37         @ DW_AT_name
	.byte	4                       @ DW_AT_const_value
	.byte	7                       @ Abbrev [7] 0x13f:0x6 DW_TAG_enumerator
	.long	.Linfo_string38         @ DW_AT_name
	.byte	5                       @ DW_AT_const_value
	.byte	7                       @ Abbrev [7] 0x145:0x6 DW_TAG_enumerator
	.long	.Linfo_string39         @ DW_AT_name
	.byte	6                       @ DW_AT_const_value
	.byte	7                       @ Abbrev [7] 0x14b:0x6 DW_TAG_enumerator
	.long	.Linfo_string40         @ DW_AT_name
	.byte	7                       @ DW_AT_const_value
	.byte	7                       @ Abbrev [7] 0x151:0x6 DW_TAG_enumerator
	.long	.Linfo_string41         @ DW_AT_name
	.byte	8                       @ DW_AT_const_value
	.byte	7                       @ Abbrev [7] 0x157:0x6 DW_TAG_enumerator
	.long	.Linfo_string42         @ DW_AT_name
	.byte	9                       @ DW_AT_const_value
	.byte	7                       @ Abbrev [7] 0x15d:0x6 DW_TAG_enumerator
	.long	.Linfo_string43         @ DW_AT_name
	.byte	10                      @ DW_AT_const_value
	.byte	7                       @ Abbrev [7] 0x163:0x6 DW_TAG_enumerator
	.long	.Linfo_string44         @ DW_AT_name
	.byte	11                      @ DW_AT_const_value
	.byte	7                       @ Abbrev [7] 0x169:0x6 DW_TAG_enumerator
	.long	.Linfo_string45         @ DW_AT_name
	.byte	12                      @ DW_AT_const_value
	.byte	7                       @ Abbrev [7] 0x16f:0x6 DW_TAG_enumerator
	.long	.Linfo_string46         @ DW_AT_name
	.byte	13                      @ DW_AT_const_value
	.byte	7                       @ Abbrev [7] 0x175:0x6 DW_TAG_enumerator
	.long	.Linfo_string47         @ DW_AT_name
	.byte	14                      @ DW_AT_const_value
	.byte	7                       @ Abbrev [7] 0x17b:0x6 DW_TAG_enumerator
	.long	.Linfo_string48         @ DW_AT_name
	.byte	15                      @ DW_AT_const_value
	.byte	7                       @ Abbrev [7] 0x181:0x6 DW_TAG_enumerator
	.long	.Linfo_string49         @ DW_AT_name
	.byte	16                      @ DW_AT_const_value
	.byte	7                       @ Abbrev [7] 0x187:0x6 DW_TAG_enumerator
	.long	.Linfo_string50         @ DW_AT_name
	.byte	17                      @ DW_AT_const_value
	.byte	7                       @ Abbrev [7] 0x18d:0x6 DW_TAG_enumerator
	.long	.Linfo_string51         @ DW_AT_name
	.byte	18                      @ DW_AT_const_value
	.byte	7                       @ Abbrev [7] 0x193:0x6 DW_TAG_enumerator
	.long	.Linfo_string52         @ DW_AT_name
	.byte	19                      @ DW_AT_const_value
	.byte	7                       @ Abbrev [7] 0x199:0x6 DW_TAG_enumerator
	.long	.Linfo_string53         @ DW_AT_name
	.byte	20                      @ DW_AT_const_value
	.byte	7                       @ Abbrev [7] 0x19f:0x6 DW_TAG_enumerator
	.long	.Linfo_string54         @ DW_AT_name
	.byte	21                      @ DW_AT_const_value
	.byte	7                       @ Abbrev [7] 0x1a5:0x6 DW_TAG_enumerator
	.long	.Linfo_string55         @ DW_AT_name
	.byte	22                      @ DW_AT_const_value
	.byte	7                       @ Abbrev [7] 0x1ab:0x6 DW_TAG_enumerator
	.long	.Linfo_string56         @ DW_AT_name
	.byte	23                      @ DW_AT_const_value
	.byte	7                       @ Abbrev [7] 0x1b1:0x6 DW_TAG_enumerator
	.long	.Linfo_string57         @ DW_AT_name
	.byte	24                      @ DW_AT_const_value
	.byte	7                       @ Abbrev [7] 0x1b7:0x6 DW_TAG_enumerator
	.long	.Linfo_string58         @ DW_AT_name
	.byte	25                      @ DW_AT_const_value
	.byte	7                       @ Abbrev [7] 0x1bd:0x6 DW_TAG_enumerator
	.long	.Linfo_string59         @ DW_AT_name
	.byte	26                      @ DW_AT_const_value
	.byte	7                       @ Abbrev [7] 0x1c3:0x6 DW_TAG_enumerator
	.long	.Linfo_string60         @ DW_AT_name
	.byte	27                      @ DW_AT_const_value
	.byte	7                       @ Abbrev [7] 0x1c9:0x6 DW_TAG_enumerator
	.long	.Linfo_string61         @ DW_AT_name
	.byte	28                      @ DW_AT_const_value
	.byte	7                       @ Abbrev [7] 0x1cf:0x6 DW_TAG_enumerator
	.long	.Linfo_string62         @ DW_AT_name
	.byte	29                      @ DW_AT_const_value
	.byte	7                       @ Abbrev [7] 0x1d5:0x6 DW_TAG_enumerator
	.long	.Linfo_string63         @ DW_AT_name
	.byte	30                      @ DW_AT_const_value
	.byte	7                       @ Abbrev [7] 0x1db:0x6 DW_TAG_enumerator
	.long	.Linfo_string64         @ DW_AT_name
	.byte	31                      @ DW_AT_const_value
	.byte	7                       @ Abbrev [7] 0x1e1:0x6 DW_TAG_enumerator
	.long	.Linfo_string65         @ DW_AT_name
	.byte	32                      @ DW_AT_const_value
	.byte	7                       @ Abbrev [7] 0x1e7:0x6 DW_TAG_enumerator
	.long	.Linfo_string66         @ DW_AT_name
	.byte	33                      @ DW_AT_const_value
	.byte	7                       @ Abbrev [7] 0x1ed:0x6 DW_TAG_enumerator
	.long	.Linfo_string67         @ DW_AT_name
	.byte	34                      @ DW_AT_const_value
	.byte	7                       @ Abbrev [7] 0x1f3:0x6 DW_TAG_enumerator
	.long	.Linfo_string68         @ DW_AT_name
	.byte	35                      @ DW_AT_const_value
	.byte	7                       @ Abbrev [7] 0x1f9:0x6 DW_TAG_enumerator
	.long	.Linfo_string69         @ DW_AT_name
	.byte	36                      @ DW_AT_const_value
	.byte	7                       @ Abbrev [7] 0x1ff:0x6 DW_TAG_enumerator
	.long	.Linfo_string70         @ DW_AT_name
	.byte	37                      @ DW_AT_const_value
	.byte	7                       @ Abbrev [7] 0x205:0x6 DW_TAG_enumerator
	.long	.Linfo_string71         @ DW_AT_name
	.byte	38                      @ DW_AT_const_value
	.byte	7                       @ Abbrev [7] 0x20b:0x6 DW_TAG_enumerator
	.long	.Linfo_string72         @ DW_AT_name
	.byte	39                      @ DW_AT_const_value
	.byte	7                       @ Abbrev [7] 0x211:0x6 DW_TAG_enumerator
	.long	.Linfo_string73         @ DW_AT_name
	.byte	40                      @ DW_AT_const_value
	.byte	7                       @ Abbrev [7] 0x217:0x6 DW_TAG_enumerator
	.long	.Linfo_string74         @ DW_AT_name
	.byte	41                      @ DW_AT_const_value
	.byte	7                       @ Abbrev [7] 0x21d:0x6 DW_TAG_enumerator
	.long	.Linfo_string75         @ DW_AT_name
	.byte	42                      @ DW_AT_const_value
	.byte	7                       @ Abbrev [7] 0x223:0x6 DW_TAG_enumerator
	.long	.Linfo_string76         @ DW_AT_name
	.byte	43                      @ DW_AT_const_value
	.byte	7                       @ Abbrev [7] 0x229:0x6 DW_TAG_enumerator
	.long	.Linfo_string77         @ DW_AT_name
	.byte	44                      @ DW_AT_const_value
	.byte	7                       @ Abbrev [7] 0x22f:0x6 DW_TAG_enumerator
	.long	.Linfo_string78         @ DW_AT_name
	.byte	45                      @ DW_AT_const_value
	.byte	7                       @ Abbrev [7] 0x235:0x6 DW_TAG_enumerator
	.long	.Linfo_string79         @ DW_AT_name
	.byte	46                      @ DW_AT_const_value
	.byte	7                       @ Abbrev [7] 0x23b:0x6 DW_TAG_enumerator
	.long	.Linfo_string80         @ DW_AT_name
	.byte	47                      @ DW_AT_const_value
	.byte	7                       @ Abbrev [7] 0x241:0x6 DW_TAG_enumerator
	.long	.Linfo_string81         @ DW_AT_name
	.byte	48                      @ DW_AT_const_value
	.byte	7                       @ Abbrev [7] 0x247:0x6 DW_TAG_enumerator
	.long	.Linfo_string82         @ DW_AT_name
	.byte	49                      @ DW_AT_const_value
	.byte	7                       @ Abbrev [7] 0x24d:0x6 DW_TAG_enumerator
	.long	.Linfo_string83         @ DW_AT_name
	.byte	50                      @ DW_AT_const_value
	.byte	7                       @ Abbrev [7] 0x253:0x6 DW_TAG_enumerator
	.long	.Linfo_string84         @ DW_AT_name
	.byte	51                      @ DW_AT_const_value
	.byte	7                       @ Abbrev [7] 0x259:0x6 DW_TAG_enumerator
	.long	.Linfo_string85         @ DW_AT_name
	.byte	52                      @ DW_AT_const_value
	.byte	7                       @ Abbrev [7] 0x25f:0x6 DW_TAG_enumerator
	.long	.Linfo_string86         @ DW_AT_name
	.byte	53                      @ DW_AT_const_value
	.byte	7                       @ Abbrev [7] 0x265:0x6 DW_TAG_enumerator
	.long	.Linfo_string87         @ DW_AT_name
	.byte	54                      @ DW_AT_const_value
	.byte	7                       @ Abbrev [7] 0x26b:0x6 DW_TAG_enumerator
	.long	.Linfo_string88         @ DW_AT_name
	.byte	55                      @ DW_AT_const_value
	.byte	7                       @ Abbrev [7] 0x271:0x6 DW_TAG_enumerator
	.long	.Linfo_string89         @ DW_AT_name
	.byte	56                      @ DW_AT_const_value
	.byte	7                       @ Abbrev [7] 0x277:0x6 DW_TAG_enumerator
	.long	.Linfo_string90         @ DW_AT_name
	.byte	57                      @ DW_AT_const_value
	.byte	7                       @ Abbrev [7] 0x27d:0x6 DW_TAG_enumerator
	.long	.Linfo_string91         @ DW_AT_name
	.byte	58                      @ DW_AT_const_value
	.byte	7                       @ Abbrev [7] 0x283:0x6 DW_TAG_enumerator
	.long	.Linfo_string92         @ DW_AT_name
	.byte	59                      @ DW_AT_const_value
	.byte	7                       @ Abbrev [7] 0x289:0x6 DW_TAG_enumerator
	.long	.Linfo_string93         @ DW_AT_name
	.byte	60                      @ DW_AT_const_value
	.byte	7                       @ Abbrev [7] 0x28f:0x6 DW_TAG_enumerator
	.long	.Linfo_string94         @ DW_AT_name
	.byte	61                      @ DW_AT_const_value
	.byte	7                       @ Abbrev [7] 0x295:0x6 DW_TAG_enumerator
	.long	.Linfo_string95         @ DW_AT_name
	.byte	62                      @ DW_AT_const_value
	.byte	7                       @ Abbrev [7] 0x29b:0x6 DW_TAG_enumerator
	.long	.Linfo_string96         @ DW_AT_name
	.byte	63                      @ DW_AT_const_value
	.byte	7                       @ Abbrev [7] 0x2a1:0x7 DW_TAG_enumerator
	.long	.Linfo_string97         @ DW_AT_name
	.asciz	"\300"                  @ DW_AT_const_value
	.byte	7                       @ Abbrev [7] 0x2a8:0x7 DW_TAG_enumerator
	.long	.Linfo_string98         @ DW_AT_name
	.asciz	"\301"                  @ DW_AT_const_value
	.byte	7                       @ Abbrev [7] 0x2af:0x7 DW_TAG_enumerator
	.long	.Linfo_string99         @ DW_AT_name
	.asciz	"\302"                  @ DW_AT_const_value
	.byte	7                       @ Abbrev [7] 0x2b6:0x7 DW_TAG_enumerator
	.long	.Linfo_string100        @ DW_AT_name
	.asciz	"\303"                  @ DW_AT_const_value
	.byte	7                       @ Abbrev [7] 0x2bd:0x7 DW_TAG_enumerator
	.long	.Linfo_string101        @ DW_AT_name
	.asciz	"\304"                  @ DW_AT_const_value
	.byte	7                       @ Abbrev [7] 0x2c4:0x7 DW_TAG_enumerator
	.long	.Linfo_string102        @ DW_AT_name
	.asciz	"\305"                  @ DW_AT_const_value
	.byte	7                       @ Abbrev [7] 0x2cb:0x7 DW_TAG_enumerator
	.long	.Linfo_string103        @ DW_AT_name
	.asciz	"\306"                  @ DW_AT_const_value
	.byte	7                       @ Abbrev [7] 0x2d2:0x7 DW_TAG_enumerator
	.long	.Linfo_string104        @ DW_AT_name
	.asciz	"\307"                  @ DW_AT_const_value
	.byte	7                       @ Abbrev [7] 0x2d9:0x7 DW_TAG_enumerator
	.long	.Linfo_string105        @ DW_AT_name
	.asciz	"\310"                  @ DW_AT_const_value
	.byte	7                       @ Abbrev [7] 0x2e0:0x7 DW_TAG_enumerator
	.long	.Linfo_string106        @ DW_AT_name
	.asciz	"\311"                  @ DW_AT_const_value
	.byte	7                       @ Abbrev [7] 0x2e7:0x7 DW_TAG_enumerator
	.long	.Linfo_string107        @ DW_AT_name
	.asciz	"\312"                  @ DW_AT_const_value
	.byte	7                       @ Abbrev [7] 0x2ee:0x7 DW_TAG_enumerator
	.long	.Linfo_string108        @ DW_AT_name
	.asciz	"\313"                  @ DW_AT_const_value
	.byte	7                       @ Abbrev [7] 0x2f5:0x7 DW_TAG_enumerator
	.long	.Linfo_string109        @ DW_AT_name
	.asciz	"\314"                  @ DW_AT_const_value
	.byte	7                       @ Abbrev [7] 0x2fc:0x7 DW_TAG_enumerator
	.long	.Linfo_string110        @ DW_AT_name
	.asciz	"\315"                  @ DW_AT_const_value
	.byte	7                       @ Abbrev [7] 0x303:0x7 DW_TAG_enumerator
	.long	.Linfo_string111        @ DW_AT_name
	.asciz	"\316"                  @ DW_AT_const_value
	.byte	7                       @ Abbrev [7] 0x30a:0x7 DW_TAG_enumerator
	.long	.Linfo_string112        @ DW_AT_name
	.asciz	"\317"                  @ DW_AT_const_value
	.byte	7                       @ Abbrev [7] 0x311:0x7 DW_TAG_enumerator
	.long	.Linfo_string113        @ DW_AT_name
	.asciz	"\320"                  @ DW_AT_const_value
	.byte	7                       @ Abbrev [7] 0x318:0x7 DW_TAG_enumerator
	.long	.Linfo_string114        @ DW_AT_name
	.asciz	"\321"                  @ DW_AT_const_value
	.byte	7                       @ Abbrev [7] 0x31f:0x7 DW_TAG_enumerator
	.long	.Linfo_string115        @ DW_AT_name
	.asciz	"\322"                  @ DW_AT_const_value
	.byte	7                       @ Abbrev [7] 0x326:0x7 DW_TAG_enumerator
	.long	.Linfo_string116        @ DW_AT_name
	.asciz	"\323"                  @ DW_AT_const_value
	.byte	7                       @ Abbrev [7] 0x32d:0x7 DW_TAG_enumerator
	.long	.Linfo_string117        @ DW_AT_name
	.asciz	"\324"                  @ DW_AT_const_value
	.byte	7                       @ Abbrev [7] 0x334:0x7 DW_TAG_enumerator
	.long	.Linfo_string118        @ DW_AT_name
	.asciz	"\325"                  @ DW_AT_const_value
	.byte	7                       @ Abbrev [7] 0x33b:0x7 DW_TAG_enumerator
	.long	.Linfo_string119        @ DW_AT_name
	.asciz	"\326"                  @ DW_AT_const_value
	.byte	7                       @ Abbrev [7] 0x342:0x7 DW_TAG_enumerator
	.long	.Linfo_string120        @ DW_AT_name
	.asciz	"\327"                  @ DW_AT_const_value
	.byte	7                       @ Abbrev [7] 0x349:0x7 DW_TAG_enumerator
	.long	.Linfo_string121        @ DW_AT_name
	.asciz	"\330"                  @ DW_AT_const_value
	.byte	7                       @ Abbrev [7] 0x350:0x7 DW_TAG_enumerator
	.long	.Linfo_string122        @ DW_AT_name
	.asciz	"\331"                  @ DW_AT_const_value
	.byte	7                       @ Abbrev [7] 0x357:0x7 DW_TAG_enumerator
	.long	.Linfo_string123        @ DW_AT_name
	.asciz	"\332"                  @ DW_AT_const_value
	.byte	0                       @ End Of Children Mark
	.byte	4                       @ Abbrev [4] 0x35f:0x7 DW_TAG_base_type
	.long	.Linfo_string24         @ DW_AT_name
	.byte	6                       @ DW_AT_encoding
	.byte	1                       @ DW_AT_byte_size
	.byte	8                       @ Abbrev [8] 0x366:0xb DW_TAG_typedef
	.long	881                     @ DW_AT_type
	.long	.Linfo_string126        @ DW_AT_name
	.byte	4                       @ DW_AT_decl_file
	.byte	64                      @ DW_AT_decl_line
	.byte	4                       @ Abbrev [4] 0x371:0x7 DW_TAG_base_type
	.long	.Linfo_string125        @ DW_AT_name
	.byte	7                       @ DW_AT_encoding
	.byte	4                       @ DW_AT_byte_size
	.byte	8                       @ Abbrev [8] 0x378:0xb DW_TAG_typedef
	.long	899                     @ DW_AT_type
	.long	.Linfo_string128        @ DW_AT_name
	.byte	4                       @ DW_AT_decl_file
	.byte	63                      @ DW_AT_decl_line
	.byte	4                       @ Abbrev [4] 0x383:0x7 DW_TAG_base_type
	.long	.Linfo_string127        @ DW_AT_name
	.byte	7                       @ DW_AT_encoding
	.byte	2                       @ DW_AT_byte_size
	.byte	9                       @ Abbrev [9] 0x38a:0x5 DW_TAG_pointer_type
	.long	911                     @ DW_AT_type
	.byte	10                      @ Abbrev [10] 0x38f:0xc DW_TAG_typedef
	.long	923                     @ DW_AT_type
	.long	.Linfo_string140        @ DW_AT_name
	.byte	2                       @ DW_AT_decl_file
	.short	1091                    @ DW_AT_decl_line
	.byte	11                      @ Abbrev [11] 0x39b:0x88 DW_TAG_structure_type
	.byte	40                      @ DW_AT_byte_size
	.byte	2                       @ DW_AT_decl_file
	.short	1079                    @ DW_AT_decl_line
	.byte	12                      @ Abbrev [12] 0x3a0:0xd DW_TAG_member
	.long	.Linfo_string129        @ DW_AT_name
	.long	1059                    @ DW_AT_type
	.byte	2                       @ DW_AT_decl_file
	.short	1081                    @ DW_AT_decl_line
	.byte	0                       @ DW_AT_data_member_location
	.byte	12                      @ Abbrev [12] 0x3ad:0xd DW_TAG_member
	.long	.Linfo_string130        @ DW_AT_name
	.long	1059                    @ DW_AT_type
	.byte	2                       @ DW_AT_decl_file
	.short	1082                    @ DW_AT_decl_line
	.byte	4                       @ DW_AT_data_member_location
	.byte	12                      @ Abbrev [12] 0x3ba:0xd DW_TAG_member
	.long	.Linfo_string131        @ DW_AT_name
	.long	1059                    @ DW_AT_type
	.byte	2                       @ DW_AT_decl_file
	.short	1083                    @ DW_AT_decl_line
	.byte	8                       @ DW_AT_data_member_location
	.byte	12                      @ Abbrev [12] 0x3c7:0xd DW_TAG_member
	.long	.Linfo_string132        @ DW_AT_name
	.long	1059                    @ DW_AT_type
	.byte	2                       @ DW_AT_decl_file
	.short	1084                    @ DW_AT_decl_line
	.byte	12                      @ DW_AT_data_member_location
	.byte	12                      @ Abbrev [12] 0x3d4:0xd DW_TAG_member
	.long	.Linfo_string133        @ DW_AT_name
	.long	1059                    @ DW_AT_type
	.byte	2                       @ DW_AT_decl_file
	.short	1085                    @ DW_AT_decl_line
	.byte	16                      @ DW_AT_data_member_location
	.byte	12                      @ Abbrev [12] 0x3e1:0xd DW_TAG_member
	.long	.Linfo_string134        @ DW_AT_name
	.long	1059                    @ DW_AT_type
	.byte	2                       @ DW_AT_decl_file
	.short	1086                    @ DW_AT_decl_line
	.byte	20                      @ DW_AT_data_member_location
	.byte	12                      @ Abbrev [12] 0x3ee:0xd DW_TAG_member
	.long	.Linfo_string135        @ DW_AT_name
	.long	1064                    @ DW_AT_type
	.byte	2                       @ DW_AT_decl_file
	.short	1087                    @ DW_AT_decl_line
	.byte	24                      @ DW_AT_data_member_location
	.byte	12                      @ Abbrev [12] 0x3fb:0xd DW_TAG_member
	.long	.Linfo_string136        @ DW_AT_name
	.long	1064                    @ DW_AT_type
	.byte	2                       @ DW_AT_decl_file
	.short	1088                    @ DW_AT_decl_line
	.byte	26                      @ DW_AT_data_member_location
	.byte	12                      @ Abbrev [12] 0x408:0xd DW_TAG_member
	.long	.Linfo_string137        @ DW_AT_name
	.long	1059                    @ DW_AT_type
	.byte	2                       @ DW_AT_decl_file
	.short	1089                    @ DW_AT_decl_line
	.byte	28                      @ DW_AT_data_member_location
	.byte	12                      @ Abbrev [12] 0x415:0xd DW_TAG_member
	.long	.Linfo_string138        @ DW_AT_name
	.long	1069                    @ DW_AT_type
	.byte	2                       @ DW_AT_decl_file
	.short	1090                    @ DW_AT_decl_line
	.byte	32                      @ DW_AT_data_member_location
	.byte	0                       @ End Of Children Mark
	.byte	13                      @ Abbrev [13] 0x423:0x5 DW_TAG_volatile_type
	.long	870                     @ DW_AT_type
	.byte	13                      @ Abbrev [13] 0x428:0x5 DW_TAG_volatile_type
	.long	888                     @ DW_AT_type
	.byte	14                      @ Abbrev [14] 0x42d:0xc DW_TAG_array_type
	.long	1059                    @ DW_AT_type
	.byte	15                      @ Abbrev [15] 0x432:0x6 DW_TAG_subrange_type
	.long	1081                    @ DW_AT_type
	.byte	2                       @ DW_AT_count
	.byte	0                       @ End Of Children Mark
	.byte	16                      @ Abbrev [16] 0x439:0x7 DW_TAG_base_type
	.long	.Linfo_string139        @ DW_AT_name
	.byte	8                       @ DW_AT_byte_size
	.byte	7                       @ DW_AT_encoding
	.byte	8                       @ Abbrev [8] 0x440:0xb DW_TAG_typedef
	.long	71                      @ DW_AT_type
	.long	.Linfo_string141        @ DW_AT_name
	.byte	4                       @ DW_AT_decl_file
	.byte	62                      @ DW_AT_decl_line
	.byte	17                      @ Abbrev [17] 0x44b:0x23 DW_TAG_subprogram
	.long	.Lfunc_begin0           @ DW_AT_low_pc
	.long	.Lfunc_end0             @ DW_AT_high_pc
	.byte	1                       @ DW_AT_frame_base
	.byte	93
	.long	.Linfo_string142        @ DW_AT_name
	.byte	5                       @ DW_AT_decl_file
	.byte	15                      @ DW_AT_decl_line
	.byte	1                       @ DW_AT_prototyped
	.byte	1                       @ DW_AT_external
	.byte	18                      @ Abbrev [18] 0x45e:0xf DW_TAG_variable
	.long	.Ldebug_loc0            @ DW_AT_location
	.long	.Linfo_string146        @ DW_AT_name
	.byte	5                       @ DW_AT_decl_file
	.byte	17                      @ DW_AT_decl_line
	.long	1269                    @ DW_AT_type
	.byte	0                       @ End Of Children Mark
	.byte	17                      @ Abbrev [17] 0x46e:0x23 DW_TAG_subprogram
	.long	.Lfunc_begin1           @ DW_AT_low_pc
	.long	.Lfunc_end1             @ DW_AT_high_pc
	.byte	1                       @ DW_AT_frame_base
	.byte	93
	.long	.Linfo_string143        @ DW_AT_name
	.byte	5                       @ DW_AT_decl_file
	.byte	38                      @ DW_AT_decl_line
	.byte	1                       @ DW_AT_prototyped
	.byte	1                       @ DW_AT_external
	.byte	19                      @ Abbrev [19] 0x481:0xf DW_TAG_formal_parameter
	.long	.Ldebug_loc1            @ DW_AT_location
	.long	.Linfo_string157        @ DW_AT_name
	.byte	5                       @ DW_AT_decl_file
	.byte	38                      @ DW_AT_decl_line
	.long	1088                    @ DW_AT_type
	.byte	0                       @ End Of Children Mark
	.byte	17                      @ Abbrev [17] 0x491:0x23 DW_TAG_subprogram
	.long	.Lfunc_begin2           @ DW_AT_low_pc
	.long	.Lfunc_end2             @ DW_AT_high_pc
	.byte	1                       @ DW_AT_frame_base
	.byte	93
	.long	.Linfo_string144        @ DW_AT_name
	.byte	5                       @ DW_AT_decl_file
	.byte	52                      @ DW_AT_decl_line
	.byte	1                       @ DW_AT_prototyped
	.byte	1                       @ DW_AT_external
	.byte	18                      @ Abbrev [18] 0x4a4:0xf DW_TAG_variable
	.long	.Ldebug_loc2            @ DW_AT_location
	.long	.Linfo_string146        @ DW_AT_name
	.byte	5                       @ DW_AT_decl_file
	.byte	54                      @ DW_AT_decl_line
	.long	1269                    @ DW_AT_type
	.byte	0                       @ End Of Children Mark
	.byte	17                      @ Abbrev [17] 0x4b4:0x41 DW_TAG_subprogram
	.long	.Lfunc_begin3           @ DW_AT_low_pc
	.long	.Lfunc_end3             @ DW_AT_high_pc
	.byte	1                       @ DW_AT_frame_base
	.byte	93
	.long	.Linfo_string145        @ DW_AT_name
	.byte	5                       @ DW_AT_decl_file
	.byte	73                      @ DW_AT_decl_line
	.byte	1                       @ DW_AT_prototyped
	.byte	1                       @ DW_AT_external
	.byte	18                      @ Abbrev [18] 0x4c7:0xf DW_TAG_variable
	.long	.Ldebug_loc3            @ DW_AT_location
	.long	.Linfo_string146        @ DW_AT_name
	.byte	5                       @ DW_AT_decl_file
	.byte	75                      @ DW_AT_decl_line
	.long	1269                    @ DW_AT_type
	.byte	18                      @ Abbrev [18] 0x4d6:0xf DW_TAG_variable
	.long	.Ldebug_loc4            @ DW_AT_location
	.long	.Linfo_string158        @ DW_AT_name
	.byte	5                       @ DW_AT_decl_file
	.byte	76                      @ DW_AT_decl_line
	.long	1389                    @ DW_AT_type
	.byte	18                      @ Abbrev [18] 0x4e5:0xf DW_TAG_variable
	.long	.Ldebug_loc5            @ DW_AT_location
	.long	.Linfo_string167        @ DW_AT_name
	.byte	5                       @ DW_AT_decl_file
	.byte	77                      @ DW_AT_decl_line
	.long	1487                    @ DW_AT_type
	.byte	0                       @ End Of Children Mark
	.byte	8                       @ Abbrev [8] 0x4f5:0xb DW_TAG_typedef
	.long	1280                    @ DW_AT_type
	.long	.Linfo_string156        @ DW_AT_name
	.byte	1                       @ DW_AT_decl_file
	.byte	148                     @ DW_AT_decl_line
	.byte	20                      @ Abbrev [20] 0x500:0x41 DW_TAG_structure_type
	.byte	8                       @ DW_AT_byte_size
	.byte	1                       @ DW_AT_decl_file
	.byte	132                     @ DW_AT_decl_line
	.byte	21                      @ Abbrev [21] 0x504:0xc DW_TAG_member
	.long	.Linfo_string147        @ DW_AT_name
	.long	870                     @ DW_AT_type
	.byte	1                       @ DW_AT_decl_file
	.byte	134                     @ DW_AT_decl_line
	.byte	0                       @ DW_AT_data_member_location
	.byte	21                      @ Abbrev [21] 0x510:0xc DW_TAG_member
	.long	.Linfo_string148        @ DW_AT_name
	.long	1345                    @ DW_AT_type
	.byte	1                       @ DW_AT_decl_file
	.byte	137                     @ DW_AT_decl_line
	.byte	4                       @ DW_AT_data_member_location
	.byte	21                      @ Abbrev [21] 0x51c:0xc DW_TAG_member
	.long	.Linfo_string150        @ DW_AT_name
	.long	1356                    @ DW_AT_type
	.byte	1                       @ DW_AT_decl_file
	.byte	140                     @ DW_AT_decl_line
	.byte	5                       @ DW_AT_data_member_location
	.byte	21                      @ Abbrev [21] 0x528:0xc DW_TAG_member
	.long	.Linfo_string152        @ DW_AT_name
	.long	1367                    @ DW_AT_type
	.byte	1                       @ DW_AT_decl_file
	.byte	143                     @ DW_AT_decl_line
	.byte	6                       @ DW_AT_data_member_location
	.byte	21                      @ Abbrev [21] 0x534:0xc DW_TAG_member
	.long	.Linfo_string154        @ DW_AT_name
	.long	1378                    @ DW_AT_type
	.byte	1                       @ DW_AT_decl_file
	.byte	146                     @ DW_AT_decl_line
	.byte	7                       @ DW_AT_data_member_location
	.byte	0                       @ End Of Children Mark
	.byte	8                       @ Abbrev [8] 0x541:0xb DW_TAG_typedef
	.long	38                      @ DW_AT_type
	.long	.Linfo_string149        @ DW_AT_name
	.byte	1                       @ DW_AT_decl_file
	.byte	71                      @ DW_AT_decl_line
	.byte	8                       @ Abbrev [8] 0x54c:0xb DW_TAG_typedef
	.long	78                      @ DW_AT_type
	.long	.Linfo_string151        @ DW_AT_name
	.byte	1                       @ DW_AT_decl_file
	.byte	95                      @ DW_AT_decl_line
	.byte	8                       @ Abbrev [8] 0x557:0xb DW_TAG_typedef
	.long	111                     @ DW_AT_type
	.long	.Linfo_string153        @ DW_AT_name
	.byte	1                       @ DW_AT_decl_file
	.byte	82                      @ DW_AT_decl_line
	.byte	8                       @ Abbrev [8] 0x562:0xb DW_TAG_typedef
	.long	132                     @ DW_AT_type
	.long	.Linfo_string155        @ DW_AT_name
	.byte	1                       @ DW_AT_decl_file
	.byte	114                     @ DW_AT_decl_line
	.byte	8                       @ Abbrev [8] 0x56d:0xb DW_TAG_typedef
	.long	1400                    @ DW_AT_type
	.long	.Linfo_string166        @ DW_AT_name
	.byte	3                       @ DW_AT_decl_file
	.byte	93                      @ DW_AT_decl_line
	.byte	20                      @ Abbrev [20] 0x578:0x35 DW_TAG_structure_type
	.byte	8                       @ DW_AT_byte_size
	.byte	3                       @ DW_AT_decl_file
	.byte	80                      @ DW_AT_decl_line
	.byte	21                      @ Abbrev [21] 0x57c:0xc DW_TAG_member
	.long	.Linfo_string159        @ DW_AT_name
	.long	870                     @ DW_AT_type
	.byte	3                       @ DW_AT_decl_file
	.byte	82                      @ DW_AT_decl_line
	.byte	0                       @ DW_AT_data_member_location
	.byte	21                      @ Abbrev [21] 0x588:0xc DW_TAG_member
	.long	.Linfo_string160        @ DW_AT_name
	.long	1453                    @ DW_AT_type
	.byte	3                       @ DW_AT_decl_file
	.byte	85                      @ DW_AT_decl_line
	.byte	4                       @ DW_AT_data_member_location
	.byte	21                      @ Abbrev [21] 0x594:0xc DW_TAG_member
	.long	.Linfo_string162        @ DW_AT_name
	.long	1464                    @ DW_AT_type
	.byte	3                       @ DW_AT_decl_file
	.byte	88                      @ DW_AT_decl_line
	.byte	5                       @ DW_AT_data_member_location
	.byte	21                      @ Abbrev [21] 0x5a0:0xc DW_TAG_member
	.long	.Linfo_string164        @ DW_AT_name
	.long	1475                    @ DW_AT_type
	.byte	3                       @ DW_AT_decl_file
	.byte	91                      @ DW_AT_decl_line
	.byte	6                       @ DW_AT_data_member_location
	.byte	0                       @ End Of Children Mark
	.byte	8                       @ Abbrev [8] 0x5ad:0xb DW_TAG_typedef
	.long	181                     @ DW_AT_type
	.long	.Linfo_string161        @ DW_AT_name
	.byte	3                       @ DW_AT_decl_file
	.byte	58                      @ DW_AT_decl_line
	.byte	8                       @ Abbrev [8] 0x5b8:0xb DW_TAG_typedef
	.long	202                     @ DW_AT_type
	.long	.Linfo_string163        @ DW_AT_name
	.byte	3                       @ DW_AT_decl_file
	.byte	71                      @ DW_AT_decl_line
	.byte	10                      @ Abbrev [10] 0x5c3:0xc DW_TAG_typedef
	.long	159                     @ DW_AT_type
	.long	.Linfo_string165        @ DW_AT_name
	.byte	2                       @ DW_AT_decl_file
	.short	589                     @ DW_AT_decl_line
	.byte	8                       @ Abbrev [8] 0x5cf:0xb DW_TAG_typedef
	.long	1498                    @ DW_AT_type
	.long	.Linfo_string172        @ DW_AT_name
	.byte	6                       @ DW_AT_decl_file
	.byte	74                      @ DW_AT_decl_line
	.byte	20                      @ Abbrev [20] 0x5da:0x35 DW_TAG_structure_type
	.byte	4                       @ DW_AT_byte_size
	.byte	6                       @ DW_AT_decl_file
	.byte	54                      @ DW_AT_decl_line
	.byte	21                      @ Abbrev [21] 0x5de:0xc DW_TAG_member
	.long	.Linfo_string168        @ DW_AT_name
	.long	1088                    @ DW_AT_type
	.byte	6                       @ DW_AT_decl_file
	.byte	56                      @ DW_AT_decl_line
	.byte	0                       @ DW_AT_data_member_location
	.byte	21                      @ Abbrev [21] 0x5ea:0xc DW_TAG_member
	.long	.Linfo_string169        @ DW_AT_name
	.long	1088                    @ DW_AT_type
	.byte	6                       @ DW_AT_decl_file
	.byte	61                      @ DW_AT_decl_line
	.byte	1                       @ DW_AT_data_member_location
	.byte	21                      @ Abbrev [21] 0x5f6:0xc DW_TAG_member
	.long	.Linfo_string170        @ DW_AT_name
	.long	1088                    @ DW_AT_type
	.byte	6                       @ DW_AT_decl_file
	.byte	66                      @ DW_AT_decl_line
	.byte	2                       @ DW_AT_data_member_location
	.byte	21                      @ Abbrev [21] 0x602:0xc DW_TAG_member
	.long	.Linfo_string171        @ DW_AT_name
	.long	1475                    @ DW_AT_type
	.byte	6                       @ DW_AT_decl_file
	.byte	71                      @ DW_AT_decl_line
	.byte	3                       @ DW_AT_data_member_location
	.byte	0                       @ End Of Children Mark
	.byte	0                       @ End Of Children Mark
.Ldebug_info_end0:
	.section	.debug_ranges,"",%progbits
.Ldebug_ranges0:
	.long	.Lfunc_begin0
	.long	.Lfunc_end0
	.long	.Lfunc_begin1
	.long	.Lfunc_end1
	.long	.Lfunc_begin2
	.long	.Lfunc_end2
	.long	.Lfunc_begin3
	.long	.Lfunc_end3
	.long	0
	.long	0
	.section	.debug_macinfo,"",%progbits
	.byte	0                       @ End Of Macro List Mark

	.ident	"Component: ARM Compiler 6.12 Tool: armclang [5d624a00]"
	.section	".note.GNU-stack","",%progbits
	.eabi_attribute	30, 3	@ Tag_ABI_optimization_goals
	.ARM_attribute	16, 1	@ Tag_AV_eba
	.section	.debug_line,"",%progbits
.Lline_table_start0:
