	.text
	.syntax unified
	.eabi_attribute	67, "2.09"	@ Tag_conformance
	.cpu	cortex-m4
	.eabi_attribute	6, 13	@ Tag_CPU_arch
	.eabi_attribute	7, 77	@ Tag_CPU_arch_profile
	.eabi_attribute	8, 0	@ Tag_ARM_ISA_use
	.eabi_attribute	9, 2	@ Tag_THUMB_ISA_use
	.fpu	fpv4-sp-d16
	.eabi_attribute	27, 1	@ Tag_ABI_HardFP_use
	.eabi_attribute	36, 1	@ Tag_FP_HP_extension
	.eabi_attribute	34, 1	@ Tag_CPU_unaligned_access
	.eabi_attribute	17, 1	@ Tag_ABI_PCS_GOT_use
	.eabi_attribute	20, 2	@ Tag_ABI_FP_denormal
	.eabi_attribute	21, 0	@ Tag_ABI_FP_exceptions
	.eabi_attribute	23, 1	@ Tag_ABI_FP_number_model
	.eabi_attribute	24, 1	@ Tag_ABI_align_needed
	.eabi_attribute	25, 1	@ Tag_ABI_align_preserved
	.eabi_attribute	28, 1	@ Tag_ABI_VFP_args
	.eabi_attribute	38, 1	@ Tag_ABI_FP_16bit_format
	.eabi_attribute	18, 2	@ Tag_ABI_PCS_wchar_t
	.eabi_attribute	26, 1	@ Tag_ABI_enum_size
	.eabi_attribute	14, 0	@ Tag_ABI_PCS_R9_use
	.file	"netconf.c"
	.file	1 "C:\\Keil\\ARM\\ARMCLANG\\Bin\\..\\include" "stdint.h"
	.file	2 "F:\\SkyDrive\\OtvoreniProjekti\\HotelSaplast\\fw\\KontrolerHotela\\HC070318\\Project" "../User/TFTP_Server/netconf.c"
	.file	3 "F:\\SkyDrive\\OtvoreniProjekti\\HotelSaplast\\fw\\KontrolerHotela\\HC070318\\Project" "../Libraries/lwip-1.4.1/src/include\\lwip/netif.h"
	.file	4 "F:\\SkyDrive\\OtvoreniProjekti\\HotelSaplast\\fw\\KontrolerHotela\\HC070318\\Project" "../Libraries/lwip-1.4.1/port/arch\\cc.h"
	.file	5 "F:\\SkyDrive\\OtvoreniProjekti\\HotelSaplast\\fw\\KontrolerHotela\\HC070318\\Project" "../Libraries/lwip-1.4.1/src/include/ipv4\\lwip/ip_addr.h"
	.file	6 "F:\\SkyDrive\\OtvoreniProjekti\\HotelSaplast\\fw\\KontrolerHotela\\HC070318\\Project" "../Libraries/lwip-1.4.1/src/include\\lwip/err.h"
	.file	7 "F:\\SkyDrive\\OtvoreniProjekti\\HotelSaplast\\fw\\KontrolerHotela\\HC070318\\Project" "../Libraries/lwip-1.4.1/src/include\\lwip/pbuf.h"
	.section	.text.LwIP_Init,"ax",%progbits
	.hidden	LwIP_Init               @ -- Begin function LwIP_Init
	.globl	LwIP_Init
	.p2align	1
	.type	LwIP_Init,%function
	.code	16                      @ @LwIP_Init
	.thumb_func
LwIP_Init:
.Lfunc_begin0:
	.loc	2 56 0                  @ ../User/TFTP_Server/netconf.c:56:0
	.fnstart
	.cfi_sections .debug_frame
	.cfi_startproc
@ %bb.0:
	.save	{r4, r5, r6, r7, r8, r9, lr}
	push.w	{r4, r5, r6, r7, r8, r9, lr}
	.cfi_def_cfa_offset 28
	.cfi_offset lr, -4
	.cfi_offset r9, -8
	.cfi_offset r8, -12
	.cfi_offset r7, -16
	.cfi_offset r6, -20
	.cfi_offset r5, -24
	.cfi_offset r4, -28
	.pad	#28
	sub	sp, #28
	.cfi_def_cfa_offset 56
.Ltmp0:
	.loc	2 62 3 prologue_end     @ ../User/TFTP_Server/netconf.c:62:3
	bl	mem_init
	.loc	2 65 3                  @ ../User/TFTP_Server/netconf.c:65:3
	bl	memp_init
	.loc	2 72 2                  @ ../User/TFTP_Server/netconf.c:72:2
	movw	r6, :lower16:ip_address
	.loc	2 73 2                  @ ../User/TFTP_Server/netconf.c:73:2
	movw	r5, :lower16:subnet_mask
	.loc	2 74 2                  @ ../User/TFTP_Server/netconf.c:74:2
	movw	r4, :lower16:gateway_address
	.loc	2 76 2                  @ ../User/TFTP_Server/netconf.c:76:2
	movw	r7, :lower16:iptxt
	movs	r1, #20
	.loc	2 72 2                  @ ../User/TFTP_Server/netconf.c:72:2
	movt	r6, :upper16:ip_address
	.loc	2 73 2                  @ ../User/TFTP_Server/netconf.c:73:2
	movt	r5, :upper16:subnet_mask
	.loc	2 74 2                  @ ../User/TFTP_Server/netconf.c:74:2
	movt	r4, :upper16:gateway_address
	.loc	2 76 2                  @ ../User/TFTP_Server/netconf.c:76:2
	movt	r7, :upper16:iptxt
	.loc	2 72 2                  @ ../User/TFTP_Server/netconf.c:72:2
	ldr	r0, [r6]
	str	r0, [sp, #24]
	.loc	2 73 2                  @ ../User/TFTP_Server/netconf.c:73:2
	ldr	r0, [r5]
	str	r0, [sp, #20]
	.loc	2 74 2                  @ ../User/TFTP_Server/netconf.c:74:2
	ldr	r0, [r4]
	str	r0, [sp, #16]
	.loc	2 76 2                  @ ../User/TFTP_Server/netconf.c:76:2
	mov	r0, r7
	bl	ClearBuffer
	.loc	2 77 2                  @ ../User/TFTP_Server/netconf.c:77:2
	movw	r9, :lower16:sbnttxt
	movs	r1, #20
	movt	r9, :upper16:sbnttxt
	mov	r0, r9
	bl	ClearBuffer
	.loc	2 78 2                  @ ../User/TFTP_Server/netconf.c:78:2
	movw	r8, :lower16:gtwtxt
	movs	r1, #20
	movt	r8, :upper16:gtwtxt
	mov	r0, r8
	bl	ClearBuffer
	.loc	2 79 39                 @ ../User/TFTP_Server/netconf.c:79:39
	ldrb	r2, [r6]
	.loc	2 79 54 is_stmt 0       @ ../User/TFTP_Server/netconf.c:79:54
	ldrb	r3, [r6, #1]
	.loc	2 79 69                 @ ../User/TFTP_Server/netconf.c:79:69
	ldrb	r0, [r6, #2]
	.loc	2 79 84                 @ ../User/TFTP_Server/netconf.c:79:84
	ldrb	r1, [r6, #3]
	.loc	2 79 2                  @ ../User/TFTP_Server/netconf.c:79:2
	movw	r6, :lower16:.L.str
	movt	r6, :upper16:.L.str
	strd	r0, r1, [sp]
	mov	r0, r7
	mov	r1, r6
	bl	__2sprintf
	.loc	2 80 73 is_stmt 1       @ ../User/TFTP_Server/netconf.c:80:73
	ldrb	r0, [r5, #2]
	.loc	2 80 89 is_stmt 0       @ ../User/TFTP_Server/netconf.c:80:89
	ldrb	r1, [r5, #3]
	.loc	2 80 41                 @ ../User/TFTP_Server/netconf.c:80:41
	ldrb	r2, [r5]
	.loc	2 80 57                 @ ../User/TFTP_Server/netconf.c:80:57
	ldrb	r3, [r5, #1]
	.loc	2 80 2                  @ ../User/TFTP_Server/netconf.c:80:2
	strd	r0, r1, [sp]
	mov	r0, r9
	mov	r1, r6
	bl	__2sprintf
	.loc	2 81 80 is_stmt 1       @ ../User/TFTP_Server/netconf.c:81:80
	ldrb	r0, [r4, #2]
	.loc	2 81 100 is_stmt 0      @ ../User/TFTP_Server/netconf.c:81:100
	ldrb	r1, [r4, #3]
	.loc	2 81 40                 @ ../User/TFTP_Server/netconf.c:81:40
	ldrb	r2, [r4]
	.loc	2 81 60                 @ ../User/TFTP_Server/netconf.c:81:60
	ldrb	r3, [r4, #1]
	.loc	2 81 2                  @ ../User/TFTP_Server/netconf.c:81:2
	strd	r0, r1, [sp]
	mov	r0, r8
	mov	r1, r6
	bl	__2sprintf
.Ltmp1:
	@DEBUG_VALUE: LwIP_Init:gw <- [DW_OP_plus_uconst 16, DW_OP_deref] $sp
	@DEBUG_VALUE: LwIP_Init:netmask <- [DW_OP_plus_uconst 20, DW_OP_deref] $sp
	@DEBUG_VALUE: LwIP_Init:ipaddr <- [DW_OP_plus_uconst 24, DW_OP_deref] $sp
	.loc	2 97 3 is_stmt 1        @ ../User/TFTP_Server/netconf.c:97:3
	movw	r0, :lower16:ethernet_input
	movw	r1, :lower16:ethernetif_init
	movw	r4, :lower16:netif
	movs	r2, #0
	add	r3, sp, #16
	movt	r1, :upper16:ethernetif_init
	movt	r0, :upper16:ethernet_input
	movt	r4, :upper16:netif
	strd	r2, r1, [sp]
	str	r0, [sp, #8]
	add	r1, sp, #24
	add	r2, sp, #20
	mov	r0, r4
	bl	netif_add
	.loc	2 100 3                 @ ../User/TFTP_Server/netconf.c:100:3
	mov	r0, r4
	bl	netif_set_default
	.loc	2 103 3                 @ ../User/TFTP_Server/netconf.c:103:3
	mov	r0, r4
	bl	netif_set_up
	.loc	2 104 1                 @ ../User/TFTP_Server/netconf.c:104:1
	add	sp, #28
.Ltmp2:
	pop.w	{r4, r5, r6, r7, r8, r9, pc}
.Ltmp3:
.Lfunc_end0:
	.size	LwIP_Init, .Lfunc_end0-LwIP_Init
	.cfi_endproc
	.cantunwind
	.fnend
                                        @ -- End function
	.section	.text.LwIP_Pkt_Handle,"ax",%progbits
	.hidden	LwIP_Pkt_Handle         @ -- Begin function LwIP_Pkt_Handle
	.globl	LwIP_Pkt_Handle
	.p2align	1
	.type	LwIP_Pkt_Handle,%function
	.code	16                      @ @LwIP_Pkt_Handle
	.thumb_func
LwIP_Pkt_Handle:
.Lfunc_begin1:
	.loc	2 112 0                 @ ../User/TFTP_Server/netconf.c:112:0
	.fnstart
	.cfi_startproc
@ %bb.0:
	.loc	2 114 3 prologue_end    @ ../User/TFTP_Server/netconf.c:114:3
	movw	r0, :lower16:netif
	movt	r0, :upper16:netif
	b	ethernetif_input
.Ltmp4:
.Lfunc_end1:
	.size	LwIP_Pkt_Handle, .Lfunc_end1-LwIP_Pkt_Handle
	.cfi_endproc
	.cantunwind
	.fnend
                                        @ -- End function
	.section	.text.LwIP_Periodic_Handle,"ax",%progbits
	.hidden	LwIP_Periodic_Handle    @ -- Begin function LwIP_Periodic_Handle
	.globl	LwIP_Periodic_Handle
	.p2align	1
	.type	LwIP_Periodic_Handle,%function
	.code	16                      @ @LwIP_Periodic_Handle
	.thumb_func
LwIP_Periodic_Handle:
.Lfunc_begin2:
	.loc	2 123 0                 @ ../User/TFTP_Server/netconf.c:123:0
	.fnstart
	.cfi_startproc
@ %bb.0:
	.save	{r7, lr}
	push	{r7, lr}
	.cfi_def_cfa_offset 8
	.cfi_offset lr, -4
	.cfi_offset r7, -8
	.pad	#8
	sub	sp, #8
	.cfi_def_cfa_offset 16
	str	r0, [sp, #4]
.Ltmp5:
	.loc	2 126 19 prologue_end   @ ../User/TFTP_Server/netconf.c:126:19
	movw	r0, :lower16:TCPTimer
	movt	r0, :upper16:TCPTimer
	ldr	r1, [r0]
	.loc	2 126 7 is_stmt 0       @ ../User/TFTP_Server/netconf.c:126:7
	ldr	r2, [sp, #4]
	.loc	2 126 17                @ ../User/TFTP_Server/netconf.c:126:17
	subs	r1, r2, r1
.Ltmp6:
	.loc	2 126 7                 @ ../User/TFTP_Server/netconf.c:126:7
	cmp	r1, #250
	blo	.LBB2_2
@ %bb.1:
.Ltmp7:
	.loc	2 127 17 is_stmt 1      @ ../User/TFTP_Server/netconf.c:127:17
	ldr	r1, [sp, #4]
	.loc	2 127 14 is_stmt 0      @ ../User/TFTP_Server/netconf.c:127:14
	str	r1, [r0]
	.loc	2 128 5 is_stmt 1       @ ../User/TFTP_Server/netconf.c:128:5
	bl	tcp_tmr
.Ltmp8:
.LBB2_2:
	.loc	2 133 20                @ ../User/TFTP_Server/netconf.c:133:20
	movw	r0, :lower16:ARPTimer
	movt	r0, :upper16:ARPTimer
	ldr	r1, [r0]
	.loc	2 133 8 is_stmt 0       @ ../User/TFTP_Server/netconf.c:133:8
	ldr	r2, [sp, #4]
	.loc	2 133 18                @ ../User/TFTP_Server/netconf.c:133:18
	subs	r1, r2, r1
	movw	r2, #5000
.Ltmp9:
	.loc	2 133 7                 @ ../User/TFTP_Server/netconf.c:133:7
	cmp	r1, r2
	.loc	2 156 1 is_stmt 1       @ ../User/TFTP_Server/netconf.c:156:1
	itt	lo
	addlo	sp, #8
	poplo	{r7, pc}
.Ltmp10:
	.loc	2 134 17                @ ../User/TFTP_Server/netconf.c:134:17
	ldr	r1, [sp, #4]
	.loc	2 134 14 is_stmt 0      @ ../User/TFTP_Server/netconf.c:134:14
	str	r1, [r0]
	.loc	2 135 5 is_stmt 1       @ ../User/TFTP_Server/netconf.c:135:5
	add	sp, #8
	pop.w	{r7, lr}
	b	etharp_tmr
.Ltmp11:
.Lfunc_end2:
	.size	LwIP_Periodic_Handle, .Lfunc_end2-LwIP_Periodic_Handle
	.cfi_endproc
	.cantunwind
	.fnend
                                        @ -- End function
	.hidden	TCPTimer                @ @TCPTimer
	.type	TCPTimer,%object
	.section	.bss.TCPTimer,"aw",%nobits
	.globl	TCPTimer
	.p2align	2
TCPTimer:
	.long	0                       @ 0x0
	.size	TCPTimer, 4

	.hidden	ARPTimer                @ @ARPTimer
	.type	ARPTimer,%object
	.section	.bss.ARPTimer,"aw",%nobits
	.globl	ARPTimer
	.p2align	2
ARPTimer:
	.long	0                       @ 0x0
	.size	ARPTimer, 4

	.hidden	IPaddress               @ @IPaddress
	.type	IPaddress,%object
	.section	.bss.IPaddress,"aw",%nobits
	.globl	IPaddress
	.p2align	2
IPaddress:
	.long	0                       @ 0x0
	.size	IPaddress, 4

	.hidden	ip_address              @ @ip_address
	.type	ip_address,%object
	.section	.bss.ip_address,"aw",%nobits
	.globl	ip_address
ip_address:
	.zero	4
	.size	ip_address, 4

	.hidden	subnet_mask             @ @subnet_mask
	.type	subnet_mask,%object
	.section	.bss.subnet_mask,"aw",%nobits
	.globl	subnet_mask
subnet_mask:
	.zero	4
	.size	subnet_mask, 4

	.hidden	gateway_address         @ @gateway_address
	.type	gateway_address,%object
	.section	.bss.gateway_address,"aw",%nobits
	.globl	gateway_address
gateway_address:
	.zero	4
	.size	gateway_address, 4

	.hidden	iptxt                   @ @iptxt
	.type	iptxt,%object
	.section	.bss.iptxt,"aw",%nobits
	.globl	iptxt
iptxt:
	.zero	20
	.size	iptxt, 20

	.hidden	sbnttxt                 @ @sbnttxt
	.type	sbnttxt,%object
	.section	.bss.sbnttxt,"aw",%nobits
	.globl	sbnttxt
sbnttxt:
	.zero	20
	.size	sbnttxt, 20

	.hidden	gtwtxt                  @ @gtwtxt
	.type	gtwtxt,%object
	.section	.bss.gtwtxt,"aw",%nobits
	.globl	gtwtxt
gtwtxt:
	.zero	20
	.size	gtwtxt, 20

	.type	.L.str,%object          @ @.str
	.section	.rodata.str1.1,"aMS",%progbits,1
.L.str:
	.asciz	"%d.%d.%d.%d"
	.size	.L.str, 12

	.hidden	netif                   @ @netif
	.type	netif,%object
	.section	.bss.netif,"aw",%nobits
	.globl	netif
	.p2align	2
netif:
	.zero	52
	.size	netif, 52

	.globl	_printf_percent
	.globl	_printf_d
	.globl	_printf_int_dec
	.hidden	_printf_percent
	.hidden	_printf_d
	.hidden	_printf_int_dec
	.section	.debug_str,"MS",%progbits,1
.Linfo_string0:
	.asciz	"Component: ARM Compiler 6.12 Tool: armclang [5d624a00]" @ string offset=0
.Linfo_string1:
	.asciz	"../User/TFTP_Server\\netconf.c" @ string offset=55
.Linfo_string2:
	.asciz	"F:\\SkyDrive\\OtvoreniProjekti\\HotelSaplast\\fw\\KontrolerHotela\\HC070318\\Project" @ string offset=85
.Linfo_string3:
	.asciz	"TCPTimer"              @ string offset=163
.Linfo_string4:
	.asciz	"unsigned int"          @ string offset=172
.Linfo_string5:
	.asciz	"uint32_t"              @ string offset=185
.Linfo_string6:
	.asciz	"ARPTimer"              @ string offset=194
.Linfo_string7:
	.asciz	"IPaddress"             @ string offset=203
.Linfo_string8:
	.asciz	"netif"                 @ string offset=213
.Linfo_string9:
	.asciz	"next"                  @ string offset=219
.Linfo_string10:
	.asciz	"ip_addr"               @ string offset=224
.Linfo_string11:
	.asciz	"addr"                  @ string offset=232
.Linfo_string12:
	.asciz	"long unsigned int"     @ string offset=237
.Linfo_string13:
	.asciz	"u32_t"                 @ string offset=255
.Linfo_string14:
	.asciz	"ip_addr_t"             @ string offset=261
.Linfo_string15:
	.asciz	"netmask"               @ string offset=271
.Linfo_string16:
	.asciz	"gw"                    @ string offset=279
.Linfo_string17:
	.asciz	"input"                 @ string offset=282
.Linfo_string18:
	.asciz	"signed char"           @ string offset=288
.Linfo_string19:
	.asciz	"s8_t"                  @ string offset=300
.Linfo_string20:
	.asciz	"err_t"                 @ string offset=305
.Linfo_string21:
	.asciz	"payload"               @ string offset=311
.Linfo_string22:
	.asciz	"tot_len"               @ string offset=319
.Linfo_string23:
	.asciz	"unsigned short"        @ string offset=327
.Linfo_string24:
	.asciz	"u16_t"                 @ string offset=342
.Linfo_string25:
	.asciz	"len"                   @ string offset=348
.Linfo_string26:
	.asciz	"type"                  @ string offset=352
.Linfo_string27:
	.asciz	"unsigned char"         @ string offset=357
.Linfo_string28:
	.asciz	"u8_t"                  @ string offset=371
.Linfo_string29:
	.asciz	"flags"                 @ string offset=376
.Linfo_string30:
	.asciz	"ref"                   @ string offset=382
.Linfo_string31:
	.asciz	"pbuf"                  @ string offset=386
.Linfo_string32:
	.asciz	"netif_input_fn"        @ string offset=391
.Linfo_string33:
	.asciz	"output"                @ string offset=406
.Linfo_string34:
	.asciz	"netif_output_fn"       @ string offset=413
.Linfo_string35:
	.asciz	"linkoutput"            @ string offset=429
.Linfo_string36:
	.asciz	"netif_linkoutput_fn"   @ string offset=440
.Linfo_string37:
	.asciz	"state"                 @ string offset=460
.Linfo_string38:
	.asciz	"hostname"              @ string offset=466
.Linfo_string39:
	.asciz	"char"                  @ string offset=475
.Linfo_string40:
	.asciz	"mtu"                   @ string offset=480
.Linfo_string41:
	.asciz	"hwaddr_len"            @ string offset=484
.Linfo_string42:
	.asciz	"hwaddr"                @ string offset=495
.Linfo_string43:
	.asciz	"__ARRAY_SIZE_TYPE__"   @ string offset=502
.Linfo_string44:
	.asciz	"name"                  @ string offset=522
.Linfo_string45:
	.asciz	"num"                   @ string offset=527
.Linfo_string46:
	.asciz	"iptxt"                 @ string offset=531
.Linfo_string47:
	.asciz	"uint8_t"               @ string offset=537
.Linfo_string48:
	.asciz	"sbnttxt"               @ string offset=545
.Linfo_string49:
	.asciz	"gtwtxt"                @ string offset=553
.Linfo_string50:
	.asciz	"ip_address"            @ string offset=560
.Linfo_string51:
	.asciz	"subnet_mask"           @ string offset=571
.Linfo_string52:
	.asciz	"gateway_address"       @ string offset=583
.Linfo_string53:
	.asciz	"LwIP_Init"             @ string offset=599
.Linfo_string54:
	.asciz	"LwIP_Pkt_Handle"       @ string offset=609
.Linfo_string55:
	.asciz	"LwIP_Periodic_Handle"  @ string offset=625
.Linfo_string56:
	.asciz	"ipaddr"                @ string offset=646
.Linfo_string57:
	.asciz	"localtime"             @ string offset=653
	.section	.debug_loc,"",%progbits
.Ldebug_loc0:
	.long	.Ltmp1
	.long	.Ltmp2
	.short	2                       @ Loc expr size
	.byte	125                     @ DW_OP_breg13
	.byte	16                      @ 16
	.long	0
	.long	0
.Ldebug_loc1:
	.long	.Ltmp1
	.long	.Ltmp2
	.short	2                       @ Loc expr size
	.byte	125                     @ DW_OP_breg13
	.byte	20                      @ 20
	.long	0
	.long	0
.Ldebug_loc2:
	.long	.Ltmp1
	.long	.Ltmp2
	.short	2                       @ Loc expr size
	.byte	125                     @ DW_OP_breg13
	.byte	24                      @ 24
	.long	0
	.long	0
	.section	.debug_abbrev,"",%progbits
	.byte	1                       @ Abbreviation Code
	.byte	17                      @ DW_TAG_compile_unit
	.byte	1                       @ DW_CHILDREN_yes
	.byte	37                      @ DW_AT_producer
	.byte	14                      @ DW_FORM_strp
	.byte	19                      @ DW_AT_language
	.byte	5                       @ DW_FORM_data2
	.byte	3                       @ DW_AT_name
	.byte	14                      @ DW_FORM_strp
	.byte	16                      @ DW_AT_stmt_list
	.byte	6                       @ DW_FORM_data4
	.byte	27                      @ DW_AT_comp_dir
	.byte	14                      @ DW_FORM_strp
	.byte	17                      @ DW_AT_low_pc
	.byte	1                       @ DW_FORM_addr
	.byte	85                      @ DW_AT_ranges
	.byte	6                       @ DW_FORM_data4
	.byte	0                       @ EOM(1)
	.byte	0                       @ EOM(2)
	.byte	2                       @ Abbreviation Code
	.byte	52                      @ DW_TAG_variable
	.byte	0                       @ DW_CHILDREN_no
	.byte	3                       @ DW_AT_name
	.byte	14                      @ DW_FORM_strp
	.byte	73                      @ DW_AT_type
	.byte	19                      @ DW_FORM_ref4
	.byte	63                      @ DW_AT_external
	.byte	12                      @ DW_FORM_flag
	.byte	58                      @ DW_AT_decl_file
	.byte	11                      @ DW_FORM_data1
	.byte	59                      @ DW_AT_decl_line
	.byte	11                      @ DW_FORM_data1
	.byte	2                       @ DW_AT_location
	.byte	10                      @ DW_FORM_block1
	.byte	0                       @ EOM(1)
	.byte	0                       @ EOM(2)
	.byte	3                       @ Abbreviation Code
	.byte	22                      @ DW_TAG_typedef
	.byte	0                       @ DW_CHILDREN_no
	.byte	73                      @ DW_AT_type
	.byte	19                      @ DW_FORM_ref4
	.byte	3                       @ DW_AT_name
	.byte	14                      @ DW_FORM_strp
	.byte	58                      @ DW_AT_decl_file
	.byte	11                      @ DW_FORM_data1
	.byte	59                      @ DW_AT_decl_line
	.byte	11                      @ DW_FORM_data1
	.byte	0                       @ EOM(1)
	.byte	0                       @ EOM(2)
	.byte	4                       @ Abbreviation Code
	.byte	36                      @ DW_TAG_base_type
	.byte	0                       @ DW_CHILDREN_no
	.byte	3                       @ DW_AT_name
	.byte	14                      @ DW_FORM_strp
	.byte	62                      @ DW_AT_encoding
	.byte	11                      @ DW_FORM_data1
	.byte	11                      @ DW_AT_byte_size
	.byte	11                      @ DW_FORM_data1
	.byte	0                       @ EOM(1)
	.byte	0                       @ EOM(2)
	.byte	5                       @ Abbreviation Code
	.byte	19                      @ DW_TAG_structure_type
	.byte	1                       @ DW_CHILDREN_yes
	.byte	3                       @ DW_AT_name
	.byte	14                      @ DW_FORM_strp
	.byte	11                      @ DW_AT_byte_size
	.byte	11                      @ DW_FORM_data1
	.byte	58                      @ DW_AT_decl_file
	.byte	11                      @ DW_FORM_data1
	.byte	59                      @ DW_AT_decl_line
	.byte	11                      @ DW_FORM_data1
	.byte	0                       @ EOM(1)
	.byte	0                       @ EOM(2)
	.byte	6                       @ Abbreviation Code
	.byte	13                      @ DW_TAG_member
	.byte	0                       @ DW_CHILDREN_no
	.byte	3                       @ DW_AT_name
	.byte	14                      @ DW_FORM_strp
	.byte	73                      @ DW_AT_type
	.byte	19                      @ DW_FORM_ref4
	.byte	58                      @ DW_AT_decl_file
	.byte	11                      @ DW_FORM_data1
	.byte	59                      @ DW_AT_decl_line
	.byte	11                      @ DW_FORM_data1
	.byte	56                      @ DW_AT_data_member_location
	.byte	11                      @ DW_FORM_data1
	.byte	0                       @ EOM(1)
	.byte	0                       @ EOM(2)
	.byte	7                       @ Abbreviation Code
	.byte	15                      @ DW_TAG_pointer_type
	.byte	0                       @ DW_CHILDREN_no
	.byte	73                      @ DW_AT_type
	.byte	19                      @ DW_FORM_ref4
	.byte	0                       @ EOM(1)
	.byte	0                       @ EOM(2)
	.byte	8                       @ Abbreviation Code
	.byte	21                      @ DW_TAG_subroutine_type
	.byte	1                       @ DW_CHILDREN_yes
	.byte	73                      @ DW_AT_type
	.byte	19                      @ DW_FORM_ref4
	.byte	39                      @ DW_AT_prototyped
	.byte	12                      @ DW_FORM_flag
	.byte	0                       @ EOM(1)
	.byte	0                       @ EOM(2)
	.byte	9                       @ Abbreviation Code
	.byte	5                       @ DW_TAG_formal_parameter
	.byte	0                       @ DW_CHILDREN_no
	.byte	73                      @ DW_AT_type
	.byte	19                      @ DW_FORM_ref4
	.byte	0                       @ EOM(1)
	.byte	0                       @ EOM(2)
	.byte	10                      @ Abbreviation Code
	.byte	15                      @ DW_TAG_pointer_type
	.byte	0                       @ DW_CHILDREN_no
	.byte	0                       @ EOM(1)
	.byte	0                       @ EOM(2)
	.byte	11                      @ Abbreviation Code
	.byte	1                       @ DW_TAG_array_type
	.byte	1                       @ DW_CHILDREN_yes
	.byte	73                      @ DW_AT_type
	.byte	19                      @ DW_FORM_ref4
	.byte	0                       @ EOM(1)
	.byte	0                       @ EOM(2)
	.byte	12                      @ Abbreviation Code
	.byte	33                      @ DW_TAG_subrange_type
	.byte	0                       @ DW_CHILDREN_no
	.byte	73                      @ DW_AT_type
	.byte	19                      @ DW_FORM_ref4
	.byte	55                      @ DW_AT_count
	.byte	11                      @ DW_FORM_data1
	.byte	0                       @ EOM(1)
	.byte	0                       @ EOM(2)
	.byte	13                      @ Abbreviation Code
	.byte	36                      @ DW_TAG_base_type
	.byte	0                       @ DW_CHILDREN_no
	.byte	3                       @ DW_AT_name
	.byte	14                      @ DW_FORM_strp
	.byte	11                      @ DW_AT_byte_size
	.byte	11                      @ DW_FORM_data1
	.byte	62                      @ DW_AT_encoding
	.byte	11                      @ DW_FORM_data1
	.byte	0                       @ EOM(1)
	.byte	0                       @ EOM(2)
	.byte	14                      @ Abbreviation Code
	.byte	46                      @ DW_TAG_subprogram
	.byte	1                       @ DW_CHILDREN_yes
	.byte	17                      @ DW_AT_low_pc
	.byte	1                       @ DW_FORM_addr
	.byte	18                      @ DW_AT_high_pc
	.byte	1                       @ DW_FORM_addr
	.byte	64                      @ DW_AT_frame_base
	.byte	10                      @ DW_FORM_block1
	.byte	3                       @ DW_AT_name
	.byte	14                      @ DW_FORM_strp
	.byte	58                      @ DW_AT_decl_file
	.byte	11                      @ DW_FORM_data1
	.byte	59                      @ DW_AT_decl_line
	.byte	11                      @ DW_FORM_data1
	.byte	39                      @ DW_AT_prototyped
	.byte	12                      @ DW_FORM_flag
	.byte	63                      @ DW_AT_external
	.byte	12                      @ DW_FORM_flag
	.byte	0                       @ EOM(1)
	.byte	0                       @ EOM(2)
	.byte	15                      @ Abbreviation Code
	.byte	52                      @ DW_TAG_variable
	.byte	0                       @ DW_CHILDREN_no
	.byte	2                       @ DW_AT_location
	.byte	6                       @ DW_FORM_data4
	.byte	3                       @ DW_AT_name
	.byte	14                      @ DW_FORM_strp
	.byte	58                      @ DW_AT_decl_file
	.byte	11                      @ DW_FORM_data1
	.byte	59                      @ DW_AT_decl_line
	.byte	11                      @ DW_FORM_data1
	.byte	73                      @ DW_AT_type
	.byte	19                      @ DW_FORM_ref4
	.byte	0                       @ EOM(1)
	.byte	0                       @ EOM(2)
	.byte	16                      @ Abbreviation Code
	.byte	46                      @ DW_TAG_subprogram
	.byte	0                       @ DW_CHILDREN_no
	.byte	17                      @ DW_AT_low_pc
	.byte	1                       @ DW_FORM_addr
	.byte	18                      @ DW_AT_high_pc
	.byte	1                       @ DW_FORM_addr
	.byte	64                      @ DW_AT_frame_base
	.byte	10                      @ DW_FORM_block1
	.byte	3                       @ DW_AT_name
	.byte	14                      @ DW_FORM_strp
	.byte	58                      @ DW_AT_decl_file
	.byte	11                      @ DW_FORM_data1
	.byte	59                      @ DW_AT_decl_line
	.byte	11                      @ DW_FORM_data1
	.byte	39                      @ DW_AT_prototyped
	.byte	12                      @ DW_FORM_flag
	.byte	63                      @ DW_AT_external
	.byte	12                      @ DW_FORM_flag
	.byte	0                       @ EOM(1)
	.byte	0                       @ EOM(2)
	.byte	17                      @ Abbreviation Code
	.byte	5                       @ DW_TAG_formal_parameter
	.byte	0                       @ DW_CHILDREN_no
	.byte	2                       @ DW_AT_location
	.byte	10                      @ DW_FORM_block1
	.byte	3                       @ DW_AT_name
	.byte	14                      @ DW_FORM_strp
	.byte	58                      @ DW_AT_decl_file
	.byte	11                      @ DW_FORM_data1
	.byte	59                      @ DW_AT_decl_line
	.byte	11                      @ DW_FORM_data1
	.byte	73                      @ DW_AT_type
	.byte	19                      @ DW_FORM_ref4
	.byte	0                       @ EOM(1)
	.byte	0                       @ EOM(2)
	.byte	18                      @ Abbreviation Code
	.byte	53                      @ DW_TAG_volatile_type
	.byte	0                       @ DW_CHILDREN_no
	.byte	73                      @ DW_AT_type
	.byte	19                      @ DW_FORM_ref4
	.byte	0                       @ EOM(1)
	.byte	0                       @ EOM(2)
	.byte	0                       @ EOM(3)
	.section	.debug_info,"",%progbits
.Lcu_begin0:
	.long	.Ldebug_info_end0-.Ldebug_info_start0 @ Length of Unit
.Ldebug_info_start0:
	.short	3                       @ DWARF version number
	.long	.debug_abbrev           @ Offset Into Abbrev. Section
	.byte	4                       @ Address Size (in bytes)
	.byte	1                       @ Abbrev [1] 0xb:0x3b0 DW_TAG_compile_unit
	.long	.Linfo_string0          @ DW_AT_producer
	.short	12                      @ DW_AT_language
	.long	.Linfo_string1          @ DW_AT_name
	.long	.Lline_table_start0     @ DW_AT_stmt_list
	.long	.Linfo_string2          @ DW_AT_comp_dir
	.long	0                       @ DW_AT_low_pc
	.long	.Ldebug_ranges0         @ DW_AT_ranges
	.byte	2                       @ Abbrev [2] 0x26:0x12 DW_TAG_variable
	.long	.Linfo_string3          @ DW_AT_name
	.long	56                      @ DW_AT_type
	.byte	1                       @ DW_AT_external
	.byte	2                       @ DW_AT_decl_file
	.byte	31                      @ DW_AT_decl_line
	.byte	5                       @ DW_AT_location
	.byte	3
	.long	TCPTimer
	.byte	3                       @ Abbrev [3] 0x38:0xb DW_TAG_typedef
	.long	67                      @ DW_AT_type
	.long	.Linfo_string5          @ DW_AT_name
	.byte	1                       @ DW_AT_decl_file
	.byte	64                      @ DW_AT_decl_line
	.byte	4                       @ Abbrev [4] 0x43:0x7 DW_TAG_base_type
	.long	.Linfo_string4          @ DW_AT_name
	.byte	7                       @ DW_AT_encoding
	.byte	4                       @ DW_AT_byte_size
	.byte	2                       @ Abbrev [2] 0x4a:0x12 DW_TAG_variable
	.long	.Linfo_string6          @ DW_AT_name
	.long	56                      @ DW_AT_type
	.byte	1                       @ DW_AT_external
	.byte	2                       @ DW_AT_decl_file
	.byte	32                      @ DW_AT_decl_line
	.byte	5                       @ DW_AT_location
	.byte	3
	.long	ARPTimer
	.byte	2                       @ Abbrev [2] 0x5c:0x12 DW_TAG_variable
	.long	.Linfo_string7          @ DW_AT_name
	.long	56                      @ DW_AT_type
	.byte	1                       @ DW_AT_external
	.byte	2                       @ DW_AT_decl_file
	.byte	33                      @ DW_AT_decl_line
	.byte	5                       @ DW_AT_location
	.byte	3
	.long	IPaddress
	.byte	2                       @ Abbrev [2] 0x6e:0x12 DW_TAG_variable
	.long	.Linfo_string8          @ DW_AT_name
	.long	128                     @ DW_AT_type
	.byte	1                       @ DW_AT_external
	.byte	2                       @ DW_AT_decl_file
	.byte	30                      @ DW_AT_decl_line
	.byte	5                       @ DW_AT_location
	.byte	3
	.long	netif
	.byte	5                       @ Abbrev [5] 0x80:0xbd DW_TAG_structure_type
	.long	.Linfo_string8          @ DW_AT_name
	.byte	52                      @ DW_AT_byte_size
	.byte	3                       @ DW_AT_decl_file
	.byte	136                     @ DW_AT_decl_line
	.byte	6                       @ Abbrev [6] 0x88:0xc DW_TAG_member
	.long	.Linfo_string9          @ DW_AT_name
	.long	317                     @ DW_AT_type
	.byte	3                       @ DW_AT_decl_file
	.byte	138                     @ DW_AT_decl_line
	.byte	0                       @ DW_AT_data_member_location
	.byte	6                       @ Abbrev [6] 0x94:0xc DW_TAG_member
	.long	.Linfo_string10         @ DW_AT_name
	.long	322                     @ DW_AT_type
	.byte	3                       @ DW_AT_decl_file
	.byte	141                     @ DW_AT_decl_line
	.byte	4                       @ DW_AT_data_member_location
	.byte	6                       @ Abbrev [6] 0xa0:0xc DW_TAG_member
	.long	.Linfo_string15         @ DW_AT_name
	.long	322                     @ DW_AT_type
	.byte	3                       @ DW_AT_decl_file
	.byte	142                     @ DW_AT_decl_line
	.byte	8                       @ DW_AT_data_member_location
	.byte	6                       @ Abbrev [6] 0xac:0xc DW_TAG_member
	.long	.Linfo_string16         @ DW_AT_name
	.long	322                     @ DW_AT_type
	.byte	3                       @ DW_AT_decl_file
	.byte	143                     @ DW_AT_decl_line
	.byte	12                      @ DW_AT_data_member_location
	.byte	6                       @ Abbrev [6] 0xb8:0xc DW_TAG_member
	.long	.Linfo_string17         @ DW_AT_name
	.long	372                     @ DW_AT_type
	.byte	3                       @ DW_AT_decl_file
	.byte	147                     @ DW_AT_decl_line
	.byte	16                      @ DW_AT_data_member_location
	.byte	6                       @ Abbrev [6] 0xc4:0xc DW_TAG_member
	.long	.Linfo_string33         @ DW_AT_name
	.long	569                     @ DW_AT_type
	.byte	3                       @ DW_AT_decl_file
	.byte	151                     @ DW_AT_decl_line
	.byte	20                      @ DW_AT_data_member_location
	.byte	6                       @ Abbrev [6] 0xd0:0xc DW_TAG_member
	.long	.Linfo_string35         @ DW_AT_name
	.long	612                     @ DW_AT_type
	.byte	3                       @ DW_AT_decl_file
	.byte	155                     @ DW_AT_decl_line
	.byte	24                      @ DW_AT_data_member_location
	.byte	6                       @ Abbrev [6] 0xdc:0xc DW_TAG_member
	.long	.Linfo_string37         @ DW_AT_name
	.long	532                     @ DW_AT_type
	.byte	3                       @ DW_AT_decl_file
	.byte	172                     @ DW_AT_decl_line
	.byte	28                      @ DW_AT_data_member_location
	.byte	6                       @ Abbrev [6] 0xe8:0xc DW_TAG_member
	.long	.Linfo_string38         @ DW_AT_name
	.long	645                     @ DW_AT_type
	.byte	3                       @ DW_AT_decl_file
	.byte	183                     @ DW_AT_decl_line
	.byte	32                      @ DW_AT_data_member_location
	.byte	6                       @ Abbrev [6] 0xf4:0xc DW_TAG_member
	.long	.Linfo_string40         @ DW_AT_name
	.long	533                     @ DW_AT_type
	.byte	3                       @ DW_AT_decl_file
	.byte	186                     @ DW_AT_decl_line
	.byte	36                      @ DW_AT_data_member_location
	.byte	6                       @ Abbrev [6] 0x100:0xc DW_TAG_member
	.long	.Linfo_string41         @ DW_AT_name
	.long	551                     @ DW_AT_type
	.byte	3                       @ DW_AT_decl_file
	.byte	188                     @ DW_AT_decl_line
	.byte	38                      @ DW_AT_data_member_location
	.byte	6                       @ Abbrev [6] 0x10c:0xc DW_TAG_member
	.long	.Linfo_string42         @ DW_AT_name
	.long	657                     @ DW_AT_type
	.byte	3                       @ DW_AT_decl_file
	.byte	190                     @ DW_AT_decl_line
	.byte	39                      @ DW_AT_data_member_location
	.byte	6                       @ Abbrev [6] 0x118:0xc DW_TAG_member
	.long	.Linfo_string29         @ DW_AT_name
	.long	551                     @ DW_AT_type
	.byte	3                       @ DW_AT_decl_file
	.byte	192                     @ DW_AT_decl_line
	.byte	45                      @ DW_AT_data_member_location
	.byte	6                       @ Abbrev [6] 0x124:0xc DW_TAG_member
	.long	.Linfo_string44         @ DW_AT_name
	.long	676                     @ DW_AT_type
	.byte	3                       @ DW_AT_decl_file
	.byte	194                     @ DW_AT_decl_line
	.byte	46                      @ DW_AT_data_member_location
	.byte	6                       @ Abbrev [6] 0x130:0xc DW_TAG_member
	.long	.Linfo_string45         @ DW_AT_name
	.long	551                     @ DW_AT_type
	.byte	3                       @ DW_AT_decl_file
	.byte	196                     @ DW_AT_decl_line
	.byte	48                      @ DW_AT_data_member_location
	.byte	0                       @ End Of Children Mark
	.byte	7                       @ Abbrev [7] 0x13d:0x5 DW_TAG_pointer_type
	.long	128                     @ DW_AT_type
	.byte	3                       @ Abbrev [3] 0x142:0xb DW_TAG_typedef
	.long	333                     @ DW_AT_type
	.long	.Linfo_string14         @ DW_AT_name
	.byte	5                       @ DW_AT_decl_file
	.byte	64                      @ DW_AT_decl_line
	.byte	5                       @ Abbrev [5] 0x14d:0x15 DW_TAG_structure_type
	.long	.Linfo_string10         @ DW_AT_name
	.byte	4                       @ DW_AT_byte_size
	.byte	5                       @ DW_AT_decl_file
	.byte	44                      @ DW_AT_decl_line
	.byte	6                       @ Abbrev [6] 0x155:0xc DW_TAG_member
	.long	.Linfo_string11         @ DW_AT_name
	.long	354                     @ DW_AT_type
	.byte	5                       @ DW_AT_decl_file
	.byte	45                      @ DW_AT_decl_line
	.byte	0                       @ DW_AT_data_member_location
	.byte	0                       @ End Of Children Mark
	.byte	3                       @ Abbrev [3] 0x162:0xb DW_TAG_typedef
	.long	365                     @ DW_AT_type
	.long	.Linfo_string13         @ DW_AT_name
	.byte	4                       @ DW_AT_decl_file
	.byte	41                      @ DW_AT_decl_line
	.byte	4                       @ Abbrev [4] 0x16d:0x7 DW_TAG_base_type
	.long	.Linfo_string12         @ DW_AT_name
	.byte	7                       @ DW_AT_encoding
	.byte	4                       @ DW_AT_byte_size
	.byte	3                       @ Abbrev [3] 0x174:0xb DW_TAG_typedef
	.long	383                     @ DW_AT_type
	.long	.Linfo_string32         @ DW_AT_name
	.byte	3                       @ DW_AT_decl_file
	.byte	109                     @ DW_AT_decl_line
	.byte	7                       @ Abbrev [7] 0x17f:0x5 DW_TAG_pointer_type
	.long	388                     @ DW_AT_type
	.byte	8                       @ Abbrev [8] 0x184:0x11 DW_TAG_subroutine_type
	.long	405                     @ DW_AT_type
	.byte	1                       @ DW_AT_prototyped
	.byte	9                       @ Abbrev [9] 0x18a:0x5 DW_TAG_formal_parameter
	.long	434                     @ DW_AT_type
	.byte	9                       @ Abbrev [9] 0x18f:0x5 DW_TAG_formal_parameter
	.long	317                     @ DW_AT_type
	.byte	0                       @ End Of Children Mark
	.byte	3                       @ Abbrev [3] 0x195:0xb DW_TAG_typedef
	.long	416                     @ DW_AT_type
	.long	.Linfo_string20         @ DW_AT_name
	.byte	6                       @ DW_AT_decl_file
	.byte	47                      @ DW_AT_decl_line
	.byte	3                       @ Abbrev [3] 0x1a0:0xb DW_TAG_typedef
	.long	427                     @ DW_AT_type
	.long	.Linfo_string19         @ DW_AT_name
	.byte	4                       @ DW_AT_decl_file
	.byte	38                      @ DW_AT_decl_line
	.byte	4                       @ Abbrev [4] 0x1ab:0x7 DW_TAG_base_type
	.long	.Linfo_string18         @ DW_AT_name
	.byte	6                       @ DW_AT_encoding
	.byte	1                       @ DW_AT_byte_size
	.byte	7                       @ Abbrev [7] 0x1b2:0x5 DW_TAG_pointer_type
	.long	439                     @ DW_AT_type
	.byte	5                       @ Abbrev [5] 0x1b7:0x5d DW_TAG_structure_type
	.long	.Linfo_string31         @ DW_AT_name
	.byte	16                      @ DW_AT_byte_size
	.byte	7                       @ DW_AT_decl_file
	.byte	79                      @ DW_AT_decl_line
	.byte	6                       @ Abbrev [6] 0x1bf:0xc DW_TAG_member
	.long	.Linfo_string9          @ DW_AT_name
	.long	434                     @ DW_AT_type
	.byte	7                       @ DW_AT_decl_file
	.byte	81                      @ DW_AT_decl_line
	.byte	0                       @ DW_AT_data_member_location
	.byte	6                       @ Abbrev [6] 0x1cb:0xc DW_TAG_member
	.long	.Linfo_string21         @ DW_AT_name
	.long	532                     @ DW_AT_type
	.byte	7                       @ DW_AT_decl_file
	.byte	84                      @ DW_AT_decl_line
	.byte	4                       @ DW_AT_data_member_location
	.byte	6                       @ Abbrev [6] 0x1d7:0xc DW_TAG_member
	.long	.Linfo_string22         @ DW_AT_name
	.long	533                     @ DW_AT_type
	.byte	7                       @ DW_AT_decl_file
	.byte	93                      @ DW_AT_decl_line
	.byte	8                       @ DW_AT_data_member_location
	.byte	6                       @ Abbrev [6] 0x1e3:0xc DW_TAG_member
	.long	.Linfo_string25         @ DW_AT_name
	.long	533                     @ DW_AT_type
	.byte	7                       @ DW_AT_decl_file
	.byte	96                      @ DW_AT_decl_line
	.byte	10                      @ DW_AT_data_member_location
	.byte	6                       @ Abbrev [6] 0x1ef:0xc DW_TAG_member
	.long	.Linfo_string26         @ DW_AT_name
	.long	551                     @ DW_AT_type
	.byte	7                       @ DW_AT_decl_file
	.byte	99                      @ DW_AT_decl_line
	.byte	12                      @ DW_AT_data_member_location
	.byte	6                       @ Abbrev [6] 0x1fb:0xc DW_TAG_member
	.long	.Linfo_string29         @ DW_AT_name
	.long	551                     @ DW_AT_type
	.byte	7                       @ DW_AT_decl_file
	.byte	102                     @ DW_AT_decl_line
	.byte	13                      @ DW_AT_data_member_location
	.byte	6                       @ Abbrev [6] 0x207:0xc DW_TAG_member
	.long	.Linfo_string30         @ DW_AT_name
	.long	533                     @ DW_AT_type
	.byte	7                       @ DW_AT_decl_file
	.byte	109                     @ DW_AT_decl_line
	.byte	14                      @ DW_AT_data_member_location
	.byte	0                       @ End Of Children Mark
	.byte	10                      @ Abbrev [10] 0x214:0x1 DW_TAG_pointer_type
	.byte	3                       @ Abbrev [3] 0x215:0xb DW_TAG_typedef
	.long	544                     @ DW_AT_type
	.long	.Linfo_string24         @ DW_AT_name
	.byte	4                       @ DW_AT_decl_file
	.byte	39                      @ DW_AT_decl_line
	.byte	4                       @ Abbrev [4] 0x220:0x7 DW_TAG_base_type
	.long	.Linfo_string23         @ DW_AT_name
	.byte	7                       @ DW_AT_encoding
	.byte	2                       @ DW_AT_byte_size
	.byte	3                       @ Abbrev [3] 0x227:0xb DW_TAG_typedef
	.long	562                     @ DW_AT_type
	.long	.Linfo_string28         @ DW_AT_name
	.byte	4                       @ DW_AT_decl_file
	.byte	37                      @ DW_AT_decl_line
	.byte	4                       @ Abbrev [4] 0x232:0x7 DW_TAG_base_type
	.long	.Linfo_string27         @ DW_AT_name
	.byte	8                       @ DW_AT_encoding
	.byte	1                       @ DW_AT_byte_size
	.byte	3                       @ Abbrev [3] 0x239:0xb DW_TAG_typedef
	.long	580                     @ DW_AT_type
	.long	.Linfo_string34         @ DW_AT_name
	.byte	3                       @ DW_AT_decl_file
	.byte	118                     @ DW_AT_decl_line
	.byte	7                       @ Abbrev [7] 0x244:0x5 DW_TAG_pointer_type
	.long	585                     @ DW_AT_type
	.byte	8                       @ Abbrev [8] 0x249:0x16 DW_TAG_subroutine_type
	.long	405                     @ DW_AT_type
	.byte	1                       @ DW_AT_prototyped
	.byte	9                       @ Abbrev [9] 0x24f:0x5 DW_TAG_formal_parameter
	.long	317                     @ DW_AT_type
	.byte	9                       @ Abbrev [9] 0x254:0x5 DW_TAG_formal_parameter
	.long	434                     @ DW_AT_type
	.byte	9                       @ Abbrev [9] 0x259:0x5 DW_TAG_formal_parameter
	.long	607                     @ DW_AT_type
	.byte	0                       @ End Of Children Mark
	.byte	7                       @ Abbrev [7] 0x25f:0x5 DW_TAG_pointer_type
	.long	322                     @ DW_AT_type
	.byte	3                       @ Abbrev [3] 0x264:0xb DW_TAG_typedef
	.long	623                     @ DW_AT_type
	.long	.Linfo_string36         @ DW_AT_name
	.byte	3                       @ DW_AT_decl_file
	.byte	126                     @ DW_AT_decl_line
	.byte	7                       @ Abbrev [7] 0x26f:0x5 DW_TAG_pointer_type
	.long	628                     @ DW_AT_type
	.byte	8                       @ Abbrev [8] 0x274:0x11 DW_TAG_subroutine_type
	.long	405                     @ DW_AT_type
	.byte	1                       @ DW_AT_prototyped
	.byte	9                       @ Abbrev [9] 0x27a:0x5 DW_TAG_formal_parameter
	.long	317                     @ DW_AT_type
	.byte	9                       @ Abbrev [9] 0x27f:0x5 DW_TAG_formal_parameter
	.long	434                     @ DW_AT_type
	.byte	0                       @ End Of Children Mark
	.byte	7                       @ Abbrev [7] 0x285:0x5 DW_TAG_pointer_type
	.long	650                     @ DW_AT_type
	.byte	4                       @ Abbrev [4] 0x28a:0x7 DW_TAG_base_type
	.long	.Linfo_string39         @ DW_AT_name
	.byte	8                       @ DW_AT_encoding
	.byte	1                       @ DW_AT_byte_size
	.byte	11                      @ Abbrev [11] 0x291:0xc DW_TAG_array_type
	.long	551                     @ DW_AT_type
	.byte	12                      @ Abbrev [12] 0x296:0x6 DW_TAG_subrange_type
	.long	669                     @ DW_AT_type
	.byte	6                       @ DW_AT_count
	.byte	0                       @ End Of Children Mark
	.byte	13                      @ Abbrev [13] 0x29d:0x7 DW_TAG_base_type
	.long	.Linfo_string43         @ DW_AT_name
	.byte	8                       @ DW_AT_byte_size
	.byte	7                       @ DW_AT_encoding
	.byte	11                      @ Abbrev [11] 0x2a4:0xc DW_TAG_array_type
	.long	650                     @ DW_AT_type
	.byte	12                      @ Abbrev [12] 0x2a9:0x6 DW_TAG_subrange_type
	.long	669                     @ DW_AT_type
	.byte	2                       @ DW_AT_count
	.byte	0                       @ End Of Children Mark
	.byte	2                       @ Abbrev [2] 0x2b0:0x12 DW_TAG_variable
	.long	.Linfo_string46         @ DW_AT_name
	.long	706                     @ DW_AT_type
	.byte	1                       @ DW_AT_external
	.byte	2                       @ DW_AT_decl_file
	.byte	34                      @ DW_AT_decl_line
	.byte	5                       @ DW_AT_location
	.byte	3
	.long	iptxt
	.byte	11                      @ Abbrev [11] 0x2c2:0xc DW_TAG_array_type
	.long	718                     @ DW_AT_type
	.byte	12                      @ Abbrev [12] 0x2c7:0x6 DW_TAG_subrange_type
	.long	669                     @ DW_AT_type
	.byte	20                      @ DW_AT_count
	.byte	0                       @ End Of Children Mark
	.byte	3                       @ Abbrev [3] 0x2ce:0xb DW_TAG_typedef
	.long	562                     @ DW_AT_type
	.long	.Linfo_string47         @ DW_AT_name
	.byte	1                       @ DW_AT_decl_file
	.byte	62                      @ DW_AT_decl_line
	.byte	2                       @ Abbrev [2] 0x2d9:0x12 DW_TAG_variable
	.long	.Linfo_string48         @ DW_AT_name
	.long	706                     @ DW_AT_type
	.byte	1                       @ DW_AT_external
	.byte	2                       @ DW_AT_decl_file
	.byte	35                      @ DW_AT_decl_line
	.byte	5                       @ DW_AT_location
	.byte	3
	.long	sbnttxt
	.byte	2                       @ Abbrev [2] 0x2eb:0x12 DW_TAG_variable
	.long	.Linfo_string49         @ DW_AT_name
	.long	706                     @ DW_AT_type
	.byte	1                       @ DW_AT_external
	.byte	2                       @ DW_AT_decl_file
	.byte	36                      @ DW_AT_decl_line
	.byte	5                       @ DW_AT_location
	.byte	3
	.long	gtwtxt
	.byte	2                       @ Abbrev [2] 0x2fd:0x12 DW_TAG_variable
	.long	.Linfo_string50         @ DW_AT_name
	.long	783                     @ DW_AT_type
	.byte	1                       @ DW_AT_external
	.byte	2                       @ DW_AT_decl_file
	.byte	38                      @ DW_AT_decl_line
	.byte	5                       @ DW_AT_location
	.byte	3
	.long	ip_address
	.byte	11                      @ Abbrev [11] 0x30f:0xc DW_TAG_array_type
	.long	718                     @ DW_AT_type
	.byte	12                      @ Abbrev [12] 0x314:0x6 DW_TAG_subrange_type
	.long	669                     @ DW_AT_type
	.byte	4                       @ DW_AT_count
	.byte	0                       @ End Of Children Mark
	.byte	2                       @ Abbrev [2] 0x31b:0x12 DW_TAG_variable
	.long	.Linfo_string51         @ DW_AT_name
	.long	783                     @ DW_AT_type
	.byte	1                       @ DW_AT_external
	.byte	2                       @ DW_AT_decl_file
	.byte	39                      @ DW_AT_decl_line
	.byte	5                       @ DW_AT_location
	.byte	3
	.long	subnet_mask
	.byte	2                       @ Abbrev [2] 0x32d:0x12 DW_TAG_variable
	.long	.Linfo_string52         @ DW_AT_name
	.long	783                     @ DW_AT_type
	.byte	1                       @ DW_AT_external
	.byte	2                       @ DW_AT_decl_file
	.byte	40                      @ DW_AT_decl_line
	.byte	5                       @ DW_AT_location
	.byte	3
	.long	gateway_address
	.byte	14                      @ Abbrev [14] 0x33f:0x41 DW_TAG_subprogram
	.long	.Lfunc_begin0           @ DW_AT_low_pc
	.long	.Lfunc_end0             @ DW_AT_high_pc
	.byte	1                       @ DW_AT_frame_base
	.byte	93
	.long	.Linfo_string53         @ DW_AT_name
	.byte	2                       @ DW_AT_decl_file
	.byte	55                      @ DW_AT_decl_line
	.byte	1                       @ DW_AT_prototyped
	.byte	1                       @ DW_AT_external
	.byte	15                      @ Abbrev [15] 0x352:0xf DW_TAG_variable
	.long	.Ldebug_loc0            @ DW_AT_location
	.long	.Linfo_string16         @ DW_AT_name
	.byte	2                       @ DW_AT_decl_file
	.byte	59                      @ DW_AT_decl_line
	.long	333                     @ DW_AT_type
	.byte	15                      @ Abbrev [15] 0x361:0xf DW_TAG_variable
	.long	.Ldebug_loc1            @ DW_AT_location
	.long	.Linfo_string15         @ DW_AT_name
	.byte	2                       @ DW_AT_decl_file
	.byte	58                      @ DW_AT_decl_line
	.long	333                     @ DW_AT_type
	.byte	15                      @ Abbrev [15] 0x370:0xf DW_TAG_variable
	.long	.Ldebug_loc2            @ DW_AT_location
	.long	.Linfo_string56         @ DW_AT_name
	.byte	2                       @ DW_AT_decl_file
	.byte	57                      @ DW_AT_decl_line
	.long	333                     @ DW_AT_type
	.byte	0                       @ End Of Children Mark
	.byte	16                      @ Abbrev [16] 0x380:0x13 DW_TAG_subprogram
	.long	.Lfunc_begin1           @ DW_AT_low_pc
	.long	.Lfunc_end1             @ DW_AT_high_pc
	.byte	1                       @ DW_AT_frame_base
	.byte	93
	.long	.Linfo_string54         @ DW_AT_name
	.byte	2                       @ DW_AT_decl_file
	.byte	111                     @ DW_AT_decl_line
	.byte	1                       @ DW_AT_prototyped
	.byte	1                       @ DW_AT_external
	.byte	14                      @ Abbrev [14] 0x393:0x22 DW_TAG_subprogram
	.long	.Lfunc_begin2           @ DW_AT_low_pc
	.long	.Lfunc_end2             @ DW_AT_high_pc
	.byte	1                       @ DW_AT_frame_base
	.byte	93
	.long	.Linfo_string55         @ DW_AT_name
	.byte	2                       @ DW_AT_decl_file
	.byte	122                     @ DW_AT_decl_line
	.byte	1                       @ DW_AT_prototyped
	.byte	1                       @ DW_AT_external
	.byte	17                      @ Abbrev [17] 0x3a6:0xe DW_TAG_formal_parameter
	.byte	2                       @ DW_AT_location
	.byte	145
	.byte	4
	.long	.Linfo_string57         @ DW_AT_name
	.byte	2                       @ DW_AT_decl_file
	.byte	122                     @ DW_AT_decl_line
	.long	949                     @ DW_AT_type
	.byte	0                       @ End Of Children Mark
	.byte	18                      @ Abbrev [18] 0x3b5:0x5 DW_TAG_volatile_type
	.long	56                      @ DW_AT_type
	.byte	0                       @ End Of Children Mark
.Ldebug_info_end0:
	.section	.debug_ranges,"",%progbits
.Ldebug_ranges0:
	.long	.Lfunc_begin0
	.long	.Lfunc_end0
	.long	.Lfunc_begin1
	.long	.Lfunc_end1
	.long	.Lfunc_begin2
	.long	.Lfunc_end2
	.long	0
	.long	0
	.section	.debug_macinfo,"",%progbits
	.byte	0                       @ End Of Macro List Mark

	.ident	"Component: ARM Compiler 6.12 Tool: armclang [5d624a00]"
	.section	".note.GNU-stack","",%progbits
	.eabi_attribute	30, 3	@ Tag_ABI_optimization_goals
	.ARM_attribute	16, 1	@ Tag_AV_eba
	.section	.debug_line,"",%progbits
.Lline_table_start0:
