	.text
	.syntax unified
	.eabi_attribute	67, "2.09"	@ Tag_conformance
	.cpu	cortex-m4
	.eabi_attribute	6, 13	@ Tag_CPU_arch
	.eabi_attribute	7, 77	@ Tag_CPU_arch_profile
	.eabi_attribute	8, 0	@ Tag_ARM_ISA_use
	.eabi_attribute	9, 2	@ Tag_THUMB_ISA_use
	.fpu	fpv4-sp-d16
	.eabi_attribute	27, 1	@ Tag_ABI_HardFP_use
	.eabi_attribute	36, 1	@ Tag_FP_HP_extension
	.eabi_attribute	34, 1	@ Tag_CPU_unaligned_access
	.eabi_attribute	17, 1	@ Tag_ABI_PCS_GOT_use
	.eabi_attribute	20, 2	@ Tag_ABI_FP_denormal
	.eabi_attribute	21, 0	@ Tag_ABI_FP_exceptions
	.eabi_attribute	23, 1	@ Tag_ABI_FP_number_model
	.eabi_attribute	24, 1	@ Tag_ABI_align_needed
	.eabi_attribute	25, 1	@ Tag_ABI_align_preserved
	.eabi_attribute	28, 1	@ Tag_ABI_VFP_args
	.eabi_attribute	38, 1	@ Tag_ABI_FP_16bit_format
	.eabi_attribute	18, 2	@ Tag_ABI_PCS_wchar_t
	.eabi_attribute	26, 1	@ Tag_ABI_enum_size
	.eabi_attribute	14, 0	@ Tag_ABI_PCS_R9_use
	.file	"raw.c"
	.file	1 "F:\\SkyDrive\\OtvoreniProjekti\\HotelSaplast\\fw\\KontrolerHotela\\HC070318\\Project" "../Libraries/lwip-1.4.1/port/arch\\cc.h"
	.file	2 "F:\\SkyDrive\\OtvoreniProjekti\\HotelSaplast\\fw\\KontrolerHotela\\HC070318\\Project" "../Libraries/lwip-1.4.1/src/include/ipv4\\lwip/ip_addr.h"
	.file	3 "F:\\SkyDrive\\OtvoreniProjekti\\HotelSaplast\\fw\\KontrolerHotela\\HC070318\\Project" "../Libraries/lwip-1.4.1/src/include\\lwip/raw.h"
	.file	4 "F:\\SkyDrive\\OtvoreniProjekti\\HotelSaplast\\fw\\KontrolerHotela\\HC070318\\Project" "../Libraries/lwip-1.4.1/src/include\\lwip/pbuf.h"
	.file	5 "F:\\SkyDrive\\OtvoreniProjekti\\HotelSaplast\\fw\\KontrolerHotela\\HC070318\\Project" "../Libraries/lwip-1.4.1/src/core/raw.c"
	.file	6 "F:\\SkyDrive\\OtvoreniProjekti\\HotelSaplast\\fw\\KontrolerHotela\\HC070318\\Project" "../Libraries/lwip-1.4.1/src/include\\lwip/memp.h"
	.file	7 "F:\\SkyDrive\\OtvoreniProjekti\\HotelSaplast\\fw\\KontrolerHotela\\HC070318\\Project" "../Libraries/lwip-1.4.1/src/include/ipv4\\lwip/ip.h"
	.section	.text.raw_input,"ax",%progbits
	.hidden	raw_input               @ -- Begin function raw_input
	.globl	raw_input
	.p2align	1
	.type	raw_input,%function
	.code	16                      @ @raw_input
	.thumb_func
raw_input:
.Lfunc_begin0:
	.loc	5 77 0                  @ ../Libraries/lwip-1.4.1/src/core/raw.c:77:0
	.fnstart
	.cfi_sections .debug_frame
	.cfi_startproc
@ %bb.0:
	.save	{r4, r5, r6, r7, r8, r9, r10, r11, lr}
	push.w	{r4, r5, r6, r7, r8, r9, r10, r11, lr}
	.cfi_def_cfa_offset 36
	.cfi_offset lr, -4
	.cfi_offset r11, -8
	.cfi_offset r10, -12
	.cfi_offset r9, -16
	.cfi_offset r8, -20
	.cfi_offset r7, -24
	.cfi_offset r6, -28
	.cfi_offset r5, -32
	.cfi_offset r4, -36
	.pad	#4
	sub	sp, #4
	.cfi_def_cfa_offset 40
	@DEBUG_VALUE: raw_input:p <- $r0
	@DEBUG_VALUE: raw_input:inp <- $r1
	mov	r11, r0
.Ltmp0:
	@DEBUG_VALUE: raw_input:prev <- 0
	@DEBUG_VALUE: raw_input:eaten <- 0
	@DEBUG_VALUE: raw_input:p <- $r11
	.loc	5 0 0 prologue_end      @ ../Libraries/lwip-1.4.1/src/core/raw.c:0:0
	movw	r0, :lower16:raw_pcbs
	movt	r0, :upper16:raw_pcbs
.Ltmp1:
	@DEBUG_VALUE: raw_input:pcb <- [DW_OP_deref] $r0
	ldr	r0, [r0]
.Ltmp2:
	@DEBUG_VALUE: raw_input:pcb <- $r0
	@DEBUG_VALUE: raw_input:pcb <- [DW_OP_deref] $r0
	.loc	5 92 5                  @ ../Libraries/lwip-1.4.1/src/core/raw.c:92:5
	cbz	r0, .LBB0_10
.Ltmp3:
@ %bb.1:
	@DEBUG_VALUE: raw_input:pcb <- [DW_OP_deref] $r0
	@DEBUG_VALUE: raw_input:p <- $r11
	@DEBUG_VALUE: raw_input:inp <- $r1
	.loc	5 0 5 is_stmt 0         @ ../Libraries/lwip-1.4.1/src/core/raw.c:0:5
	mov	r10, r1
.Ltmp4:
	@DEBUG_VALUE: raw_input:inp <- $r10
	@DEBUG_VALUE: raw_input:inp <- $r10
	ldr.w	r1, [r11, #4]
.Ltmp5:
	@DEBUG_VALUE: raw_input:iphdr <- $r1
	movw	r8, :lower16:current_iphdr_dest
	movw	r9, :lower16:current_iphdr_src
	movs	r6, #0
	movt	r8, :upper16:current_iphdr_dest
	movt	r9, :upper16:current_iphdr_src
	ldrb	r7, [r1, #9]
.Ltmp6:
	.p2align	2
.LBB0_2:                                @ =>This Inner Loop Header: Depth=1
	@DEBUG_VALUE: raw_input:iphdr <- $r1
	@DEBUG_VALUE: raw_input:inp <- $r10
	@DEBUG_VALUE: raw_input:pcb <- [DW_OP_deref] $r0
	@DEBUG_VALUE: raw_input:p <- $r11
	mov	r5, r6
	mov	r6, r0
.Ltmp7:
	@DEBUG_VALUE: raw_input:prev <- $r5
	.loc	5 94 19 is_stmt 1       @ ../Libraries/lwip-1.4.1/src/core/raw.c:94:19
	ldrb	r0, [r0, #16]
.Ltmp8:
	.loc	5 94 38 is_stmt 0       @ ../Libraries/lwip-1.4.1/src/core/raw.c:94:38
	cmp	r0, r7
	bne	.LBB0_9
.Ltmp9:
@ %bb.3:                                @   in Loop: Header=BB0_2 Depth=1
	@DEBUG_VALUE: raw_input:prev <- $r5
	@DEBUG_VALUE: raw_input:iphdr <- $r1
	@DEBUG_VALUE: raw_input:inp <- $r10
	@DEBUG_VALUE: raw_input:p <- $r11
	.loc	5 95 18 is_stmt 1       @ ../Libraries/lwip-1.4.1/src/core/raw.c:95:18
	ldr	r1, [r6]
.Ltmp10:
	.loc	5 96 17                 @ ../Libraries/lwip-1.4.1/src/core/raw.c:96:17
	ldr.w	r0, [r8]
	.loc	5 95 48                 @ ../Libraries/lwip-1.4.1/src/core/raw.c:95:48
	cbz	r1, .LBB0_5
.Ltmp11:
@ %bb.4:                                @   in Loop: Header=BB0_2 Depth=1
	@DEBUG_VALUE: raw_input:prev <- $r5
	@DEBUG_VALUE: raw_input:inp <- $r10
	@DEBUG_VALUE: raw_input:p <- $r11
	cmp	r1, r0
	bne	.LBB0_9
.Ltmp12:
.LBB0_5:                                @   in Loop: Header=BB0_2 Depth=1
	@DEBUG_VALUE: raw_input:prev <- $r5
	@DEBUG_VALUE: raw_input:inp <- $r10
	@DEBUG_VALUE: raw_input:p <- $r11
	.loc	5 100 17                @ ../Libraries/lwip-1.4.1/src/core/raw.c:100:17
	ldrb	r1, [r6, #8]
	.loc	5 100 51 is_stmt 0      @ ../Libraries/lwip-1.4.1/src/core/raw.c:100:51
	lsls	r1, r1, #26
	bmi	.LBB0_7
.Ltmp13:
@ %bb.6:                                @   in Loop: Header=BB0_2 Depth=1
	@DEBUG_VALUE: raw_input:prev <- $r5
	@DEBUG_VALUE: raw_input:inp <- $r10
	@DEBUG_VALUE: raw_input:p <- $r11
	.loc	5 100 55                @ ../Libraries/lwip-1.4.1/src/core/raw.c:100:55
	mov	r1, r10
	bl	ip4_addr_isbroadcast
.Ltmp14:
	.loc	5 100 17                @ ../Libraries/lwip-1.4.1/src/core/raw.c:100:17
	cbnz	r0, .LBB0_9
.Ltmp15:
.LBB0_7:                                @   in Loop: Header=BB0_2 Depth=1
	@DEBUG_VALUE: raw_input:prev <- $r5
	@DEBUG_VALUE: raw_input:inp <- $r10
	@DEBUG_VALUE: raw_input:p <- $r11
	.loc	5 104 26 is_stmt 1      @ ../Libraries/lwip-1.4.1/src/core/raw.c:104:26
	ldr	r4, [r6, #20]
.Ltmp16:
	.loc	5 104 21 is_stmt 0      @ ../Libraries/lwip-1.4.1/src/core/raw.c:104:21
	cbz	r4, .LBB0_9
.Ltmp17:
@ %bb.8:                                @   in Loop: Header=BB0_2 Depth=1
	@DEBUG_VALUE: raw_input:prev <- $r5
	@DEBUG_VALUE: raw_input:inp <- $r10
	@DEBUG_VALUE: raw_input:p <- $r11
	.loc	5 107 40 is_stmt 1      @ ../Libraries/lwip-1.4.1/src/core/raw.c:107:40
	ldr	r0, [r6, #24]
	.loc	5 107 25 is_stmt 0      @ ../Libraries/lwip-1.4.1/src/core/raw.c:107:25
	mov	r1, r6
	mov	r2, r11
	mov	r3, r9
	blx	r4
.Ltmp18:
	.loc	5 107 25                @ ../Libraries/lwip-1.4.1/src/core/raw.c:107:25
	cbnz	r0, .LBB0_12
.Ltmp19:
	.p2align	2
.LBB0_9:                                @   in Loop: Header=BB0_2 Depth=1
	@DEBUG_VALUE: raw_input:prev <- $r5
	@DEBUG_VALUE: raw_input:inp <- $r10
	@DEBUG_VALUE: raw_input:p <- $r11
	@DEBUG_VALUE: raw_input:pcb <- [DW_OP_plus_uconst 12, DW_OP_deref, DW_OP_stack_value] $r6
	.loc	5 0 0                   @ ../Libraries/lwip-1.4.1/src/core/raw.c:0:0
	ldr	r0, [r6, #12]
.Ltmp20:
	@DEBUG_VALUE: raw_input:pcb <- $r0
	@DEBUG_VALUE: raw_input:eaten <- 0
	.loc	5 92 5 is_stmt 1        @ ../Libraries/lwip-1.4.1/src/core/raw.c:92:5
	cmp	r0, #0
	bne	.LBB0_2
.Ltmp21:
.LBB0_10:
	@DEBUG_VALUE: raw_input:pcb <- [DW_OP_deref] $r0
	@DEBUG_VALUE: raw_input:p <- $r11
	.loc	5 0 5 is_stmt 0         @ ../Libraries/lwip-1.4.1/src/core/raw.c:0:5
	movs	r0, #0
.Ltmp22:
.LBB0_11:
	@DEBUG_VALUE: raw_input:eaten <- $r0
	.loc	5 129 5 is_stmt 1       @ ../Libraries/lwip-1.4.1/src/core/raw.c:129:5
	add	sp, #4
	pop.w	{r4, r5, r6, r7, r8, r9, r10, r11, pc}
.Ltmp23:
.LBB0_12:
	@DEBUG_VALUE: raw_input:prev <- $r5
	@DEBUG_VALUE: raw_input:inp <- $r10
	@DEBUG_VALUE: raw_input:p <- $r11
	@DEBUG_VALUE: raw_input:p <- 0
	@DEBUG_VALUE: raw_input:eaten <- 1
	.loc	5 112 29                @ ../Libraries/lwip-1.4.1/src/core/raw.c:112:29
	cbz	r5, .LBB0_14
.Ltmp24:
@ %bb.13:
	@DEBUG_VALUE: raw_input:prev <- $r5
	@DEBUG_VALUE: raw_input:inp <- $r10
	.loc	5 116 47                @ ../Libraries/lwip-1.4.1/src/core/raw.c:116:47
	ldr	r0, [r6, #12]
	.loc	5 116 40 is_stmt 0      @ ../Libraries/lwip-1.4.1/src/core/raw.c:116:40
	str	r0, [r5, #12]
	movw	r0, :lower16:raw_pcbs
	movt	r0, :upper16:raw_pcbs
	mov	r1, r0
	.loc	5 117 41 is_stmt 1      @ ../Libraries/lwip-1.4.1/src/core/raw.c:117:41
	ldr	r0, [r0]
	.loc	5 117 39 is_stmt 0      @ ../Libraries/lwip-1.4.1/src/core/raw.c:117:39
	str	r0, [r6, #12]
	.loc	5 118 38 is_stmt 1      @ ../Libraries/lwip-1.4.1/src/core/raw.c:118:38
	str	r6, [r1]
.Ltmp25:
.LBB0_14:
	@DEBUG_VALUE: raw_input:prev <- $r5
	@DEBUG_VALUE: raw_input:inp <- $r10
	.loc	5 0 38 is_stmt 0        @ ../Libraries/lwip-1.4.1/src/core/raw.c:0:38
	movs	r0, #1
	b	.LBB0_11
.Lfunc_end0:
	.size	raw_input, .Lfunc_end0-raw_input
	.cfi_endproc
	.cantunwind
	.fnend
                                        @ -- End function
	.section	.text.raw_bind,"ax",%progbits
	.hidden	raw_bind                @ -- Begin function raw_bind
	.globl	raw_bind
	.p2align	1
	.type	raw_bind,%function
	.code	16                      @ @raw_bind
	.thumb_func
raw_bind:
.Lfunc_begin1:
	.loc	5 148 0 is_stmt 1       @ ../Libraries/lwip-1.4.1/src/core/raw.c:148:0
	.fnstart
	.cfi_startproc
@ %bb.0:
	@DEBUG_VALUE: raw_bind:pcb <- $r0
	@DEBUG_VALUE: raw_bind:pcb <- $r0
	@DEBUG_VALUE: raw_bind:ipaddr <- $r1
	@DEBUG_VALUE: raw_bind:ipaddr <- $r1
	.loc	5 149 5 prologue_end    @ ../Libraries/lwip-1.4.1/src/core/raw.c:149:5
	cmp	r1, #0
	ite	ne
	ldrne	r1, [r1]
.Ltmp26:
	.loc	5 0 5 is_stmt 0         @ ../Libraries/lwip-1.4.1/src/core/raw.c:0:5
	moveq	r1, #0
	.loc	5 149 5                 @ ../Libraries/lwip-1.4.1/src/core/raw.c:149:5
	str	r1, [r0]
	.loc	5 150 5 is_stmt 1       @ ../Libraries/lwip-1.4.1/src/core/raw.c:150:5
	movs	r0, #0
	bx	lr
.Ltmp27:
.Lfunc_end1:
	.size	raw_bind, .Lfunc_end1-raw_bind
	.cfi_endproc
	.cantunwind
	.fnend
                                        @ -- End function
	.section	.text.raw_connect,"ax",%progbits
	.hidden	raw_connect             @ -- Begin function raw_connect
	.globl	raw_connect
	.p2align	1
	.type	raw_connect,%function
	.code	16                      @ @raw_connect
	.thumb_func
raw_connect:
.Lfunc_begin2:
	.loc	5 168 0                 @ ../Libraries/lwip-1.4.1/src/core/raw.c:168:0
	.fnstart
	.cfi_startproc
@ %bb.0:
	@DEBUG_VALUE: raw_connect:pcb <- $r0
	@DEBUG_VALUE: raw_connect:pcb <- $r0
	@DEBUG_VALUE: raw_connect:ipaddr <- $r1
	@DEBUG_VALUE: raw_connect:ipaddr <- $r1
	.loc	5 169 5 prologue_end    @ ../Libraries/lwip-1.4.1/src/core/raw.c:169:5
	cmp	r1, #0
	ite	ne
	ldrne	r1, [r1]
.Ltmp28:
	.loc	5 0 5 is_stmt 0         @ ../Libraries/lwip-1.4.1/src/core/raw.c:0:5
	moveq	r1, #0
	.loc	5 169 5                 @ ../Libraries/lwip-1.4.1/src/core/raw.c:169:5
	str	r1, [r0, #4]
	.loc	5 170 5 is_stmt 1       @ ../Libraries/lwip-1.4.1/src/core/raw.c:170:5
	movs	r0, #0
	bx	lr
.Ltmp29:
.Lfunc_end2:
	.size	raw_connect, .Lfunc_end2-raw_connect
	.cfi_endproc
	.cantunwind
	.fnend
                                        @ -- End function
	.section	.text.raw_recv,"ax",%progbits
	.hidden	raw_recv                @ -- Begin function raw_recv
	.globl	raw_recv
	.p2align	1
	.type	raw_recv,%function
	.code	16                      @ @raw_recv
	.thumb_func
raw_recv:
.Lfunc_begin3:
	.loc	5 188 0                 @ ../Libraries/lwip-1.4.1/src/core/raw.c:188:0
	.fnstart
	.cfi_startproc
@ %bb.0:
	@DEBUG_VALUE: raw_recv:pcb <- $r0
	@DEBUG_VALUE: raw_recv:pcb <- $r0
	@DEBUG_VALUE: raw_recv:recv <- $r1
	@DEBUG_VALUE: raw_recv:recv <- $r1
	@DEBUG_VALUE: raw_recv:recv_arg <- $r2
	@DEBUG_VALUE: raw_recv:recv_arg <- $r2
	.loc	5 190 15 prologue_end   @ ../Libraries/lwip-1.4.1/src/core/raw.c:190:15
	strd	r1, r2, [r0, #20]
	.loc	5 192 1                 @ ../Libraries/lwip-1.4.1/src/core/raw.c:192:1
	bx	lr
.Ltmp30:
.Lfunc_end3:
	.size	raw_recv, .Lfunc_end3-raw_recv
	.cfi_endproc
	.cantunwind
	.fnend
                                        @ -- End function
	.section	.text.raw_sendto,"ax",%progbits
	.hidden	raw_sendto              @ -- Begin function raw_sendto
	.globl	raw_sendto
	.p2align	1
	.type	raw_sendto,%function
	.code	16                      @ @raw_sendto
	.thumb_func
raw_sendto:
.Lfunc_begin4:
	.loc	5 208 0                 @ ../Libraries/lwip-1.4.1/src/core/raw.c:208:0
	.fnstart
	.cfi_startproc
@ %bb.0:
	.save	{r4, r5, r6, r7, r8, lr}
	push.w	{r4, r5, r6, r7, r8, lr}
	.cfi_def_cfa_offset 24
	.cfi_offset lr, -4
	.cfi_offset r8, -8
	.cfi_offset r7, -12
	.cfi_offset r6, -16
	.cfi_offset r5, -20
	.cfi_offset r4, -24
	.pad	#16
	sub	sp, #16
	.cfi_def_cfa_offset 40
	@DEBUG_VALUE: raw_sendto:pcb <- $r0
	@DEBUG_VALUE: raw_sendto:p <- $r1
	@DEBUG_VALUE: raw_sendto:ipaddr <- $r2
.Ltmp31:
	@DEBUG_VALUE: raw_sendto:q <- $r1
	mov	r6, r0
.Ltmp32:
	@DEBUG_VALUE: raw_sendto:q <- $r4
	@DEBUG_VALUE: raw_sendto:ipaddr <- $r8
	@DEBUG_VALUE: raw_sendto:p <- $r4
	@DEBUG_VALUE: raw_sendto:pcb <- $r6
	mov	r4, r1
.Ltmp33:
	.loc	5 217 9 prologue_end    @ ../Libraries/lwip-1.4.1/src/core/raw.c:217:9
	mov	r0, r1
	movs	r1, #20
	mov	r8, r2
.Ltmp34:
	bl	pbuf_header
.Ltmp35:
	.loc	5 217 9 is_stmt 0       @ ../Libraries/lwip-1.4.1/src/core/raw.c:217:9
	cbz	r0, .LBB4_4
.Ltmp36:
@ %bb.1:
	@DEBUG_VALUE: raw_sendto:pcb <- $r6
	.loc	5 220 13 is_stmt 1      @ ../Libraries/lwip-1.4.1/src/core/raw.c:220:13
	movs	r0, #1
	movs	r1, #0
	movs	r2, #0
	bl	pbuf_alloc
	.loc	5 222 13                @ ../Libraries/lwip-1.4.1/src/core/raw.c:222:13
	cbz	r0, .LBB4_5
.Ltmp37:
@ %bb.2:
	@DEBUG_VALUE: raw_sendto:pcb <- $r6
	.loc	5 0 0 is_stmt 0         @ ../Libraries/lwip-1.4.1/src/core/raw.c:0:0
	mov	r7, r0
.Ltmp38:
	@DEBUG_VALUE: raw_sendto:q <- $r7
	.loc	5 227 16 is_stmt 1      @ ../Libraries/lwip-1.4.1/src/core/raw.c:227:16
	ldrh	r0, [r4, #8]
.Ltmp39:
	.loc	5 227 13 is_stmt 0      @ ../Libraries/lwip-1.4.1/src/core/raw.c:227:13
	cbz	r0, .LBB4_6
.Ltmp40:
@ %bb.3:
	@DEBUG_VALUE: raw_sendto:q <- $r7
	@DEBUG_VALUE: raw_sendto:pcb <- $r6
	.loc	5 230 13 is_stmt 1      @ ../Libraries/lwip-1.4.1/src/core/raw.c:230:13
	mov	r0, r7
	mov	r1, r4
	bl	pbuf_chain
	b	.LBB4_6
.Ltmp41:
.LBB4_4:
	@DEBUG_VALUE: raw_sendto:pcb <- $r6
	.loc	5 239 13                @ ../Libraries/lwip-1.4.1/src/core/raw.c:239:13
	mov	r0, r4
	mvn	r1, #19
	bl	pbuf_header
.Ltmp42:
	.loc	5 239 13 is_stmt 0      @ ../Libraries/lwip-1.4.1/src/core/raw.c:239:13
	cmp	r0, #0
.Ltmp43:
	.loc	5 0 0                   @ ../Libraries/lwip-1.4.1/src/core/raw.c:0:0
	mov	r7, r4
.Ltmp44:
	.loc	5 239 13                @ ../Libraries/lwip-1.4.1/src/core/raw.c:239:13
	beq	.LBB4_6
.Ltmp45:
.LBB4_5:
	@DEBUG_VALUE: raw_sendto:pcb <- $r6
	.loc	5 0 13                  @ ../Libraries/lwip-1.4.1/src/core/raw.c:0:13
	movs	r5, #255
	b	.LBB4_17
.Ltmp46:
.LBB4_6:
	@DEBUG_VALUE: raw_sendto:pcb <- $r6
	@DEBUG_VALUE: raw_sendto:q <- $r7
	.loc	5 246 18 is_stmt 1      @ ../Libraries/lwip-1.4.1/src/core/raw.c:246:18
	mov	r0, r8
	bl	ip_route
.Ltmp47:
	.loc	5 246 9 is_stmt 0       @ ../Libraries/lwip-1.4.1/src/core/raw.c:246:9
	cbz	r0, .LBB4_14
.Ltmp48:
@ %bb.7:
	@DEBUG_VALUE: raw_sendto:q <- $r7
	@DEBUG_VALUE: raw_sendto:pcb <- $r6
	.loc	5 0 0                   @ ../Libraries/lwip-1.4.1/src/core/raw.c:0:0
	mov	r5, r0
.Ltmp49:
	@DEBUG_VALUE: raw_sendto:netif <- $r5
	.loc	5 260 10 is_stmt 1      @ ../Libraries/lwip-1.4.1/src/core/raw.c:260:10
	ldrb	r0, [r6, #8]
	.loc	5 260 44 is_stmt 0      @ ../Libraries/lwip-1.4.1/src/core/raw.c:260:44
	lsls	r0, r0, #26
	bmi	.LBB4_12
.Ltmp50:
@ %bb.8:
	@DEBUG_VALUE: raw_sendto:netif <- $r5
	@DEBUG_VALUE: raw_sendto:q <- $r7
	@DEBUG_VALUE: raw_sendto:pcb <- $r6
	.loc	5 260 47                @ ../Libraries/lwip-1.4.1/src/core/raw.c:260:47
	ldr.w	r0, [r8]
	mov	r1, r5
	bl	ip4_addr_isbroadcast
.Ltmp51:
	.loc	5 260 9                 @ ../Libraries/lwip-1.4.1/src/core/raw.c:260:9
	cbz	r0, .LBB4_12
.Ltmp52:
@ %bb.9:
	@DEBUG_VALUE: raw_sendto:netif <- $r5
	@DEBUG_VALUE: raw_sendto:q <- $r7
	@DEBUG_VALUE: raw_sendto:pcb <- $r6
	.loc	5 264 13 is_stmt 1      @ ../Libraries/lwip-1.4.1/src/core/raw.c:264:13
	cmp	r7, r4
	beq	.LBB4_11
.Ltmp53:
@ %bb.10:
	@DEBUG_VALUE: raw_sendto:netif <- $r5
	@DEBUG_VALUE: raw_sendto:q <- $r7
	@DEBUG_VALUE: raw_sendto:pcb <- $r6
	.loc	5 266 13                @ ../Libraries/lwip-1.4.1/src/core/raw.c:266:13
	mov	r0, r7
	bl	pbuf_free
.Ltmp54:
.LBB4_11:
	@DEBUG_VALUE: raw_sendto:netif <- $r5
	@DEBUG_VALUE: raw_sendto:q <- $r7
	@DEBUG_VALUE: raw_sendto:pcb <- $r6
	.loc	5 0 13 is_stmt 0        @ ../Libraries/lwip-1.4.1/src/core/raw.c:0:13
	movs	r5, #250
.Ltmp55:
	b	.LBB4_17
.Ltmp56:
.LBB4_12:
	@DEBUG_VALUE: raw_sendto:netif <- $r5
	@DEBUG_VALUE: raw_sendto:q <- $r7
	@DEBUG_VALUE: raw_sendto:pcb <- $r6
	.loc	5 272 9 is_stmt 1       @ ../Libraries/lwip-1.4.1/src/core/raw.c:272:9
	ldr	r0, [r6]
.Ltmp57:
	.loc	5 284 58                @ ../Libraries/lwip-1.4.1/src/core/raw.c:284:58
	ldrb	r1, [r6, #9]
	.loc	5 284 48 is_stmt 0      @ ../Libraries/lwip-1.4.1/src/core/raw.c:284:48
	ldrb	r3, [r6, #10]
	.loc	5 284 68                @ ../Libraries/lwip-1.4.1/src/core/raw.c:284:68
	ldrb	r2, [r6, #16]
	.loc	5 284 11                @ ../Libraries/lwip-1.4.1/src/core/raw.c:284:11
	stm.w	sp, {r1, r2, r5}
	.loc	5 272 9 is_stmt 1       @ ../Libraries/lwip-1.4.1/src/core/raw.c:272:9
	cmp	r0, #0
	it	eq
	addeq	r6, r5, #4
.Ltmp58:
	@DEBUG_VALUE: raw_sendto:src_ip <- $r6
	.loc	5 284 11                @ ../Libraries/lwip-1.4.1/src/core/raw.c:284:11
	mov	r0, r7
	mov	r1, r6
	mov	r2, r8
	bl	ip_output_if
	mov	r5, r0
.Ltmp59:
	@DEBUG_VALUE: raw_sendto:err <- undef
	.loc	5 288 9                 @ ../Libraries/lwip-1.4.1/src/core/raw.c:288:9
	cmp	r7, r4
	beq	.LBB4_17
.Ltmp60:
@ %bb.13:
	@DEBUG_VALUE: raw_sendto:src_ip <- $r6
	@DEBUG_VALUE: raw_sendto:q <- $r7
	.loc	5 291 9                 @ ../Libraries/lwip-1.4.1/src/core/raw.c:291:9
	mov	r0, r7
	bl	pbuf_free
	b	.LBB4_17
.Ltmp61:
.LBB4_14:
	@DEBUG_VALUE: raw_sendto:q <- $r7
	@DEBUG_VALUE: raw_sendto:pcb <- $r6
	.loc	5 251 13                @ ../Libraries/lwip-1.4.1/src/core/raw.c:251:13
	cmp	r7, r4
	beq	.LBB4_16
.Ltmp62:
@ %bb.15:
	@DEBUG_VALUE: raw_sendto:q <- $r7
	@DEBUG_VALUE: raw_sendto:pcb <- $r6
	.loc	5 253 13                @ ../Libraries/lwip-1.4.1/src/core/raw.c:253:13
	mov	r0, r7
	bl	pbuf_free
.Ltmp63:
.LBB4_16:
	@DEBUG_VALUE: raw_sendto:q <- $r7
	@DEBUG_VALUE: raw_sendto:pcb <- $r6
	.loc	5 0 13 is_stmt 0        @ ../Libraries/lwip-1.4.1/src/core/raw.c:0:13
	movs	r5, #252
.Ltmp64:
.LBB4_17:
	.loc	5 294 1 is_stmt 1       @ ../Libraries/lwip-1.4.1/src/core/raw.c:294:1
	sxtb	r0, r5
	add	sp, #16
	pop.w	{r4, r5, r6, r7, r8, pc}
.Ltmp65:
.Lfunc_end4:
	.size	raw_sendto, .Lfunc_end4-raw_sendto
	.cfi_endproc
	.cantunwind
	.fnend
                                        @ -- End function
	.section	.text.raw_send,"ax",%progbits
	.hidden	raw_send                @ -- Begin function raw_send
	.globl	raw_send
	.p2align	1
	.type	raw_send,%function
	.code	16                      @ @raw_send
	.thumb_func
raw_send:
.Lfunc_begin5:
	.loc	5 305 0                 @ ../Libraries/lwip-1.4.1/src/core/raw.c:305:0
	.fnstart
	.cfi_startproc
@ %bb.0:
	@DEBUG_VALUE: raw_send:pcb <- $r0
	@DEBUG_VALUE: raw_send:pcb <- $r0
	@DEBUG_VALUE: raw_send:p <- $r1
	@DEBUG_VALUE: raw_send:p <- $r1
	.loc	5 306 37 prologue_end   @ ../Libraries/lwip-1.4.1/src/core/raw.c:306:37
	adds	r2, r0, #4
	@DEBUG_VALUE: raw_send:p <- $r1
	.loc	5 306 12 is_stmt 0      @ ../Libraries/lwip-1.4.1/src/core/raw.c:306:12
	b	raw_sendto
.Ltmp66:
.Lfunc_end5:
	.size	raw_send, .Lfunc_end5-raw_send
	.cfi_endproc
	.cantunwind
	.fnend
                                        @ -- End function
	.section	.text.raw_remove,"ax",%progbits
	.hidden	raw_remove              @ -- Begin function raw_remove
	.globl	raw_remove
	.p2align	1
	.type	raw_remove,%function
	.code	16                      @ @raw_remove
	.thumb_func
raw_remove:
.Lfunc_begin6:
	.loc	5 319 0 is_stmt 1       @ ../Libraries/lwip-1.4.1/src/core/raw.c:319:0
	.fnstart
	.cfi_startproc
@ %bb.0:
	@DEBUG_VALUE: raw_remove:pcb <- $r0
	.loc	5 322 9 prologue_end    @ ../Libraries/lwip-1.4.1/src/core/raw.c:322:9
	movw	r2, :lower16:raw_pcbs
	mov	r1, r0
.Ltmp67:
	@DEBUG_VALUE: raw_remove:pcb <- $r1
	movt	r2, :upper16:raw_pcbs
	ldr	r0, [r2]
.Ltmp68:
	@DEBUG_VALUE: raw_remove:pcb2 <- $r0
	.loc	5 322 9 is_stmt 0       @ ../Libraries/lwip-1.4.1/src/core/raw.c:322:9
	cmp	r0, r1
	bne	.LBB6_4
.Ltmp69:
@ %bb.1:
	@DEBUG_VALUE: raw_remove:pcb2 <- $r0
	@DEBUG_VALUE: raw_remove:pcb <- $r1
	.loc	5 325 30 is_stmt 1      @ ../Libraries/lwip-1.4.1/src/core/raw.c:325:30
	ldr	r0, [r1, #12]
.Ltmp70:
	.loc	5 325 18 is_stmt 0      @ ../Libraries/lwip-1.4.1/src/core/raw.c:325:18
	str	r0, [r2]
	b	.LBB6_5
.Ltmp71:
	.p2align	2
.LBB6_2:                                @   in Loop: Header=BB6_4 Depth=1
	@DEBUG_VALUE: raw_remove:pcb2 <- $r0
	@DEBUG_VALUE: raw_remove:pcb <- $r1
	.loc	5 0 18                  @ ../Libraries/lwip-1.4.1/src/core/raw.c:0:18
	mov	r2, r0
.Ltmp72:
	@DEBUG_VALUE: raw_remove:pcb2 <- $r2
	.loc	5 333 23 is_stmt 1      @ ../Libraries/lwip-1.4.1/src/core/raw.c:333:23
	ldr	r0, [r0, #12]
	.loc	5 333 36 is_stmt 0      @ ../Libraries/lwip-1.4.1/src/core/raw.c:333:36
	cbz	r0, .LBB6_4
.Ltmp73:
@ %bb.3:                                @   in Loop: Header=BB6_4 Depth=1
	@DEBUG_VALUE: raw_remove:pcb2 <- $r2
	@DEBUG_VALUE: raw_remove:pcb <- $r1
	cmp	r0, r1
.Ltmp74:
	.loc	5 336 35 is_stmt 1      @ ../Libraries/lwip-1.4.1/src/core/raw.c:336:35
	itt	eq
	ldreq	r0, [r1, #12]
	.loc	5 336 28 is_stmt 0      @ ../Libraries/lwip-1.4.1/src/core/raw.c:336:28
	streq	r0, [r2, #12]
.Ltmp75:
.LBB6_4:                                @ =>This Inner Loop Header: Depth=1
	@DEBUG_VALUE: raw_remove:pcb2 <- $r0
	@DEBUG_VALUE: raw_remove:pcb <- $r1
	.loc	5 330 9 is_stmt 1       @ ../Libraries/lwip-1.4.1/src/core/raw.c:330:9
	cmp	r0, #0
	bne	.LBB6_2
.Ltmp76:
.LBB6_5:
	@DEBUG_VALUE: raw_remove:pcb <- $r1
	.loc	5 340 5                 @ ../Libraries/lwip-1.4.1/src/core/raw.c:340:5
	movs	r0, #0
	b	memp_free
.Ltmp77:
.Lfunc_end6:
	.size	raw_remove, .Lfunc_end6-raw_remove
	.cfi_endproc
	.cantunwind
	.fnend
                                        @ -- End function
	.section	.text.raw_new,"ax",%progbits
	.hidden	raw_new                 @ -- Begin function raw_new
	.globl	raw_new
	.p2align	1
	.type	raw_new,%function
	.code	16                      @ @raw_new
	.thumb_func
raw_new:
.Lfunc_begin7:
	.loc	5 355 0                 @ ../Libraries/lwip-1.4.1/src/core/raw.c:355:0
	.fnstart
	.cfi_startproc
@ %bb.0:
	.save	{r4, r5, r7, lr}
	push	{r4, r5, r7, lr}
	.cfi_def_cfa_offset 16
	.cfi_offset lr, -4
	.cfi_offset r7, -8
	.cfi_offset r5, -12
	.cfi_offset r4, -16
	@DEBUG_VALUE: raw_new:proto <- $r0
	mov	r5, r0
.Ltmp78:
	@DEBUG_VALUE: raw_new:proto <- $r5
	.loc	5 360 30 prologue_end   @ ../Libraries/lwip-1.4.1/src/core/raw.c:360:30
	movs	r0, #0
	bl	memp_malloc
	mov	r4, r0
.Ltmp79:
	@DEBUG_VALUE: raw_new:pcb <- $r4
	.loc	5 362 9                 @ ../Libraries/lwip-1.4.1/src/core/raw.c:362:9
	cbz	r0, .LBB7_2
.Ltmp80:
@ %bb.1:
	@DEBUG_VALUE: raw_new:pcb <- $r4
	@DEBUG_VALUE: raw_new:proto <- $r5
	@DEBUG_VALUE: raw_new:proto <- $r5
	.loc	5 365 9                 @ ../Libraries/lwip-1.4.1/src/core/raw.c:365:9
	mov	r0, r4
	movs	r1, #28
	bl	__aeabi_memclr4
	movs	r0, #255
	.loc	5 367 18                @ ../Libraries/lwip-1.4.1/src/core/raw.c:367:18
	strb	r0, [r4, #10]
	.loc	5 368 21                @ ../Libraries/lwip-1.4.1/src/core/raw.c:368:21
	movw	r0, :lower16:raw_pcbs
	.loc	5 366 23                @ ../Libraries/lwip-1.4.1/src/core/raw.c:366:23
	strb	r5, [r4, #16]
	.loc	5 368 21                @ ../Libraries/lwip-1.4.1/src/core/raw.c:368:21
	movt	r0, :upper16:raw_pcbs
	ldr	r1, [r0]
	.loc	5 368 19 is_stmt 0      @ ../Libraries/lwip-1.4.1/src/core/raw.c:368:19
	str	r1, [r4, #12]
	.loc	5 369 18 is_stmt 1      @ ../Libraries/lwip-1.4.1/src/core/raw.c:369:18
	str	r4, [r0]
.Ltmp81:
.LBB7_2:
	@DEBUG_VALUE: raw_new:pcb <- $r4
	@DEBUG_VALUE: raw_new:proto <- $r5
	.loc	5 371 5                 @ ../Libraries/lwip-1.4.1/src/core/raw.c:371:5
	mov	r0, r4
	pop	{r4, r5, r7, pc}
.Ltmp82:
.Lfunc_end7:
	.size	raw_new, .Lfunc_end7-raw_new
	.cfi_endproc
	.cantunwind
	.fnend
                                        @ -- End function
	.type	raw_pcbs,%object        @ @raw_pcbs
	.section	.bss.raw_pcbs,"aw",%nobits
	.p2align	2
raw_pcbs:
	.long	0
	.size	raw_pcbs, 4

	.file	8 "F:\\SkyDrive\\OtvoreniProjekti\\HotelSaplast\\fw\\KontrolerHotela\\HC070318\\Project" "../Libraries/lwip-1.4.1/src/include\\lwip/err.h"
	.file	9 "F:\\SkyDrive\\OtvoreniProjekti\\HotelSaplast\\fw\\KontrolerHotela\\HC070318\\Project" "../Libraries/lwip-1.4.1/src/include\\lwip/netif.h"
	.section	.debug_str,"MS",%progbits,1
.Linfo_string0:
	.asciz	"Component: ARM Compiler 6.12 Tool: armclang [5d624a00]" @ string offset=0
.Linfo_string1:
	.asciz	"../Libraries/lwip-1.4.1/src/core\\raw.c" @ string offset=55
.Linfo_string2:
	.asciz	"F:\\SkyDrive\\OtvoreniProjekti\\HotelSaplast\\fw\\KontrolerHotela\\HC070318\\Project" @ string offset=94
.Linfo_string3:
	.asciz	"raw_pcbs"              @ string offset=172
.Linfo_string4:
	.asciz	"local_ip"              @ string offset=181
.Linfo_string5:
	.asciz	"addr"                  @ string offset=190
.Linfo_string6:
	.asciz	"long unsigned int"     @ string offset=195
.Linfo_string7:
	.asciz	"u32_t"                 @ string offset=213
.Linfo_string8:
	.asciz	"ip_addr"               @ string offset=219
.Linfo_string9:
	.asciz	"ip_addr_t"             @ string offset=227
.Linfo_string10:
	.asciz	"remote_ip"             @ string offset=237
.Linfo_string11:
	.asciz	"so_options"            @ string offset=247
.Linfo_string12:
	.asciz	"unsigned char"         @ string offset=258
.Linfo_string13:
	.asciz	"u8_t"                  @ string offset=272
.Linfo_string14:
	.asciz	"tos"                   @ string offset=277
.Linfo_string15:
	.asciz	"ttl"                   @ string offset=281
.Linfo_string16:
	.asciz	"next"                  @ string offset=285
.Linfo_string17:
	.asciz	"protocol"              @ string offset=290
.Linfo_string18:
	.asciz	"recv"                  @ string offset=299
.Linfo_string19:
	.asciz	"payload"               @ string offset=304
.Linfo_string20:
	.asciz	"tot_len"               @ string offset=312
.Linfo_string21:
	.asciz	"unsigned short"        @ string offset=320
.Linfo_string22:
	.asciz	"u16_t"                 @ string offset=335
.Linfo_string23:
	.asciz	"len"                   @ string offset=341
.Linfo_string24:
	.asciz	"type"                  @ string offset=345
.Linfo_string25:
	.asciz	"flags"                 @ string offset=350
.Linfo_string26:
	.asciz	"ref"                   @ string offset=356
.Linfo_string27:
	.asciz	"pbuf"                  @ string offset=360
.Linfo_string28:
	.asciz	"raw_recv_fn"           @ string offset=365
.Linfo_string29:
	.asciz	"recv_arg"              @ string offset=377
.Linfo_string30:
	.asciz	"raw_pcb"               @ string offset=386
.Linfo_string31:
	.asciz	"PBUF_TRANSPORT"        @ string offset=394
.Linfo_string32:
	.asciz	"PBUF_IP"               @ string offset=409
.Linfo_string33:
	.asciz	"PBUF_LINK"             @ string offset=417
.Linfo_string34:
	.asciz	"PBUF_RAW"              @ string offset=427
.Linfo_string35:
	.asciz	"PBUF_RAM"              @ string offset=436
.Linfo_string36:
	.asciz	"PBUF_ROM"              @ string offset=445
.Linfo_string37:
	.asciz	"PBUF_REF"              @ string offset=454
.Linfo_string38:
	.asciz	"PBUF_POOL"             @ string offset=463
.Linfo_string39:
	.asciz	"MEMP_RAW_PCB"          @ string offset=473
.Linfo_string40:
	.asciz	"MEMP_UDP_PCB"          @ string offset=486
.Linfo_string41:
	.asciz	"MEMP_TCP_PCB"          @ string offset=499
.Linfo_string42:
	.asciz	"MEMP_TCP_PCB_LISTEN"   @ string offset=512
.Linfo_string43:
	.asciz	"MEMP_TCP_SEG"          @ string offset=532
.Linfo_string44:
	.asciz	"MEMP_REASSDATA"        @ string offset=545
.Linfo_string45:
	.asciz	"MEMP_FRAG_PBUF"        @ string offset=560
.Linfo_string46:
	.asciz	"MEMP_SYS_TIMEOUT"      @ string offset=575
.Linfo_string47:
	.asciz	"MEMP_PBUF"             @ string offset=592
.Linfo_string48:
	.asciz	"MEMP_PBUF_POOL"        @ string offset=602
.Linfo_string49:
	.asciz	"MEMP_MAX"              @ string offset=617
.Linfo_string50:
	.asciz	"_v_hl"                 @ string offset=626
.Linfo_string51:
	.asciz	"_tos"                  @ string offset=632
.Linfo_string52:
	.asciz	"_len"                  @ string offset=637
.Linfo_string53:
	.asciz	"_id"                   @ string offset=642
.Linfo_string54:
	.asciz	"_offset"               @ string offset=646
.Linfo_string55:
	.asciz	"_ttl"                  @ string offset=654
.Linfo_string56:
	.asciz	"_proto"                @ string offset=659
.Linfo_string57:
	.asciz	"_chksum"               @ string offset=666
.Linfo_string58:
	.asciz	"src"                   @ string offset=674
.Linfo_string59:
	.asciz	"ip_addr_packed"        @ string offset=678
.Linfo_string60:
	.asciz	"ip_addr_p_t"           @ string offset=693
.Linfo_string61:
	.asciz	"dest"                  @ string offset=705
.Linfo_string62:
	.asciz	"ip_hdr"                @ string offset=710
.Linfo_string63:
	.asciz	"raw_input"             @ string offset=717
.Linfo_string64:
	.asciz	"raw_bind"              @ string offset=727
.Linfo_string65:
	.asciz	"signed char"           @ string offset=736
.Linfo_string66:
	.asciz	"s8_t"                  @ string offset=748
.Linfo_string67:
	.asciz	"err_t"                 @ string offset=753
.Linfo_string68:
	.asciz	"raw_connect"           @ string offset=759
.Linfo_string69:
	.asciz	"raw_recv"              @ string offset=771
.Linfo_string70:
	.asciz	"raw_sendto"            @ string offset=780
.Linfo_string71:
	.asciz	"raw_send"              @ string offset=791
.Linfo_string72:
	.asciz	"raw_remove"            @ string offset=800
.Linfo_string73:
	.asciz	"raw_new"               @ string offset=811
.Linfo_string74:
	.asciz	"p"                     @ string offset=819
.Linfo_string75:
	.asciz	"inp"                   @ string offset=821
.Linfo_string76:
	.asciz	"netmask"               @ string offset=825
.Linfo_string77:
	.asciz	"gw"                    @ string offset=833
.Linfo_string78:
	.asciz	"input"                 @ string offset=836
.Linfo_string79:
	.asciz	"netif_input_fn"        @ string offset=842
.Linfo_string80:
	.asciz	"output"                @ string offset=857
.Linfo_string81:
	.asciz	"netif_output_fn"       @ string offset=864
.Linfo_string82:
	.asciz	"linkoutput"            @ string offset=880
.Linfo_string83:
	.asciz	"netif_linkoutput_fn"   @ string offset=891
.Linfo_string84:
	.asciz	"state"                 @ string offset=911
.Linfo_string85:
	.asciz	"hostname"              @ string offset=917
.Linfo_string86:
	.asciz	"char"                  @ string offset=926
.Linfo_string87:
	.asciz	"mtu"                   @ string offset=931
.Linfo_string88:
	.asciz	"hwaddr_len"            @ string offset=935
.Linfo_string89:
	.asciz	"hwaddr"                @ string offset=946
.Linfo_string90:
	.asciz	"__ARRAY_SIZE_TYPE__"   @ string offset=953
.Linfo_string91:
	.asciz	"name"                  @ string offset=973
.Linfo_string92:
	.asciz	"num"                   @ string offset=978
.Linfo_string93:
	.asciz	"netif"                 @ string offset=982
.Linfo_string94:
	.asciz	"prev"                  @ string offset=988
.Linfo_string95:
	.asciz	"eaten"                 @ string offset=993
.Linfo_string96:
	.asciz	"pcb"                   @ string offset=999
.Linfo_string97:
	.asciz	"iphdr"                 @ string offset=1003
.Linfo_string98:
	.asciz	"proto"                 @ string offset=1009
.Linfo_string99:
	.asciz	"short"                 @ string offset=1015
.Linfo_string100:
	.asciz	"s16_t"                 @ string offset=1021
.Linfo_string101:
	.asciz	"ipaddr"                @ string offset=1027
.Linfo_string102:
	.asciz	"q"                     @ string offset=1034
.Linfo_string103:
	.asciz	"src_ip"                @ string offset=1036
.Linfo_string104:
	.asciz	"err"                   @ string offset=1043
.Linfo_string105:
	.asciz	"pcb2"                  @ string offset=1047
	.section	.debug_loc,"",%progbits
.Ldebug_loc0:
	.long	.Lfunc_begin0
	.long	.Ltmp0
	.short	1                       @ Loc expr size
	.byte	80                      @ DW_OP_reg0
	.long	.Ltmp0
	.long	.Ltmp22
	.short	1                       @ Loc expr size
	.byte	91                      @ DW_OP_reg11
	.long	.Ltmp23
	.long	.Lfunc_end0
	.short	1                       @ Loc expr size
	.byte	48                      @ DW_OP_lit0
	.long	0
	.long	0
.Ldebug_loc1:
	.long	.Lfunc_begin0
	.long	.Ltmp4
	.short	1                       @ Loc expr size
	.byte	81                      @ DW_OP_reg1
	.long	.Ltmp4
	.long	.Ltmp21
	.short	1                       @ Loc expr size
	.byte	90                      @ DW_OP_reg10
	.long	.Ltmp23
	.long	.Lfunc_end0
	.short	1                       @ Loc expr size
	.byte	90                      @ DW_OP_reg10
	.long	0
	.long	0
.Ldebug_loc2:
	.long	.Ltmp0
	.long	.Ltmp7
	.short	1                       @ Loc expr size
	.byte	48                      @ DW_OP_lit0
	.long	.Ltmp7
	.long	.Ltmp21
	.short	1                       @ Loc expr size
	.byte	85                      @ DW_OP_reg5
	.long	.Ltmp23
	.long	.Lfunc_end0
	.short	1                       @ Loc expr size
	.byte	85                      @ DW_OP_reg5
	.long	0
	.long	0
.Ldebug_loc3:
	.long	.Ltmp0
	.long	.Ltmp22
	.short	1                       @ Loc expr size
	.byte	48                      @ DW_OP_lit0
	.long	.Ltmp22
	.long	.Ltmp23
	.short	1                       @ Loc expr size
	.byte	80                      @ DW_OP_reg0
	.long	.Ltmp23
	.long	.Lfunc_end0
	.short	1                       @ Loc expr size
	.byte	49                      @ DW_OP_lit1
	.long	0
	.long	0
.Ldebug_loc4:
	.long	.Ltmp1
	.long	.Ltmp8
	.short	2                       @ Loc expr size
	.byte	112                     @ DW_OP_breg0
	.byte	0                       @ 0
	.long	.Ltmp20
	.long	.Ltmp21
	.short	1                       @ Loc expr size
	.byte	80                      @ DW_OP_reg0
	.long	.Ltmp21
	.long	.Ltmp22
	.short	2                       @ Loc expr size
	.byte	112                     @ DW_OP_breg0
	.byte	0                       @ 0
	.long	0
	.long	0
.Ldebug_loc5:
	.long	.Ltmp5
	.long	.Ltmp10
	.short	1                       @ Loc expr size
	.byte	81                      @ DW_OP_reg1
	.long	0
	.long	0
.Ldebug_loc6:
	.long	.Lfunc_begin1
	.long	.Ltmp26
	.short	1                       @ Loc expr size
	.byte	81                      @ DW_OP_reg1
	.long	0
	.long	0
.Ldebug_loc7:
	.long	.Lfunc_begin2
	.long	.Ltmp28
	.short	1                       @ Loc expr size
	.byte	81                      @ DW_OP_reg1
	.long	0
	.long	0
.Ldebug_loc8:
	.long	.Lfunc_begin4
	.long	.Ltmp32
	.short	1                       @ Loc expr size
	.byte	80                      @ DW_OP_reg0
	.long	.Ltmp32
	.long	.Ltmp58
	.short	1                       @ Loc expr size
	.byte	86                      @ DW_OP_reg6
	.long	.Ltmp61
	.long	.Ltmp64
	.short	1                       @ Loc expr size
	.byte	86                      @ DW_OP_reg6
	.long	0
	.long	0
.Ldebug_loc9:
	.long	.Lfunc_begin4
	.long	.Ltmp32
	.short	1                       @ Loc expr size
	.byte	81                      @ DW_OP_reg1
	.long	.Ltmp32
	.long	.Ltmp33
	.short	1                       @ Loc expr size
	.byte	84                      @ DW_OP_reg4
	.long	0
	.long	0
.Ldebug_loc10:
	.long	.Lfunc_begin4
	.long	.Ltmp32
	.short	1                       @ Loc expr size
	.byte	82                      @ DW_OP_reg2
	.long	.Ltmp32
	.long	.Ltmp34
	.short	1                       @ Loc expr size
	.byte	88                      @ DW_OP_reg8
	.long	0
	.long	0
.Ldebug_loc11:
	.long	.Ltmp31
	.long	.Ltmp32
	.short	1                       @ Loc expr size
	.byte	81                      @ DW_OP_reg1
	.long	.Ltmp32
	.long	.Ltmp33
	.short	1                       @ Loc expr size
	.byte	84                      @ DW_OP_reg4
	.long	.Ltmp38
	.long	.Ltmp41
	.short	1                       @ Loc expr size
	.byte	87                      @ DW_OP_reg7
	.long	.Ltmp46
	.long	.Ltmp64
	.short	1                       @ Loc expr size
	.byte	87                      @ DW_OP_reg7
	.long	0
	.long	0
.Ldebug_loc12:
	.long	.Ltmp49
	.long	.Ltmp55
	.short	1                       @ Loc expr size
	.byte	85                      @ DW_OP_reg5
	.long	.Ltmp56
	.long	.Ltmp59
	.short	1                       @ Loc expr size
	.byte	85                      @ DW_OP_reg5
	.long	0
	.long	0
.Ldebug_loc13:
	.long	.Ltmp58
	.long	.Ltmp61
	.short	1                       @ Loc expr size
	.byte	86                      @ DW_OP_reg6
	.long	0
	.long	0
.Ldebug_loc14:
	.long	.Lfunc_begin6
	.long	.Ltmp67
	.short	1                       @ Loc expr size
	.byte	80                      @ DW_OP_reg0
	.long	.Ltmp67
	.long	.Lfunc_end6
	.short	1                       @ Loc expr size
	.byte	81                      @ DW_OP_reg1
	.long	0
	.long	0
.Ldebug_loc15:
	.long	.Ltmp68
	.long	.Ltmp70
	.short	1                       @ Loc expr size
	.byte	80                      @ DW_OP_reg0
	.long	.Ltmp71
	.long	.Ltmp72
	.short	1                       @ Loc expr size
	.byte	80                      @ DW_OP_reg0
	.long	.Ltmp72
	.long	.Ltmp75
	.short	1                       @ Loc expr size
	.byte	82                      @ DW_OP_reg2
	.long	.Ltmp75
	.long	.Ltmp76
	.short	1                       @ Loc expr size
	.byte	80                      @ DW_OP_reg0
	.long	0
	.long	0
.Ldebug_loc16:
	.long	.Lfunc_begin7
	.long	.Ltmp78
	.short	1                       @ Loc expr size
	.byte	80                      @ DW_OP_reg0
	.long	.Ltmp78
	.long	.Ltmp82
	.short	1                       @ Loc expr size
	.byte	85                      @ DW_OP_reg5
	.long	0
	.long	0
.Ldebug_loc17:
	.long	.Ltmp79
	.long	.Ltmp82
	.short	1                       @ Loc expr size
	.byte	84                      @ DW_OP_reg4
	.long	0
	.long	0
	.section	.debug_abbrev,"",%progbits
	.byte	1                       @ Abbreviation Code
	.byte	17                      @ DW_TAG_compile_unit
	.byte	1                       @ DW_CHILDREN_yes
	.byte	37                      @ DW_AT_producer
	.byte	14                      @ DW_FORM_strp
	.byte	19                      @ DW_AT_language
	.byte	5                       @ DW_FORM_data2
	.byte	3                       @ DW_AT_name
	.byte	14                      @ DW_FORM_strp
	.byte	16                      @ DW_AT_stmt_list
	.byte	6                       @ DW_FORM_data4
	.byte	27                      @ DW_AT_comp_dir
	.byte	14                      @ DW_FORM_strp
	.byte	17                      @ DW_AT_low_pc
	.byte	1                       @ DW_FORM_addr
	.byte	85                      @ DW_AT_ranges
	.byte	6                       @ DW_FORM_data4
	.byte	0                       @ EOM(1)
	.byte	0                       @ EOM(2)
	.byte	2                       @ Abbreviation Code
	.byte	52                      @ DW_TAG_variable
	.byte	0                       @ DW_CHILDREN_no
	.byte	3                       @ DW_AT_name
	.byte	14                      @ DW_FORM_strp
	.byte	73                      @ DW_AT_type
	.byte	19                      @ DW_FORM_ref4
	.byte	58                      @ DW_AT_decl_file
	.byte	11                      @ DW_FORM_data1
	.byte	59                      @ DW_AT_decl_line
	.byte	11                      @ DW_FORM_data1
	.byte	2                       @ DW_AT_location
	.byte	10                      @ DW_FORM_block1
	.byte	0                       @ EOM(1)
	.byte	0                       @ EOM(2)
	.byte	3                       @ Abbreviation Code
	.byte	15                      @ DW_TAG_pointer_type
	.byte	0                       @ DW_CHILDREN_no
	.byte	73                      @ DW_AT_type
	.byte	19                      @ DW_FORM_ref4
	.byte	0                       @ EOM(1)
	.byte	0                       @ EOM(2)
	.byte	4                       @ Abbreviation Code
	.byte	19                      @ DW_TAG_structure_type
	.byte	1                       @ DW_CHILDREN_yes
	.byte	3                       @ DW_AT_name
	.byte	14                      @ DW_FORM_strp
	.byte	11                      @ DW_AT_byte_size
	.byte	11                      @ DW_FORM_data1
	.byte	58                      @ DW_AT_decl_file
	.byte	11                      @ DW_FORM_data1
	.byte	59                      @ DW_AT_decl_line
	.byte	11                      @ DW_FORM_data1
	.byte	0                       @ EOM(1)
	.byte	0                       @ EOM(2)
	.byte	5                       @ Abbreviation Code
	.byte	13                      @ DW_TAG_member
	.byte	0                       @ DW_CHILDREN_no
	.byte	3                       @ DW_AT_name
	.byte	14                      @ DW_FORM_strp
	.byte	73                      @ DW_AT_type
	.byte	19                      @ DW_FORM_ref4
	.byte	58                      @ DW_AT_decl_file
	.byte	11                      @ DW_FORM_data1
	.byte	59                      @ DW_AT_decl_line
	.byte	11                      @ DW_FORM_data1
	.byte	56                      @ DW_AT_data_member_location
	.byte	11                      @ DW_FORM_data1
	.byte	0                       @ EOM(1)
	.byte	0                       @ EOM(2)
	.byte	6                       @ Abbreviation Code
	.byte	22                      @ DW_TAG_typedef
	.byte	0                       @ DW_CHILDREN_no
	.byte	73                      @ DW_AT_type
	.byte	19                      @ DW_FORM_ref4
	.byte	3                       @ DW_AT_name
	.byte	14                      @ DW_FORM_strp
	.byte	58                      @ DW_AT_decl_file
	.byte	11                      @ DW_FORM_data1
	.byte	59                      @ DW_AT_decl_line
	.byte	11                      @ DW_FORM_data1
	.byte	0                       @ EOM(1)
	.byte	0                       @ EOM(2)
	.byte	7                       @ Abbreviation Code
	.byte	36                      @ DW_TAG_base_type
	.byte	0                       @ DW_CHILDREN_no
	.byte	3                       @ DW_AT_name
	.byte	14                      @ DW_FORM_strp
	.byte	62                      @ DW_AT_encoding
	.byte	11                      @ DW_FORM_data1
	.byte	11                      @ DW_AT_byte_size
	.byte	11                      @ DW_FORM_data1
	.byte	0                       @ EOM(1)
	.byte	0                       @ EOM(2)
	.byte	8                       @ Abbreviation Code
	.byte	21                      @ DW_TAG_subroutine_type
	.byte	1                       @ DW_CHILDREN_yes
	.byte	73                      @ DW_AT_type
	.byte	19                      @ DW_FORM_ref4
	.byte	39                      @ DW_AT_prototyped
	.byte	12                      @ DW_FORM_flag
	.byte	0                       @ EOM(1)
	.byte	0                       @ EOM(2)
	.byte	9                       @ Abbreviation Code
	.byte	5                       @ DW_TAG_formal_parameter
	.byte	0                       @ DW_CHILDREN_no
	.byte	73                      @ DW_AT_type
	.byte	19                      @ DW_FORM_ref4
	.byte	0                       @ EOM(1)
	.byte	0                       @ EOM(2)
	.byte	10                      @ Abbreviation Code
	.byte	15                      @ DW_TAG_pointer_type
	.byte	0                       @ DW_CHILDREN_no
	.byte	0                       @ EOM(1)
	.byte	0                       @ EOM(2)
	.byte	11                      @ Abbreviation Code
	.byte	4                       @ DW_TAG_enumeration_type
	.byte	1                       @ DW_CHILDREN_yes
	.byte	73                      @ DW_AT_type
	.byte	19                      @ DW_FORM_ref4
	.byte	11                      @ DW_AT_byte_size
	.byte	11                      @ DW_FORM_data1
	.byte	58                      @ DW_AT_decl_file
	.byte	11                      @ DW_FORM_data1
	.byte	59                      @ DW_AT_decl_line
	.byte	11                      @ DW_FORM_data1
	.byte	0                       @ EOM(1)
	.byte	0                       @ EOM(2)
	.byte	12                      @ Abbreviation Code
	.byte	40                      @ DW_TAG_enumerator
	.byte	0                       @ DW_CHILDREN_no
	.byte	3                       @ DW_AT_name
	.byte	14                      @ DW_FORM_strp
	.byte	28                      @ DW_AT_const_value
	.byte	15                      @ DW_FORM_udata
	.byte	0                       @ EOM(1)
	.byte	0                       @ EOM(2)
	.byte	13                      @ Abbreviation Code
	.byte	46                      @ DW_TAG_subprogram
	.byte	1                       @ DW_CHILDREN_yes
	.byte	17                      @ DW_AT_low_pc
	.byte	1                       @ DW_FORM_addr
	.byte	18                      @ DW_AT_high_pc
	.byte	1                       @ DW_FORM_addr
	.byte	64                      @ DW_AT_frame_base
	.byte	10                      @ DW_FORM_block1
	.byte	3                       @ DW_AT_name
	.byte	14                      @ DW_FORM_strp
	.byte	58                      @ DW_AT_decl_file
	.byte	11                      @ DW_FORM_data1
	.byte	59                      @ DW_AT_decl_line
	.byte	11                      @ DW_FORM_data1
	.byte	39                      @ DW_AT_prototyped
	.byte	12                      @ DW_FORM_flag
	.byte	73                      @ DW_AT_type
	.byte	19                      @ DW_FORM_ref4
	.byte	63                      @ DW_AT_external
	.byte	12                      @ DW_FORM_flag
	.byte	0                       @ EOM(1)
	.byte	0                       @ EOM(2)
	.byte	14                      @ Abbreviation Code
	.byte	5                       @ DW_TAG_formal_parameter
	.byte	0                       @ DW_CHILDREN_no
	.byte	2                       @ DW_AT_location
	.byte	6                       @ DW_FORM_data4
	.byte	3                       @ DW_AT_name
	.byte	14                      @ DW_FORM_strp
	.byte	58                      @ DW_AT_decl_file
	.byte	11                      @ DW_FORM_data1
	.byte	59                      @ DW_AT_decl_line
	.byte	11                      @ DW_FORM_data1
	.byte	73                      @ DW_AT_type
	.byte	19                      @ DW_FORM_ref4
	.byte	0                       @ EOM(1)
	.byte	0                       @ EOM(2)
	.byte	15                      @ Abbreviation Code
	.byte	52                      @ DW_TAG_variable
	.byte	0                       @ DW_CHILDREN_no
	.byte	2                       @ DW_AT_location
	.byte	6                       @ DW_FORM_data4
	.byte	3                       @ DW_AT_name
	.byte	14                      @ DW_FORM_strp
	.byte	58                      @ DW_AT_decl_file
	.byte	11                      @ DW_FORM_data1
	.byte	59                      @ DW_AT_decl_line
	.byte	11                      @ DW_FORM_data1
	.byte	73                      @ DW_AT_type
	.byte	19                      @ DW_FORM_ref4
	.byte	0                       @ EOM(1)
	.byte	0                       @ EOM(2)
	.byte	16                      @ Abbreviation Code
	.byte	52                      @ DW_TAG_variable
	.byte	0                       @ DW_CHILDREN_no
	.byte	3                       @ DW_AT_name
	.byte	14                      @ DW_FORM_strp
	.byte	58                      @ DW_AT_decl_file
	.byte	11                      @ DW_FORM_data1
	.byte	59                      @ DW_AT_decl_line
	.byte	11                      @ DW_FORM_data1
	.byte	73                      @ DW_AT_type
	.byte	19                      @ DW_FORM_ref4
	.byte	0                       @ EOM(1)
	.byte	0                       @ EOM(2)
	.byte	17                      @ Abbreviation Code
	.byte	5                       @ DW_TAG_formal_parameter
	.byte	0                       @ DW_CHILDREN_no
	.byte	2                       @ DW_AT_location
	.byte	10                      @ DW_FORM_block1
	.byte	3                       @ DW_AT_name
	.byte	14                      @ DW_FORM_strp
	.byte	58                      @ DW_AT_decl_file
	.byte	11                      @ DW_FORM_data1
	.byte	59                      @ DW_AT_decl_line
	.byte	11                      @ DW_FORM_data1
	.byte	73                      @ DW_AT_type
	.byte	19                      @ DW_FORM_ref4
	.byte	0                       @ EOM(1)
	.byte	0                       @ EOM(2)
	.byte	18                      @ Abbreviation Code
	.byte	46                      @ DW_TAG_subprogram
	.byte	1                       @ DW_CHILDREN_yes
	.byte	17                      @ DW_AT_low_pc
	.byte	1                       @ DW_FORM_addr
	.byte	18                      @ DW_AT_high_pc
	.byte	1                       @ DW_FORM_addr
	.byte	64                      @ DW_AT_frame_base
	.byte	10                      @ DW_FORM_block1
	.byte	3                       @ DW_AT_name
	.byte	14                      @ DW_FORM_strp
	.byte	58                      @ DW_AT_decl_file
	.byte	11                      @ DW_FORM_data1
	.byte	59                      @ DW_AT_decl_line
	.byte	11                      @ DW_FORM_data1
	.byte	39                      @ DW_AT_prototyped
	.byte	12                      @ DW_FORM_flag
	.byte	63                      @ DW_AT_external
	.byte	12                      @ DW_FORM_flag
	.byte	0                       @ EOM(1)
	.byte	0                       @ EOM(2)
	.byte	19                      @ Abbreviation Code
	.byte	46                      @ DW_TAG_subprogram
	.byte	1                       @ DW_CHILDREN_yes
	.byte	17                      @ DW_AT_low_pc
	.byte	1                       @ DW_FORM_addr
	.byte	18                      @ DW_AT_high_pc
	.byte	1                       @ DW_FORM_addr
	.byte	64                      @ DW_AT_frame_base
	.byte	10                      @ DW_FORM_block1
	.byte	3                       @ DW_AT_name
	.byte	14                      @ DW_FORM_strp
	.byte	58                      @ DW_AT_decl_file
	.byte	11                      @ DW_FORM_data1
	.byte	59                      @ DW_AT_decl_line
	.byte	5                       @ DW_FORM_data2
	.byte	39                      @ DW_AT_prototyped
	.byte	12                      @ DW_FORM_flag
	.byte	73                      @ DW_AT_type
	.byte	19                      @ DW_FORM_ref4
	.byte	63                      @ DW_AT_external
	.byte	12                      @ DW_FORM_flag
	.byte	0                       @ EOM(1)
	.byte	0                       @ EOM(2)
	.byte	20                      @ Abbreviation Code
	.byte	5                       @ DW_TAG_formal_parameter
	.byte	0                       @ DW_CHILDREN_no
	.byte	2                       @ DW_AT_location
	.byte	10                      @ DW_FORM_block1
	.byte	3                       @ DW_AT_name
	.byte	14                      @ DW_FORM_strp
	.byte	58                      @ DW_AT_decl_file
	.byte	11                      @ DW_FORM_data1
	.byte	59                      @ DW_AT_decl_line
	.byte	5                       @ DW_FORM_data2
	.byte	73                      @ DW_AT_type
	.byte	19                      @ DW_FORM_ref4
	.byte	0                       @ EOM(1)
	.byte	0                       @ EOM(2)
	.byte	21                      @ Abbreviation Code
	.byte	46                      @ DW_TAG_subprogram
	.byte	1                       @ DW_CHILDREN_yes
	.byte	17                      @ DW_AT_low_pc
	.byte	1                       @ DW_FORM_addr
	.byte	18                      @ DW_AT_high_pc
	.byte	1                       @ DW_FORM_addr
	.byte	64                      @ DW_AT_frame_base
	.byte	10                      @ DW_FORM_block1
	.byte	3                       @ DW_AT_name
	.byte	14                      @ DW_FORM_strp
	.byte	58                      @ DW_AT_decl_file
	.byte	11                      @ DW_FORM_data1
	.byte	59                      @ DW_AT_decl_line
	.byte	5                       @ DW_FORM_data2
	.byte	39                      @ DW_AT_prototyped
	.byte	12                      @ DW_FORM_flag
	.byte	63                      @ DW_AT_external
	.byte	12                      @ DW_FORM_flag
	.byte	0                       @ EOM(1)
	.byte	0                       @ EOM(2)
	.byte	22                      @ Abbreviation Code
	.byte	5                       @ DW_TAG_formal_parameter
	.byte	0                       @ DW_CHILDREN_no
	.byte	2                       @ DW_AT_location
	.byte	6                       @ DW_FORM_data4
	.byte	3                       @ DW_AT_name
	.byte	14                      @ DW_FORM_strp
	.byte	58                      @ DW_AT_decl_file
	.byte	11                      @ DW_FORM_data1
	.byte	59                      @ DW_AT_decl_line
	.byte	5                       @ DW_FORM_data2
	.byte	73                      @ DW_AT_type
	.byte	19                      @ DW_FORM_ref4
	.byte	0                       @ EOM(1)
	.byte	0                       @ EOM(2)
	.byte	23                      @ Abbreviation Code
	.byte	52                      @ DW_TAG_variable
	.byte	0                       @ DW_CHILDREN_no
	.byte	2                       @ DW_AT_location
	.byte	6                       @ DW_FORM_data4
	.byte	3                       @ DW_AT_name
	.byte	14                      @ DW_FORM_strp
	.byte	58                      @ DW_AT_decl_file
	.byte	11                      @ DW_FORM_data1
	.byte	59                      @ DW_AT_decl_line
	.byte	5                       @ DW_FORM_data2
	.byte	73                      @ DW_AT_type
	.byte	19                      @ DW_FORM_ref4
	.byte	0                       @ EOM(1)
	.byte	0                       @ EOM(2)
	.byte	24                      @ Abbreviation Code
	.byte	1                       @ DW_TAG_array_type
	.byte	1                       @ DW_CHILDREN_yes
	.byte	73                      @ DW_AT_type
	.byte	19                      @ DW_FORM_ref4
	.byte	0                       @ EOM(1)
	.byte	0                       @ EOM(2)
	.byte	25                      @ Abbreviation Code
	.byte	33                      @ DW_TAG_subrange_type
	.byte	0                       @ DW_CHILDREN_no
	.byte	73                      @ DW_AT_type
	.byte	19                      @ DW_FORM_ref4
	.byte	55                      @ DW_AT_count
	.byte	11                      @ DW_FORM_data1
	.byte	0                       @ EOM(1)
	.byte	0                       @ EOM(2)
	.byte	26                      @ Abbreviation Code
	.byte	36                      @ DW_TAG_base_type
	.byte	0                       @ DW_CHILDREN_no
	.byte	3                       @ DW_AT_name
	.byte	14                      @ DW_FORM_strp
	.byte	11                      @ DW_AT_byte_size
	.byte	11                      @ DW_FORM_data1
	.byte	62                      @ DW_AT_encoding
	.byte	11                      @ DW_FORM_data1
	.byte	0                       @ EOM(1)
	.byte	0                       @ EOM(2)
	.byte	0                       @ EOM(3)
	.section	.debug_info,"",%progbits
.Lcu_begin0:
	.long	.Ldebug_info_end0-.Ldebug_info_start0 @ Length of Unit
.Ldebug_info_start0:
	.short	3                       @ DWARF version number
	.long	.debug_abbrev           @ Offset Into Abbrev. Section
	.byte	4                       @ Address Size (in bytes)
	.byte	1                       @ Abbrev [1] 0xb:0x687 DW_TAG_compile_unit
	.long	.Linfo_string0          @ DW_AT_producer
	.short	12                      @ DW_AT_language
	.long	.Linfo_string1          @ DW_AT_name
	.long	.Lline_table_start0     @ DW_AT_stmt_list
	.long	.Linfo_string2          @ DW_AT_comp_dir
	.long	0                       @ DW_AT_low_pc
	.long	.Ldebug_ranges0         @ DW_AT_ranges
	.byte	2                       @ Abbrev [2] 0x26:0x11 DW_TAG_variable
	.long	.Linfo_string3          @ DW_AT_name
	.long	55                      @ DW_AT_type
	.byte	5                       @ DW_AT_decl_file
	.byte	56                      @ DW_AT_decl_line
	.byte	5                       @ DW_AT_location
	.byte	3
	.long	raw_pcbs
	.byte	3                       @ Abbrev [3] 0x37:0x5 DW_TAG_pointer_type
	.long	60                      @ DW_AT_type
	.byte	4                       @ Abbrev [4] 0x3c:0x75 DW_TAG_structure_type
	.long	.Linfo_string30         @ DW_AT_name
	.byte	28                      @ DW_AT_byte_size
	.byte	3                       @ DW_AT_decl_file
	.byte	63                      @ DW_AT_decl_line
	.byte	5                       @ Abbrev [5] 0x44:0xc DW_TAG_member
	.long	.Linfo_string4          @ DW_AT_name
	.long	177                     @ DW_AT_type
	.byte	3                       @ DW_AT_decl_file
	.byte	65                      @ DW_AT_decl_line
	.byte	0                       @ DW_AT_data_member_location
	.byte	5                       @ Abbrev [5] 0x50:0xc DW_TAG_member
	.long	.Linfo_string10         @ DW_AT_name
	.long	177                     @ DW_AT_type
	.byte	3                       @ DW_AT_decl_file
	.byte	65                      @ DW_AT_decl_line
	.byte	4                       @ DW_AT_data_member_location
	.byte	5                       @ Abbrev [5] 0x5c:0xc DW_TAG_member
	.long	.Linfo_string11         @ DW_AT_name
	.long	227                     @ DW_AT_type
	.byte	3                       @ DW_AT_decl_file
	.byte	65                      @ DW_AT_decl_line
	.byte	8                       @ DW_AT_data_member_location
	.byte	5                       @ Abbrev [5] 0x68:0xc DW_TAG_member
	.long	.Linfo_string14         @ DW_AT_name
	.long	227                     @ DW_AT_type
	.byte	3                       @ DW_AT_decl_file
	.byte	65                      @ DW_AT_decl_line
	.byte	9                       @ DW_AT_data_member_location
	.byte	5                       @ Abbrev [5] 0x74:0xc DW_TAG_member
	.long	.Linfo_string15         @ DW_AT_name
	.long	227                     @ DW_AT_type
	.byte	3                       @ DW_AT_decl_file
	.byte	65                      @ DW_AT_decl_line
	.byte	10                      @ DW_AT_data_member_location
	.byte	5                       @ Abbrev [5] 0x80:0xc DW_TAG_member
	.long	.Linfo_string16         @ DW_AT_name
	.long	55                      @ DW_AT_type
	.byte	3                       @ DW_AT_decl_file
	.byte	67                      @ DW_AT_decl_line
	.byte	12                      @ DW_AT_data_member_location
	.byte	5                       @ Abbrev [5] 0x8c:0xc DW_TAG_member
	.long	.Linfo_string17         @ DW_AT_name
	.long	227                     @ DW_AT_type
	.byte	3                       @ DW_AT_decl_file
	.byte	69                      @ DW_AT_decl_line
	.byte	16                      @ DW_AT_data_member_location
	.byte	5                       @ Abbrev [5] 0x98:0xc DW_TAG_member
	.long	.Linfo_string18         @ DW_AT_name
	.long	245                     @ DW_AT_type
	.byte	3                       @ DW_AT_decl_file
	.byte	72                      @ DW_AT_decl_line
	.byte	20                      @ DW_AT_data_member_location
	.byte	5                       @ Abbrev [5] 0xa4:0xc DW_TAG_member
	.long	.Linfo_string29         @ DW_AT_name
	.long	288                     @ DW_AT_type
	.byte	3                       @ DW_AT_decl_file
	.byte	74                      @ DW_AT_decl_line
	.byte	24                      @ DW_AT_data_member_location
	.byte	0                       @ End Of Children Mark
	.byte	6                       @ Abbrev [6] 0xb1:0xb DW_TAG_typedef
	.long	188                     @ DW_AT_type
	.long	.Linfo_string9          @ DW_AT_name
	.byte	2                       @ DW_AT_decl_file
	.byte	64                      @ DW_AT_decl_line
	.byte	4                       @ Abbrev [4] 0xbc:0x15 DW_TAG_structure_type
	.long	.Linfo_string8          @ DW_AT_name
	.byte	4                       @ DW_AT_byte_size
	.byte	2                       @ DW_AT_decl_file
	.byte	44                      @ DW_AT_decl_line
	.byte	5                       @ Abbrev [5] 0xc4:0xc DW_TAG_member
	.long	.Linfo_string5          @ DW_AT_name
	.long	209                     @ DW_AT_type
	.byte	2                       @ DW_AT_decl_file
	.byte	45                      @ DW_AT_decl_line
	.byte	0                       @ DW_AT_data_member_location
	.byte	0                       @ End Of Children Mark
	.byte	6                       @ Abbrev [6] 0xd1:0xb DW_TAG_typedef
	.long	220                     @ DW_AT_type
	.long	.Linfo_string7          @ DW_AT_name
	.byte	1                       @ DW_AT_decl_file
	.byte	41                      @ DW_AT_decl_line
	.byte	7                       @ Abbrev [7] 0xdc:0x7 DW_TAG_base_type
	.long	.Linfo_string6          @ DW_AT_name
	.byte	7                       @ DW_AT_encoding
	.byte	4                       @ DW_AT_byte_size
	.byte	6                       @ Abbrev [6] 0xe3:0xb DW_TAG_typedef
	.long	238                     @ DW_AT_type
	.long	.Linfo_string13         @ DW_AT_name
	.byte	1                       @ DW_AT_decl_file
	.byte	37                      @ DW_AT_decl_line
	.byte	7                       @ Abbrev [7] 0xee:0x7 DW_TAG_base_type
	.long	.Linfo_string12         @ DW_AT_name
	.byte	8                       @ DW_AT_encoding
	.byte	1                       @ DW_AT_byte_size
	.byte	6                       @ Abbrev [6] 0xf5:0xb DW_TAG_typedef
	.long	256                     @ DW_AT_type
	.long	.Linfo_string28         @ DW_AT_name
	.byte	3                       @ DW_AT_decl_file
	.byte	60                      @ DW_AT_decl_line
	.byte	3                       @ Abbrev [3] 0x100:0x5 DW_TAG_pointer_type
	.long	261                     @ DW_AT_type
	.byte	8                       @ Abbrev [8] 0x105:0x1b DW_TAG_subroutine_type
	.long	227                     @ DW_AT_type
	.byte	1                       @ DW_AT_prototyped
	.byte	9                       @ Abbrev [9] 0x10b:0x5 DW_TAG_formal_parameter
	.long	288                     @ DW_AT_type
	.byte	9                       @ Abbrev [9] 0x110:0x5 DW_TAG_formal_parameter
	.long	55                      @ DW_AT_type
	.byte	9                       @ Abbrev [9] 0x115:0x5 DW_TAG_formal_parameter
	.long	289                     @ DW_AT_type
	.byte	9                       @ Abbrev [9] 0x11a:0x5 DW_TAG_formal_parameter
	.long	405                     @ DW_AT_type
	.byte	0                       @ End Of Children Mark
	.byte	10                      @ Abbrev [10] 0x120:0x1 DW_TAG_pointer_type
	.byte	3                       @ Abbrev [3] 0x121:0x5 DW_TAG_pointer_type
	.long	294                     @ DW_AT_type
	.byte	4                       @ Abbrev [4] 0x126:0x5d DW_TAG_structure_type
	.long	.Linfo_string27         @ DW_AT_name
	.byte	16                      @ DW_AT_byte_size
	.byte	4                       @ DW_AT_decl_file
	.byte	79                      @ DW_AT_decl_line
	.byte	5                       @ Abbrev [5] 0x12e:0xc DW_TAG_member
	.long	.Linfo_string16         @ DW_AT_name
	.long	289                     @ DW_AT_type
	.byte	4                       @ DW_AT_decl_file
	.byte	81                      @ DW_AT_decl_line
	.byte	0                       @ DW_AT_data_member_location
	.byte	5                       @ Abbrev [5] 0x13a:0xc DW_TAG_member
	.long	.Linfo_string19         @ DW_AT_name
	.long	288                     @ DW_AT_type
	.byte	4                       @ DW_AT_decl_file
	.byte	84                      @ DW_AT_decl_line
	.byte	4                       @ DW_AT_data_member_location
	.byte	5                       @ Abbrev [5] 0x146:0xc DW_TAG_member
	.long	.Linfo_string20         @ DW_AT_name
	.long	387                     @ DW_AT_type
	.byte	4                       @ DW_AT_decl_file
	.byte	93                      @ DW_AT_decl_line
	.byte	8                       @ DW_AT_data_member_location
	.byte	5                       @ Abbrev [5] 0x152:0xc DW_TAG_member
	.long	.Linfo_string23         @ DW_AT_name
	.long	387                     @ DW_AT_type
	.byte	4                       @ DW_AT_decl_file
	.byte	96                      @ DW_AT_decl_line
	.byte	10                      @ DW_AT_data_member_location
	.byte	5                       @ Abbrev [5] 0x15e:0xc DW_TAG_member
	.long	.Linfo_string24         @ DW_AT_name
	.long	227                     @ DW_AT_type
	.byte	4                       @ DW_AT_decl_file
	.byte	99                      @ DW_AT_decl_line
	.byte	12                      @ DW_AT_data_member_location
	.byte	5                       @ Abbrev [5] 0x16a:0xc DW_TAG_member
	.long	.Linfo_string25         @ DW_AT_name
	.long	227                     @ DW_AT_type
	.byte	4                       @ DW_AT_decl_file
	.byte	102                     @ DW_AT_decl_line
	.byte	13                      @ DW_AT_data_member_location
	.byte	5                       @ Abbrev [5] 0x176:0xc DW_TAG_member
	.long	.Linfo_string26         @ DW_AT_name
	.long	387                     @ DW_AT_type
	.byte	4                       @ DW_AT_decl_file
	.byte	109                     @ DW_AT_decl_line
	.byte	14                      @ DW_AT_data_member_location
	.byte	0                       @ End Of Children Mark
	.byte	6                       @ Abbrev [6] 0x183:0xb DW_TAG_typedef
	.long	398                     @ DW_AT_type
	.long	.Linfo_string22         @ DW_AT_name
	.byte	1                       @ DW_AT_decl_file
	.byte	39                      @ DW_AT_decl_line
	.byte	7                       @ Abbrev [7] 0x18e:0x7 DW_TAG_base_type
	.long	.Linfo_string21         @ DW_AT_name
	.byte	7                       @ DW_AT_encoding
	.byte	2                       @ DW_AT_byte_size
	.byte	3                       @ Abbrev [3] 0x195:0x5 DW_TAG_pointer_type
	.long	177                     @ DW_AT_type
	.byte	11                      @ Abbrev [11] 0x19a:0x21 DW_TAG_enumeration_type
	.long	238                     @ DW_AT_type
	.byte	1                       @ DW_AT_byte_size
	.byte	4                       @ DW_AT_decl_file
	.byte	50                      @ DW_AT_decl_line
	.byte	12                      @ Abbrev [12] 0x1a2:0x6 DW_TAG_enumerator
	.long	.Linfo_string31         @ DW_AT_name
	.byte	0                       @ DW_AT_const_value
	.byte	12                      @ Abbrev [12] 0x1a8:0x6 DW_TAG_enumerator
	.long	.Linfo_string32         @ DW_AT_name
	.byte	1                       @ DW_AT_const_value
	.byte	12                      @ Abbrev [12] 0x1ae:0x6 DW_TAG_enumerator
	.long	.Linfo_string33         @ DW_AT_name
	.byte	2                       @ DW_AT_const_value
	.byte	12                      @ Abbrev [12] 0x1b4:0x6 DW_TAG_enumerator
	.long	.Linfo_string34         @ DW_AT_name
	.byte	3                       @ DW_AT_const_value
	.byte	0                       @ End Of Children Mark
	.byte	11                      @ Abbrev [11] 0x1bb:0x21 DW_TAG_enumeration_type
	.long	238                     @ DW_AT_type
	.byte	1                       @ DW_AT_byte_size
	.byte	4                       @ DW_AT_decl_file
	.byte	57                      @ DW_AT_decl_line
	.byte	12                      @ Abbrev [12] 0x1c3:0x6 DW_TAG_enumerator
	.long	.Linfo_string35         @ DW_AT_name
	.byte	0                       @ DW_AT_const_value
	.byte	12                      @ Abbrev [12] 0x1c9:0x6 DW_TAG_enumerator
	.long	.Linfo_string36         @ DW_AT_name
	.byte	1                       @ DW_AT_const_value
	.byte	12                      @ Abbrev [12] 0x1cf:0x6 DW_TAG_enumerator
	.long	.Linfo_string37         @ DW_AT_name
	.byte	2                       @ DW_AT_const_value
	.byte	12                      @ Abbrev [12] 0x1d5:0x6 DW_TAG_enumerator
	.long	.Linfo_string38         @ DW_AT_name
	.byte	3                       @ DW_AT_const_value
	.byte	0                       @ End Of Children Mark
	.byte	11                      @ Abbrev [11] 0x1dc:0x4b DW_TAG_enumeration_type
	.long	238                     @ DW_AT_type
	.byte	1                       @ DW_AT_byte_size
	.byte	6                       @ DW_AT_decl_file
	.byte	43                      @ DW_AT_decl_line
	.byte	12                      @ Abbrev [12] 0x1e4:0x6 DW_TAG_enumerator
	.long	.Linfo_string39         @ DW_AT_name
	.byte	0                       @ DW_AT_const_value
	.byte	12                      @ Abbrev [12] 0x1ea:0x6 DW_TAG_enumerator
	.long	.Linfo_string40         @ DW_AT_name
	.byte	1                       @ DW_AT_const_value
	.byte	12                      @ Abbrev [12] 0x1f0:0x6 DW_TAG_enumerator
	.long	.Linfo_string41         @ DW_AT_name
	.byte	2                       @ DW_AT_const_value
	.byte	12                      @ Abbrev [12] 0x1f6:0x6 DW_TAG_enumerator
	.long	.Linfo_string42         @ DW_AT_name
	.byte	3                       @ DW_AT_const_value
	.byte	12                      @ Abbrev [12] 0x1fc:0x6 DW_TAG_enumerator
	.long	.Linfo_string43         @ DW_AT_name
	.byte	4                       @ DW_AT_const_value
	.byte	12                      @ Abbrev [12] 0x202:0x6 DW_TAG_enumerator
	.long	.Linfo_string44         @ DW_AT_name
	.byte	5                       @ DW_AT_const_value
	.byte	12                      @ Abbrev [12] 0x208:0x6 DW_TAG_enumerator
	.long	.Linfo_string45         @ DW_AT_name
	.byte	6                       @ DW_AT_const_value
	.byte	12                      @ Abbrev [12] 0x20e:0x6 DW_TAG_enumerator
	.long	.Linfo_string46         @ DW_AT_name
	.byte	7                       @ DW_AT_const_value
	.byte	12                      @ Abbrev [12] 0x214:0x6 DW_TAG_enumerator
	.long	.Linfo_string47         @ DW_AT_name
	.byte	8                       @ DW_AT_const_value
	.byte	12                      @ Abbrev [12] 0x21a:0x6 DW_TAG_enumerator
	.long	.Linfo_string48         @ DW_AT_name
	.byte	9                       @ DW_AT_const_value
	.byte	12                      @ Abbrev [12] 0x220:0x6 DW_TAG_enumerator
	.long	.Linfo_string49         @ DW_AT_name
	.byte	10                      @ DW_AT_const_value
	.byte	0                       @ End Of Children Mark
	.byte	3                       @ Abbrev [3] 0x227:0x5 DW_TAG_pointer_type
	.long	556                     @ DW_AT_type
	.byte	4                       @ Abbrev [4] 0x22c:0x81 DW_TAG_structure_type
	.long	.Linfo_string62         @ DW_AT_name
	.byte	20                      @ DW_AT_byte_size
	.byte	7                       @ DW_AT_decl_file
	.byte	116                     @ DW_AT_decl_line
	.byte	5                       @ Abbrev [5] 0x234:0xc DW_TAG_member
	.long	.Linfo_string50         @ DW_AT_name
	.long	227                     @ DW_AT_type
	.byte	7                       @ DW_AT_decl_file
	.byte	118                     @ DW_AT_decl_line
	.byte	0                       @ DW_AT_data_member_location
	.byte	5                       @ Abbrev [5] 0x240:0xc DW_TAG_member
	.long	.Linfo_string51         @ DW_AT_name
	.long	227                     @ DW_AT_type
	.byte	7                       @ DW_AT_decl_file
	.byte	120                     @ DW_AT_decl_line
	.byte	1                       @ DW_AT_data_member_location
	.byte	5                       @ Abbrev [5] 0x24c:0xc DW_TAG_member
	.long	.Linfo_string52         @ DW_AT_name
	.long	387                     @ DW_AT_type
	.byte	7                       @ DW_AT_decl_file
	.byte	122                     @ DW_AT_decl_line
	.byte	2                       @ DW_AT_data_member_location
	.byte	5                       @ Abbrev [5] 0x258:0xc DW_TAG_member
	.long	.Linfo_string53         @ DW_AT_name
	.long	387                     @ DW_AT_type
	.byte	7                       @ DW_AT_decl_file
	.byte	124                     @ DW_AT_decl_line
	.byte	4                       @ DW_AT_data_member_location
	.byte	5                       @ Abbrev [5] 0x264:0xc DW_TAG_member
	.long	.Linfo_string54         @ DW_AT_name
	.long	387                     @ DW_AT_type
	.byte	7                       @ DW_AT_decl_file
	.byte	126                     @ DW_AT_decl_line
	.byte	6                       @ DW_AT_data_member_location
	.byte	5                       @ Abbrev [5] 0x270:0xc DW_TAG_member
	.long	.Linfo_string55         @ DW_AT_name
	.long	227                     @ DW_AT_type
	.byte	7                       @ DW_AT_decl_file
	.byte	132                     @ DW_AT_decl_line
	.byte	8                       @ DW_AT_data_member_location
	.byte	5                       @ Abbrev [5] 0x27c:0xc DW_TAG_member
	.long	.Linfo_string56         @ DW_AT_name
	.long	227                     @ DW_AT_type
	.byte	7                       @ DW_AT_decl_file
	.byte	134                     @ DW_AT_decl_line
	.byte	9                       @ DW_AT_data_member_location
	.byte	5                       @ Abbrev [5] 0x288:0xc DW_TAG_member
	.long	.Linfo_string57         @ DW_AT_name
	.long	387                     @ DW_AT_type
	.byte	7                       @ DW_AT_decl_file
	.byte	136                     @ DW_AT_decl_line
	.byte	10                      @ DW_AT_data_member_location
	.byte	5                       @ Abbrev [5] 0x294:0xc DW_TAG_member
	.long	.Linfo_string58         @ DW_AT_name
	.long	685                     @ DW_AT_type
	.byte	7                       @ DW_AT_decl_file
	.byte	138                     @ DW_AT_decl_line
	.byte	12                      @ DW_AT_data_member_location
	.byte	5                       @ Abbrev [5] 0x2a0:0xc DW_TAG_member
	.long	.Linfo_string61         @ DW_AT_name
	.long	685                     @ DW_AT_type
	.byte	7                       @ DW_AT_decl_file
	.byte	139                     @ DW_AT_decl_line
	.byte	16                      @ DW_AT_data_member_location
	.byte	0                       @ End Of Children Mark
	.byte	6                       @ Abbrev [6] 0x2ad:0xb DW_TAG_typedef
	.long	696                     @ DW_AT_type
	.long	.Linfo_string60         @ DW_AT_name
	.byte	2                       @ DW_AT_decl_file
	.byte	65                      @ DW_AT_decl_line
	.byte	4                       @ Abbrev [4] 0x2b8:0x15 DW_TAG_structure_type
	.long	.Linfo_string59         @ DW_AT_name
	.byte	4                       @ DW_AT_byte_size
	.byte	2                       @ DW_AT_decl_file
	.byte	54                      @ DW_AT_decl_line
	.byte	5                       @ Abbrev [5] 0x2c0:0xc DW_TAG_member
	.long	.Linfo_string5          @ DW_AT_name
	.long	209                     @ DW_AT_type
	.byte	2                       @ DW_AT_decl_file
	.byte	55                      @ DW_AT_decl_line
	.byte	0                       @ DW_AT_data_member_location
	.byte	0                       @ End Of Children Mark
	.byte	13                      @ Abbrev [13] 0x2cd:0x7d DW_TAG_subprogram
	.long	.Lfunc_begin0           @ DW_AT_low_pc
	.long	.Lfunc_end0             @ DW_AT_high_pc
	.byte	1                       @ DW_AT_frame_base
	.byte	93
	.long	.Linfo_string63         @ DW_AT_name
	.byte	5                       @ DW_AT_decl_file
	.byte	76                      @ DW_AT_decl_line
	.byte	1                       @ DW_AT_prototyped
	.long	227                     @ DW_AT_type
	.byte	1                       @ DW_AT_external
	.byte	14                      @ Abbrev [14] 0x2e4:0xf DW_TAG_formal_parameter
	.long	.Ldebug_loc0            @ DW_AT_location
	.long	.Linfo_string74         @ DW_AT_name
	.byte	5                       @ DW_AT_decl_file
	.byte	76                      @ DW_AT_decl_line
	.long	289                     @ DW_AT_type
	.byte	14                      @ Abbrev [14] 0x2f3:0xf DW_TAG_formal_parameter
	.long	.Ldebug_loc1            @ DW_AT_location
	.long	.Linfo_string75         @ DW_AT_name
	.byte	5                       @ DW_AT_decl_file
	.byte	76                      @ DW_AT_decl_line
	.long	1322                    @ DW_AT_type
	.byte	15                      @ Abbrev [15] 0x302:0xf DW_TAG_variable
	.long	.Ldebug_loc2            @ DW_AT_location
	.long	.Linfo_string94         @ DW_AT_name
	.byte	5                       @ DW_AT_decl_file
	.byte	78                      @ DW_AT_decl_line
	.long	55                      @ DW_AT_type
	.byte	15                      @ Abbrev [15] 0x311:0xf DW_TAG_variable
	.long	.Ldebug_loc3            @ DW_AT_location
	.long	.Linfo_string95         @ DW_AT_name
	.byte	5                       @ DW_AT_decl_file
	.byte	81                      @ DW_AT_decl_line
	.long	227                     @ DW_AT_type
	.byte	15                      @ Abbrev [15] 0x320:0xf DW_TAG_variable
	.long	.Ldebug_loc4            @ DW_AT_location
	.long	.Linfo_string96         @ DW_AT_name
	.byte	5                       @ DW_AT_decl_file
	.byte	78                      @ DW_AT_decl_line
	.long	55                      @ DW_AT_type
	.byte	15                      @ Abbrev [15] 0x32f:0xf DW_TAG_variable
	.long	.Ldebug_loc5            @ DW_AT_location
	.long	.Linfo_string97         @ DW_AT_name
	.byte	5                       @ DW_AT_decl_file
	.byte	79                      @ DW_AT_decl_line
	.long	551                     @ DW_AT_type
	.byte	16                      @ Abbrev [16] 0x33e:0xb DW_TAG_variable
	.long	.Linfo_string98         @ DW_AT_name
	.byte	5                       @ DW_AT_decl_file
	.byte	80                      @ DW_AT_decl_line
	.long	1663                    @ DW_AT_type
	.byte	0                       @ End Of Children Mark
	.byte	13                      @ Abbrev [13] 0x34a:0x34 DW_TAG_subprogram
	.long	.Lfunc_begin1           @ DW_AT_low_pc
	.long	.Lfunc_end1             @ DW_AT_high_pc
	.byte	1                       @ DW_AT_frame_base
	.byte	93
	.long	.Linfo_string64         @ DW_AT_name
	.byte	5                       @ DW_AT_decl_file
	.byte	147                     @ DW_AT_decl_line
	.byte	1                       @ DW_AT_prototyped
	.long	1293                    @ DW_AT_type
	.byte	1                       @ DW_AT_external
	.byte	17                      @ Abbrev [17] 0x361:0xd DW_TAG_formal_parameter
	.byte	1                       @ DW_AT_location
	.byte	80
	.long	.Linfo_string96         @ DW_AT_name
	.byte	5                       @ DW_AT_decl_file
	.byte	147                     @ DW_AT_decl_line
	.long	55                      @ DW_AT_type
	.byte	14                      @ Abbrev [14] 0x36e:0xf DW_TAG_formal_parameter
	.long	.Ldebug_loc6            @ DW_AT_location
	.long	.Linfo_string101        @ DW_AT_name
	.byte	5                       @ DW_AT_decl_file
	.byte	147                     @ DW_AT_decl_line
	.long	405                     @ DW_AT_type
	.byte	0                       @ End Of Children Mark
	.byte	13                      @ Abbrev [13] 0x37e:0x34 DW_TAG_subprogram
	.long	.Lfunc_begin2           @ DW_AT_low_pc
	.long	.Lfunc_end2             @ DW_AT_high_pc
	.byte	1                       @ DW_AT_frame_base
	.byte	93
	.long	.Linfo_string68         @ DW_AT_name
	.byte	5                       @ DW_AT_decl_file
	.byte	167                     @ DW_AT_decl_line
	.byte	1                       @ DW_AT_prototyped
	.long	1293                    @ DW_AT_type
	.byte	1                       @ DW_AT_external
	.byte	17                      @ Abbrev [17] 0x395:0xd DW_TAG_formal_parameter
	.byte	1                       @ DW_AT_location
	.byte	80
	.long	.Linfo_string96         @ DW_AT_name
	.byte	5                       @ DW_AT_decl_file
	.byte	167                     @ DW_AT_decl_line
	.long	55                      @ DW_AT_type
	.byte	14                      @ Abbrev [14] 0x3a2:0xf DW_TAG_formal_parameter
	.long	.Ldebug_loc7            @ DW_AT_location
	.long	.Linfo_string101        @ DW_AT_name
	.byte	5                       @ DW_AT_decl_file
	.byte	167                     @ DW_AT_decl_line
	.long	405                     @ DW_AT_type
	.byte	0                       @ End Of Children Mark
	.byte	18                      @ Abbrev [18] 0x3b2:0x3b DW_TAG_subprogram
	.long	.Lfunc_begin3           @ DW_AT_low_pc
	.long	.Lfunc_end3             @ DW_AT_high_pc
	.byte	1                       @ DW_AT_frame_base
	.byte	93
	.long	.Linfo_string69         @ DW_AT_name
	.byte	5                       @ DW_AT_decl_file
	.byte	187                     @ DW_AT_decl_line
	.byte	1                       @ DW_AT_prototyped
	.byte	1                       @ DW_AT_external
	.byte	17                      @ Abbrev [17] 0x3c5:0xd DW_TAG_formal_parameter
	.byte	1                       @ DW_AT_location
	.byte	80
	.long	.Linfo_string96         @ DW_AT_name
	.byte	5                       @ DW_AT_decl_file
	.byte	187                     @ DW_AT_decl_line
	.long	55                      @ DW_AT_type
	.byte	17                      @ Abbrev [17] 0x3d2:0xd DW_TAG_formal_parameter
	.byte	1                       @ DW_AT_location
	.byte	81
	.long	.Linfo_string18         @ DW_AT_name
	.byte	5                       @ DW_AT_decl_file
	.byte	187                     @ DW_AT_decl_line
	.long	245                     @ DW_AT_type
	.byte	17                      @ Abbrev [17] 0x3df:0xd DW_TAG_formal_parameter
	.byte	1                       @ DW_AT_location
	.byte	82
	.long	.Linfo_string29         @ DW_AT_name
	.byte	5                       @ DW_AT_decl_file
	.byte	187                     @ DW_AT_decl_line
	.long	288                     @ DW_AT_type
	.byte	0                       @ End Of Children Mark
	.byte	13                      @ Abbrev [13] 0x3ed:0x7d DW_TAG_subprogram
	.long	.Lfunc_begin4           @ DW_AT_low_pc
	.long	.Lfunc_end4             @ DW_AT_high_pc
	.byte	1                       @ DW_AT_frame_base
	.byte	93
	.long	.Linfo_string70         @ DW_AT_name
	.byte	5                       @ DW_AT_decl_file
	.byte	207                     @ DW_AT_decl_line
	.byte	1                       @ DW_AT_prototyped
	.long	1293                    @ DW_AT_type
	.byte	1                       @ DW_AT_external
	.byte	14                      @ Abbrev [14] 0x404:0xf DW_TAG_formal_parameter
	.long	.Ldebug_loc8            @ DW_AT_location
	.long	.Linfo_string96         @ DW_AT_name
	.byte	5                       @ DW_AT_decl_file
	.byte	207                     @ DW_AT_decl_line
	.long	55                      @ DW_AT_type
	.byte	14                      @ Abbrev [14] 0x413:0xf DW_TAG_formal_parameter
	.long	.Ldebug_loc9            @ DW_AT_location
	.long	.Linfo_string74         @ DW_AT_name
	.byte	5                       @ DW_AT_decl_file
	.byte	207                     @ DW_AT_decl_line
	.long	289                     @ DW_AT_type
	.byte	14                      @ Abbrev [14] 0x422:0xf DW_TAG_formal_parameter
	.long	.Ldebug_loc10           @ DW_AT_location
	.long	.Linfo_string101        @ DW_AT_name
	.byte	5                       @ DW_AT_decl_file
	.byte	207                     @ DW_AT_decl_line
	.long	405                     @ DW_AT_type
	.byte	15                      @ Abbrev [15] 0x431:0xf DW_TAG_variable
	.long	.Ldebug_loc11           @ DW_AT_location
	.long	.Linfo_string102        @ DW_AT_name
	.byte	5                       @ DW_AT_decl_file
	.byte	212                     @ DW_AT_decl_line
	.long	289                     @ DW_AT_type
	.byte	15                      @ Abbrev [15] 0x440:0xf DW_TAG_variable
	.long	.Ldebug_loc12           @ DW_AT_location
	.long	.Linfo_string93         @ DW_AT_name
	.byte	5                       @ DW_AT_decl_file
	.byte	210                     @ DW_AT_decl_line
	.long	1322                    @ DW_AT_type
	.byte	15                      @ Abbrev [15] 0x44f:0xf DW_TAG_variable
	.long	.Ldebug_loc13           @ DW_AT_location
	.long	.Linfo_string103        @ DW_AT_name
	.byte	5                       @ DW_AT_decl_file
	.byte	211                     @ DW_AT_decl_line
	.long	405                     @ DW_AT_type
	.byte	16                      @ Abbrev [16] 0x45e:0xb DW_TAG_variable
	.long	.Linfo_string104        @ DW_AT_name
	.byte	5                       @ DW_AT_decl_file
	.byte	209                     @ DW_AT_decl_line
	.long	1293                    @ DW_AT_type
	.byte	0                       @ End Of Children Mark
	.byte	19                      @ Abbrev [19] 0x46a:0x35 DW_TAG_subprogram
	.long	.Lfunc_begin5           @ DW_AT_low_pc
	.long	.Lfunc_end5             @ DW_AT_high_pc
	.byte	1                       @ DW_AT_frame_base
	.byte	93
	.long	.Linfo_string71         @ DW_AT_name
	.byte	5                       @ DW_AT_decl_file
	.short	304                     @ DW_AT_decl_line
	.byte	1                       @ DW_AT_prototyped
	.long	1293                    @ DW_AT_type
	.byte	1                       @ DW_AT_external
	.byte	20                      @ Abbrev [20] 0x482:0xe DW_TAG_formal_parameter
	.byte	1                       @ DW_AT_location
	.byte	80
	.long	.Linfo_string96         @ DW_AT_name
	.byte	5                       @ DW_AT_decl_file
	.short	304                     @ DW_AT_decl_line
	.long	55                      @ DW_AT_type
	.byte	20                      @ Abbrev [20] 0x490:0xe DW_TAG_formal_parameter
	.byte	1                       @ DW_AT_location
	.byte	81
	.long	.Linfo_string74         @ DW_AT_name
	.byte	5                       @ DW_AT_decl_file
	.short	304                     @ DW_AT_decl_line
	.long	289                     @ DW_AT_type
	.byte	0                       @ End Of Children Mark
	.byte	21                      @ Abbrev [21] 0x49f:0x35 DW_TAG_subprogram
	.long	.Lfunc_begin6           @ DW_AT_low_pc
	.long	.Lfunc_end6             @ DW_AT_high_pc
	.byte	1                       @ DW_AT_frame_base
	.byte	93
	.long	.Linfo_string72         @ DW_AT_name
	.byte	5                       @ DW_AT_decl_file
	.short	318                     @ DW_AT_decl_line
	.byte	1                       @ DW_AT_prototyped
	.byte	1                       @ DW_AT_external
	.byte	22                      @ Abbrev [22] 0x4b3:0x10 DW_TAG_formal_parameter
	.long	.Ldebug_loc14           @ DW_AT_location
	.long	.Linfo_string96         @ DW_AT_name
	.byte	5                       @ DW_AT_decl_file
	.short	318                     @ DW_AT_decl_line
	.long	55                      @ DW_AT_type
	.byte	23                      @ Abbrev [23] 0x4c3:0x10 DW_TAG_variable
	.long	.Ldebug_loc15           @ DW_AT_location
	.long	.Linfo_string105        @ DW_AT_name
	.byte	5                       @ DW_AT_decl_file
	.short	320                     @ DW_AT_decl_line
	.long	55                      @ DW_AT_type
	.byte	0                       @ End Of Children Mark
	.byte	19                      @ Abbrev [19] 0x4d4:0x39 DW_TAG_subprogram
	.long	.Lfunc_begin7           @ DW_AT_low_pc
	.long	.Lfunc_end7             @ DW_AT_high_pc
	.byte	1                       @ DW_AT_frame_base
	.byte	93
	.long	.Linfo_string73         @ DW_AT_name
	.byte	5                       @ DW_AT_decl_file
	.short	354                     @ DW_AT_decl_line
	.byte	1                       @ DW_AT_prototyped
	.long	55                      @ DW_AT_type
	.byte	1                       @ DW_AT_external
	.byte	22                      @ Abbrev [22] 0x4ec:0x10 DW_TAG_formal_parameter
	.long	.Ldebug_loc16           @ DW_AT_location
	.long	.Linfo_string98         @ DW_AT_name
	.byte	5                       @ DW_AT_decl_file
	.short	354                     @ DW_AT_decl_line
	.long	227                     @ DW_AT_type
	.byte	23                      @ Abbrev [23] 0x4fc:0x10 DW_TAG_variable
	.long	.Ldebug_loc17           @ DW_AT_location
	.long	.Linfo_string96         @ DW_AT_name
	.byte	5                       @ DW_AT_decl_file
	.short	356                     @ DW_AT_decl_line
	.long	55                      @ DW_AT_type
	.byte	0                       @ End Of Children Mark
	.byte	6                       @ Abbrev [6] 0x50d:0xb DW_TAG_typedef
	.long	1304                    @ DW_AT_type
	.long	.Linfo_string67         @ DW_AT_name
	.byte	8                       @ DW_AT_decl_file
	.byte	47                      @ DW_AT_decl_line
	.byte	6                       @ Abbrev [6] 0x518:0xb DW_TAG_typedef
	.long	1315                    @ DW_AT_type
	.long	.Linfo_string66         @ DW_AT_name
	.byte	1                       @ DW_AT_decl_file
	.byte	38                      @ DW_AT_decl_line
	.byte	7                       @ Abbrev [7] 0x523:0x7 DW_TAG_base_type
	.long	.Linfo_string65         @ DW_AT_name
	.byte	6                       @ DW_AT_encoding
	.byte	1                       @ DW_AT_byte_size
	.byte	3                       @ Abbrev [3] 0x52a:0x5 DW_TAG_pointer_type
	.long	1327                    @ DW_AT_type
	.byte	4                       @ Abbrev [4] 0x52f:0xbd DW_TAG_structure_type
	.long	.Linfo_string93         @ DW_AT_name
	.byte	52                      @ DW_AT_byte_size
	.byte	9                       @ DW_AT_decl_file
	.byte	136                     @ DW_AT_decl_line
	.byte	5                       @ Abbrev [5] 0x537:0xc DW_TAG_member
	.long	.Linfo_string16         @ DW_AT_name
	.long	1322                    @ DW_AT_type
	.byte	9                       @ DW_AT_decl_file
	.byte	138                     @ DW_AT_decl_line
	.byte	0                       @ DW_AT_data_member_location
	.byte	5                       @ Abbrev [5] 0x543:0xc DW_TAG_member
	.long	.Linfo_string8          @ DW_AT_name
	.long	177                     @ DW_AT_type
	.byte	9                       @ DW_AT_decl_file
	.byte	141                     @ DW_AT_decl_line
	.byte	4                       @ DW_AT_data_member_location
	.byte	5                       @ Abbrev [5] 0x54f:0xc DW_TAG_member
	.long	.Linfo_string76         @ DW_AT_name
	.long	177                     @ DW_AT_type
	.byte	9                       @ DW_AT_decl_file
	.byte	142                     @ DW_AT_decl_line
	.byte	8                       @ DW_AT_data_member_location
	.byte	5                       @ Abbrev [5] 0x55b:0xc DW_TAG_member
	.long	.Linfo_string77         @ DW_AT_name
	.long	177                     @ DW_AT_type
	.byte	9                       @ DW_AT_decl_file
	.byte	143                     @ DW_AT_decl_line
	.byte	12                      @ DW_AT_data_member_location
	.byte	5                       @ Abbrev [5] 0x567:0xc DW_TAG_member
	.long	.Linfo_string78         @ DW_AT_name
	.long	1516                    @ DW_AT_type
	.byte	9                       @ DW_AT_decl_file
	.byte	147                     @ DW_AT_decl_line
	.byte	16                      @ DW_AT_data_member_location
	.byte	5                       @ Abbrev [5] 0x573:0xc DW_TAG_member
	.long	.Linfo_string80         @ DW_AT_name
	.long	1549                    @ DW_AT_type
	.byte	9                       @ DW_AT_decl_file
	.byte	151                     @ DW_AT_decl_line
	.byte	20                      @ DW_AT_data_member_location
	.byte	5                       @ Abbrev [5] 0x57f:0xc DW_TAG_member
	.long	.Linfo_string82         @ DW_AT_name
	.long	1587                    @ DW_AT_type
	.byte	9                       @ DW_AT_decl_file
	.byte	155                     @ DW_AT_decl_line
	.byte	24                      @ DW_AT_data_member_location
	.byte	5                       @ Abbrev [5] 0x58b:0xc DW_TAG_member
	.long	.Linfo_string84         @ DW_AT_name
	.long	288                     @ DW_AT_type
	.byte	9                       @ DW_AT_decl_file
	.byte	172                     @ DW_AT_decl_line
	.byte	28                      @ DW_AT_data_member_location
	.byte	5                       @ Abbrev [5] 0x597:0xc DW_TAG_member
	.long	.Linfo_string85         @ DW_AT_name
	.long	1620                    @ DW_AT_type
	.byte	9                       @ DW_AT_decl_file
	.byte	183                     @ DW_AT_decl_line
	.byte	32                      @ DW_AT_data_member_location
	.byte	5                       @ Abbrev [5] 0x5a3:0xc DW_TAG_member
	.long	.Linfo_string87         @ DW_AT_name
	.long	387                     @ DW_AT_type
	.byte	9                       @ DW_AT_decl_file
	.byte	186                     @ DW_AT_decl_line
	.byte	36                      @ DW_AT_data_member_location
	.byte	5                       @ Abbrev [5] 0x5af:0xc DW_TAG_member
	.long	.Linfo_string88         @ DW_AT_name
	.long	227                     @ DW_AT_type
	.byte	9                       @ DW_AT_decl_file
	.byte	188                     @ DW_AT_decl_line
	.byte	38                      @ DW_AT_data_member_location
	.byte	5                       @ Abbrev [5] 0x5bb:0xc DW_TAG_member
	.long	.Linfo_string89         @ DW_AT_name
	.long	1632                    @ DW_AT_type
	.byte	9                       @ DW_AT_decl_file
	.byte	190                     @ DW_AT_decl_line
	.byte	39                      @ DW_AT_data_member_location
	.byte	5                       @ Abbrev [5] 0x5c7:0xc DW_TAG_member
	.long	.Linfo_string25         @ DW_AT_name
	.long	227                     @ DW_AT_type
	.byte	9                       @ DW_AT_decl_file
	.byte	192                     @ DW_AT_decl_line
	.byte	45                      @ DW_AT_data_member_location
	.byte	5                       @ Abbrev [5] 0x5d3:0xc DW_TAG_member
	.long	.Linfo_string91         @ DW_AT_name
	.long	1651                    @ DW_AT_type
	.byte	9                       @ DW_AT_decl_file
	.byte	194                     @ DW_AT_decl_line
	.byte	46                      @ DW_AT_data_member_location
	.byte	5                       @ Abbrev [5] 0x5df:0xc DW_TAG_member
	.long	.Linfo_string92         @ DW_AT_name
	.long	227                     @ DW_AT_type
	.byte	9                       @ DW_AT_decl_file
	.byte	196                     @ DW_AT_decl_line
	.byte	48                      @ DW_AT_data_member_location
	.byte	0                       @ End Of Children Mark
	.byte	6                       @ Abbrev [6] 0x5ec:0xb DW_TAG_typedef
	.long	1527                    @ DW_AT_type
	.long	.Linfo_string79         @ DW_AT_name
	.byte	9                       @ DW_AT_decl_file
	.byte	109                     @ DW_AT_decl_line
	.byte	3                       @ Abbrev [3] 0x5f7:0x5 DW_TAG_pointer_type
	.long	1532                    @ DW_AT_type
	.byte	8                       @ Abbrev [8] 0x5fc:0x11 DW_TAG_subroutine_type
	.long	1293                    @ DW_AT_type
	.byte	1                       @ DW_AT_prototyped
	.byte	9                       @ Abbrev [9] 0x602:0x5 DW_TAG_formal_parameter
	.long	289                     @ DW_AT_type
	.byte	9                       @ Abbrev [9] 0x607:0x5 DW_TAG_formal_parameter
	.long	1322                    @ DW_AT_type
	.byte	0                       @ End Of Children Mark
	.byte	6                       @ Abbrev [6] 0x60d:0xb DW_TAG_typedef
	.long	1560                    @ DW_AT_type
	.long	.Linfo_string81         @ DW_AT_name
	.byte	9                       @ DW_AT_decl_file
	.byte	118                     @ DW_AT_decl_line
	.byte	3                       @ Abbrev [3] 0x618:0x5 DW_TAG_pointer_type
	.long	1565                    @ DW_AT_type
	.byte	8                       @ Abbrev [8] 0x61d:0x16 DW_TAG_subroutine_type
	.long	1293                    @ DW_AT_type
	.byte	1                       @ DW_AT_prototyped
	.byte	9                       @ Abbrev [9] 0x623:0x5 DW_TAG_formal_parameter
	.long	1322                    @ DW_AT_type
	.byte	9                       @ Abbrev [9] 0x628:0x5 DW_TAG_formal_parameter
	.long	289                     @ DW_AT_type
	.byte	9                       @ Abbrev [9] 0x62d:0x5 DW_TAG_formal_parameter
	.long	405                     @ DW_AT_type
	.byte	0                       @ End Of Children Mark
	.byte	6                       @ Abbrev [6] 0x633:0xb DW_TAG_typedef
	.long	1598                    @ DW_AT_type
	.long	.Linfo_string83         @ DW_AT_name
	.byte	9                       @ DW_AT_decl_file
	.byte	126                     @ DW_AT_decl_line
	.byte	3                       @ Abbrev [3] 0x63e:0x5 DW_TAG_pointer_type
	.long	1603                    @ DW_AT_type
	.byte	8                       @ Abbrev [8] 0x643:0x11 DW_TAG_subroutine_type
	.long	1293                    @ DW_AT_type
	.byte	1                       @ DW_AT_prototyped
	.byte	9                       @ Abbrev [9] 0x649:0x5 DW_TAG_formal_parameter
	.long	1322                    @ DW_AT_type
	.byte	9                       @ Abbrev [9] 0x64e:0x5 DW_TAG_formal_parameter
	.long	289                     @ DW_AT_type
	.byte	0                       @ End Of Children Mark
	.byte	3                       @ Abbrev [3] 0x654:0x5 DW_TAG_pointer_type
	.long	1625                    @ DW_AT_type
	.byte	7                       @ Abbrev [7] 0x659:0x7 DW_TAG_base_type
	.long	.Linfo_string86         @ DW_AT_name
	.byte	8                       @ DW_AT_encoding
	.byte	1                       @ DW_AT_byte_size
	.byte	24                      @ Abbrev [24] 0x660:0xc DW_TAG_array_type
	.long	227                     @ DW_AT_type
	.byte	25                      @ Abbrev [25] 0x665:0x6 DW_TAG_subrange_type
	.long	1644                    @ DW_AT_type
	.byte	6                       @ DW_AT_count
	.byte	0                       @ End Of Children Mark
	.byte	26                      @ Abbrev [26] 0x66c:0x7 DW_TAG_base_type
	.long	.Linfo_string90         @ DW_AT_name
	.byte	8                       @ DW_AT_byte_size
	.byte	7                       @ DW_AT_encoding
	.byte	24                      @ Abbrev [24] 0x673:0xc DW_TAG_array_type
	.long	1625                    @ DW_AT_type
	.byte	25                      @ Abbrev [25] 0x678:0x6 DW_TAG_subrange_type
	.long	1644                    @ DW_AT_type
	.byte	2                       @ DW_AT_count
	.byte	0                       @ End Of Children Mark
	.byte	6                       @ Abbrev [6] 0x67f:0xb DW_TAG_typedef
	.long	1674                    @ DW_AT_type
	.long	.Linfo_string100        @ DW_AT_name
	.byte	1                       @ DW_AT_decl_file
	.byte	40                      @ DW_AT_decl_line
	.byte	7                       @ Abbrev [7] 0x68a:0x7 DW_TAG_base_type
	.long	.Linfo_string99         @ DW_AT_name
	.byte	5                       @ DW_AT_encoding
	.byte	2                       @ DW_AT_byte_size
	.byte	0                       @ End Of Children Mark
.Ldebug_info_end0:
	.section	.debug_ranges,"",%progbits
.Ldebug_ranges0:
	.long	.Lfunc_begin0
	.long	.Lfunc_end0
	.long	.Lfunc_begin1
	.long	.Lfunc_end1
	.long	.Lfunc_begin2
	.long	.Lfunc_end2
	.long	.Lfunc_begin3
	.long	.Lfunc_end3
	.long	.Lfunc_begin4
	.long	.Lfunc_end4
	.long	.Lfunc_begin5
	.long	.Lfunc_end5
	.long	.Lfunc_begin6
	.long	.Lfunc_end6
	.long	.Lfunc_begin7
	.long	.Lfunc_end7
	.long	0
	.long	0
	.section	.debug_macinfo,"",%progbits
	.byte	0                       @ End Of Macro List Mark

	.ident	"Component: ARM Compiler 6.12 Tool: armclang [5d624a00]"
	.section	".note.GNU-stack","",%progbits
	.eabi_attribute	30, 3	@ Tag_ABI_optimization_goals
	.ARM_attribute	16, 1	@ Tag_AV_eba
	.section	.debug_line,"",%progbits
.Lline_table_start0:
