<html>
<body>
<pre>
<h1>µVision Build Log</h1>
<h2>Tool Versions:</h2>
IDE-Version: µVision V5.25.0.0
Copyright (C) 2017 ARM Ltd and ARM Germany GmbH. All rights reserved.
License Information: no_first_name no_last_name, no_compny, LIC=TA3WF-61DXT-9XAUW-QQM5A-SQ46R-CN0X0
 
Tool Versions:
Toolchain:       MDK-ARM Professional  Version: 5.25.0.0
Toolchain Path:  C:\Keil\ARM\ARMCC\Bin
C Compiler:      Armcc.exe V5.06 update 6 (build 750)
Assembler:       Armasm.exe V5.06 update 6 (build 750)
Linker/Locator:  ArmLink.exe V5.06 update 6 (build 750)
Library Manager: ArmAr.exe V5.06 update 6 (build 750)
Hex Converter:   FromElf.exe V5.06 update 6 (build 750)
CPU DLL:         SARMCM3.DLL V5.25.0.0
Dialog DLL:      DCM.DLL V1.17.0.0
Target DLL:      STLink\ST-LINKIII-KEIL_SWO.dll V3.0.1.0
Dialog DLL:      TCM.DLL V1.34.0.0
 
<h2>Project:</h2>
C:\Users\eldar\Desktop\STM32 ST-LINK Utility\ST-LINK Utility\ExternalLoader\N25Q256A_STM32L476G-EVAL\Project\MDK-ARM\N25Q256A_STM32L476G-EVAL.uvproj
Project File Date:  05/27/2018

<h2>Output:</h2>
*** Using Compiler 'V5.06 update 6 (build 750)', folder: 'C:\Keil\ARM\ARMCC\Bin'
Rebuild target 'N25Q256A_STM32L476G-EVAL'
compiling Dev_Inf.c...
compiling stm32l4xx_gpio.c...
compiling stm32l4xx_quadspi.c...
compiling Loader_Src.c...
compiling stm32l4xx_rcc.c...
compiling system_stm32l4xx.c...
compiling stm32l4xx_syscfg.c...
linking...
Program Size: Code=5512 RO-data=200 RW-data=24 ZI-data=0  
After Build - User command #1: cmd.exe /C copy ".\N25Q256A_STM32L476G-EVAL.axf" "..\..\..\N25Q256A_STM32L476G-EVAL.stldr"
        1 file(s) copied.
".\N25Q256A_STM32L476G-EVAL.axf" - 0 Error(s), 0 Warning(s).
Build Time Elapsed:  00:00:02
</pre>
</body>
</html>
