Component: ARM Compiler 5.06 update 6 (build 750) Tool: armlink [4d35ed]

==============================================================================

Image Symbol Table

    Local Symbols

    Symbol Name                              Value     Ov Type        Size  Object(Section)

    ..\..\Sources\Library_Files\stm32l4xx_gpio.c 0x00000000   Number         0  stm32l4xx_gpio.o ABSOLUTE
    ..\..\Sources\Library_Files\stm32l4xx_quadspi.c 0x00000000   Number         0  stm32l4xx_quadspi.o ABSOLUTE
    ..\..\Sources\Library_Files\stm32l4xx_rcc.c 0x00000000   Number         0  stm32l4xx_rcc.o ABSOLUTE
    ..\..\Sources\Library_Files\stm32l4xx_syscfg.c 0x00000000   Number         0  stm32l4xx_syscfg.o ABSOLUTE
    ..\..\Sources\Library_Files\system_stm32l4xx.c 0x00000000   Number         0  system_stm32l4xx.o ABSOLUTE
    ..\..\Sources\Loader_Files\Dev_Inf.c     0x00000000   Number         0  dev_inf.o ABSOLUTE
    ..\..\Sources\Loader_Files\Loader_Src.c  0x00000000   Number         0  loader_src.o ABSOLUTE
    ..\\..\\Sources\\Library_Files\\stm32l4xx_gpio.c 0x00000000   Number         0  stm32l4xx_gpio.o ABSOLUTE
    ..\\..\\Sources\\Library_Files\\stm32l4xx_quadspi.c 0x00000000   Number         0  stm32l4xx_quadspi.o ABSOLUTE
    ..\\..\\Sources\\Library_Files\\stm32l4xx_rcc.c 0x00000000   Number         0  stm32l4xx_rcc.o ABSOLUTE
    ..\\..\\Sources\\Library_Files\\stm32l4xx_syscfg.c 0x00000000   Number         0  stm32l4xx_syscfg.o ABSOLUTE
    ..\\..\\Sources\\Library_Files\\system_stm32l4xx.c 0x00000000   Number         0  system_stm32l4xx.o ABSOLUTE
    ..\\..\\Sources\\Loader_Files\\Loader_Src.c 0x00000000   Number         0  loader_src.o ABSOLUTE
    .rev16_text                              0x20000004   Section        4  loader_src.o(.rev16_text)
    .rev16_text                              0x20000008   Section        4  stm32l4xx_gpio.o(.rev16_text)
    .rev16_text                              0x2000000c   Section        4  stm32l4xx_quadspi.o(.rev16_text)
    .rev16_text                              0x20000010   Section        4  stm32l4xx_rcc.o(.rev16_text)
    .rev16_text                              0x20000014   Section        4  stm32l4xx_syscfg.o(.rev16_text)
    .rev16_text                              0x20000018   Section        4  system_stm32l4xx.o(.rev16_text)
    .revsh_text                              0x2000001c   Section        4  loader_src.o(.revsh_text)
    .revsh_text                              0x20000020   Section        4  stm32l4xx_gpio.o(.revsh_text)
    .revsh_text                              0x20000024   Section        4  stm32l4xx_quadspi.o(.revsh_text)
    .revsh_text                              0x20000028   Section        4  stm32l4xx_rcc.o(.revsh_text)
    .revsh_text                              0x2000002c   Section        4  stm32l4xx_syscfg.o(.revsh_text)
    .revsh_text                              0x20000030   Section        4  system_stm32l4xx.o(.revsh_text)
    .text                                    0x20000034   Section        0  loader_src.o(.text)
    ResetMemory                              0x20000561   Thumb Code   206  loader_src.o(.text)
    .text                                    0x20000660   Section        0  stm32l4xx_gpio.o(.text)
    .text                                    0x200008b0   Section        0  stm32l4xx_quadspi.o(.text)
    .text                                    0x20000b5c   Section        0  stm32l4xx_rcc.o(.text)
    .text                                    0x20001238   Section        0  stm32l4xx_syscfg.o(.text)
    .text                                    0x20001360   Section        0  system_stm32l4xx.o(.text)
    SetSysClock                              0x20001361   Thumb Code   172  system_stm32l4xx.o(.text)
    .data                                    0x20001590   Section       20  system_stm32l4xx.o(.data)
    .constdata                               0x200015a4   Section      200  dev_inf.o(.constdata)

    Global Symbols

    Symbol Name                              Value     Ov Type        Size  Object(Section)

    BuildAttributes$$THM_ISAv4$E$P$D$K$B$S$7EM$PE$A:L22UL41UL21$X:L11$S22US41US21$IEEE1$IW$RWPI$~STKCKD$USESV7$~SHL$OSPACE$ROPI$EBA8$STANDARDLIB$REQ8$PRES8$EABIv2 0x00000000   Number         0  anon$$obj.o ABSOLUTE
    __asm___12_Loader_Src_c_1397f1f0____REV16 0x20000005   Thumb Code     4  loader_src.o(.rev16_text)
    __asm___16_stm32l4xx_gpio_c_f8e8e39a____REV16 0x20000009   Thumb Code     4  stm32l4xx_gpio.o(.rev16_text)
    __asm___19_stm32l4xx_quadspi_c_f36a5e08____REV16 0x2000000d   Thumb Code     4  stm32l4xx_quadspi.o(.rev16_text)
    __asm___15_stm32l4xx_rcc_c_49e27980____REV16 0x20000011   Thumb Code     4  stm32l4xx_rcc.o(.rev16_text)
    __asm___18_stm32l4xx_syscfg_c_57637610____REV16 0x20000015   Thumb Code     4  stm32l4xx_syscfg.o(.rev16_text)
    __asm___18_system_stm32l4xx_c_5d646a67____REV16 0x20000019   Thumb Code     4  system_stm32l4xx.o(.rev16_text)
    __asm___12_Loader_Src_c_1397f1f0____REVSH 0x2000001d   Thumb Code     4  loader_src.o(.revsh_text)
    __asm___16_stm32l4xx_gpio_c_f8e8e39a____REVSH 0x20000021   Thumb Code     4  stm32l4xx_gpio.o(.revsh_text)
    __asm___19_stm32l4xx_quadspi_c_f36a5e08____REVSH 0x20000025   Thumb Code     4  stm32l4xx_quadspi.o(.revsh_text)
    __asm___15_stm32l4xx_rcc_c_49e27980____REVSH 0x20000029   Thumb Code     4  stm32l4xx_rcc.o(.revsh_text)
    __asm___18_stm32l4xx_syscfg_c_57637610____REVSH 0x2000002d   Thumb Code     4  stm32l4xx_syscfg.o(.revsh_text)
    __asm___18_system_stm32l4xx_c_5d646a67____REVSH 0x20000031   Thumb Code     4  system_stm32l4xx.o(.revsh_text)
    QUADSPI_Config                           0x20000035   Thumb Code    38  loader_src.o(.text)
    QUADSPI_MappedMode                       0x2000005b   Thumb Code    66  loader_src.o(.text)
    GPIO_Clock_Config                        0x2000009d   Thumb Code   198  loader_src.o(.text)
    QSPI_WriteEnable                         0x20000163   Thumb Code   158  loader_src.o(.text)
    QSPI_SendInstruction                     0x20000201   Thumb Code    78  loader_src.o(.text)
    QUADSPI_EraseSector                      0x2000024f   Thumb Code   172  loader_src.o(.text)
    QSPI_WritePage                           0x200002fb   Thumb Code   226  loader_src.o(.text)
    Write                                    0x200003dd   Thumb Code   268  loader_src.o(.text)
    SectorErase                              0x200004e9   Thumb Code    34  loader_src.o(.text)
    Read                                     0x2000050b   Thumb Code    40  loader_src.o(.text)
    Verify                                   0x20000533   Thumb Code    46  loader_src.o(.text)
    Init                                     0x2000062f   Thumb Code    44  loader_src.o(.text)
    GPIO_DeInit                              0x20000661   Thumb Code   196  stm32l4xx_gpio.o(.text)
    GPIO_Init                                0x20000725   Thumb Code   144  stm32l4xx_gpio.o(.text)
    GPIO_StructInit                          0x200007b5   Thumb Code    20  stm32l4xx_gpio.o(.text)
    GPIO_PinLockConfig                       0x200007c9   Thumb Code    34  stm32l4xx_gpio.o(.text)
    GPIO_ReduceLeakageConfig                 0x200007eb   Thumb Code    18  stm32l4xx_gpio.o(.text)
    GPIO_ReadInputDataBit                    0x200007fd   Thumb Code    18  stm32l4xx_gpio.o(.text)
    GPIO_ReadInputData                       0x2000080f   Thumb Code     8  stm32l4xx_gpio.o(.text)
    GPIO_ReadOutputDataBit                   0x20000817   Thumb Code    18  stm32l4xx_gpio.o(.text)
    GPIO_ReadOutputData                      0x20000829   Thumb Code     8  stm32l4xx_gpio.o(.text)
    GPIO_SetBits                             0x20000831   Thumb Code     4  stm32l4xx_gpio.o(.text)
    GPIO_ResetBits                           0x20000835   Thumb Code     4  stm32l4xx_gpio.o(.text)
    GPIO_WriteBit                            0x20000839   Thumb Code    10  stm32l4xx_gpio.o(.text)
    GPIO_Write                               0x20000843   Thumb Code     4  stm32l4xx_gpio.o(.text)
    GPIO_ToggleBits                          0x20000847   Thumb Code     8  stm32l4xx_gpio.o(.text)
    GPIO_PinAFConfig                         0x2000084f   Thumb Code    70  stm32l4xx_gpio.o(.text)
    QUADSPI_DeInit                           0x200008b1   Thumb Code    22  stm32l4xx_quadspi.o(.text)
    QUADSPI_StructInit                       0x200008c7   Thumb Code    14  stm32l4xx_quadspi.o(.text)
    QUADSPI_ComConfig_StructInit             0x200008d5   Thumb Code    26  stm32l4xx_quadspi.o(.text)
    QUADSPI_Init                             0x200008ef   Thumb Code    50  stm32l4xx_quadspi.o(.text)
    QUADSPI_ComConfig_Init                   0x20000921   Thumb Code    62  stm32l4xx_quadspi.o(.text)
    QUADSPI_Cmd                              0x2000095f   Thumb Code    30  stm32l4xx_quadspi.o(.text)
    QUADSPI_AutoPollingMode_Config           0x2000097d   Thumb Code    46  stm32l4xx_quadspi.o(.text)
    QUADSPI_AutoPollingMode_SetInterval      0x200009ab   Thumb Code    28  stm32l4xx_quadspi.o(.text)
    QUADSPI_MemoryMappedMode_SetTimeout      0x200009c7   Thumb Code    28  stm32l4xx_quadspi.o(.text)
    QUADSPI_SetAddress                       0x200009e3   Thumb Code    16  stm32l4xx_quadspi.o(.text)
    QUADSPI_SetAlternateByte                 0x200009f3   Thumb Code    16  stm32l4xx_quadspi.o(.text)
    QUADSPI_SetFIFOThreshold                 0x20000a03   Thumb Code    20  stm32l4xx_quadspi.o(.text)
    QUADSPI_SetDataLength                    0x20000a17   Thumb Code    16  stm32l4xx_quadspi.o(.text)
    QUADSPI_TimeoutCounterCmd                0x20000a27   Thumb Code    40  stm32l4xx_quadspi.o(.text)
    QUADSPI_AutoPollingModeStopCmd           0x20000a4f   Thumb Code    40  stm32l4xx_quadspi.o(.text)
    QUADSPI_AbortRequest                     0x20000a77   Thumb Code    14  stm32l4xx_quadspi.o(.text)
    QUADSPI_SendData8                        0x20000a85   Thumb Code    10  stm32l4xx_quadspi.o(.text)
    QUADSPI_SendData16                       0x20000a8f   Thumb Code    10  stm32l4xx_quadspi.o(.text)
    QUADSPI_SendData32                       0x20000a99   Thumb Code     6  stm32l4xx_quadspi.o(.text)
    QUADSPI_ReceiveData8                     0x20000a9f   Thumb Code    10  stm32l4xx_quadspi.o(.text)
    QUADSPI_ReceiveData16                    0x20000aa9   Thumb Code    10  stm32l4xx_quadspi.o(.text)
    QUADSPI_ReceiveData32                    0x20000ab3   Thumb Code     6  stm32l4xx_quadspi.o(.text)
    QUADSPI_DMACmd                           0x20000ab9   Thumb Code    30  stm32l4xx_quadspi.o(.text)
    QUADSPI_ITConfig                         0x20000ad7   Thumb Code    22  stm32l4xx_quadspi.o(.text)
    QUADSPI_GetFIFOLevel                     0x20000aed   Thumb Code    10  stm32l4xx_quadspi.o(.text)
    QUADSPI_GetFMode                         0x20000af7   Thumb Code    10  stm32l4xx_quadspi.o(.text)
    QUADSPI_GetFlagStatus                    0x20000b01   Thumb Code    20  stm32l4xx_quadspi.o(.text)
    QUADSPI_ClearFlag                        0x20000b15   Thumb Code     6  stm32l4xx_quadspi.o(.text)
    QUADSPI_GetITStatus                      0x20000b1b   Thumb Code    40  stm32l4xx_quadspi.o(.text)
    QUADSPI_ClearITPendingBit                0x20000b43   Thumb Code    10  stm32l4xx_quadspi.o(.text)
    RCC_DeInit                               0x20000b5d   Thumb Code    52  stm32l4xx_rcc.o(.text)
    RCC_HSEConfig                            0x20000b91   Thumb Code    12  stm32l4xx_rcc.o(.text)
    RCC_GetFlagStatus                        0x20000b9d   Thumb Code    60  stm32l4xx_rcc.o(.text)
    RCC_WaitForHSEStartUp                    0x20000bd9   Thumb Code    56  stm32l4xx_rcc.o(.text)
    RCC_AdjustMSICalibrationValue            0x20000c11   Thumb Code     6  stm32l4xx_rcc.o(.text)
    RCC_MSIRangeConfig                       0x20000c17   Thumb Code    30  stm32l4xx_rcc.o(.text)
    RCC_MSIStandbyRangeConfig                0x20000c35   Thumb Code    38  stm32l4xx_rcc.o(.text)
    RCC_MSICmd                               0x20000c5b   Thumb Code     6  stm32l4xx_rcc.o(.text)
    RCC_AdjustHSICalibrationValue            0x20000c61   Thumb Code    20  stm32l4xx_rcc.o(.text)
    RCC_HSICmd                               0x20000c75   Thumb Code     6  stm32l4xx_rcc.o(.text)
    RCC_LSEConfig                            0x20000c7b   Thumb Code    50  stm32l4xx_rcc.o(.text)
    RCC_LSICmd                               0x20000cad   Thumb Code     6  stm32l4xx_rcc.o(.text)
    RCC_PLLConfig                            0x20000cb3   Thumb Code    48  stm32l4xx_rcc.o(.text)
    RCC_PLLCmd                               0x20000ce3   Thumb Code     6  stm32l4xx_rcc.o(.text)
    RCC_PLLClockOutCmd                       0x20000ce9   Thumb Code    18  stm32l4xx_rcc.o(.text)
    RCC_PLLSAI1Config                        0x20000cfb   Thumb Code    36  stm32l4xx_rcc.o(.text)
    RCC_PLLSAI1Cmd                           0x20000d1f   Thumb Code     6  stm32l4xx_rcc.o(.text)
    RCC_PLLSAI1ClockOutCmd                   0x20000d25   Thumb Code    20  stm32l4xx_rcc.o(.text)
    RCC_PLLSAI2Config                        0x20000d39   Thumb Code    36  stm32l4xx_rcc.o(.text)
    RCC_PLLSAI2Cmd                           0x20000d5d   Thumb Code     6  stm32l4xx_rcc.o(.text)
    RCC_PLLSAI2ClockOutCmd                   0x20000d63   Thumb Code    18  stm32l4xx_rcc.o(.text)
    RCC_HSEClockSecuritySystemCmd            0x20000d75   Thumb Code     6  stm32l4xx_rcc.o(.text)
    RCC_LSEClockSecuritySystemCmd            0x20000d7b   Thumb Code     8  stm32l4xx_rcc.o(.text)
    RCC_StopWakeUpClock                      0x20000d83   Thumb Code     8  stm32l4xx_rcc.o(.text)
    RCC_MCOConfig                            0x20000d8b   Thumb Code    24  stm32l4xx_rcc.o(.text)
    RCC_SYSCLKConfig                         0x20000da3   Thumb Code    18  stm32l4xx_rcc.o(.text)
    RCC_GetSYSCLKSource                      0x20000db5   Thumb Code    10  stm32l4xx_rcc.o(.text)
    RCC_HCLKConfig                           0x20000dbf   Thumb Code    18  stm32l4xx_rcc.o(.text)
    RCC_PCLK1Config                          0x20000dd1   Thumb Code    18  stm32l4xx_rcc.o(.text)
    RCC_PCLK2Config                          0x20000de3   Thumb Code    20  stm32l4xx_rcc.o(.text)
    RCC_RTCCLKConfig                         0x20000df7   Thumb Code    30  stm32l4xx_rcc.o(.text)
    RCC_RTCCLKCmd                            0x20000e15   Thumb Code     8  stm32l4xx_rcc.o(.text)
    RCC_BackupResetCmd                       0x20000e1d   Thumb Code     8  stm32l4xx_rcc.o(.text)
    RCC_DFSDMCLKConfig                       0x20000e25   Thumb Code     6  stm32l4xx_rcc.o(.text)
    RCC_I2CCLKConfig                         0x20000e2b   Thumb Code    62  stm32l4xx_rcc.o(.text)
    RCC_USARTCLKConfig                       0x20000e69   Thumb Code    82  stm32l4xx_rcc.o(.text)
    RCC_ADCCLKConfig                         0x20000ebb   Thumb Code    24  stm32l4xx_rcc.o(.text)
    RCC_LPTIMCLKConfig                       0x20000ed3   Thumb Code    52  stm32l4xx_rcc.o(.text)
    RCC_SWPCLKConfig                         0x20000f07   Thumb Code     8  stm32l4xx_rcc.o(.text)
    RCC_SAICLKConfig                         0x20000f0f   Thumb Code    82  stm32l4xx_rcc.o(.text)
    RCC_CLK48Config                          0x20000f61   Thumb Code    24  stm32l4xx_rcc.o(.text)
    RCC_AHB1PeriphClockCmd                   0x20000f79   Thumb Code    34  stm32l4xx_rcc.o(.text)
    RCC_AHB2PeriphClockCmd                   0x20000f9b   Thumb Code    34  stm32l4xx_rcc.o(.text)
    RCC_AHB3PeriphClockCmd                   0x20000fbd   Thumb Code    34  stm32l4xx_rcc.o(.text)
    RCC_APB1LPeriphClockCmd                  0x20000fdf   Thumb Code    34  stm32l4xx_rcc.o(.text)
    RCC_APB1HPeriphClockCmd                  0x20001001   Thumb Code    34  stm32l4xx_rcc.o(.text)
    RCC_APB2PeriphClockCmd                   0x20001023   Thumb Code    34  stm32l4xx_rcc.o(.text)
    RCC_AHB1PeriphResetCmd                   0x20001045   Thumb Code    34  stm32l4xx_rcc.o(.text)
    RCC_AHB2PeriphResetCmd                   0x20001067   Thumb Code    34  stm32l4xx_rcc.o(.text)
    RCC_AHB3PeriphResetCmd                   0x20001089   Thumb Code    34  stm32l4xx_rcc.o(.text)
    RCC_APB1LPeriphResetCmd                  0x200010ab   Thumb Code    34  stm32l4xx_rcc.o(.text)
    RCC_APB1HPeriphResetCmd                  0x200010cd   Thumb Code    34  stm32l4xx_rcc.o(.text)
    RCC_APB2PeriphResetCmd                   0x200010ef   Thumb Code    34  stm32l4xx_rcc.o(.text)
    RCC_AHB1PeriphClockLPModeCmd             0x20001111   Thumb Code    34  stm32l4xx_rcc.o(.text)
    RCC_AHB2PeriphClockLPModeCmd             0x20001133   Thumb Code    34  stm32l4xx_rcc.o(.text)
    RCC_AHB3PeriphClockLPModeCmd             0x20001155   Thumb Code    34  stm32l4xx_rcc.o(.text)
    RCC_APB1LPeriphClockLPModeCmd            0x20001177   Thumb Code    34  stm32l4xx_rcc.o(.text)
    RCC_APB1HPeriphClockLPModeCmd            0x20001199   Thumb Code    34  stm32l4xx_rcc.o(.text)
    RCC_APB2PeriphClockLPModeCmd             0x200011bb   Thumb Code    38  stm32l4xx_rcc.o(.text)
    RCC_ITConfig                             0x200011e1   Thumb Code    34  stm32l4xx_rcc.o(.text)
    RCC_ClearFlag                            0x20001203   Thumb Code    20  stm32l4xx_rcc.o(.text)
    RCC_GetITStatus                          0x20001217   Thumb Code    22  stm32l4xx_rcc.o(.text)
    RCC_ClearITPendingBit                    0x2000122d   Thumb Code     8  stm32l4xx_rcc.o(.text)
    SYSCFG_DeInit                            0x20001239   Thumb Code    20  stm32l4xx_syscfg.o(.text)
    SYSCFG_MemoryRemapConfig                 0x2000124d   Thumb Code    22  stm32l4xx_syscfg.o(.text)
    SYSCFG_MemorySwappingBank                0x20001263   Thumb Code     6  stm32l4xx_syscfg.o(.text)
    SYSCFG_ExternalMemorySwapping            0x20001269   Thumb Code     6  stm32l4xx_syscfg.o(.text)
    SYSCFG_FIREWALLAccessEnable              0x2000126f   Thumb Code    10  stm32l4xx_syscfg.o(.text)
    SYSCFG_ITConfig                          0x20001279   Thumb Code    26  stm32l4xx_syscfg.o(.text)
    SYSCFG_EXTILineConfig                    0x20001293   Thumb Code    66  stm32l4xx_syscfg.o(.text)
    SYSCFG_I2CFastModePlusConfig             0x200012d5   Thumb Code    26  stm32l4xx_syscfg.o(.text)
    SYSCFG_BreakConfig                       0x200012ef   Thumb Code    12  stm32l4xx_syscfg.o(.text)
    SYSCFG_SRAM2Erase                        0x200012fb   Thumb Code    18  stm32l4xx_syscfg.o(.text)
    SYSCFG_SRAM2WRPEnable                    0x2000130d   Thumb Code    12  stm32l4xx_syscfg.o(.text)
    SYSCFG_GetFlagStatus                     0x20001319   Thumb Code    46  stm32l4xx_syscfg.o(.text)
    SYSCFG_ClearFlag                         0x20001347   Thumb Code    12  stm32l4xx_syscfg.o(.text)
    SystemInit                               0x2000140d   Thumb Code    62  system_stm32l4xx.o(.text)
    SystemCoreClockUpdate                    0x2000144b   Thumb Code   282  system_stm32l4xx.o(.text)
    SystemCoreClock                          0x20001590   Data           4  system_stm32l4xx.o(.data)
    AHBPrescTable                            0x20001594   Data          16  system_stm32l4xx.o(.data)
    StorageInfo                              0x200015a4   Data         200  dev_inf.o(.constdata)



==============================================================================

Memory Map of the image

  Image entry point : Not specified.

  Load Region FLASH_LOADER (Base: 0x20000004, Size: 0x000015a0, Max: 0xffffffff, PI)

    Execution Region PrgCode (Exec base: 0x20000004, Load base: 0x20000004, Size: 0x00001588, Max: 0xffffffff, PI)

    Exec Addr    Load Addr    Size         Type   Attr      Idx    E Section Name        Object

    0x20000004   0x20000004   0x00000004   Code   RO           15    .rev16_text         loader_src.o
    0x20000008   0x20000008   0x00000004   Code   RO           74    .rev16_text         stm32l4xx_gpio.o
    0x2000000c   0x2000000c   0x00000004   Code   RO           94    .rev16_text         stm32l4xx_quadspi.o
    0x20000010   0x20000010   0x00000004   Code   RO          114    .rev16_text         stm32l4xx_rcc.o
    0x20000014   0x20000014   0x00000004   Code   RO          134    .rev16_text         stm32l4xx_syscfg.o
    0x20000018   0x20000018   0x00000004   Code   RO          154    .rev16_text         system_stm32l4xx.o
    0x2000001c   0x2000001c   0x00000004   Code   RO           16    .revsh_text         loader_src.o
    0x20000020   0x20000020   0x00000004   Code   RO           75    .revsh_text         stm32l4xx_gpio.o
    0x20000024   0x20000024   0x00000004   Code   RO           95    .revsh_text         stm32l4xx_quadspi.o
    0x20000028   0x20000028   0x00000004   Code   RO          115    .revsh_text         stm32l4xx_rcc.o
    0x2000002c   0x2000002c   0x00000004   Code   RO          135    .revsh_text         stm32l4xx_syscfg.o
    0x20000030   0x20000030   0x00000004   Code   RO          155    .revsh_text         system_stm32l4xx.o
    0x20000034   0x20000034   0x0000062c   Code   RO           17    .text               loader_src.o
    0x20000660   0x20000660   0x00000250   Code   RO           76    .text               stm32l4xx_gpio.o
    0x200008b0   0x200008b0   0x000002ac   Code   RO           96    .text               stm32l4xx_quadspi.o
    0x20000b5c   0x20000b5c   0x000006dc   Code   RO          116    .text               stm32l4xx_rcc.o
    0x20001238   0x20001238   0x00000128   Code   RO          136    .text               stm32l4xx_syscfg.o
    0x20001360   0x20001360   0x0000022c   Code   RO          156    .text               system_stm32l4xx.o


    Execution Region PrgData (Exec base: 0x2000158c, Load base: 0x2000158c, Size: 0x00000018, Max: 0xffffffff, PI)

    Exec Addr    Load Addr    Size         Type   Attr      Idx    E Section Name        Object

    0x2000158c   0x2000158c   0x00000004   Data   RW          180    PDT$$ptr            anon$$obj.o
    0x20001590   0x20001590   0x00000014   Data   RW          157    .data               system_stm32l4xx.o



  Load Region DEVICE_INFO (Base: 0x200015a4, Size: 0x000000c8, Max: 0xffffffff, PI)

    Execution Region DevInfo (Exec base: 0x200015a4, Load base: 0x200015a4, Size: 0x000000c8, Max: 0xffffffff, PI)

    Exec Addr    Load Addr    Size         Type   Attr      Idx    E Section Name        Object

    0x200015a4   0x200015a4   0x000000c8   Data   RO            1    .constdata          dev_inf.o


==============================================================================

Image component sizes


      Code (inc. data)   RO Data    RW Data    ZI Data      Debug   Object Name

         0          0        200          0          0       2894   dev_inf.o
      1588         10          0          0          0     281506   loader_src.o
       600         28          0          0          0       5318   stm32l4xx_gpio.o
       692         16          0          0          0       7910   stm32l4xx_quadspi.o
      1764         42          0          0          0      16709   stm32l4xx_rcc.o
       304         14          0          0          0       3761   stm32l4xx_syscfg.o
       564         40          0         20          0       3263   system_stm32l4xx.o

    ----------------------------------------------------------------------
      5512        150        200         24          0     321361   Object Totals
         0          0          0          4          0          0   (incl. Generated)
         0          0          0          0          0          0   (incl. Padding)

    ----------------------------------------------------------------------
         0          0          0          0          0          0   Library Totals
         0          0          0          0          0          0   (incl. Padding)

    ----------------------------------------------------------------------

==============================================================================


      Code (inc. data)   RO Data    RW Data    ZI Data      Debug   

      5512        150        200         24          0     320209   Grand Totals
      5512        150        200         24          0     320209   ELF Image Totals
      5512        150        200         24          0          0   ROM Totals

==============================================================================

    Total RO  Size (Code + RO Data)                 5712 (   5.58kB)
    Total RW  Size (RW Data + ZI Data)                24 (   0.02kB)
    Total ROM Size (Code + RO Data + RW Data)       5736 (   5.60kB)

==============================================================================

